---
source: crates/perl-lsp/tests/lsp_features_snapshot_test.rs
expression: "&snapshot_data"
---
caps:
  - lsp.call_hierarchy
  - lsp.code_action
  - lsp.code_lens
  - lsp.completion
  - lsp.definition
  - lsp.document_highlight
  - lsp.document_link
  - lsp.document_symbol
  - lsp.execute_command
  - lsp.folding_range
  - lsp.formatting
  - lsp.hover
  - lsp.implementation
  - lsp.inlay_hint
  - lsp.inline_value
  - lsp.linked_editing_range
  - lsp.moniker
  - lsp.on_type_formatting
  - lsp.pull_diagnostics
  - lsp.range_formatting
  - lsp.references
  - lsp.rename
  - lsp.selection_range
  - lsp.semantic_tokens
  - lsp.signature_help
  - lsp.type_definition
  - lsp.workspace_symbol
catalog:
  - lsp.code_action
  - lsp.completion
  - lsp.declaration
  - lsp.definition
  - lsp.document_link
  - lsp.document_symbol
  - lsp.execute_command
  - lsp.file_operations
  - lsp.folding_range
  - lsp.formatting
  - lsp.hover
  - lsp.inlay_hint
  - lsp.log_message
  - lsp.on_type_formatting
  - lsp.progress
  - lsp.pull_diagnostics
  - lsp.range_formatting
  - lsp.references
  - lsp.rename
  - lsp.selection_range
  - lsp.semantic_tokens
  - lsp.show_message
  - lsp.signature_help
  - lsp.type_hierarchy
  - lsp.workspace_diagnostics
  - lsp.workspace_folders
  - lsp.workspace_symbol
