---
source: crates/perl-lsp/tests/lsp_features_snapshot_test.rs
assertion_line: 37
expression: "&snapshot_data"
---
caps:
  - lsp.call_hierarchy
  - lsp.code_action
  - lsp.code_lens
  - lsp.color
  - lsp.completion
  - lsp.definition
  - lsp.document_highlight
  - lsp.document_link
  - lsp.document_symbol
  - lsp.execute_command
  - lsp.folding_range
  - lsp.formatting
  - lsp.hover
  - lsp.implementation
  - lsp.inlay_hint
  - lsp.inline_value
  - lsp.linked_editing_range
  - lsp.moniker
  - lsp.notebook_document_sync
  - lsp.on_type_formatting
  - lsp.pull_diagnostics
  - lsp.range_formatting
  - lsp.references
  - lsp.rename
  - lsp.selection_range
  - lsp.semantic_tokens
  - lsp.signature_help
  - lsp.type_definition
  - lsp.workspace_symbol
catalog:
  - dap.breakpoints.basic
  - dap.core
  - dap.inline_values
  - lsp.apply_edit
  - lsp.call_hierarchy
  - lsp.cancel_request
  - lsp.client_register_capability
  - lsp.client_unregister_capability
  - lsp.code_action
  - lsp.code_action_resolve
  - lsp.code_lens
  - lsp.code_lens_refresh
  - lsp.code_lens_resolve
  - lsp.color_presentation
  - lsp.completion
  - lsp.completion_item_resolve
  - lsp.configuration
  - lsp.declaration
  - lsp.definition
  - lsp.diagnostic_refresh
  - lsp.did_change_configuration
  - lsp.did_change_watched_files
  - lsp.did_create_files
  - lsp.did_delete_files
  - lsp.did_rename_files
  - lsp.did_save
  - lsp.document_color
  - lsp.document_highlight
  - lsp.document_link
  - lsp.document_link_resolve
  - lsp.document_symbol
  - lsp.execute_command
  - lsp.exit
  - lsp.file_operations
  - lsp.folding_range
  - lsp.folding_range_refresh
  - lsp.formatting
  - lsp.hover
  - lsp.implementation
  - lsp.initialize
  - lsp.initialized
  - lsp.inlay_hint
  - lsp.inlay_hint_refresh
  - lsp.inlay_hint_resolve
  - lsp.inline_completion
  - lsp.inline_value
  - lsp.inline_value_refresh
  - lsp.linked_editing_range
  - lsp.log_message
  - lsp.log_trace
  - lsp.moniker
  - lsp.notebook_document_sync
  - lsp.on_type_formatting
  - lsp.prepare_rename
  - lsp.progress
  - lsp.publish_diagnostics
  - lsp.pull_diagnostics
  - lsp.range_formatting
  - lsp.ranges_formatting
  - lsp.references
  - lsp.rename
  - lsp.selection_range
  - lsp.semantic_tokens
  - lsp.semantic_tokens_refresh
  - lsp.set_trace
  - lsp.show_document
  - lsp.show_message
  - lsp.show_message_request
  - lsp.shutdown
  - lsp.signature_help
  - lsp.telemetry_event
  - lsp.text_document_content
  - lsp.text_document_content_refresh
  - lsp.text_document_sync
  - lsp.type_definition
  - lsp.type_hierarchy
  - lsp.will_create_files
  - lsp.will_delete_files
  - lsp.will_rename_files
  - lsp.will_save
  - lsp.will_save_wait_until
  - lsp.work_done_progress
  - lsp.work_done_progress_cancel
  - lsp.work_done_progress_create
  - lsp.workspace_diagnostics
  - lsp.workspace_edit
  - lsp.workspace_folders
  - lsp.workspace_symbol
  - lsp.workspace_symbol_resolve
