---
source: crates/perl-lsp/tests/pull_diagnostics_snap_tests.rs
expression: snapshot_value
---
code: PL701
data:
  category: Import
  code: PL701
  fixable: false
  tags: []
message: "Module 'Missing::Module::That::Does::Not::Exist' not found in workspace or configured include paths\nSuggestion: Install with: cpanm Missing::Module::That::Does::Not::Exist or add to .perl-lsp.toml: include_paths"
range:
  end:
    character: 43
    line: 0
  start:
    character: 0
    line: 0
severity: 2
source: perl-lsp
