---
source: crates/perl-lsp/tests/pull_diagnostics_snap_tests.rs
expression: "serde_json::Value::Object(map)"
---
code: PL701
data:
  category: Import
  code: PL701
  fixable: false
  tags: []
message: "Module 'Missing::Module' not found. Searched @INC: /test/path1, /test/path2. Add to lib path or install the module.\nSuggestion: Install with: cpanm Missing::Module or add to .perl-lsp.toml: include_paths"
range:
  end:
    character: 19
    line: 0
  start:
    character: 0
    line: 0
severity: 2
source: perl-lsp
