---
source: crates/tree-sitter-perl-rs/tests/snapshot_language_descriptor.rs
expression: joined
---
ArrayLiteral
Assignment
Binary
Block
Class
DataSection
Default
Defer
Diamond
Do
Ellipsis
Error
Eval
ExpressionStatement
For
Foreach
Format
FunctionCall
Given
Glob
Goto
HashLiteral
Heredoc
Identifier
If
IndirectCall
LabeledStatement
LoopControl
MandatoryParameter
Match
Method
MethodCall
MissingBlock
MissingExpression
MissingIdentifier
MissingStatement
NamedParameter
No
Number
OptionalParameter
Package
PhaseBlock
Program
Prototype
Readline
Regex
Return
Signature
SlurpyParameter
StatementModifier
String
Subroutine
Substitution
Ternary
Tie
Transliteration
Try
Typeglob
Unary
Undef
UnknownRest
Untie
Use
Variable
VariableDeclaration
VariableListDeclaration
VariableWithAttributes
When
While
