---
source: crates/perl-diagnostics/tests/snapshot_tests.rs
expression: snapshot
---
code                                => "PL001"
code                                => "PL002"
code                                => "PL003"
code                                => "PL100"
code                                => "PL101"
code                                => "PL102"
code                                => "PL103"
code                                => "PL104"
code                                => "PL105"
code                                => "PL106"
code                                => "PL107"
code                                => "PL108"
code                                => "PL109"
code                                => "PL110"
code                                => "PL111"
code                                => "PL112"
code                                => "PL200"
code                                => "PL201"
code                                => "PL300"
code                                => "PL301"
code                                => "PL303"
code                                => "PL302"
code                                => "PL400"
code                                => "PL401"
code                                => "PL402"
code                                => "PL403"
code                                => "PL404"
code                                => "PL405"
code                                => "PL406"
code                                => "PL407"
code                                => "PL408"
code                                => "PL409"
code                                => "PL500"
code                                => "PL501"
code                                => "PL502"
code                                => "PL503"
code                                => "PL600"
code                                => "PL601"
code                                => "PL602"
code                                => "PL603"
code                                => "PL604"
code                                => "PL605"
code                                => "PL606"
code                                => "PL700"
code                                => "PL701"
code                                => "PL800"
code                                => "PL801"
code                                => "PL802"
code                                => "PL803"
code                                => "PL804"
code                                => "PL805"
code                                => "PL806"
code                                => "PL900"
code                                => "PC001"
code                                => "PC002"
code                                => "PC003"
code                                => "PC004"
code                                => "PC005"
