warning: output filename collision.
The bin target `perl-dap` in package `perl-parser v0.8.8 (/home/steven/code/Rust/perl-lsp/review/crates/perl-parser)` has the same output filename as the bin target `perl-dap` in package `perl-dap v0.1.0 (/home/steven/code/Rust/perl-lsp/review/crates/perl-dap)`.
Colliding filename is: /home/steven/code/Rust/perl-lsp/review/target/debug/perl-dap
The targets should have unique names.
Consider changing their names to be unique or compiling them separately.
This may become a hard error in the future; see <https://github.com/rust-lang/cargo/issues/6313>.
warning: output filename collision.
The bin target `perl-dap` in package `perl-parser v0.8.8 (/home/steven/code/Rust/perl-lsp/review/crates/perl-parser)` has the same output filename as the bin target `perl-dap` in package `perl-dap v0.1.0 (/home/steven/code/Rust/perl-lsp/review/crates/perl-dap)`.
Colliding filename is: /home/steven/code/Rust/perl-lsp/review/target/debug/perl-dap.dwp
The targets should have unique names.
Consider changing their names to be unique or compiling them separately.
This may become a hard error in the future; see <https://github.com/rust-lang/cargo/issues/6313>.
   Compiling perl-parser v0.8.8 (/home/steven/code/Rust/perl-lsp/review/crates/perl-parser)
   Compiling perl-lsp v0.8.8 (/home/steven/code/Rust/perl-lsp/review/crates/perl-lsp)
warning: struct `WorkspaceRefactor` is never constructed
   --> crates/perl-parser/src/refactoring.rs:528:23
    |
528 |     pub(super) struct WorkspaceRefactor;
    |                       ^^^^^^^^^^^^^^^^^
    |
    = note: `#[warn(dead_code)]` on by default

warning: associated function `new` is never used
   --> crates/perl-parser/src/refactoring.rs:530:23
    |
529 |     impl WorkspaceRefactor {
    |     ---------------------- associated function in this implementation
530 |         pub(super) fn new() -> ParseResult<Self> {
    |                       ^^^

warning: struct `ModernizeEngine` is never constructed
   --> crates/perl-parser/src/refactoring.rs:536:23
    |
536 |     pub(super) struct ModernizeEngine;
    |                       ^^^^^^^^^^^^^^^

warning: associated items `new` and `modernize_file` are never used
   --> crates/perl-parser/src/refactoring.rs:538:23
    |
537 |     impl ModernizeEngine {
    |     -------------------- associated items in this implementation
538 |         pub(super) fn new() -> Self {
    |                       ^^^
...
542 |         pub(super) fn modernize_file(
    |                       ^^^^^^^^^^^^^^

warning: missing documentation for a module
   --> crates/perl-parser/src/lib.rs:146:1
    |
146 | pub mod incremental;
    | ^^^^^^^^^^^^^^^^^^^
    |
note: the lint level is defined here
   --> crates/perl-parser/src/lib.rs:38:9
    |
 38 | #![warn(missing_docs)]
    |         ^^^^^^^^^^^^

warning: missing documentation for a variant
  --> crates/perl-parser/src/folding.rs:45:5
   |
45 |     Comment,
   |     ^^^^^^^

warning: missing documentation for a variant
  --> crates/perl-parser/src/folding.rs:46:5
   |
46 |     Imports,
   |     ^^^^^^^

warning: missing documentation for a variant
  --> crates/perl-parser/src/folding.rs:47:5
   |
47 |     Region,
   |     ^^^^^^

warning: missing documentation for an associated function
  --> crates/perl-parser/src/folding.rs:57:5
   |
57 |     pub fn new() -> Self {
   |     ^^^^^^^^^^^^^^^^^^^^

warning: missing documentation for a struct field
  --> crates/perl-parser/src/incremental/mod.rs:13:5
   |
13 |     pub byte: usize,
   |     ^^^^^^^^^^^^^^^

warning: missing documentation for a struct field
  --> crates/perl-parser/src/incremental/mod.rs:14:5
   |
14 |     pub mode: LexerMode,
   |     ^^^^^^^^^^^^^^^^^^^

warning: missing documentation for a struct field
  --> crates/perl-parser/src/incremental/mod.rs:15:5
   |
15 |     pub line: usize,
   |     ^^^^^^^^^^^^^^^

warning: missing documentation for a struct field
  --> crates/perl-parser/src/incremental/mod.rs:16:5
   |
16 |     pub column: usize,
   |     ^^^^^^^^^^^^^^^^^

warning: missing documentation for a struct field
  --> crates/perl-parser/src/incremental/mod.rs:22:5
   |
22 |     pub package_name: String,
   |     ^^^^^^^^^^^^^^^^^^^^^^^^

warning: missing documentation for a struct field
  --> crates/perl-parser/src/incremental/mod.rs:23:5
   |
23 |     pub locals: Vec<String>,
   |     ^^^^^^^^^^^^^^^^^^^^^^^

warning: missing documentation for a struct field
  --> crates/perl-parser/src/incremental/mod.rs:24:5
   |
24 |     pub our_vars: Vec<String>,
   |     ^^^^^^^^^^^^^^^^^^^^^^^^^

warning: missing documentation for a struct field
  --> crates/perl-parser/src/incremental/mod.rs:25:5
   |
25 |     pub parent_isa: Vec<String>,
   |     ^^^^^^^^^^^^^^^^^^^^^^^^^^^

warning: missing documentation for a struct field
  --> crates/perl-parser/src/incremental/mod.rs:31:5
   |
31 |     pub byte: usize,
   |     ^^^^^^^^^^^^^^^

warning: missing documentation for a struct field
  --> crates/perl-parser/src/incremental/mod.rs:32:5
   |
32 |     pub scope_snapshot: ScopeSnapshot,
   |     ^^^^^^^^^^^^^^^^^^^^^^^^^^^^^^^^^

warning: missing documentation for a struct field
  --> crates/perl-parser/src/incremental/mod.rs:33:5
   |
33 |     pub node_id: usize, // ID of AST node at this point
   |     ^^^^^^^^^^^^^^^^^^

warning: missing documentation for an associated function
  --> crates/perl-parser/src/incremental/mod.rs:44:5
   |
44 |     pub fn new(text: &str) -> Self {
   |     ^^^^^^^^^^^^^^^^^^^^^^^^^^^^^^

warning: missing documentation for a method
  --> crates/perl-parser/src/incremental/mod.rs:54:5
   |
54 |     pub fn byte_to_position(&self, byte: usize) -> (usize, usize) {
   |     ^^^^^^^^^^^^^^^^^^^^^^^^^^^^^^^^^^^^^^^^^^^^^^^^^^^^^^^^^^^^^

warning: missing documentation for a method
  --> crates/perl-parser/src/incremental/mod.rs:60:5
   |
60 |     pub fn position_to_byte(&self, line: usize, column: usize) -> Option<usize> {
   |     ^^^^^^^^^^^^^^^^^^^^^^^^^^^^^^^^^^^^^^^^^^^^^^^^^^^^^^^^^^^^^^^^^^^^^^^^^^^

warning: missing documentation for a struct field
  --> crates/perl-parser/src/incremental/mod.rs:67:5
   |
67 |     pub rope: Rope,
   |     ^^^^^^^^^^^^^^

warning: missing documentation for a struct field
  --> crates/perl-parser/src/incremental/mod.rs:68:5
   |
68 |     pub line_index: LineIndex,
   |     ^^^^^^^^^^^^^^^^^^^^^^^^^

warning: missing documentation for a struct field
  --> crates/perl-parser/src/incremental/mod.rs:69:5
   |
69 |     pub lex_checkpoints: Vec<LexCheckpoint>,
   |     ^^^^^^^^^^^^^^^^^^^^^^^^^^^^^^^^^^^^^^^

warning: missing documentation for a struct field
  --> crates/perl-parser/src/incremental/mod.rs:70:5
   |
70 |     pub parse_checkpoints: Vec<ParseCheckpoint>,
   |     ^^^^^^^^^^^^^^^^^^^^^^^^^^^^^^^^^^^^^^^^^^^

warning: missing documentation for a struct field
  --> crates/perl-parser/src/incremental/mod.rs:71:5
   |
71 |     pub ast: Node,
   |     ^^^^^^^^^^^^^

warning: missing documentation for a struct field
  --> crates/perl-parser/src/incremental/mod.rs:72:5
   |
72 |     pub tokens: Vec<Token>,
   |     ^^^^^^^^^^^^^^^^^^^^^^

warning: missing documentation for a struct field
  --> crates/perl-parser/src/incremental/mod.rs:73:5
   |
73 |     pub source: String,
   |     ^^^^^^^^^^^^^^^^^^

warning: missing documentation for an associated function
  --> crates/perl-parser/src/incremental/mod.rs:77:5
   |
77 |     pub fn new(source: String) -> Self {
   |     ^^^^^^^^^^^^^^^^^^^^^^^^^^^^^^^^^^

warning: missing documentation for a struct field
   --> crates/perl-parser/src/incremental/mod.rs:334:5
    |
334 |     pub start_byte: usize,
    |     ^^^^^^^^^^^^^^^^^^^^^

warning: missing documentation for a struct field
   --> crates/perl-parser/src/incremental/mod.rs:335:5
    |
335 |     pub old_end_byte: usize,
    |     ^^^^^^^^^^^^^^^^^^^^^^^

warning: missing documentation for a struct field
   --> crates/perl-parser/src/incremental/mod.rs:336:5
    |
336 |     pub new_end_byte: usize,
    |     ^^^^^^^^^^^^^^^^^^^^^^^

warning: missing documentation for a struct field
   --> crates/perl-parser/src/incremental/mod.rs:337:5
    |
337 |     pub new_text: String,
    |     ^^^^^^^^^^^^^^^^^^^^

warning: missing documentation for a struct field
   --> crates/perl-parser/src/incremental/mod.rs:370:5
    |
370 |     pub changed_ranges: Vec<Range<usize>>,
    |     ^^^^^^^^^^^^^^^^^^^^^^^^^^^^^^^^^^^^^

warning: missing documentation for a struct field
   --> crates/perl-parser/src/incremental/mod.rs:371:5
    |
371 |     pub diagnostics: Vec<Diagnostic>,
    |     ^^^^^^^^^^^^^^^^^^^^^^^^^^^^^^^^

warning: missing documentation for a struct field
   --> crates/perl-parser/src/incremental/mod.rs:372:5
    |
372 |     pub reparsed_bytes: usize,
    |     ^^^^^^^^^^^^^^^^^^^^^^^^^

warning: missing documentation for a struct field
  --> crates/perl-parser/src/incremental_advanced_reuse.rs:45:5
   |
45 |     pub nodes_analyzed: usize,
   |     ^^^^^^^^^^^^^^^^^^^^^^^^^

warning: missing documentation for a struct field
  --> crates/perl-parser/src/incremental_advanced_reuse.rs:46:5
   |
46 |     pub structural_matches: usize,
   |     ^^^^^^^^^^^^^^^^^^^^^^^^^^^^^

warning: missing documentation for a struct field
  --> crates/perl-parser/src/incremental_advanced_reuse.rs:47:5
   |
47 |     pub content_matches: usize,
   |     ^^^^^^^^^^^^^^^^^^^^^^^^^^

warning: missing documentation for a struct field
  --> crates/perl-parser/src/incremental_advanced_reuse.rs:48:5
   |
48 |     pub position_adjustments: usize,
   |     ^^^^^^^^^^^^^^^^^^^^^^^^^^^^^^^

warning: missing documentation for a struct field
  --> crates/perl-parser/src/incremental_advanced_reuse.rs:49:5
   |
49 |     pub reuse_candidates_found: usize,
   |     ^^^^^^^^^^^^^^^^^^^^^^^^^^^^^^^^^

warning: missing documentation for a struct field
  --> crates/perl-parser/src/incremental_advanced_reuse.rs:50:5
   |
50 |     pub validation_passes: usize,
   |     ^^^^^^^^^^^^^^^^^^^^^^^^^^^^

warning: missing documentation for a struct field
  --> crates/perl-parser/src/incremental_advanced_reuse.rs:51:5
   |
51 |     pub validation_failures: usize,
   |     ^^^^^^^^^^^^^^^^^^^^^^^^^^^^^^

warning: missing documentation for a struct field
   --> crates/perl-parser/src/incremental_advanced_reuse.rs:783:5
    |
783 |     pub target_position: usize,
    |     ^^^^^^^^^^^^^^^^^^^^^^^^^^

warning: missing documentation for a struct field
   --> crates/perl-parser/src/incremental_advanced_reuse.rs:784:5
    |
784 |     pub reuse_type: ReuseType,
    |     ^^^^^^^^^^^^^^^^^^^^^^^^^

warning: missing documentation for a struct field
   --> crates/perl-parser/src/incremental_advanced_reuse.rs:785:5
    |
785 |     pub confidence_score: f64,
    |     ^^^^^^^^^^^^^^^^^^^^^^^^^

warning: missing documentation for a struct field
   --> crates/perl-parser/src/incremental_advanced_reuse.rs:786:5
    |
786 |     pub position_adjustment: isize,
    |     ^^^^^^^^^^^^^^^^^^^^^^^^^^^^^^

warning: missing documentation for a struct field
   --> crates/perl-parser/src/incremental_advanced_reuse.rs:792:5
    |
792 |     pub reuse_map: HashMap<usize, ReuseStrategy>,
    |     ^^^^^^^^^^^^^^^^^^^^^^^^^^^^^^^^^^^^^^^^^^^^

warning: missing documentation for a struct field
   --> crates/perl-parser/src/incremental_advanced_reuse.rs:793:5
    |
793 |     pub total_old_nodes: usize,
    |     ^^^^^^^^^^^^^^^^^^^^^^^^^^

warning: missing documentation for a struct field
   --> crates/perl-parser/src/incremental_advanced_reuse.rs:794:5
    |
794 |     pub total_new_nodes: usize,
    |     ^^^^^^^^^^^^^^^^^^^^^^^^^^

warning: missing documentation for a struct field
   --> crates/perl-parser/src/incremental_advanced_reuse.rs:795:5
    |
795 |     pub reused_nodes: usize,
    |     ^^^^^^^^^^^^^^^^^^^^^^^

warning: missing documentation for a struct field
   --> crates/perl-parser/src/incremental_advanced_reuse.rs:796:5
    |
796 |     pub reuse_percentage: f64,
    |     ^^^^^^^^^^^^^^^^^^^^^^^^^

warning: missing documentation for a struct field
   --> crates/perl-parser/src/incremental_advanced_reuse.rs:797:5
    |
797 |     pub analysis_stats: ReuseAnalysisStats,
    |     ^^^^^^^^^^^^^^^^^^^^^^^^^^^^^^^^^^^^^^

warning: missing documentation for a struct field
  --> crates/perl-parser/src/incremental_checkpoint.rs:91:5
   |
91 |     pub total_parses: usize,
   |     ^^^^^^^^^^^^^^^^^^^^^^^

warning: missing documentation for a struct field
  --> crates/perl-parser/src/incremental_checkpoint.rs:92:5
   |
92 |     pub incremental_parses: usize,
   |     ^^^^^^^^^^^^^^^^^^^^^^^^^^^^^

warning: missing documentation for a struct field
  --> crates/perl-parser/src/incremental_checkpoint.rs:93:5
   |
93 |     pub tokens_reused: usize,
   |     ^^^^^^^^^^^^^^^^^^^^^^^^

warning: missing documentation for a struct field
  --> crates/perl-parser/src/incremental_checkpoint.rs:94:5
   |
94 |     pub tokens_relexed: usize,
   |     ^^^^^^^^^^^^^^^^^^^^^^^^^

warning: missing documentation for a struct field
  --> crates/perl-parser/src/incremental_checkpoint.rs:95:5
   |
95 |     pub checkpoints_used: usize,
   |     ^^^^^^^^^^^^^^^^^^^^^^^^^^^

warning: missing documentation for a struct field
  --> crates/perl-parser/src/incremental_checkpoint.rs:96:5
   |
96 |     pub cache_hits: usize,
   |     ^^^^^^^^^^^^^^^^^^^^^

warning: missing documentation for a struct field
  --> crates/perl-parser/src/incremental_checkpoint.rs:97:5
   |
97 |     pub cache_misses: usize,
   |     ^^^^^^^^^^^^^^^^^^^^^^^

warning: missing documentation for a struct field
   --> crates/perl-parser/src/incremental_checkpoint.rs:103:5
    |
103 |     pub start: usize,
    |     ^^^^^^^^^^^^^^^^

warning: missing documentation for a struct field
   --> crates/perl-parser/src/incremental_checkpoint.rs:104:5
    |
104 |     pub end: usize,
    |     ^^^^^^^^^^^^^^

warning: missing documentation for a struct field
   --> crates/perl-parser/src/incremental_checkpoint.rs:105:5
    |
105 |     pub new_text: String,
    |     ^^^^^^^^^^^^^^^^^^^^

warning: missing documentation for a variant
  --> crates/perl-parser/src/incremental_document.rs:50:5
   |
50 |     Low = 0,
   |     ^^^

warning: missing documentation for a variant
  --> crates/perl-parser/src/incremental_document.rs:51:5
   |
51 |     Medium = 1,
   |     ^^^^^^

warning: missing documentation for a variant
  --> crates/perl-parser/src/incremental_document.rs:52:5
   |
52 |     High = 2,
   |     ^^^^

warning: missing documentation for a variant
  --> crates/perl-parser/src/incremental_document.rs:53:5
   |
53 |     Critical = 3,
   |     ^^^^^^^^

warning: missing documentation for a struct field
  --> crates/perl-parser/src/incremental_document.rs:59:5
   |
59 |     pub last_parse_time_ms: f64,
   |     ^^^^^^^^^^^^^^^^^^^^^^^^^^^

warning: missing documentation for a struct field
  --> crates/perl-parser/src/incremental_document.rs:60:5
   |
60 |     pub nodes_reused: usize,
   |     ^^^^^^^^^^^^^^^^^^^^^^^

warning: missing documentation for a struct field
  --> crates/perl-parser/src/incremental_document.rs:61:5
   |
61 |     pub nodes_reparsed: usize,
   |     ^^^^^^^^^^^^^^^^^^^^^^^^^

warning: missing documentation for a struct field
  --> crates/perl-parser/src/incremental_document.rs:62:5
   |
62 |     pub cache_hits: usize,
   |     ^^^^^^^^^^^^^^^^^^^^^

warning: missing documentation for a struct field
  --> crates/perl-parser/src/incremental_document.rs:63:5
   |
63 |     pub cache_misses: usize,
   |     ^^^^^^^^^^^^^^^^^^^^^^^

warning: missing documentation for a struct field
  --> crates/perl-parser/src/incremental_edit.rs:75:5
   |
75 |     pub edits: Vec<IncrementalEdit>,
   |     ^^^^^^^^^^^^^^^^^^^^^^^^^^^^^^^

warning: missing documentation for a struct field
   --> crates/perl-parser/src/incremental_integration.rs:123:12
    |
123 |     Full { content: String, ast: Option<Arc<Node>> },
    |            ^^^^^^^^^^^^^^^

warning: missing documentation for a struct field
   --> crates/perl-parser/src/incremental_integration.rs:123:29
    |
123 |     Full { content: String, ast: Option<Arc<Node>> },
    |                             ^^^^^^^^^^^^^^^^^^^^^^

warning: missing documentation for a struct field
   --> crates/perl-parser/src/incremental_integration.rs:125:19
    |
125 |     Incremental { document: Box<IncrementalDocument>, rope: Rope },
    |                   ^^^^^^^^^^^^^^^^^^^^^^^^^^^^^^^^^^

warning: missing documentation for a struct field
   --> crates/perl-parser/src/incremental_integration.rs:125:55
    |
125 |     Incremental { document: Box<IncrementalDocument>, rope: Rope },
    |                                                       ^^^^^^^^^^

warning: missing documentation for a struct field
  --> crates/perl-parser/src/incremental_simple.rs:19:5
   |
19 |     pub reused_nodes: usize,
   |     ^^^^^^^^^^^^^^^^^^^^^^^

warning: missing documentation for a struct field
  --> crates/perl-parser/src/incremental_simple.rs:20:5
   |
20 |     pub reparsed_nodes: usize,
   |     ^^^^^^^^^^^^^^^^^^^^^^^^^

warning: missing documentation for an associated function
  --> crates/perl-parser/src/incremental_simple.rs:24:5
   |
24 |     pub fn new() -> Self {
   |     ^^^^^^^^^^^^^^^^^^^^

warning: missing documentation for a method
  --> crates/perl-parser/src/incremental_simple.rs:34:5
   |
34 |     pub fn edit(&mut self, edit: Edit) {
   |     ^^^^^^^^^^^^^^^^^^^^^^^^^^^^^^^^^^

warning: missing documentation for a method
  --> crates/perl-parser/src/incremental_simple.rs:38:5
   |
38 |     pub fn parse(&mut self, source: &str) -> ParseResult<Node> {
   |     ^^^^^^^^^^^^^^^^^^^^^^^^^^^^^^^^^^^^^^^^^^^^^^^^^^^^^^^^^^

warning: missing documentation for a struct field
  --> crates/perl-parser/src/incremental_v2.rs:70:5
   |
70 |     pub parse_time_micros: u128,
   |     ^^^^^^^^^^^^^^^^^^^^^^^^^^^

warning: missing documentation for a struct field
  --> crates/perl-parser/src/incremental_v2.rs:71:5
   |
71 |     pub nodes_reused: usize,
   |     ^^^^^^^^^^^^^^^^^^^^^^^

warning: missing documentation for a struct field
  --> crates/perl-parser/src/incremental_v2.rs:72:5
   |
72 |     pub nodes_reparsed: usize,
   |     ^^^^^^^^^^^^^^^^^^^^^^^^^

warning: missing documentation for a struct field
  --> crates/perl-parser/src/incremental_v2.rs:73:5
   |
73 |     pub cache_hit_ratio: f64,
   |     ^^^^^^^^^^^^^^^^^^^^^^^^

warning: missing documentation for a struct field
  --> crates/perl-parser/src/incremental_v2.rs:74:5
   |
74 |     pub edit_count: usize,
   |     ^^^^^^^^^^^^^^^^^^^^^

warning: missing documentation for an associated function
  --> crates/perl-parser/src/incremental_v2.rs:78:5
   |
78 |     pub fn new() -> Self {
   |     ^^^^^^^^^^^^^^^^^^^^

warning: missing documentation for a method
  --> crates/perl-parser/src/incremental_v2.rs:82:5
   |
82 |     pub fn efficiency_percentage(&self) -> f64 {
   |     ^^^^^^^^^^^^^^^^^^^^^^^^^^^^^^^^^^^^^^^^^^

warning: missing documentation for a method
  --> crates/perl-parser/src/incremental_v2.rs:89:5
   |
89 |     pub fn is_sub_millisecond(&self) -> bool {
   |     ^^^^^^^^^^^^^^^^^^^^^^^^^^^^^^^^^^^^^^^^

warning: missing documentation for a method
  --> crates/perl-parser/src/incremental_v2.rs:93:5
   |
93 |     pub fn performance_category(&self) -> &'static str {
   |     ^^^^^^^^^^^^^^^^^^^^^^^^^^^^^^^^^^^^^^^^^^^^^^^^^^

warning: missing documentation for a struct field
   --> crates/perl-parser/src/incremental_v2.rs:111:5
    |
111 |     pub root: Node,
    |     ^^^^^^^^^^^^^^

warning: missing documentation for a struct field
   --> crates/perl-parser/src/incremental_v2.rs:112:5
    |
112 |     pub source: String,
    |     ^^^^^^^^^^^^^^^^^^

warning: missing documentation for a struct field
   --> crates/perl-parser/src/incremental_v2.rs:210:5
    |
210 |     pub reused_nodes: usize,
    |     ^^^^^^^^^^^^^^^^^^^^^^^

warning: missing documentation for a struct field
   --> crates/perl-parser/src/incremental_v2.rs:211:5
    |
211 |     pub reparsed_nodes: usize,
    |     ^^^^^^^^^^^^^^^^^^^^^^^^^

warning: missing documentation for a struct field
   --> crates/perl-parser/src/incremental_v2.rs:212:5
    |
212 |     pub metrics: IncrementalMetrics,
    |     ^^^^^^^^^^^^^^^^^^^^^^^^^^^^^^^

warning: missing documentation for an associated function
   --> crates/perl-parser/src/incremental_v2.rs:222:5
    |
222 |     pub fn new() -> Self {
    |     ^^^^^^^^^^^^^^^^^^^^

warning: missing documentation for a method
   --> crates/perl-parser/src/incremental_v2.rs:249:5
    |
249 |     pub fn edit(&mut self, edit: Edit) {
    |     ^^^^^^^^^^^^^^^^^^^^^^^^^^^^^^^^^^

warning: missing documentation for a method
   --> crates/perl-parser/src/incremental_v2.rs:253:5
    |
253 |     pub fn parse(&mut self, source: &str) -> ParseResult<Node> {
    |     ^^^^^^^^^^^^^^^^^^^^^^^^^^^^^^^^^^^^^^^^^^^^^^^^^^^^^^^^^^

warning: missing documentation for a function
  --> crates/perl-parser/src/lsp_document_link.rs:38:1
   |
38 | pub fn collect_document_links(text: &str, uri: &Url) -> Result<Vec<DocumentLink>, String> {
   | ^^^^^^^^^^^^^^^^^^^^^^^^^^^^^^^^^^^^^^^^^^^^^^^^^^^^^^^^^^^^^^^^^^^^^^^^^^^^^^^^^^^^^^^^^

warning: missing documentation for a function
  --> crates/perl-parser/src/lsp_on_type_formatting.rs:85:1
   |
85 | / pub fn format_on_type(
86 | |     text: &str,
87 | |     _uri: lsp_types::Uri,
88 | |     ch: String,
...  |
91 | |     insert_spaces: bool,
92 | | ) -> Vec<TextEdit> {
   | |__________________^

warning: missing documentation for a function
  --> crates/perl-parser/src/lsp_selection_range.rs:56:1
   |
56 | pub fn selection_ranges(text: &str, positions: &[Position]) -> Vec<SelectionRange> {
   | ^^^^^^^^^^^^^^^^^^^^^^^^^^^^^^^^^^^^^^^^^^^^^^^^^^^^^^^^^^^^^^^^^^^^^^^^^^^^^^^^^^

warning: missing documentation for a struct field
   --> crates/perl-parser/src/lsp_server.rs:292:5
    |
292 |     pub _jsonrpc: String,
    |     ^^^^^^^^^^^^^^^^^^^^

warning: missing documentation for a struct field
   --> crates/perl-parser/src/lsp_server.rs:293:5
    |
293 |     pub id: Option<Value>,
    |     ^^^^^^^^^^^^^^^^^^^^^

warning: missing documentation for a struct field
   --> crates/perl-parser/src/lsp_server.rs:294:5
    |
294 |     pub method: String,
    |     ^^^^^^^^^^^^^^^^^^

warning: missing documentation for a struct field
   --> crates/perl-parser/src/lsp_server.rs:295:5
    |
295 |     pub params: Option<Value>,
    |     ^^^^^^^^^^^^^^^^^^^^^^^^^

warning: missing documentation for a struct field
   --> crates/perl-parser/src/lsp_server.rs:301:5
    |
301 |     pub jsonrpc: String,
    |     ^^^^^^^^^^^^^^^^^^^

warning: missing documentation for a struct field
   --> crates/perl-parser/src/lsp_server.rs:302:5
    |
302 |     pub id: Option<Value>,
    |     ^^^^^^^^^^^^^^^^^^^^^

warning: missing documentation for a struct field
   --> crates/perl-parser/src/lsp_server.rs:304:5
    |
304 |     pub result: Option<Value>,
    |     ^^^^^^^^^^^^^^^^^^^^^^^^^

warning: missing documentation for a struct field
   --> crates/perl-parser/src/lsp_server.rs:306:5
    |
306 |     pub error: Option<JsonRpcError>,
    |     ^^^^^^^^^^^^^^^^^^^^^^^^^^^^^^^

warning: missing documentation for a struct field
   --> crates/perl-parser/src/lsp_server.rs:312:5
    |
312 |     pub code: i32,
    |     ^^^^^^^^^^^^^

warning: missing documentation for a struct field
   --> crates/perl-parser/src/lsp_server.rs:313:5
    |
313 |     pub message: String,
    |     ^^^^^^^^^^^^^^^^^^^

warning: missing documentation for a struct field
   --> crates/perl-parser/src/lsp_server.rs:314:5
    |
314 |     pub data: Option<Value>,
    |     ^^^^^^^^^^^^^^^^^^^^^^^

warning: missing documentation for a method
    --> crates/perl-parser/src/lsp_server.rs:8369:5
     |
8369 |     pub fn test_handle_did_open(&self, params: Option<Value>) -> Result<(), JsonRpcError> {
     |     ^^^^^^^^^^^^^^^^^^^^^^^^^^^^^^^^^^^^^^^^^^^^^^^^^^^^^^^^^^^^^^^^^^^^^^^^^^^^^^^^^^^^^

warning: missing documentation for a method
    --> crates/perl-parser/src/lsp_server.rs:8374:5
     |
8374 | /     pub fn test_handle_definition(
8375 | |         &self,
8376 | |         params: Option<Value>,
8377 | |     ) -> Result<Option<Value>, JsonRpcError> {
     | |____________________________________________^

warning: missing documentation for a method
    --> crates/perl-parser/src/lsp_server.rs:8382:5
     |
8382 | /     pub fn test_handle_references(
8383 | |         &self,
8384 | |         params: Option<Value>,
8385 | |     ) -> Result<Option<Value>, JsonRpcError> {
     | |____________________________________________^

warning: missing documentation for a method
    --> crates/perl-parser/src/lsp_server.rs:8390:5
     |
8390 | /     pub fn test_handle_completion(
8391 | |         &self,
8392 | |         params: Option<Value>,
8393 | |     ) -> Result<Option<Value>, JsonRpcError> {
     | |____________________________________________^

warning: missing documentation for a struct
 --> crates/perl-parser/src/modernize.rs:2:1
  |
2 | pub struct ModernizationSuggestion {
  | ^^^^^^^^^^^^^^^^^^^^^^^^^^^^^^^^^^

warning: missing documentation for a struct field
 --> crates/perl-parser/src/modernize.rs:3:5
  |
3 |     pub old_pattern: String,
  |     ^^^^^^^^^^^^^^^^^^^^^^^

warning: missing documentation for a struct field
 --> crates/perl-parser/src/modernize.rs:4:5
  |
4 |     pub new_pattern: String,
  |     ^^^^^^^^^^^^^^^^^^^^^^^

warning: missing documentation for a struct field
 --> crates/perl-parser/src/modernize.rs:5:5
  |
5 |     pub description: String,
  |     ^^^^^^^^^^^^^^^^^^^^^^^

warning: missing documentation for a struct field
 --> crates/perl-parser/src/modernize.rs:6:5
  |
6 |     pub manual_review_required: bool,
  |     ^^^^^^^^^^^^^^^^^^^^^^^^^^^^^^^^

warning: missing documentation for a struct field
 --> crates/perl-parser/src/modernize.rs:7:5
  |
7 |     pub start: usize,
  |     ^^^^^^^^^^^^^^^^

warning: missing documentation for a struct field
 --> crates/perl-parser/src/modernize.rs:8:5
  |
8 |     pub end: usize,
  |     ^^^^^^^^^^^^^^

warning: missing documentation for a struct
  --> crates/perl-parser/src/modernize.rs:11:1
   |
11 | pub struct PerlModernizer {}
   | ^^^^^^^^^^^^^^^^^^^^^^^^^

warning: missing documentation for an associated function
  --> crates/perl-parser/src/modernize.rs:14:5
   |
14 |     pub fn new() -> Self {
   |     ^^^^^^^^^^^^^^^^^^^^

warning: missing documentation for a method
  --> crates/perl-parser/src/modernize.rs:18:5
   |
18 |     pub fn analyze(&self, code: &str) -> Vec<ModernizationSuggestion> {
   |     ^^^^^^^^^^^^^^^^^^^^^^^^^^^^^^^^^^^^^^^^^^^^^^^^^^^^^^^^^^^^^^^^^

warning: missing documentation for a method
   --> crates/perl-parser/src/modernize.rs:138:5
    |
138 |     pub fn apply(&self, code: &str) -> String {
    |     ^^^^^^^^^^^^^^^^^^^^^^^^^^^^^^^^^^^^^^^^^

warning: missing documentation for a struct
 --> crates/perl-parser/src/modernize_refactored.rs:4:1
  |
4 | pub struct ModernizationSuggestion {
  | ^^^^^^^^^^^^^^^^^^^^^^^^^^^^^^^^^^

warning: missing documentation for a struct field
 --> crates/perl-parser/src/modernize_refactored.rs:5:5
  |
5 |     pub old_pattern: String,
  |     ^^^^^^^^^^^^^^^^^^^^^^^

warning: missing documentation for a struct field
 --> crates/perl-parser/src/modernize_refactored.rs:6:5
  |
6 |     pub new_pattern: String,
  |     ^^^^^^^^^^^^^^^^^^^^^^^

warning: missing documentation for a struct field
 --> crates/perl-parser/src/modernize_refactored.rs:7:5
  |
7 |     pub description: String,
  |     ^^^^^^^^^^^^^^^^^^^^^^^

warning: missing documentation for a struct field
 --> crates/perl-parser/src/modernize_refactored.rs:8:5
  |
8 |     pub manual_review_required: bool,
  |     ^^^^^^^^^^^^^^^^^^^^^^^^^^^^^^^^

warning: missing documentation for a struct field
 --> crates/perl-parser/src/modernize_refactored.rs:9:5
  |
9 |     pub start: usize,
  |     ^^^^^^^^^^^^^^^^

warning: missing documentation for a struct field
  --> crates/perl-parser/src/modernize_refactored.rs:10:5
   |
10 |     pub end: usize,
   |     ^^^^^^^^^^^^^^

warning: missing documentation for a struct
  --> crates/perl-parser/src/modernize_refactored.rs:22:1
   |
22 | pub struct PerlModernizer {
   | ^^^^^^^^^^^^^^^^^^^^^^^^^

warning: missing documentation for an associated function
  --> crates/perl-parser/src/modernize_refactored.rs:27:5
   |
27 |     pub fn new() -> Self {
   |     ^^^^^^^^^^^^^^^^^^^^

warning: missing documentation for a method
  --> crates/perl-parser/src/modernize_refactored.rs:70:5
   |
70 |     pub fn analyze(&self, code: &str) -> Vec<ModernizationSuggestion> {
   |     ^^^^^^^^^^^^^^^^^^^^^^^^^^^^^^^^^^^^^^^^^^^^^^^^^^^^^^^^^^^^^^^^^

warning: missing documentation for a method
   --> crates/perl-parser/src/modernize_refactored.rs:102:5
    |
102 |     pub fn apply(&self, code: &str) -> String {
    |     ^^^^^^^^^^^^^^^^^^^^^^^^^^^^^^^^^^^^^^^^^

warning: missing documentation for a function
 --> crates/perl-parser/src/on_type_formatting.rs:5:1
  |
5 | pub fn compute_on_type_edit(text: &str, line: u32, col: u32, ch: char) -> Option<Vec<Value>> {
  | ^^^^^^^^^^^^^^^^^^^^^^^^^^^^^^^^^^^^^^^^^^^^^^^^^^^^^^^^^^^^^^^^^^^^^^^^^^^^^^^^^^^^^^^^^^^^

warning: missing documentation for an associated function
  --> crates/perl-parser/src/performance.rs:22:5
   |
22 |     pub fn new(max_size: usize, ttl_seconds: u64) -> Self {
   |     ^^^^^^^^^^^^^^^^^^^^^^^^^^^^^^^^^^^^^^^^^^^^^^^^^^^^^

warning: missing documentation for an associated function
   --> crates/perl-parser/src/performance.rs:100:5
    |
100 |     pub fn new() -> Self {
    |     ^^^^^^^^^^^^^^^^^^^^

warning: missing documentation for an associated function
   --> crates/perl-parser/src/performance.rs:227:5
    |
227 |     pub fn new() -> Self {
    |     ^^^^^^^^^^^^^^^^^^^^

warning: missing documentation for a variant
  --> crates/perl-parser/src/perl_critic.rs:16:5
   |
16 |     Gentle = 5, // Cosmetic issues
   |     ^^^^^^

warning: missing documentation for a variant
  --> crates/perl-parser/src/perl_critic.rs:17:5
   |
17 |     Stern = 4,  // Minor issues
   |     ^^^^^

warning: missing documentation for a variant
  --> crates/perl-parser/src/perl_critic.rs:18:5
   |
18 |     Harsh = 3,  // Important issues
   |     ^^^^^

warning: missing documentation for a variant
  --> crates/perl-parser/src/perl_critic.rs:19:5
   |
19 |     Cruel = 2,  // Serious issues
   |     ^^^^^

warning: missing documentation for a variant
  --> crates/perl-parser/src/perl_critic.rs:20:5
   |
20 |     Brutal = 1, // Critical issues
   |     ^^^^^^

warning: missing documentation for an associated function
  --> crates/perl-parser/src/perl_critic.rs:24:5
   |
24 |     pub fn from_number(n: u8) -> Self {
   |     ^^^^^^^^^^^^^^^^^^^^^^^^^^^^^^^^^

warning: missing documentation for a method
  --> crates/perl-parser/src/perl_critic.rs:35:5
   |
35 |     pub fn to_diagnostic_severity(&self) -> crate::diagnostics::DiagnosticSeverity {
   |     ^^^^^^^^^^^^^^^^^^^^^^^^^^^^^^^^^^^^^^^^^^^^^^^^^^^^^^^^^^^^^^^^^^^^^^^^^^^^^^

warning: missing documentation for a struct field
  --> crates/perl-parser/src/perl_critic.rs:47:5
   |
47 |     pub policy: String,
   |     ^^^^^^^^^^^^^^^^^^

warning: missing documentation for a struct field
  --> crates/perl-parser/src/perl_critic.rs:48:5
   |
48 |     pub description: String,
   |     ^^^^^^^^^^^^^^^^^^^^^^^

warning: missing documentation for a struct field
  --> crates/perl-parser/src/perl_critic.rs:49:5
   |
49 |     pub explanation: String,
   |     ^^^^^^^^^^^^^^^^^^^^^^^

warning: missing documentation for a struct field
  --> crates/perl-parser/src/perl_critic.rs:50:5
   |
50 |     pub severity: Severity,
   |     ^^^^^^^^^^^^^^^^^^^^^^

warning: missing documentation for a struct field
  --> crates/perl-parser/src/perl_critic.rs:51:5
   |
51 |     pub range: Range,
   |     ^^^^^^^^^^^^^^^^

warning: missing documentation for a struct field
  --> crates/perl-parser/src/perl_critic.rs:52:5
   |
52 |     pub file: String,
   |     ^^^^^^^^^^^^^^^^

warning: missing documentation for a struct field
  --> crates/perl-parser/src/perl_critic.rs:64:5
   |
64 |     pub exclude: Vec<String>,
   |     ^^^^^^^^^^^^^^^^^^^^^^^^

warning: missing documentation for an associated function
  --> crates/perl-parser/src/perl_critic.rs:94:5
   |
94 |     pub fn new(config: CriticConfig) -> Self {
   |     ^^^^^^^^^^^^^^^^^^^^^^^^^^^^^^^^^^^^^^^^

warning: missing documentation for a struct field
   --> crates/perl-parser/src/perl_critic.rs:255:5
    |
255 |     pub title: String,
    |     ^^^^^^^^^^^^^^^^^

warning: missing documentation for a struct field
   --> crates/perl-parser/src/perl_critic.rs:256:5
    |
256 |     pub edit: TextEdit,
    |     ^^^^^^^^^^^^^^^^^^

warning: missing documentation for a struct field
   --> crates/perl-parser/src/perl_critic.rs:262:5
    |
262 |     pub range: Range,
    |     ^^^^^^^^^^^^^^^^

warning: missing documentation for a struct field
   --> crates/perl-parser/src/perl_critic.rs:263:5
    |
263 |     pub new_text: String,
    |     ^^^^^^^^^^^^^^^^^^^^

warning: missing documentation for a method
   --> crates/perl-parser/src/perl_critic.rs:273:5
    |
273 |     fn name(&self) -> &str;
    |     ^^^^^^^^^^^^^^^^^^^^^^^

warning: missing documentation for a method
   --> crates/perl-parser/src/perl_critic.rs:274:5
    |
274 |     fn severity(&self) -> Severity;
    |     ^^^^^^^^^^^^^^^^^^^^^^^^^^^^^^^

warning: missing documentation for a method
   --> crates/perl-parser/src/perl_critic.rs:275:5
    |
275 |     fn analyze(&self, ast: &Node, content: &str) -> Vec<Violation>;
    |     ^^^^^^^^^^^^^^^^^^^^^^^^^^^^^^^^^^^^^^^^^^^^^^^^^^^^^^^^^^^^^^^

warning: missing documentation for an associated function
   --> crates/perl-parser/src/perl_critic.rs:350:5
    |
350 |     pub fn new() -> Self {
    |     ^^^^^^^^^^^^^^^^^^^^

warning: missing documentation for an associated function
   --> crates/perl-parser/src/perltidy.rs:176:5
    |
176 |     pub fn new(config: PerlTidyConfig) -> Self {
    |     ^^^^^^^^^^^^^^^^^^^^^^^^^^^^^^^^^^^^^^^^^^

warning: missing documentation for a struct field
   --> crates/perl-parser/src/perltidy.rs:328:5
    |
328 |     pub line: u32,
    |     ^^^^^^^^^^^^^

warning: missing documentation for a struct field
   --> crates/perl-parser/src/perltidy.rs:329:5
    |
329 |     pub original: String,
    |     ^^^^^^^^^^^^^^^^^^^^

warning: missing documentation for a struct field
   --> crates/perl-parser/src/perltidy.rs:330:5
    |
330 |     pub formatted: String,
    |     ^^^^^^^^^^^^^^^^^^^^^

warning: missing documentation for a struct field
   --> crates/perl-parser/src/perltidy.rs:331:5
    |
331 |     pub description: String,
    |     ^^^^^^^^^^^^^^^^^^^^^^^

warning: missing documentation for an associated function
   --> crates/perl-parser/src/perltidy.rs:340:5
    |
340 |     pub fn new(config: PerlTidyConfig) -> Self {
    |     ^^^^^^^^^^^^^^^^^^^^^^^^^^^^^^^^^^^^^^^^^^

warning: missing documentation for an enum
  --> crates/perl-parser/src/position_mapper.rs:30:1
   |
30 | pub enum LineEnding {
   | ^^^^^^^^^^^^^^^^^^^

warning: missing documentation for a variant
  --> crates/perl-parser/src/position_mapper.rs:31:5
   |
31 |     Lf,
   |     ^^

warning: missing documentation for a variant
  --> crates/perl-parser/src/position_mapper.rs:32:5
   |
32 |     CrLf,
   |     ^^^^

warning: missing documentation for a variant
  --> crates/perl-parser/src/position_mapper.rs:33:5
   |
33 |     Cr,
   |     ^^

warning: missing documentation for a variant
  --> crates/perl-parser/src/position_mapper.rs:34:5
   |
34 |     Mixed,
   |     ^^^^^

warning: missing documentation for a struct field
   --> crates/perl-parser/src/refactoring.rs:101:20
    |
101 |     SymbolRename { old_name: String, new_name: String, scope: RefactoringScope },
    |                    ^^^^^^^^^^^^^^^^

warning: missing documentation for a struct field
   --> crates/perl-parser/src/refactoring.rs:101:38
    |
101 |     SymbolRename { old_name: String, new_name: String, scope: RefactoringScope },
    |                                      ^^^^^^^^^^^^^^^^

warning: missing documentation for a struct field
   --> crates/perl-parser/src/refactoring.rs:101:56
    |
101 |     SymbolRename { old_name: String, new_name: String, scope: RefactoringScope },
    |                                                        ^^^^^^^^^^^^^^^^^^^^^^^

warning: missing documentation for a struct field
   --> crates/perl-parser/src/refactoring.rs:104:9
    |
104 |         method_name: String,
    |         ^^^^^^^^^^^^^^^^^^^

warning: missing documentation for a struct field
   --> crates/perl-parser/src/refactoring.rs:105:9
    |
105 |         start_position: (usize, usize),
    |         ^^^^^^^^^^^^^^^^^^^^^^^^^^^^^^

warning: missing documentation for a struct field
   --> crates/perl-parser/src/refactoring.rs:106:9
    |
106 |         end_position: (usize, usize),
    |         ^^^^^^^^^^^^^^^^^^^^^^^^^^^^

warning: missing documentation for a struct field
   --> crates/perl-parser/src/refactoring.rs:109:16
    |
109 |     MoveCode { source_file: PathBuf, target_file: PathBuf, elements: Vec<String> },
    |                ^^^^^^^^^^^^^^^^^^^^

warning: missing documentation for a struct field
   --> crates/perl-parser/src/refactoring.rs:109:38
    |
109 |     MoveCode { source_file: PathBuf, target_file: PathBuf, elements: Vec<String> },
    |                                      ^^^^^^^^^^^^^^^^^^^^

warning: missing documentation for a struct field
   --> crates/perl-parser/src/refactoring.rs:109:60
    |
109 |     MoveCode { source_file: PathBuf, target_file: PathBuf, elements: Vec<String> },
    |                                                            ^^^^^^^^^^^^^^^^^^^^^

warning: missing documentation for a struct field
   --> crates/perl-parser/src/refactoring.rs:111:17
    |
111 |     Modernize { patterns: Vec<ModernizationPattern> },
    |                 ^^^^^^^^^^^^^^^^^^^^^^^^^^^^^^^^^^^

warning: missing documentation for a struct field
   --> crates/perl-parser/src/refactoring.rs:113:23
    |
113 |     OptimizeImports { remove_unused: bool, sort_alphabetically: bool, group_by_type: bool },
    |                       ^^^^^^^^^^^^^^^^^^^

warning: missing documentation for a struct field
   --> crates/perl-parser/src/refactoring.rs:113:44
    |
113 |     OptimizeImports { remove_unused: bool, sort_alphabetically: bool, group_by_type: bool },
    |                                            ^^^^^^^^^^^^^^^^^^^^^^^^^

warning: missing documentation for a struct field
   --> crates/perl-parser/src/refactoring.rs:113:71
    |
113 |     OptimizeImports { remove_unused: bool, sort_alphabetically: bool, group_by_type: bool },
    |                                                                       ^^^^^^^^^^^^^^^^^^^

warning: missing documentation for a struct field
   --> crates/perl-parser/src/refactoring.rs:115:14
    |
115 |     Inline { symbol_name: String, all_occurrences: bool },
    |              ^^^^^^^^^^^^^^^^^^^

warning: missing documentation for a struct field
   --> crates/perl-parser/src/refactoring.rs:115:35
    |
115 |     Inline { symbol_name: String, all_occurrences: bool },
    |                                   ^^^^^^^^^^^^^^^^^^^^^

warning: missing documentation for a variant
  --> crates/perl-parser/src/semantic.rs:84:5
   |
84 |     Declaration,
   |     ^^^^^^^^^^^

warning: missing documentation for a variant
  --> crates/perl-parser/src/semantic.rs:85:5
   |
85 |     Definition,
   |     ^^^^^^^^^^

warning: missing documentation for a variant
  --> crates/perl-parser/src/semantic.rs:86:5
   |
86 |     Readonly,
   |     ^^^^^^^^

warning: missing documentation for a variant
  --> crates/perl-parser/src/semantic.rs:87:5
   |
87 |     Static,
   |     ^^^^^^

warning: missing documentation for a variant
  --> crates/perl-parser/src/semantic.rs:88:5
   |
88 |     Deprecated,
   |     ^^^^^^^^^^

warning: missing documentation for a variant
  --> crates/perl-parser/src/semantic.rs:89:5
   |
89 |     Abstract,
   |     ^^^^^^^^

warning: missing documentation for a variant
  --> crates/perl-parser/src/semantic.rs:90:5
   |
90 |     Async,
   |     ^^^^^

warning: missing documentation for a variant
  --> crates/perl-parser/src/semantic.rs:91:5
   |
91 |     Modification,
   |     ^^^^^^^^^^^^

warning: missing documentation for a variant
  --> crates/perl-parser/src/semantic.rs:92:5
   |
92 |     Documentation,
   |     ^^^^^^^^^^^^^

warning: missing documentation for a variant
  --> crates/perl-parser/src/semantic.rs:93:5
   |
93 |     DefaultLibrary,
   |     ^^^^^^^^^^^^^^

warning: missing documentation for a variant
  --> crates/perl-parser/src/semantic_tokens_provider.rs:12:5
   |
12 |     Namespace, // package names
   |     ^^^^^^^^^

warning: missing documentation for a variant
  --> crates/perl-parser/src/semantic_tokens_provider.rs:13:5
   |
13 |     Class,     // class names (modern Perl)
   |     ^^^^^

warning: missing documentation for a variant
  --> crates/perl-parser/src/semantic_tokens_provider.rs:14:5
   |
14 |     Function,  // subroutine names
   |     ^^^^^^^^

warning: missing documentation for a variant
  --> crates/perl-parser/src/semantic_tokens_provider.rs:15:5
   |
15 |     Method,    // method names
   |     ^^^^^^

warning: missing documentation for a variant
  --> crates/perl-parser/src/semantic_tokens_provider.rs:16:5
   |
16 |     Variable,  // all variables
   |     ^^^^^^^^

warning: missing documentation for a variant
  --> crates/perl-parser/src/semantic_tokens_provider.rs:17:5
   |
17 |     Parameter, // function parameters
   |     ^^^^^^^^^

warning: missing documentation for a variant
  --> crates/perl-parser/src/semantic_tokens_provider.rs:18:5
   |
18 |     Property,  // object properties/attributes
   |     ^^^^^^^^

warning: missing documentation for a variant
  --> crates/perl-parser/src/semantic_tokens_provider.rs:19:5
   |
19 |     Keyword,   // language keywords
   |     ^^^^^^^

warning: missing documentation for a variant
  --> crates/perl-parser/src/semantic_tokens_provider.rs:20:5
   |
20 |     Comment,   // comments
   |     ^^^^^^^

warning: missing documentation for a variant
  --> crates/perl-parser/src/semantic_tokens_provider.rs:21:5
   |
21 |     String,    // string literals
   |     ^^^^^^

warning: missing documentation for a variant
  --> crates/perl-parser/src/semantic_tokens_provider.rs:22:5
   |
22 |     Number,    // numeric literals
   |     ^^^^^^

warning: missing documentation for a variant
  --> crates/perl-parser/src/semantic_tokens_provider.rs:23:5
   |
23 |     Regexp,    // regular expressions
   |     ^^^^^^

warning: missing documentation for a variant
  --> crates/perl-parser/src/semantic_tokens_provider.rs:24:5
   |
24 |     Operator,  // operators
   |     ^^^^^^^^

warning: missing documentation for a variant
  --> crates/perl-parser/src/semantic_tokens_provider.rs:25:5
   |
25 |     Macro,     // constants/macros
   |     ^^^^^

warning: missing documentation for a variant
  --> crates/perl-parser/src/semantic_tokens_provider.rs:73:5
   |
73 |     Declaration,    // definition site
   |     ^^^^^^^^^^^

warning: missing documentation for a variant
  --> crates/perl-parser/src/semantic_tokens_provider.rs:74:5
   |
74 |     Definition,     // same as declaration
   |     ^^^^^^^^^^

warning: missing documentation for a variant
  --> crates/perl-parser/src/semantic_tokens_provider.rs:75:5
   |
75 |     Reference,      // usage site
   |     ^^^^^^^^^

warning: missing documentation for a variant
  --> crates/perl-parser/src/semantic_tokens_provider.rs:76:5
   |
76 |     Modification,   // being modified
   |     ^^^^^^^^^^^^

warning: missing documentation for a variant
  --> crates/perl-parser/src/semantic_tokens_provider.rs:77:5
   |
77 |     Static,         // package-level
   |     ^^^^^^

warning: missing documentation for a variant
  --> crates/perl-parser/src/semantic_tokens_provider.rs:78:5
   |
78 |     DefaultLibrary, // built-in
   |     ^^^^^^^^^^^^^^

warning: missing documentation for a variant
  --> crates/perl-parser/src/semantic_tokens_provider.rs:79:5
   |
79 |     Async,          // async operations
   |     ^^^^^

warning: missing documentation for a variant
  --> crates/perl-parser/src/semantic_tokens_provider.rs:80:5
   |
80 |     Readonly,       // constants
   |     ^^^^^^^^

warning: missing documentation for a variant
  --> crates/perl-parser/src/semantic_tokens_provider.rs:81:5
   |
81 |     Deprecated,     // deprecated items
   |     ^^^^^^^^^^

warning: missing documentation for a struct field
   --> crates/perl-parser/src/semantic_tokens_provider.rs:119:5
    |
119 |     pub line: u32,
    |     ^^^^^^^^^^^^^

warning: missing documentation for a struct field
   --> crates/perl-parser/src/semantic_tokens_provider.rs:120:5
    |
120 |     pub start_char: u32,
    |     ^^^^^^^^^^^^^^^^^^^

warning: missing documentation for a struct field
   --> crates/perl-parser/src/semantic_tokens_provider.rs:121:5
    |
121 |     pub length: u32,
    |     ^^^^^^^^^^^^^^^

warning: missing documentation for a struct field
   --> crates/perl-parser/src/semantic_tokens_provider.rs:122:5
    |
122 |     pub token_type: SemanticTokenType,
    |     ^^^^^^^^^^^^^^^^^^^^^^^^^^^^^^^^^

warning: missing documentation for a struct field
   --> crates/perl-parser/src/semantic_tokens_provider.rs:123:5
    |
123 |     pub modifiers: Vec<SemanticTokenModifier>,
    |     ^^^^^^^^^^^^^^^^^^^^^^^^^^^^^^^^^^^^^^^^^

warning: missing documentation for an enum
  --> crates/perl-parser/src/tdd_workflow.rs:34:1
   |
34 | pub enum WorkflowState {
   | ^^^^^^^^^^^^^^^^^^^^^^

warning: missing documentation for a struct
  --> crates/perl-parser/src/tdd_workflow.rs:46:1
   |
46 | pub struct TddConfig {
   | ^^^^^^^^^^^^^^^^^^^^

warning: missing documentation for a struct
  --> crates/perl-parser/src/tdd_workflow.rs:92:1
   |
92 | pub struct LineCoverage {
   | ^^^^^^^^^^^^^^^^^^^^^^^

warning: missing documentation for a struct field
  --> crates/perl-parser/src/tdd_workflow.rs:93:5
   |
93 |     pub line: usize,
   |     ^^^^^^^^^^^^^^^

warning: missing documentation for a struct field
  --> crates/perl-parser/src/tdd_workflow.rs:94:5
   |
94 |     pub hits: usize,
   |     ^^^^^^^^^^^^^^^

warning: missing documentation for a struct field
  --> crates/perl-parser/src/tdd_workflow.rs:95:5
   |
95 |     pub covered: bool,
   |     ^^^^^^^^^^^^^^^^^

warning: missing documentation for a struct
  --> crates/perl-parser/src/tdd_workflow.rs:99:1
   |
99 | pub struct BranchCoverage {
   | ^^^^^^^^^^^^^^^^^^^^^^^^^

warning: missing documentation for a struct field
   --> crates/perl-parser/src/tdd_workflow.rs:100:5
    |
100 |     pub line: usize,
    |     ^^^^^^^^^^^^^^^

warning: missing documentation for a struct field
   --> crates/perl-parser/src/tdd_workflow.rs:101:5
    |
101 |     pub branch_id: usize,
    |     ^^^^^^^^^^^^^^^^^^^^

warning: missing documentation for a struct field
   --> crates/perl-parser/src/tdd_workflow.rs:102:5
    |
102 |     pub taken: bool,
    |     ^^^^^^^^^^^^^^^

warning: missing documentation for a struct field
   --> crates/perl-parser/src/tdd_workflow.rs:103:5
    |
103 |     pub hits: usize,
    |     ^^^^^^^^^^^^^^^

warning: missing documentation for an associated function
   --> crates/perl-parser/src/tdd_workflow.rs:107:5
    |
107 |     pub fn new(config: TddConfig) -> Self {
    |     ^^^^^^^^^^^^^^^^^^^^^^^^^^^^^^^^^^^^^

warning: missing documentation for a struct field
   --> crates/perl-parser/src/tdd_workflow.rs:406:5
    |
406 |     pub phase: String,
    |     ^^^^^^^^^^^^^^^^^

warning: missing documentation for a struct field
   --> crates/perl-parser/src/tdd_workflow.rs:407:5
    |
407 |     pub message: String,
    |     ^^^^^^^^^^^^^^^^^^^

warning: missing documentation for a struct field
   --> crates/perl-parser/src/tdd_workflow.rs:408:5
    |
408 |     pub actions: Vec<TddAction>,
    |     ^^^^^^^^^^^^^^^^^^^^^^^^^^^

warning: missing documentation for an enum
   --> crates/perl-parser/src/tdd_workflow.rs:412:1
    |
412 | pub enum TddAction {
    | ^^^^^^^^^^^^^^^^^^

warning: missing documentation for a variant
   --> crates/perl-parser/src/tdd_workflow.rs:413:5
    |
413 |     GenerateTest(String),
    |     ^^^^^^^^^^^^

warning: missing documentation for a variant
   --> crates/perl-parser/src/tdd_workflow.rs:414:5
    |
414 |     CreateTestFile(PathBuf),
    |     ^^^^^^^^^^^^^^

warning: missing documentation for a variant
   --> crates/perl-parser/src/tdd_workflow.rs:415:5
    |
415 |     RunTests,
    |     ^^^^^^^^

warning: missing documentation for a variant
   --> crates/perl-parser/src/tdd_workflow.rs:416:5
    |
416 |     SuggestRefactorings,
    |     ^^^^^^^^^^^^^^^^^^^

warning: missing documentation for a variant
   --> crates/perl-parser/src/tdd_workflow.rs:417:5
    |
417 |     UpdateCoverage,
    |     ^^^^^^^^^^^^^^

warning: missing documentation for a variant
   --> crates/perl-parser/src/tdd_workflow.rs:418:5
    |
418 |     ShowFailures,
    |     ^^^^^^^^^^^^

warning: missing documentation for an enum
   --> crates/perl-parser/src/tdd_workflow.rs:422:1
    |
422 | pub enum TestType {
    | ^^^^^^^^^^^^^^^^^

warning: missing documentation for a variant
   --> crates/perl-parser/src/tdd_workflow.rs:423:5
    |
423 |     Basic,
    |     ^^^^^

warning: missing documentation for a variant
   --> crates/perl-parser/src/tdd_workflow.rs:424:5
    |
424 |     EdgeCase,
    |     ^^^^^^^^

warning: missing documentation for a variant
   --> crates/perl-parser/src/tdd_workflow.rs:425:5
    |
425 |     ErrorHandling,
    |     ^^^^^^^^^^^^^

warning: missing documentation for a variant
   --> crates/perl-parser/src/tdd_workflow.rs:426:5
    |
426 |     Performance,
    |     ^^^^^^^^^^^

warning: missing documentation for a variant
   --> crates/perl-parser/src/tdd_workflow.rs:427:5
    |
427 |     Integration,
    |     ^^^^^^^^^^^

warning: missing documentation for a struct
   --> crates/perl-parser/src/tdd_workflow.rs:431:1
    |
431 | pub struct CoverageAnnotation {
    | ^^^^^^^^^^^^^^^^^^^^^^^^^^^^^

warning: missing documentation for a struct field
   --> crates/perl-parser/src/tdd_workflow.rs:432:5
    |
432 |     pub line: usize,
    |     ^^^^^^^^^^^^^^^

warning: missing documentation for a struct field
   --> crates/perl-parser/src/tdd_workflow.rs:433:5
    |
433 |     pub message: String,
    |     ^^^^^^^^^^^^^^^^^^^

warning: missing documentation for a struct field
   --> crates/perl-parser/src/tdd_workflow.rs:434:5
    |
434 |     pub severity: AnnotationSeverity,
    |     ^^^^^^^^^^^^^^^^^^^^^^^^^^^^^^^^

warning: missing documentation for an enum
   --> crates/perl-parser/src/tdd_workflow.rs:438:1
    |
438 | pub enum AnnotationSeverity {
    | ^^^^^^^^^^^^^^^^^^^^^^^^^^^

warning: missing documentation for a variant
   --> crates/perl-parser/src/tdd_workflow.rs:439:5
    |
439 |     Error,
    |     ^^^^^

warning: missing documentation for a variant
   --> crates/perl-parser/src/tdd_workflow.rs:440:5
    |
440 |     Warning,
    |     ^^^^^^^

warning: missing documentation for a variant
   --> crates/perl-parser/src/tdd_workflow.rs:441:5
    |
441 |     Info,
    |     ^^^^

warning: missing documentation for a variant
   --> crates/perl-parser/src/tdd_workflow.rs:442:5
    |
442 |     Hint,
    |     ^^^^

warning: missing documentation for a struct
   --> crates/perl-parser/src/tdd_workflow.rs:446:1
    |
446 | pub struct WorkflowStatus {
    | ^^^^^^^^^^^^^^^^^^^^^^^^^

warning: missing documentation for a struct field
   --> crates/perl-parser/src/tdd_workflow.rs:447:5
    |
447 |     pub state: WorkflowState,
    |     ^^^^^^^^^^^^^^^^^^^^^^^^

warning: missing documentation for a struct field
   --> crates/perl-parser/src/tdd_workflow.rs:448:5
    |
448 |     pub coverage: f64,
    |     ^^^^^^^^^^^^^^^^^

warning: missing documentation for a struct field
   --> crates/perl-parser/src/tdd_workflow.rs:449:5
    |
449 |     pub tests_passing: bool,
    |     ^^^^^^^^^^^^^^^^^^^^^^^

warning: missing documentation for a struct field
   --> crates/perl-parser/src/tdd_workflow.rs:450:5
    |
450 |     pub suggestions_available: bool,
    |     ^^^^^^^^^^^^^^^^^^^^^^^^^^^^^^^

warning: missing documentation for a struct field
   --> crates/perl-parser/src/test_generator.rs:101:5
    |
101 |     pub name: String,
    |     ^^^^^^^^^^^^^^^^

warning: missing documentation for a struct field
   --> crates/perl-parser/src/test_generator.rs:102:5
    |
102 |     pub description: String,
    |     ^^^^^^^^^^^^^^^^^^^^^^^

warning: missing documentation for a struct field
   --> crates/perl-parser/src/test_generator.rs:103:5
    |
103 |     pub code: String,
    |     ^^^^^^^^^^^^^^^^

warning: missing documentation for a struct field
   --> crates/perl-parser/src/test_generator.rs:104:5
    |
104 |     pub is_todo: bool,
    |     ^^^^^^^^^^^^^^^^^

warning: missing documentation for an associated function
   --> crates/perl-parser/src/test_generator.rs:130:5
    |
130 |     pub fn with_options(framework: TestFramework, options: TestGeneratorOptions) -> Self {
    |     ^^^^^^^^^^^^^^^^^^^^^^^^^^^^^^^^^^^^^^^^^^^^^^^^^^^^^^^^^^^^^^^^^^^^^^^^^^^^^^^^^^^^

warning: missing documentation for an associated function
   --> crates/perl-parser/src/test_generator.rs:644:5
    |
644 |     pub fn new() -> Self {
    |     ^^^^^^^^^^^^^^^^^^^^

warning: missing documentation for an associated function
   --> crates/perl-parser/src/test_generator.rs:648:5
    |
648 |     pub fn with_command(command: String) -> Self {
    |     ^^^^^^^^^^^^^^^^^^^^^^^^^^^^^^^^^^^^^^^^^^^^

warning: missing documentation for a struct
   --> crates/perl-parser/src/test_generator.rs:701:1
    |
701 | pub struct TestResults {
    | ^^^^^^^^^^^^^^^^^^^^^^

warning: missing documentation for a struct field
   --> crates/perl-parser/src/test_generator.rs:702:5
    |
702 |     pub total: usize,
    |     ^^^^^^^^^^^^^^^^

warning: missing documentation for a struct field
   --> crates/perl-parser/src/test_generator.rs:703:5
    |
703 |     pub passed: usize,
    |     ^^^^^^^^^^^^^^^^^

warning: missing documentation for a struct field
   --> crates/perl-parser/src/test_generator.rs:704:5
    |
704 |     pub failed: usize,
    |     ^^^^^^^^^^^^^^^^^

warning: missing documentation for a struct field
   --> crates/perl-parser/src/test_generator.rs:705:5
    |
705 |     pub skipped: usize,
    |     ^^^^^^^^^^^^^^^^^^

warning: missing documentation for a struct field
   --> crates/perl-parser/src/test_generator.rs:706:5
    |
706 |     pub todo: usize,
    |     ^^^^^^^^^^^^^^^

warning: missing documentation for a struct field
   --> crates/perl-parser/src/test_generator.rs:707:5
    |
707 |     pub errors: Vec<String>,
    |     ^^^^^^^^^^^^^^^^^^^^^^^

warning: missing documentation for a struct
   --> crates/perl-parser/src/test_generator.rs:711:1
    |
711 | pub struct CoverageReport {
    | ^^^^^^^^^^^^^^^^^^^^^^^^^

warning: missing documentation for a struct field
   --> crates/perl-parser/src/test_generator.rs:712:5
    |
712 |     pub line_coverage: f64,
    |     ^^^^^^^^^^^^^^^^^^^^^^

warning: missing documentation for a struct field
   --> crates/perl-parser/src/test_generator.rs:713:5
    |
713 |     pub branch_coverage: f64,
    |     ^^^^^^^^^^^^^^^^^^^^^^^^

warning: missing documentation for a struct field
   --> crates/perl-parser/src/test_generator.rs:714:5
    |
714 |     pub function_coverage: f64,
    |     ^^^^^^^^^^^^^^^^^^^^^^^^^^

warning: missing documentation for a struct field
   --> crates/perl-parser/src/test_generator.rs:715:5
    |
715 |     pub uncovered_lines: Vec<usize>,
    |     ^^^^^^^^^^^^^^^^^^^^^^^^^^^^^^^

warning: missing documentation for a struct
   --> crates/perl-parser/src/test_generator.rs:724:1
    |
724 | pub struct RefactoringSuggestion {
    | ^^^^^^^^^^^^^^^^^^^^^^^^^^^^^^^^

warning: missing documentation for a struct field
   --> crates/perl-parser/src/test_generator.rs:725:5
    |
725 |     pub title: String,
    |     ^^^^^^^^^^^^^^^^^

warning: missing documentation for a struct field
   --> crates/perl-parser/src/test_generator.rs:726:5
    |
726 |     pub description: String,
    |     ^^^^^^^^^^^^^^^^^^^^^^^

warning: missing documentation for a struct field
   --> crates/perl-parser/src/test_generator.rs:727:5
    |
727 |     pub priority: Priority,
    |     ^^^^^^^^^^^^^^^^^^^^^^

warning: missing documentation for a struct field
   --> crates/perl-parser/src/test_generator.rs:728:5
    |
728 |     pub category: RefactoringCategory,
    |     ^^^^^^^^^^^^^^^^^^^^^^^^^^^^^^^^^

warning: missing documentation for a struct field
   --> crates/perl-parser/src/test_generator.rs:729:5
    |
729 |     pub code_action: Option<String>,
    |     ^^^^^^^^^^^^^^^^^^^^^^^^^^^^^^^

warning: missing documentation for an enum
   --> crates/perl-parser/src/test_generator.rs:733:1
    |
733 | pub enum Priority {
    | ^^^^^^^^^^^^^^^^^

warning: missing documentation for a variant
   --> crates/perl-parser/src/test_generator.rs:734:5
    |
734 |     Low,
    |     ^^^

warning: missing documentation for a variant
   --> crates/perl-parser/src/test_generator.rs:735:5
    |
735 |     Medium,
    |     ^^^^^^

warning: missing documentation for a variant
   --> crates/perl-parser/src/test_generator.rs:736:5
    |
736 |     High,
    |     ^^^^

warning: missing documentation for a variant
   --> crates/perl-parser/src/test_generator.rs:737:5
    |
737 |     Critical,
    |     ^^^^^^^^

warning: missing documentation for an enum
   --> crates/perl-parser/src/test_generator.rs:741:1
    |
741 | pub enum RefactoringCategory {
    | ^^^^^^^^^^^^^^^^^^^^^^^^^^^^

warning: missing documentation for a variant
   --> crates/perl-parser/src/test_generator.rs:742:5
    |
742 |     DuplicateCode,
    |     ^^^^^^^^^^^^^

warning: missing documentation for a variant
   --> crates/perl-parser/src/test_generator.rs:743:5
    |
743 |     ComplexMethod,
    |     ^^^^^^^^^^^^^

warning: missing documentation for a variant
   --> crates/perl-parser/src/test_generator.rs:744:5
    |
744 |     LongMethod,
    |     ^^^^^^^^^^

warning: missing documentation for a variant
   --> crates/perl-parser/src/test_generator.rs:745:5
    |
745 |     TooManyParameters,
    |     ^^^^^^^^^^^^^^^^^

warning: missing documentation for a variant
   --> crates/perl-parser/src/test_generator.rs:746:5
    |
746 |     DeadCode,
    |     ^^^^^^^^

warning: missing documentation for a variant
   --> crates/perl-parser/src/test_generator.rs:747:5
    |
747 |     Performance,
    |     ^^^^^^^^^^^

warning: missing documentation for a variant
   --> crates/perl-parser/src/test_generator.rs:748:5
    |
748 |     Naming,
    |     ^^^^^^

warning: missing documentation for a variant
   --> crates/perl-parser/src/test_generator.rs:749:5
    |
749 |     Structure,
    |     ^^^^^^^^^

warning: missing documentation for an associated function
   --> crates/perl-parser/src/test_generator.rs:759:5
    |
759 |     pub fn new() -> Self {
    |     ^^^^^^^^^^^^^^^^^^^^

warning: missing documentation for a struct field
 --> crates/perl-parser/src/test_runner.rs:9:5
  |
9 |     pub id: String,
  |     ^^^^^^^^^^^^^^

warning: missing documentation for a struct field
  --> crates/perl-parser/src/test_runner.rs:10:5
   |
10 |     pub label: String,
   |     ^^^^^^^^^^^^^^^^^

warning: missing documentation for a struct field
  --> crates/perl-parser/src/test_runner.rs:11:5
   |
11 |     pub uri: String,
   |     ^^^^^^^^^^^^^^^

warning: missing documentation for a struct field
  --> crates/perl-parser/src/test_runner.rs:12:5
   |
12 |     pub range: TestRange,
   |     ^^^^^^^^^^^^^^^^^^^^

warning: missing documentation for a struct field
  --> crates/perl-parser/src/test_runner.rs:13:5
   |
13 |     pub kind: TestKind,
   |     ^^^^^^^^^^^^^^^^^^

warning: missing documentation for a struct field
  --> crates/perl-parser/src/test_runner.rs:14:5
   |
14 |     pub children: Vec<TestItem>,
   |     ^^^^^^^^^^^^^^^^^^^^^^^^^^^

warning: missing documentation for a struct
  --> crates/perl-parser/src/test_runner.rs:18:1
   |
18 | pub struct TestRange {
   | ^^^^^^^^^^^^^^^^^^^^

warning: missing documentation for a struct field
  --> crates/perl-parser/src/test_runner.rs:19:5
   |
19 |     pub start_line: u32,
   |     ^^^^^^^^^^^^^^^^^^^

warning: missing documentation for a struct field
  --> crates/perl-parser/src/test_runner.rs:20:5
   |
20 |     pub start_character: u32,
   |     ^^^^^^^^^^^^^^^^^^^^^^^^

warning: missing documentation for a struct field
  --> crates/perl-parser/src/test_runner.rs:21:5
   |
21 |     pub end_line: u32,
   |     ^^^^^^^^^^^^^^^^^

warning: missing documentation for a struct field
  --> crates/perl-parser/src/test_runner.rs:22:5
   |
22 |     pub end_character: u32,
   |     ^^^^^^^^^^^^^^^^^^^^^^

warning: missing documentation for an enum
  --> crates/perl-parser/src/test_runner.rs:26:1
   |
26 | pub enum TestKind {
   | ^^^^^^^^^^^^^^^^^

warning: missing documentation for a variant
  --> crates/perl-parser/src/test_runner.rs:27:5
   |
27 |     File,
   |     ^^^^

warning: missing documentation for a variant
  --> crates/perl-parser/src/test_runner.rs:28:5
   |
28 |     Suite,
   |     ^^^^^

warning: missing documentation for a variant
  --> crates/perl-parser/src/test_runner.rs:29:5
   |
29 |     Test,
   |     ^^^^

warning: missing documentation for a struct field
  --> crates/perl-parser/src/test_runner.rs:35:5
   |
35 |     pub test_id: String,
   |     ^^^^^^^^^^^^^^^^^^^

warning: missing documentation for a struct field
  --> crates/perl-parser/src/test_runner.rs:36:5
   |
36 |     pub status: TestStatus,
   |     ^^^^^^^^^^^^^^^^^^^^^^

warning: missing documentation for a struct field
  --> crates/perl-parser/src/test_runner.rs:37:5
   |
37 |     pub message: Option<String>,
   |     ^^^^^^^^^^^^^^^^^^^^^^^^^^^

warning: missing documentation for a struct field
  --> crates/perl-parser/src/test_runner.rs:38:5
   |
38 |     pub duration: Option<u64>, // milliseconds
   |     ^^^^^^^^^^^^^^^^^^^^^^^^^

warning: missing documentation for an enum
  --> crates/perl-parser/src/test_runner.rs:42:1
   |
42 | pub enum TestStatus {
   | ^^^^^^^^^^^^^^^^^^^

warning: missing documentation for a variant
  --> crates/perl-parser/src/test_runner.rs:43:5
   |
43 |     Passed,
   |     ^^^^^^

warning: missing documentation for a variant
  --> crates/perl-parser/src/test_runner.rs:44:5
   |
44 |     Failed,
   |     ^^^^^^

warning: missing documentation for a variant
  --> crates/perl-parser/src/test_runner.rs:45:5
   |
45 |     Skipped,
   |     ^^^^^^^

warning: missing documentation for a variant
  --> crates/perl-parser/src/test_runner.rs:46:5
   |
46 |     Errored,
   |     ^^^^^^^

warning: missing documentation for an associated function
  --> crates/perl-parser/src/test_runner.rs:68:5
   |
68 |     pub fn new(source: String, uri: String) -> Self {
   |     ^^^^^^^^^^^^^^^^^^^^^^^^^^^^^^^^^^^^^^^^^^^^^^^

warning: missing documentation for a method
   --> crates/perl-parser/src/test_runner.rs:537:5
    |
537 |     pub fn to_json(&self) -> Value {
    |     ^^^^^^^^^^^^^^^^^^^^^^^^^^^^^^

warning: missing documentation for a method
   --> crates/perl-parser/src/test_runner.rs:560:5
    |
560 |     pub fn to_json(&self) -> Value {
    |     ^^^^^^^^^^^^^^^^^^^^^^^^^^^^^^

warning: missing documentation for a variant
   --> crates/perl-parser/src/token_stream.rs:163:5
    |
163 |     My,
    |     ^^

warning: missing documentation for a variant
   --> crates/perl-parser/src/token_stream.rs:164:5
    |
164 |     Our,
    |     ^^^

warning: missing documentation for a variant
   --> crates/perl-parser/src/token_stream.rs:165:5
    |
165 |     Local,
    |     ^^^^^

warning: missing documentation for a variant
   --> crates/perl-parser/src/token_stream.rs:166:5
    |
166 |     State,
    |     ^^^^^

warning: missing documentation for a variant
   --> crates/perl-parser/src/token_stream.rs:167:5
    |
167 |     Sub,
    |     ^^^

warning: missing documentation for a variant
   --> crates/perl-parser/src/token_stream.rs:168:5
    |
168 |     If,
    |     ^^

warning: missing documentation for a variant
   --> crates/perl-parser/src/token_stream.rs:169:5
    |
169 |     Elsif,
    |     ^^^^^

warning: missing documentation for a variant
   --> crates/perl-parser/src/token_stream.rs:170:5
    |
170 |     Else,
    |     ^^^^

warning: missing documentation for a variant
   --> crates/perl-parser/src/token_stream.rs:171:5
    |
171 |     Unless,
    |     ^^^^^^

warning: missing documentation for a variant
   --> crates/perl-parser/src/token_stream.rs:172:5
    |
172 |     While,
    |     ^^^^^

warning: missing documentation for a variant
   --> crates/perl-parser/src/token_stream.rs:173:5
    |
173 |     Until,
    |     ^^^^^

warning: missing documentation for a variant
   --> crates/perl-parser/src/token_stream.rs:174:5
    |
174 |     For,
    |     ^^^

warning: missing documentation for a variant
   --> crates/perl-parser/src/token_stream.rs:175:5
    |
175 |     Foreach,
    |     ^^^^^^^

warning: missing documentation for a variant
   --> crates/perl-parser/src/token_stream.rs:176:5
    |
176 |     Return,
    |     ^^^^^^

warning: missing documentation for a variant
   --> crates/perl-parser/src/token_stream.rs:177:5
    |
177 |     Package,
    |     ^^^^^^^

warning: missing documentation for a variant
   --> crates/perl-parser/src/token_stream.rs:178:5
    |
178 |     Use,
    |     ^^^

warning: missing documentation for a variant
   --> crates/perl-parser/src/token_stream.rs:179:5
    |
179 |     No,
    |     ^^

warning: missing documentation for a variant
   --> crates/perl-parser/src/token_stream.rs:180:5
    |
180 |     Begin,
    |     ^^^^^

warning: missing documentation for a variant
   --> crates/perl-parser/src/token_stream.rs:181:5
    |
181 |     End,
    |     ^^^

warning: missing documentation for a variant
   --> crates/perl-parser/src/token_stream.rs:182:5
    |
182 |     Check,
    |     ^^^^^

warning: missing documentation for a variant
   --> crates/perl-parser/src/token_stream.rs:183:5
    |
183 |     Init,
    |     ^^^^

warning: missing documentation for a variant
   --> crates/perl-parser/src/token_stream.rs:184:5
    |
184 |     Unitcheck,
    |     ^^^^^^^^^

warning: missing documentation for a variant
   --> crates/perl-parser/src/token_stream.rs:185:5
    |
185 |     Eval,
    |     ^^^^

warning: missing documentation for a variant
   --> crates/perl-parser/src/token_stream.rs:186:5
    |
186 |     Do,
    |     ^^

warning: missing documentation for a variant
   --> crates/perl-parser/src/token_stream.rs:187:5
    |
187 |     Given,
    |     ^^^^^

warning: missing documentation for a variant
   --> crates/perl-parser/src/token_stream.rs:188:5
    |
188 |     When,
    |     ^^^^

warning: missing documentation for a variant
   --> crates/perl-parser/src/token_stream.rs:189:5
    |
189 |     Default,
    |     ^^^^^^^

warning: missing documentation for a variant
   --> crates/perl-parser/src/token_stream.rs:190:5
    |
190 |     Try,
    |     ^^^

warning: missing documentation for a variant
   --> crates/perl-parser/src/token_stream.rs:191:5
    |
191 |     Catch,
    |     ^^^^^

warning: missing documentation for a variant
   --> crates/perl-parser/src/token_stream.rs:192:5
    |
192 |     Finally,
    |     ^^^^^^^

warning: missing documentation for a variant
   --> crates/perl-parser/src/token_stream.rs:193:5
    |
193 |     Continue,
    |     ^^^^^^^^

warning: missing documentation for a variant
   --> crates/perl-parser/src/token_stream.rs:194:5
    |
194 |     Class,
    |     ^^^^^

warning: missing documentation for a variant
   --> crates/perl-parser/src/token_stream.rs:195:5
    |
195 |     Method,
    |     ^^^^^^

warning: missing documentation for a variant
   --> crates/perl-parser/src/token_stream.rs:196:5
    |
196 |     Format,
    |     ^^^^^^

warning: missing documentation for a variant
   --> crates/perl-parser/src/token_stream.rs:197:5
    |
197 |     Undef,
    |     ^^^^^

warning: missing documentation for a variant
   --> crates/perl-parser/src/token_stream.rs:200:5
    |
200 |     Assign,
    |     ^^^^^^

warning: missing documentation for a variant
   --> crates/perl-parser/src/token_stream.rs:201:5
    |
201 |     Plus,
    |     ^^^^

warning: missing documentation for a variant
   --> crates/perl-parser/src/token_stream.rs:202:5
    |
202 |     Minus,
    |     ^^^^^

warning: missing documentation for a variant
   --> crates/perl-parser/src/token_stream.rs:203:5
    |
203 |     Star,
    |     ^^^^

warning: missing documentation for a variant
   --> crates/perl-parser/src/token_stream.rs:204:5
    |
204 |     Slash,
    |     ^^^^^

warning: missing documentation for a variant
   --> crates/perl-parser/src/token_stream.rs:205:5
    |
205 |     Percent,
    |     ^^^^^^^

warning: missing documentation for a variant
   --> crates/perl-parser/src/token_stream.rs:206:5
    |
206 |     Power,
    |     ^^^^^

warning: missing documentation for a variant
   --> crates/perl-parser/src/token_stream.rs:207:5
    |
207 |     LeftShift,
    |     ^^^^^^^^^

warning: missing documentation for a variant
   --> crates/perl-parser/src/token_stream.rs:208:5
    |
208 |     RightShift,
    |     ^^^^^^^^^^

warning: missing documentation for a variant
   --> crates/perl-parser/src/token_stream.rs:209:5
    |
209 |     BitwiseAnd,
    |     ^^^^^^^^^^

warning: missing documentation for a variant
   --> crates/perl-parser/src/token_stream.rs:210:5
    |
210 |     BitwiseOr,
    |     ^^^^^^^^^

warning: missing documentation for a variant
   --> crates/perl-parser/src/token_stream.rs:211:5
    |
211 |     BitwiseXor,
    |     ^^^^^^^^^^

warning: missing documentation for a variant
   --> crates/perl-parser/src/token_stream.rs:212:5
    |
212 |     BitwiseNot,
    |     ^^^^^^^^^^

warning: missing documentation for a variant
   --> crates/perl-parser/src/token_stream.rs:214:5
    |
214 |     PlusAssign,
    |     ^^^^^^^^^^

warning: missing documentation for a variant
   --> crates/perl-parser/src/token_stream.rs:215:5
    |
215 |     MinusAssign,
    |     ^^^^^^^^^^^

warning: missing documentation for a variant
   --> crates/perl-parser/src/token_stream.rs:216:5
    |
216 |     StarAssign,
    |     ^^^^^^^^^^

warning: missing documentation for a variant
   --> crates/perl-parser/src/token_stream.rs:217:5
    |
217 |     SlashAssign,
    |     ^^^^^^^^^^^

warning: missing documentation for a variant
   --> crates/perl-parser/src/token_stream.rs:218:5
    |
218 |     PercentAssign,
    |     ^^^^^^^^^^^^^

warning: missing documentation for a variant
   --> crates/perl-parser/src/token_stream.rs:219:5
    |
219 |     DotAssign,
    |     ^^^^^^^^^

warning: missing documentation for a variant
   --> crates/perl-parser/src/token_stream.rs:220:5
    |
220 |     AndAssign,
    |     ^^^^^^^^^

warning: missing documentation for a variant
   --> crates/perl-parser/src/token_stream.rs:221:5
    |
221 |     OrAssign,
    |     ^^^^^^^^

warning: missing documentation for a variant
   --> crates/perl-parser/src/token_stream.rs:222:5
    |
222 |     XorAssign,
    |     ^^^^^^^^^

warning: missing documentation for a variant
   --> crates/perl-parser/src/token_stream.rs:223:5
    |
223 |     PowerAssign,
    |     ^^^^^^^^^^^

warning: missing documentation for a variant
   --> crates/perl-parser/src/token_stream.rs:224:5
    |
224 |     LeftShiftAssign,
    |     ^^^^^^^^^^^^^^^

warning: missing documentation for a variant
   --> crates/perl-parser/src/token_stream.rs:225:5
    |
225 |     RightShiftAssign,
    |     ^^^^^^^^^^^^^^^^

warning: missing documentation for a variant
   --> crates/perl-parser/src/token_stream.rs:226:5
    |
226 |     LogicalAndAssign,
    |     ^^^^^^^^^^^^^^^^

warning: missing documentation for a variant
   --> crates/perl-parser/src/token_stream.rs:227:5
    |
227 |     LogicalOrAssign,
    |     ^^^^^^^^^^^^^^^

warning: missing documentation for a variant
   --> crates/perl-parser/src/token_stream.rs:228:5
    |
228 |     DefinedOrAssign,
    |     ^^^^^^^^^^^^^^^

warning: missing documentation for a variant
   --> crates/perl-parser/src/token_stream.rs:229:5
    |
229 |     Equal,
    |     ^^^^^

warning: missing documentation for a variant
   --> crates/perl-parser/src/token_stream.rs:230:5
    |
230 |     NotEqual,
    |     ^^^^^^^^

warning: missing documentation for a variant
   --> crates/perl-parser/src/token_stream.rs:231:5
    |
231 |     Match,
    |     ^^^^^

warning: missing documentation for a variant
   --> crates/perl-parser/src/token_stream.rs:232:5
    |
232 |     NotMatch,
    |     ^^^^^^^^

warning: missing documentation for a variant
   --> crates/perl-parser/src/token_stream.rs:233:5
    |
233 |     SmartMatch,
    |     ^^^^^^^^^^

warning: missing documentation for a variant
   --> crates/perl-parser/src/token_stream.rs:234:5
    |
234 |     Less,
    |     ^^^^

warning: missing documentation for a variant
   --> crates/perl-parser/src/token_stream.rs:235:5
    |
235 |     Greater,
    |     ^^^^^^^

warning: missing documentation for a variant
   --> crates/perl-parser/src/token_stream.rs:236:5
    |
236 |     LessEqual,
    |     ^^^^^^^^^

warning: missing documentation for a variant
   --> crates/perl-parser/src/token_stream.rs:237:5
    |
237 |     GreaterEqual,
    |     ^^^^^^^^^^^^

warning: missing documentation for a variant
   --> crates/perl-parser/src/token_stream.rs:238:5
    |
238 |     Spaceship,     // <=>
    |     ^^^^^^^^^

warning: missing documentation for a variant
   --> crates/perl-parser/src/token_stream.rs:239:5
    |
239 |     StringCompare, // cmp
    |     ^^^^^^^^^^^^^

warning: missing documentation for a variant
   --> crates/perl-parser/src/token_stream.rs:240:5
    |
240 |     And,
    |     ^^^

warning: missing documentation for a variant
   --> crates/perl-parser/src/token_stream.rs:241:5
    |
241 |     Or,
    |     ^^

warning: missing documentation for a variant
   --> crates/perl-parser/src/token_stream.rs:242:5
    |
242 |     Not,
    |     ^^^

warning: missing documentation for a variant
   --> crates/perl-parser/src/token_stream.rs:243:5
    |
243 |     DefinedOr,
    |     ^^^^^^^^^

warning: missing documentation for a variant
   --> crates/perl-parser/src/token_stream.rs:245:5
    |
245 |     WordAnd,
    |     ^^^^^^^

warning: missing documentation for a variant
   --> crates/perl-parser/src/token_stream.rs:246:5
    |
246 |     WordOr,
    |     ^^^^^^

warning: missing documentation for a variant
   --> crates/perl-parser/src/token_stream.rs:247:5
    |
247 |     WordNot,
    |     ^^^^^^^

warning: missing documentation for a variant
   --> crates/perl-parser/src/token_stream.rs:248:5
    |
248 |     WordXor,
    |     ^^^^^^^

warning: missing documentation for a variant
   --> crates/perl-parser/src/token_stream.rs:249:5
    |
249 |     Arrow,
    |     ^^^^^

warning: missing documentation for a variant
   --> crates/perl-parser/src/token_stream.rs:250:5
    |
250 |     FatArrow,
    |     ^^^^^^^^

warning: missing documentation for a variant
   --> crates/perl-parser/src/token_stream.rs:251:5
    |
251 |     Dot,
    |     ^^^

warning: missing documentation for a variant
   --> crates/perl-parser/src/token_stream.rs:252:5
    |
252 |     Range,
    |     ^^^^^

warning: missing documentation for a variant
   --> crates/perl-parser/src/token_stream.rs:253:5
    |
253 |     Ellipsis,
    |     ^^^^^^^^

warning: missing documentation for a variant
   --> crates/perl-parser/src/token_stream.rs:254:5
    |
254 |     Increment,
    |     ^^^^^^^^^

warning: missing documentation for a variant
   --> crates/perl-parser/src/token_stream.rs:255:5
    |
255 |     Decrement,
    |     ^^^^^^^^^

warning: missing documentation for a variant
   --> crates/perl-parser/src/token_stream.rs:256:5
    |
256 |     DoubleColon,
    |     ^^^^^^^^^^^

warning: missing documentation for a variant
   --> crates/perl-parser/src/token_stream.rs:257:5
    |
257 |     Question,
    |     ^^^^^^^^

warning: missing documentation for a variant
   --> crates/perl-parser/src/token_stream.rs:258:5
    |
258 |     Colon,
    |     ^^^^^

warning: missing documentation for a variant
   --> crates/perl-parser/src/token_stream.rs:259:5
    |
259 |     Backslash, // Reference operator
    |     ^^^^^^^^^

warning: missing documentation for a variant
   --> crates/perl-parser/src/token_stream.rs:262:5
    |
262 |     LeftParen,
    |     ^^^^^^^^^

warning: missing documentation for a variant
   --> crates/perl-parser/src/token_stream.rs:263:5
    |
263 |     RightParen,
    |     ^^^^^^^^^^

warning: missing documentation for a variant
   --> crates/perl-parser/src/token_stream.rs:264:5
    |
264 |     LeftBrace,
    |     ^^^^^^^^^

warning: missing documentation for a variant
   --> crates/perl-parser/src/token_stream.rs:265:5
    |
265 |     RightBrace,
    |     ^^^^^^^^^^

warning: missing documentation for a variant
   --> crates/perl-parser/src/token_stream.rs:266:5
    |
266 |     LeftBracket,
    |     ^^^^^^^^^^^

warning: missing documentation for a variant
   --> crates/perl-parser/src/token_stream.rs:267:5
    |
267 |     RightBracket,
    |     ^^^^^^^^^^^^

warning: missing documentation for a variant
   --> crates/perl-parser/src/token_stream.rs:268:5
    |
268 |     Semicolon,
    |     ^^^^^^^^^

warning: missing documentation for a variant
   --> crates/perl-parser/src/token_stream.rs:269:5
    |
269 |     Comma,
    |     ^^^^^

warning: missing documentation for a variant
   --> crates/perl-parser/src/token_stream.rs:272:5
    |
272 |     Number,
    |     ^^^^^^

warning: missing documentation for a variant
   --> crates/perl-parser/src/token_stream.rs:273:5
    |
273 |     String,
    |     ^^^^^^

warning: missing documentation for a variant
   --> crates/perl-parser/src/token_stream.rs:274:5
    |
274 |     Regex,
    |     ^^^^^

warning: missing documentation for a variant
   --> crates/perl-parser/src/token_stream.rs:275:5
    |
275 |     Substitution,
    |     ^^^^^^^^^^^^

warning: missing documentation for a variant
   --> crates/perl-parser/src/token_stream.rs:276:5
    |
276 |     Transliteration,
    |     ^^^^^^^^^^^^^^^

warning: missing documentation for a variant
   --> crates/perl-parser/src/token_stream.rs:277:5
    |
277 |     QuoteSingle,
    |     ^^^^^^^^^^^

warning: missing documentation for a variant
   --> crates/perl-parser/src/token_stream.rs:278:5
    |
278 |     QuoteDouble,
    |     ^^^^^^^^^^^

warning: missing documentation for a variant
   --> crates/perl-parser/src/token_stream.rs:279:5
    |
279 |     QuoteWords,
    |     ^^^^^^^^^^

warning: missing documentation for a variant
   --> crates/perl-parser/src/token_stream.rs:280:5
    |
280 |     QuoteCommand,
    |     ^^^^^^^^^^^^

warning: missing documentation for a variant
   --> crates/perl-parser/src/token_stream.rs:281:5
    |
281 |     HeredocStart,
    |     ^^^^^^^^^^^^

warning: missing documentation for a variant
   --> crates/perl-parser/src/token_stream.rs:282:5
    |
282 |     HeredocBody,
    |     ^^^^^^^^^^^

warning: missing documentation for a variant
   --> crates/perl-parser/src/token_stream.rs:283:5
    |
283 |     FormatBody,
    |     ^^^^^^^^^^

warning: missing documentation for a variant
   --> crates/perl-parser/src/token_stream.rs:284:5
    |
284 |     DataMarker,
    |     ^^^^^^^^^^

warning: missing documentation for a variant
   --> crates/perl-parser/src/token_stream.rs:285:5
    |
285 |     DataBody,
    |     ^^^^^^^^

warning: missing documentation for a variant
   --> crates/perl-parser/src/token_stream.rs:286:5
    |
286 |     UnknownRest,
    |     ^^^^^^^^^^^

warning: missing documentation for a variant
   --> crates/perl-parser/src/token_stream.rs:289:5
    |
289 |     Identifier,
    |     ^^^^^^^^^^

warning: missing documentation for a variant
   --> crates/perl-parser/src/token_stream.rs:290:5
    |
290 |     ScalarSigil,
    |     ^^^^^^^^^^^

warning: missing documentation for a variant
   --> crates/perl-parser/src/token_stream.rs:291:5
    |
291 |     ArraySigil,
    |     ^^^^^^^^^^

warning: missing documentation for a variant
   --> crates/perl-parser/src/token_stream.rs:292:5
    |
292 |     HashSigil,
    |     ^^^^^^^^^

warning: missing documentation for a variant
   --> crates/perl-parser/src/token_stream.rs:293:5
    |
293 |     SubSigil,
    |     ^^^^^^^^

warning: missing documentation for a variant
   --> crates/perl-parser/src/token_stream.rs:294:5
    |
294 |     GlobSigil,
    |     ^^^^^^^^^

warning: missing documentation for a variant
   --> crates/perl-parser/src/token_stream.rs:297:5
    |
297 |     Eof,
    |     ^^^

warning: missing documentation for a variant
   --> crates/perl-parser/src/token_stream.rs:298:5
    |
298 |     Unknown,
    |     ^^^^^^^

warning: missing documentation for a struct field
  --> crates/perl-parser/src/trivia.rs:61:5
   |
61 |     pub trivia: Trivia,
   |     ^^^^^^^^^^^^^^^^^^

warning: missing documentation for a struct field
  --> crates/perl-parser/src/trivia.rs:62:5
   |
62 |     pub range: Range,
   |     ^^^^^^^^^^^^^^^^

warning: missing documentation for an associated function
  --> crates/perl-parser/src/trivia.rs:66:5
   |
66 |     pub fn new(trivia: Trivia, range: Range) -> Self {
   |     ^^^^^^^^^^^^^^^^^^^^^^^^^^^^^^^^^^^^^^^^^^^^^^^^

warning: missing documentation for a struct
  --> crates/perl-parser/src/type_definition.rs:11:1
   |
11 | pub struct TypeDefinitionProvider;
   | ^^^^^^^^^^^^^^^^^^^^^^^^^^^^^^^^^

warning: missing documentation for an associated function
  --> crates/perl-parser/src/type_definition.rs:14:5
   |
14 |     pub fn new() -> Self {
   |     ^^^^^^^^^^^^^^^^^^^^

warning: missing documentation for a struct field
 --> crates/perl-parser/src/type_hierarchy.rs:9:5
  |
9 |     pub name: String,
  |     ^^^^^^^^^^^^^^^^

warning: missing documentation for a struct field
  --> crates/perl-parser/src/type_hierarchy.rs:10:5
   |
10 |     pub kind: SymbolKind,
   |     ^^^^^^^^^^^^^^^^^^^^

warning: missing documentation for a struct field
  --> crates/perl-parser/src/type_hierarchy.rs:11:5
   |
11 |     pub uri: String,
   |     ^^^^^^^^^^^^^^^

warning: missing documentation for a struct field
  --> crates/perl-parser/src/type_hierarchy.rs:12:5
   |
12 |     pub range: Range,
   |     ^^^^^^^^^^^^^^^^

warning: missing documentation for a struct field
  --> crates/perl-parser/src/type_hierarchy.rs:13:5
   |
13 |     pub selection_range: Range,
   |     ^^^^^^^^^^^^^^^^^^^^^^^^^^

warning: missing documentation for a struct field
  --> crates/perl-parser/src/type_hierarchy.rs:14:5
   |
14 |     pub detail: Option<String>,
   |     ^^^^^^^^^^^^^^^^^^^^^^^^^^

warning: missing documentation for a struct field
  --> crates/perl-parser/src/type_hierarchy.rs:15:5
   |
15 |     pub data: Option<serde_json::Value>,
   |     ^^^^^^^^^^^^^^^^^^^^^^^^^^^^^^^^^^^

warning: missing documentation for an enum
  --> crates/perl-parser/src/type_hierarchy.rs:19:1
   |
19 | pub enum SymbolKind {
   | ^^^^^^^^^^^^^^^^^^^

warning: missing documentation for a variant
  --> crates/perl-parser/src/type_hierarchy.rs:20:5
   |
20 |     Class = 5,
   |     ^^^^^

warning: missing documentation for a variant
  --> crates/perl-parser/src/type_hierarchy.rs:21:5
   |
21 |     Method = 6,
   |     ^^^^^^

warning: missing documentation for a variant
  --> crates/perl-parser/src/type_hierarchy.rs:22:5
   |
22 |     Function = 12,
   |     ^^^^^^^^

warning: missing documentation for a struct
  --> crates/perl-parser/src/type_hierarchy.rs:26:1
   |
26 | pub struct Range {
   | ^^^^^^^^^^^^^^^^

warning: missing documentation for a struct field
  --> crates/perl-parser/src/type_hierarchy.rs:27:5
   |
27 |     pub start: Position,
   |     ^^^^^^^^^^^^^^^^^^^

warning: missing documentation for a struct field
  --> crates/perl-parser/src/type_hierarchy.rs:28:5
   |
28 |     pub end: Position,
   |     ^^^^^^^^^^^^^^^^^

warning: missing documentation for a struct
  --> crates/perl-parser/src/type_hierarchy.rs:32:1
   |
32 | pub struct Position {
   | ^^^^^^^^^^^^^^^^^^^

warning: missing documentation for a struct field
  --> crates/perl-parser/src/type_hierarchy.rs:33:5
   |
33 |     pub line: u32,
   |     ^^^^^^^^^^^^^

warning: missing documentation for a struct field
  --> crates/perl-parser/src/type_hierarchy.rs:34:5
   |
34 |     pub character: u32,
   |     ^^^^^^^^^^^^^^^^^^

warning: missing documentation for an associated function
  --> crates/perl-parser/src/type_hierarchy.rs:71:5
   |
71 |     pub fn new() -> Self {
   |     ^^^^^^^^^^^^^^^^^^^^

warning: missing documentation for a struct field
  --> crates/perl-parser/src/type_inference.rs:13:12
   |
13 |     Hash { key: Box<PerlType>, value: Box<PerlType> },
   |            ^^^^^^^^^^^^^^^^^^

warning: missing documentation for a struct field
  --> crates/perl-parser/src/type_inference.rs:13:32
   |
13 |     Hash { key: Box<PerlType>, value: Box<PerlType> },
   |                                ^^^^^^^^^^^^^^^^^^^^

warning: missing documentation for a struct field
  --> crates/perl-parser/src/type_inference.rs:17:18
   |
17 |     Subroutine { params: Vec<PerlType>, returns: Vec<PerlType> },
   |                  ^^^^^^^^^^^^^^^^^^^^^

warning: missing documentation for a struct field
  --> crates/perl-parser/src/type_inference.rs:17:41
   |
17 |     Subroutine { params: Vec<PerlType>, returns: Vec<PerlType> },
   |                                         ^^^^^^^^^^^^^^^^^^^^^^

warning: missing documentation for an enum
  --> crates/perl-parser/src/type_inference.rs:31:1
   |
31 | pub enum ScalarType {
   | ^^^^^^^^^^^^^^^^^^^

warning: missing documentation for a variant
  --> crates/perl-parser/src/type_inference.rs:32:5
   |
32 |     String,
   |     ^^^^^^

warning: missing documentation for a variant
  --> crates/perl-parser/src/type_inference.rs:33:5
   |
33 |     Integer,
   |     ^^^^^^^

warning: missing documentation for a variant
  --> crates/perl-parser/src/type_inference.rs:34:5
   |
34 |     Float,
   |     ^^^^^

warning: missing documentation for a variant
  --> crates/perl-parser/src/type_inference.rs:35:5
   |
35 |     Boolean,
   |     ^^^^^^^

warning: missing documentation for a variant
  --> crates/perl-parser/src/type_inference.rs:36:5
   |
36 |     Undef,
   |     ^^^^^

warning: missing documentation for a variant
  --> crates/perl-parser/src/type_inference.rs:37:5
   |
37 |     Mixed, // Can be any scalar type
   |     ^^^^^

warning: missing documentation for a struct field
  --> crates/perl-parser/src/type_inference.rs:43:5
   |
43 |     pub expected: PerlType,
   |     ^^^^^^^^^^^^^^^^^^^^^^

warning: missing documentation for a struct field
  --> crates/perl-parser/src/type_inference.rs:44:5
   |
44 |     pub actual: PerlType,
   |     ^^^^^^^^^^^^^^^^^^^^

warning: missing documentation for a struct field
  --> crates/perl-parser/src/type_inference.rs:45:5
   |
45 |     pub location: TypeLocation,
   |     ^^^^^^^^^^^^^^^^^^^^^^^^^^

warning: missing documentation for a struct field
  --> crates/perl-parser/src/type_inference.rs:46:5
   |
46 |     pub reason: String,
   |     ^^^^^^^^^^^^^^^^^^

warning: missing documentation for a struct field
  --> crates/perl-parser/src/type_inference.rs:52:5
   |
52 |     pub file: String,
   |     ^^^^^^^^^^^^^^^^

warning: missing documentation for a struct field
  --> crates/perl-parser/src/type_inference.rs:53:5
   |
53 |     pub line: usize,
   |     ^^^^^^^^^^^^^^^

warning: missing documentation for a struct field
  --> crates/perl-parser/src/type_inference.rs:54:5
   |
54 |     pub column: usize,
   |     ^^^^^^^^^^^^^^^^^

warning: missing documentation for a struct field
  --> crates/perl-parser/src/type_inference.rs:55:5
   |
55 |     pub context: String,
   |     ^^^^^^^^^^^^^^^^^^^

warning: missing documentation for an associated function
  --> crates/perl-parser/src/type_inference.rs:76:5
   |
76 |     pub fn new() -> Self {
   |     ^^^^^^^^^^^^^^^^^^^^

warning: missing documentation for an associated function
  --> crates/perl-parser/src/type_inference.rs:80:5
   |
80 |     pub fn with_parent(parent: TypeEnvironment) -> Self {
   |     ^^^^^^^^^^^^^^^^^^^^^^^^^^^^^^^^^^^^^^^^^^^^^^^^^^^

warning: missing documentation for a method
  --> crates/perl-parser/src/type_inference.rs:88:5
   |
88 |     pub fn set_variable(&mut self, name: String, ty: PerlType) {
   |     ^^^^^^^^^^^^^^^^^^^^^^^^^^^^^^^^^^^^^^^^^^^^^^^^^^^^^^^^^^

warning: missing documentation for a method
  --> crates/perl-parser/src/type_inference.rs:92:5
   |
92 |     pub fn get_variable(&self, name: &str) -> Option<&PerlType> {
   |     ^^^^^^^^^^^^^^^^^^^^^^^^^^^^^^^^^^^^^^^^^^^^^^^^^^^^^^^^^^^

warning: missing documentation for a method
  --> crates/perl-parser/src/type_inference.rs:96:5
   |
96 |     pub fn set_subroutine(&mut self, name: String, ty: PerlType) {
   |     ^^^^^^^^^^^^^^^^^^^^^^^^^^^^^^^^^^^^^^^^^^^^^^^^^^^^^^^^^^^^

warning: missing documentation for a method
   --> crates/perl-parser/src/type_inference.rs:100:5
    |
100 |     pub fn get_subroutine(&self, name: &str) -> Option<&PerlType> {
    |     ^^^^^^^^^^^^^^^^^^^^^^^^^^^^^^^^^^^^^^^^^^^^^^^^^^^^^^^^^^^^^

warning: missing documentation for an associated function
   --> crates/perl-parser/src/type_inference.rs:126:5
    |
126 |     pub fn new() -> Self {
    |     ^^^^^^^^^^^^^^^^^^^^

warning: missing documentation for an associated function
   --> crates/perl-parser/src/type_inference.rs:738:5
    |
738 |     pub fn new(engine: Arc<TypeInferenceEngine>) -> Self {
    |     ^^^^^^^^^^^^^^^^^^^^^^^^^^^^^^^^^^^^^^^^^^^^^^^^^^^^

warning: missing documentation for a struct
   --> crates/perl-parser/src/type_inference.rs:844:1
    |
844 | pub struct CompletionItem {
    | ^^^^^^^^^^^^^^^^^^^^^^^^^

warning: missing documentation for a struct field
   --> crates/perl-parser/src/type_inference.rs:845:5
    |
845 |     pub label: String,
    |     ^^^^^^^^^^^^^^^^^

warning: missing documentation for a struct field
   --> crates/perl-parser/src/type_inference.rs:846:5
    |
846 |     pub detail: String,
    |     ^^^^^^^^^^^^^^^^^^

warning: missing documentation for a struct field
   --> crates/perl-parser/src/type_inference.rs:847:5
    |
847 |     pub documentation: String,
    |     ^^^^^^^^^^^^^^^^^^^^^^^^^

warning: missing documentation for a variant
  --> crates/perl-parser/src/workspace_index.rs:67:5
   |
67 |     Var,  // $ @ %
   |     ^^^

warning: missing documentation for a variant
  --> crates/perl-parser/src/workspace_index.rs:68:5
   |
68 |     Sub,  // sub foo
   |     ^^^

warning: missing documentation for a variant
  --> crates/perl-parser/src/workspace_index.rs:69:5
   |
69 |     Pack, // package Foo
   |     ^^^^

warning: missing documentation for a struct field
  --> crates/perl-parser/src/workspace_index.rs:75:5
   |
75 |     pub pkg: Arc<str>,
   |     ^^^^^^^^^^^^^^^^^

warning: missing documentation for a struct field
  --> crates/perl-parser/src/workspace_index.rs:76:5
   |
76 |     pub name: Arc<str>,      // bare name without sigil
   |     ^^^^^^^^^^^^^^^^^^

warning: missing documentation for a struct field
  --> crates/perl-parser/src/workspace_index.rs:77:5
   |
77 |     pub sigil: Option<char>, // $, @, %
   |     ^^^^^^^^^^^^^^^^^^^^^^^

warning: missing documentation for a struct field
  --> crates/perl-parser/src/workspace_index.rs:78:5
   |
78 |     pub kind: SymKind,
   |     ^^^^^^^^^^^^^^^^^

warning: missing documentation for a struct field
   --> crates/perl-parser/src/workspace_index.rs:179:5
    |
179 |     pub uri: String,
    |     ^^^^^^^^^^^^^^^

warning: missing documentation for a struct field
   --> crates/perl-parser/src/workspace_index.rs:180:5
    |
180 |     pub range: Range,
    |     ^^^^^^^^^^^^^^^^

warning: missing documentation for a struct field
   --> crates/perl-parser/src/workspace_index.rs:186:5
    |
186 |     pub name: String,
    |     ^^^^^^^^^^^^^^^^

warning: missing documentation for a struct field
   --> crates/perl-parser/src/workspace_index.rs:187:5
    |
187 |     pub kind: SymbolKind,
    |     ^^^^^^^^^^^^^^^^^^^^

warning: missing documentation for a struct field
   --> crates/perl-parser/src/workspace_index.rs:188:5
    |
188 |     pub uri: String,
    |     ^^^^^^^^^^^^^^^

warning: missing documentation for a struct field
   --> crates/perl-parser/src/workspace_index.rs:189:5
    |
189 |     pub range: Range,
    |     ^^^^^^^^^^^^^^^^

warning: missing documentation for a struct field
   --> crates/perl-parser/src/workspace_index.rs:190:5
    |
190 |     pub qualified_name: Option<String>,
    |     ^^^^^^^^^^^^^^^^^^^^^^^^^^^^^^^^^^

warning: missing documentation for a struct field
   --> crates/perl-parser/src/workspace_index.rs:191:5
    |
191 |     pub documentation: Option<String>,
    |     ^^^^^^^^^^^^^^^^^^^^^^^^^^^^^^^^^

warning: missing documentation for a struct field
   --> crates/perl-parser/src/workspace_index.rs:192:5
    |
192 |     pub container_name: Option<String>,
    |     ^^^^^^^^^^^^^^^^^^^^^^^^^^^^^^^^^^

warning: missing documentation for a struct field
   --> crates/perl-parser/src/workspace_index.rs:194:5
    |
194 |     pub has_body: bool, // For forward declarations
    |     ^^^^^^^^^^^^^^^^^^

warning: missing documentation for an enum
   --> crates/perl-parser/src/workspace_index.rs:202:1
    |
202 | pub enum SymbolKind {
    | ^^^^^^^^^^^^^^^^^^^

warning: missing documentation for a variant
   --> crates/perl-parser/src/workspace_index.rs:203:5
    |
203 |     Package,
    |     ^^^^^^^

warning: missing documentation for a variant
   --> crates/perl-parser/src/workspace_index.rs:204:5
    |
204 |     Subroutine,
    |     ^^^^^^^^^^

warning: missing documentation for a variant
   --> crates/perl-parser/src/workspace_index.rs:205:5
    |
205 |     Method,
    |     ^^^^^^

warning: missing documentation for a variant
   --> crates/perl-parser/src/workspace_index.rs:206:5
    |
206 |     Variable,
    |     ^^^^^^^^

warning: missing documentation for a variant
   --> crates/perl-parser/src/workspace_index.rs:207:5
    |
207 |     Constant,
    |     ^^^^^^^^

warning: missing documentation for a variant
   --> crates/perl-parser/src/workspace_index.rs:208:5
    |
208 |     Class,
    |     ^^^^^

warning: missing documentation for a variant
   --> crates/perl-parser/src/workspace_index.rs:209:5
    |
209 |     Role,
    |     ^^^^

warning: missing documentation for a variant
   --> crates/perl-parser/src/workspace_index.rs:210:5
    |
210 |     Import,
    |     ^^^^^^

warning: missing documentation for a variant
   --> crates/perl-parser/src/workspace_index.rs:211:5
    |
211 |     Export,
    |     ^^^^^^

warning: missing documentation for a struct field
   --> crates/perl-parser/src/workspace_index.rs:235:5
    |
235 |     pub uri: String,
    |     ^^^^^^^^^^^^^^^

warning: missing documentation for a struct field
   --> crates/perl-parser/src/workspace_index.rs:236:5
    |
236 |     pub range: Range,
    |     ^^^^^^^^^^^^^^^^

warning: missing documentation for a struct field
   --> crates/perl-parser/src/workspace_index.rs:237:5
    |
237 |     pub kind: ReferenceKind,
    |     ^^^^^^^^^^^^^^^^^^^^^^^

warning: missing documentation for an enum
   --> crates/perl-parser/src/workspace_index.rs:241:1
    |
241 | pub enum ReferenceKind {
    | ^^^^^^^^^^^^^^^^^^^^^^

warning: missing documentation for a variant
   --> crates/perl-parser/src/workspace_index.rs:242:5
    |
242 |     Definition,
    |     ^^^^^^^^^^

warning: missing documentation for a variant
   --> crates/perl-parser/src/workspace_index.rs:243:5
    |
243 |     Usage,
    |     ^^^^^

warning: missing documentation for a variant
   --> crates/perl-parser/src/workspace_index.rs:244:5
    |
244 |     Import,
    |     ^^^^^^

warning: missing documentation for a variant
   --> crates/perl-parser/src/workspace_index.rs:245:5
    |
245 |     Read,
    |     ^^^^

warning: missing documentation for a variant
   --> crates/perl-parser/src/workspace_index.rs:246:5
    |
246 |     Write,
    |     ^^^^^

warning: missing documentation for a struct field
   --> crates/perl-parser/src/workspace_index.rs:253:5
    |
253 |     pub name: String,
    |     ^^^^^^^^^^^^^^^^

warning: missing documentation for a struct field
   --> crates/perl-parser/src/workspace_index.rs:254:5
    |
254 |     pub kind: u32,
    |     ^^^^^^^^^^^^^

warning: missing documentation for a struct field
   --> crates/perl-parser/src/workspace_index.rs:255:5
    |
255 |     pub location: LspLocation,
    |     ^^^^^^^^^^^^^^^^^^^^^^^^^

warning: missing documentation for a struct field
   --> crates/perl-parser/src/workspace_index.rs:257:5
    |
257 |     pub container_name: Option<String>,
    |     ^^^^^^^^^^^^^^^^^^^^^^^^^^^^^^^^^^

warning: missing documentation for a struct field
   --> crates/perl-parser/src/workspace_index.rs:263:5
    |
263 |     pub uri: String,
    |     ^^^^^^^^^^^^^^^

warning: missing documentation for a struct field
   --> crates/perl-parser/src/workspace_index.rs:264:5
    |
264 |     pub range: LspRange,
    |     ^^^^^^^^^^^^^^^^^^^

warning: missing documentation for a struct field
   --> crates/perl-parser/src/workspace_index.rs:270:5
    |
270 |     pub start: LspPosition,
    |     ^^^^^^^^^^^^^^^^^^^^^^

warning: missing documentation for a struct field
   --> crates/perl-parser/src/workspace_index.rs:271:5
    |
271 |     pub end: LspPosition,
    |     ^^^^^^^^^^^^^^^^^^^^

warning: missing documentation for a struct field
   --> crates/perl-parser/src/workspace_index.rs:277:5
    |
277 |     pub line: u32,
    |     ^^^^^^^^^^^^^

warning: missing documentation for a struct field
   --> crates/perl-parser/src/workspace_index.rs:278:5
    |
278 |     pub character: u32,
    |     ^^^^^^^^^^^^^^^^^^

warning: missing documentation for a struct field
  --> crates/perl-parser/src/workspace_refactor.rs:72:23
   |
72 |     InvalidPosition { file: String, details: String },
   |                       ^^^^^^^^^^^^

warning: missing documentation for a struct field
  --> crates/perl-parser/src/workspace_refactor.rs:72:37
   |
72 |     InvalidPosition { file: String, details: String },
   |                                     ^^^^^^^^^^^^^^^

warning: missing documentation for a struct field
  --> crates/perl-parser/src/workspace_refactor.rs:74:22
   |
74 |     SymbolNotFound { symbol: String, file: String },
   |                      ^^^^^^^^^^^^^^

warning: missing documentation for a struct field
  --> crates/perl-parser/src/workspace_refactor.rs:74:38
   |
74 |     SymbolNotFound { symbol: String, file: String },
   |                                      ^^^^^^^^^^^^

warning: missing documentation for a struct field
  --> crates/perl-parser/src/workspace_rename.rs:12:5
   |
12 |     pub start: (u32, u32), // (line, character) in UTF-16
   |     ^^^^^^^^^^^^^^^^^^^^^

warning: missing documentation for a struct field
  --> crates/perl-parser/src/workspace_rename.rs:13:5
   |
13 |     pub end: (u32, u32),
   |     ^^^^^^^^^^^^^^^^^^^

warning: missing documentation for a struct field
  --> crates/perl-parser/src/workspace_rename.rs:14:5
   |
14 |     pub new_text: String,
   |     ^^^^^^^^^^^^^^^^^^^^

warning: missing documentation for a struct field
  --> crates/perl-parser/src/workspace_rename.rs:20:5
   |
20 |     pub uri: String,
   |     ^^^^^^^^^^^^^^^

warning: missing documentation for a struct field
  --> crates/perl-parser/src/workspace_rename.rs:21:5
   |
21 |     pub edits: Vec<TextEdit>,
   |     ^^^^^^^^^^^^^^^^^^^^^^^^

warning: missing documentation for a struct field
  --> crates/perl-parser/src/workspace_symbols.rs:63:5
   |
63 |     pub name: String,
   |     ^^^^^^^^^^^^^^^^

warning: missing documentation for a struct field
  --> crates/perl-parser/src/workspace_symbols.rs:64:5
   |
64 |     pub kind: i32,
   |     ^^^^^^^^^^^^^

warning: missing documentation for a struct field
  --> crates/perl-parser/src/workspace_symbols.rs:65:5
   |
65 |     pub location: Location,
   |     ^^^^^^^^^^^^^^^^^^^^^^

warning: missing documentation for a struct field
  --> crates/perl-parser/src/workspace_symbols.rs:67:5
   |
67 |     pub container_name: Option<String>,
   |     ^^^^^^^^^^^^^^^^^^^^^^^^^^^^^^^^^^

warning: missing documentation for a struct field
  --> crates/perl-parser/src/workspace_symbols.rs:73:5
   |
73 |     pub uri: String,
   |     ^^^^^^^^^^^^^^^

warning: missing documentation for a struct field
  --> crates/perl-parser/src/workspace_symbols.rs:74:5
   |
74 |     pub range: Range,
   |     ^^^^^^^^^^^^^^^^

warning: missing documentation for a struct field
  --> crates/perl-parser/src/workspace_symbols.rs:80:5
   |
80 |     pub start: Position,
   |     ^^^^^^^^^^^^^^^^^^^

warning: missing documentation for a struct field
  --> crates/perl-parser/src/workspace_symbols.rs:81:5
   |
81 |     pub end: Position,
   |     ^^^^^^^^^^^^^^^^^

warning: missing documentation for a struct field
  --> crates/perl-parser/src/workspace_symbols.rs:87:5
   |
87 |     pub line: u32,
   |     ^^^^^^^^^^^^^

warning: missing documentation for a struct field
  --> crates/perl-parser/src/workspace_symbols.rs:88:5
   |
88 |     pub character: u32,
   |     ^^^^^^^^^^^^^^^^^^

warning: missing documentation for a method
   --> crates/perl-parser/src/workspace_symbols.rs:226:5
    |
226 | /     pub fn search(
227 | |         &self,
228 | |         query: &str,
229 | |         source_map: &HashMap<String, String>,
230 | |     ) -> Vec<WorkspaceSymbol> {
    | |_____________________________^

warning: missing documentation for a module
  --> crates/perl-parser/src/compat.rs:10:1
   |
10 | pub mod v0 {
   | ^^^^^^^^^^

warning: missing documentation for a struct field
  --> crates/perl-parser/src/compat.rs:48:9
   |
48 |         pub name: String,
   |         ^^^^^^^^^^^^^^^^

warning: missing documentation for a struct field
  --> crates/perl-parser/src/compat.rs:49:9
   |
49 |         pub kind: i32,
   |         ^^^^^^^^^^^^^

warning: missing documentation for a struct field
  --> crates/perl-parser/src/compat.rs:50:9
   |
50 |         pub location: LocationDto,
   |         ^^^^^^^^^^^^^^^^^^^^^^^^^

warning: missing documentation for a struct field
  --> crates/perl-parser/src/compat.rs:51:9
   |
51 |         pub container_name: Option<String>,
   |         ^^^^^^^^^^^^^^^^^^^^^^^^^^^^^^^^^^

warning: missing documentation for a struct
  --> crates/perl-parser/src/compat.rs:55:5
   |
55 |     pub struct LocationDto {
   |     ^^^^^^^^^^^^^^^^^^^^^^

warning: missing documentation for a struct field
  --> crates/perl-parser/src/compat.rs:56:9
   |
56 |         pub uri: String,
   |         ^^^^^^^^^^^^^^^

warning: missing documentation for a struct field
  --> crates/perl-parser/src/compat.rs:57:9
   |
57 |         pub range: RangeDto,
   |         ^^^^^^^^^^^^^^^^^^^

warning: missing documentation for a struct
  --> crates/perl-parser/src/compat.rs:61:5
   |
61 |     pub struct RangeDto {
   |     ^^^^^^^^^^^^^^^^^^^

warning: missing documentation for a struct field
  --> crates/perl-parser/src/compat.rs:62:9
   |
62 |         pub start: PositionDto,
   |         ^^^^^^^^^^^^^^^^^^^^^^

warning: missing documentation for a struct field
  --> crates/perl-parser/src/compat.rs:63:9
   |
63 |         pub end: PositionDto,
   |         ^^^^^^^^^^^^^^^^^^^^

warning: missing documentation for a struct
  --> crates/perl-parser/src/compat.rs:67:5
   |
67 |     pub struct PositionDto {
   |     ^^^^^^^^^^^^^^^^^^^^^^

warning: missing documentation for a struct field
  --> crates/perl-parser/src/compat.rs:68:9
   |
68 |         pub line: u32,
   |         ^^^^^^^^^^^^^

warning: missing documentation for a struct field
  --> crates/perl-parser/src/compat.rs:69:9
   |
69 |         pub character: u32,
   |         ^^^^^^^^^^^^^^^^^^

warning: missing documentation for a module
   --> crates/perl-parser/src/compat.rs:161:5
    |
161 |     pub mod workspace {
    |     ^^^^^^^^^^^^^^^^^

warning: missing documentation for a module
   --> crates/perl-parser/src/compat.rs:165:5
    |
165 |     pub mod lsp {
    |     ^^^^^^^^^^^

   Compiling perl-dap v0.1.0 (/home/steven/code/Rust/perl-lsp/review/crates/perl-dap)
warning: `perl-parser` (lib) generated 601 warnings
   Compiling perl-corpus v0.8.8 (/home/steven/code/Rust/perl-lsp/review/crates/perl-corpus)
warning: unused imports: `handshake_initialize`, `shutdown_graceful`, and `spawn_lsp`
  --> crates/perl-lsp/tests/support/mod.rs:14:23
   |
14 | pub use lsp_harness::{handshake_initialize, shutdown_graceful, spawn_lsp};
   |                       ^^^^^^^^^^^^^^^^^^^^  ^^^^^^^^^^^^^^^^^  ^^^^^^^^^
   |
   = note: `#[warn(unused_imports)]` on by default

warning: unused doc comment
 --> crates/perl-parser/tests/fuzz_quote_parser_simplified.rs:8:1
  |
8 | / /// Test regex parts extraction with stress inputs
9 | | /// Focus: memory safety, panic prevention, UTF-8 safety
  | |_-------------------------------------------------------^
  |   |
  |   rustdoc does not generate documentation for macro invocations
  |
  = help: to document an item produced by a macro, the macro must produce the documentation as part of its expansion
  = note: `#[warn(unused_doc_comments)]` on by default

warning: unused doc comment
  --> crates/perl-parser/tests/fuzz_quote_parser_simplified.rs:36:1
   |
36 | / /// Test substitution parts extraction with stress inputs
37 | | /// Focus: delimiter handling, escape sequences, memory bounds
   | |_-------------------------------------------------------------^
   |   |
   |   rustdoc does not generate documentation for macro invocations
   |
   = help: to document an item produced by a macro, the macro must produce the documentation as part of its expansion

warning: unused doc comment
  --> crates/perl-parser/tests/fuzz_quote_parser_simplified.rs:71:1
   |
71 | / /// Test transliteration parts with focus on AST invariants
72 | | /// Focus: character class handling, modifier validation
   | |_-------------------------------------------------------^
   |   |
   |   rustdoc does not generate documentation for macro invocations
   |
   = help: to document an item produced by a macro, the macro must produce the documentation as part of its expansion

warning: `perl-parser` (lib test) generated 601 warnings (601 duplicates)
warning: variable `pos` is assigned to, but never used
   --> crates/perl-parser/tests/documentation_validation_mutation_hardening.rs:365:17
    |
365 |         let mut pos = 0;
    |                 ^^^
    |
    = note: consider using `_pos` instead
    = note: `#[warn(unused_variables)]` on by default

warning: `perl-parser` (test "fuzz_quote_parser_simplified") generated 3 warnings
warning: `perl-lsp` (test "lsp_comprehensive_e2e_test") generated 1 warning (run `cargo fix --test "lsp_comprehensive_e2e_test"` to apply 1 suggestion)
warning: `perl-lsp` (test "lsp_api_contracts") generated 1 warning (1 duplicate)
warning: unused variable: `line_count`
   --> crates/perl-parser/tests/semantic_tokens_overlap_validation_simple.rs:220:9
    |
220 |     let line_count = tokens.iter().map(|token| token.line).max().unwrap_or(0);
    |         ^^^^^^^^^^ help: if this is intentional, prefix it with an underscore: `_line_count`
    |
    = note: `#[warn(unused_variables)]` on by default

warning: cannot test inner items
  --> crates/perl-parser/tests/fuzz_quote_parser_comprehensive.rs:58:5
   |
58 | /     proptest! {
59 | |         #![proptest_config(ProptestConfig {
60 | |             cases: 1000, // Bounded testing - 1000 cases for stress testing
61 | |             max_shrink_iters: 100,
...  |
90 | |     }
   | |_____^
   |
   = note: `#[warn(unnameable_test_items)]` on by default
   = note: this warning originates in the attribute macro `test` which comes from the expansion of the macro `proptest` (in Nightly builds, run with -Z macro-backtrace for more info)

warning: cannot test inner items
   --> crates/perl-parser/tests/fuzz_quote_parser_comprehensive.rs:142:5
    |
142 | /     proptest! {
143 | |         #![proptest_config(ProptestConfig {
144 | |             cases: 1500, // More aggressive testing for substitution
145 | |             max_shrink_iters: 150,
...   |
176 | |     }
    | |_____^
    |
    = note: this warning originates in the attribute macro `test` which comes from the expansion of the macro `proptest` (in Nightly builds, run with -Z macro-backtrace for more info)

warning: cannot test inner items
   --> crates/perl-parser/tests/fuzz_quote_parser_comprehensive.rs:236:5
    |
236 | /     proptest! {
237 | |         #![proptest_config(ProptestConfig {
238 | |             cases: 800, // Focused testing on transliteration
239 | |             max_shrink_iters: 80,
...   |
270 | |     }
    | |_____^
    |
    = note: this warning originates in the attribute macro `test` which comes from the expansion of the macro `proptest` (in Nightly builds, run with -Z macro-backtrace for more info)

warning: cannot test inner items
   --> crates/perl-parser/tests/fuzz_quote_parser_comprehensive.rs:357:5
    |
357 | /     proptest! {
358 | |         #![proptest_config(ProptestConfig {
359 | |             cases: 500, // Extreme stress testing with fewer but more intense cases
360 | |             max_shrink_iters: 50,
...   |
388 | |     }
    | |_____^
    |
    = note: this warning originates in the attribute macro `test` which comes from the expansion of the macro `proptest` (in Nightly builds, run with -Z macro-backtrace for more info)

warning: cannot test inner items
   --> crates/perl-parser/tests/fuzz_quote_parser_comprehensive.rs:446:5
    |
446 | /     proptest! {
447 | |         #![proptest_config(ProptestConfig {
448 | |             cases: 200, // Integration testing - fewer cases but with full parser
449 | |             max_shrink_iters: 20,
...   |
473 | |     }
    | |_____^
    |
    = note: this warning originates in the attribute macro `test` which comes from the expansion of the macro `proptest` (in Nightly builds, run with -Z macro-backtrace for more info)

warning: constant `REGRESS_DIR` is never used
  --> crates/perl-parser/tests/fuzz_quote_parser_comprehensive.rs:16:7
   |
16 | const REGRESS_DIR: &str =
   |       ^^^^^^^^^^^
   |
   = note: `#[warn(dead_code)]` on by default

warning: function `test_regex_parts_no_panic` is never used
  --> crates/perl-parser/tests/fuzz_quote_parser_comprehensive.rs:23:8
   |
23 |     fn test_regex_parts_no_panic(
   |        ^^^^^^^^^^^^^^^^^^^^^^^^^

warning: function `test_substitution_no_crash` is never used
  --> crates/perl-parser/tests/fuzz_quote_parser_comprehensive.rs:96:8
   |
96 |     fn test_substitution_no_crash(
   |        ^^^^^^^^^^^^^^^^^^^^^^^^^^

warning: function `test_transliteration_invariants` is never used
   --> crates/perl-parser/tests/fuzz_quote_parser_comprehensive.rs:182:8
    |
182 |     fn test_transliteration_invariants(
    |        ^^^^^^^^^^^^^^^^^^^^^^^^^^^^^^^

warning: function `test_extreme_robustness` is never used
   --> crates/perl-parser/tests/fuzz_quote_parser_comprehensive.rs:277:8
    |
277 |     fn test_extreme_robustness(input: String) -> Result<(), proptest::test_runner::TestCaseError> {
    |        ^^^^^^^^^^^^^^^^^^^^^^^

warning: function `test_incremental_integration` is never used
   --> crates/perl-parser/tests/fuzz_quote_parser_comprehensive.rs:397:8
    |
397 |     fn test_incremental_integration(
    |        ^^^^^^^^^^^^^^^^^^^^^^^^^^^^

warning: unused attribute
  --> crates/perl-lsp/tests/lsp_stress_tests.rs:18:1
   |
18 | #[ignore = "stress test - run with --ignored"]
   | ^^^^^^^^^^^^^^^^^^^^^^^^^^^^^^^^^^^^^^^^^^^^^^ help: remove this attribute
   |
note: attribute also specified here
  --> crates/perl-lsp/tests/lsp_stress_tests.rs:17:1
   |
17 | #[ignore] // Flaky BrokenPipe errors in CI during LSP initialization (environmental/timing)
   | ^^^^^^^^^
   = note: `#[warn(unused_attributes)]` on by default

warning: unused attribute
  --> crates/perl-lsp/tests/lsp_stress_tests.rs:74:1
   |
74 | #[ignore = "stress test - run with --ignored"]
   | ^^^^^^^^^^^^^^^^^^^^^^^^^^^^^^^^^^^^^^^^^^^^^^ help: remove this attribute
   |
note: attribute also specified here
  --> crates/perl-lsp/tests/lsp_stress_tests.rs:73:1
   |
73 | #[ignore] // Flaky BrokenPipe errors in CI during LSP initialization (environmental/timing)
   | ^^^^^^^^^

warning: unused attribute
   --> crates/perl-lsp/tests/lsp_stress_tests.rs:121:1
    |
121 | #[ignore = "stress test - run with --ignored"]
    | ^^^^^^^^^^^^^^^^^^^^^^^^^^^^^^^^^^^^^^^^^^^^^^ help: remove this attribute
    |
note: attribute also specified here
   --> crates/perl-lsp/tests/lsp_stress_tests.rs:120:1
    |
120 | #[ignore] // Flaky BrokenPipe errors in CI during LSP initialization (environmental/timing)
    | ^^^^^^^^^

warning: unused attribute
   --> crates/perl-lsp/tests/lsp_stress_tests.rs:176:1
    |
176 | #[ignore = "stress test - run with --ignored"]
    | ^^^^^^^^^^^^^^^^^^^^^^^^^^^^^^^^^^^^^^^^^^^^^^ help: remove this attribute
    |
note: attribute also specified here
   --> crates/perl-lsp/tests/lsp_stress_tests.rs:175:1
    |
175 | #[ignore] // Flaky BrokenPipe errors in CI during LSP initialization (environmental/timing)
    | ^^^^^^^^^

warning: unused attribute
   --> crates/perl-lsp/tests/lsp_stress_tests.rs:228:1
    |
228 | #[ignore = "stress test - run with --ignored"]
    | ^^^^^^^^^^^^^^^^^^^^^^^^^^^^^^^^^^^^^^^^^^^^^^ help: remove this attribute
    |
note: attribute also specified here
   --> crates/perl-lsp/tests/lsp_stress_tests.rs:227:1
    |
227 | #[ignore] // Flaky BrokenPipe errors in CI during LSP initialization (environmental/timing)
    | ^^^^^^^^^

warning: unused attribute
   --> crates/perl-lsp/tests/lsp_stress_tests.rs:280:1
    |
280 | #[ignore = "stress test - run with --ignored"]
    | ^^^^^^^^^^^^^^^^^^^^^^^^^^^^^^^^^^^^^^^^^^^^^^ help: remove this attribute
    |
note: attribute also specified here
   --> crates/perl-lsp/tests/lsp_stress_tests.rs:279:1
    |
279 | #[ignore] // Flaky BrokenPipe errors in CI during LSP initialization (environmental/timing)
    | ^^^^^^^^^

warning: unused attribute
   --> crates/perl-lsp/tests/lsp_stress_tests.rs:340:1
    |
340 | #[ignore = "stress test - run with --ignored"]
    | ^^^^^^^^^^^^^^^^^^^^^^^^^^^^^^^^^^^^^^^^^^^^^^ help: remove this attribute
    |
note: attribute also specified here
   --> crates/perl-lsp/tests/lsp_stress_tests.rs:339:1
    |
339 | #[ignore] // Flaky BrokenPipe errors in CI during LSP initialization (environmental/timing)
    | ^^^^^^^^^

warning: unused attribute
   --> crates/perl-lsp/tests/lsp_stress_tests.rs:410:1
    |
410 | #[ignore = "stress test - run with --ignored"]
    | ^^^^^^^^^^^^^^^^^^^^^^^^^^^^^^^^^^^^^^^^^^^^^^ help: remove this attribute
    |
note: attribute also specified here
   --> crates/perl-lsp/tests/lsp_stress_tests.rs:409:1
    |
409 | #[ignore] // Flaky BrokenPipe errors in CI during LSP initialization (environmental/timing)
    | ^^^^^^^^^

warning: unused attribute
   --> crates/perl-lsp/tests/lsp_stress_tests.rs:491:1
    |
491 | #[ignore = "stress test - run with --ignored"]
    | ^^^^^^^^^^^^^^^^^^^^^^^^^^^^^^^^^^^^^^^^^^^^^^ help: remove this attribute
    |
note: attribute also specified here
   --> crates/perl-lsp/tests/lsp_stress_tests.rs:490:1
    |
490 | #[ignore] // Flaky BrokenPipe errors in CI during LSP initialization (environmental/timing)
    | ^^^^^^^^^

warning: unused attribute
   --> crates/perl-lsp/tests/lsp_stress_tests.rs:546:1
    |
546 | #[ignore = "stress test - run with --ignored"]
    | ^^^^^^^^^^^^^^^^^^^^^^^^^^^^^^^^^^^^^^^^^^^^^^ help: remove this attribute
    |
note: attribute also specified here
   --> crates/perl-lsp/tests/lsp_stress_tests.rs:545:1
    |
545 | #[ignore] // Flaky BrokenPipe errors in CI during LSP initialization (environmental/timing)
    | ^^^^^^^^^

warning: unused variable: `replacement`
   --> crates/perl-parser/tests/quote_parser_critical_mutation_elimination.rs:126:19
    |
126 |     let (pattern, replacement, _) = extract_substitution_parts("s(test)(repl)");
    |                   ^^^^^^^^^^^ help: if this is intentional, prefix it with an underscore: `_replacement`
    |
    = note: `#[warn(unused_variables)]` on by default

warning: unused doc comment
   --> crates/perl-parser/tests/fuzz_incremental_parsing.rs:195:1
    |
195 | /// Property-based test for AST invariant preservation
    | ^^^^^^^^^^^^^^^^^^^^^^^^^^^^^^^^^^^^^^^^^^^^^^^^^^^^^^ rustdoc does not generate documentation for macro invocations
    |
    = help: to document an item produced by a macro, the macro must produce the documentation as part of its expansion
    = note: `#[warn(unused_doc_comments)]` on by default

warning: unused variable: `threads_per_counter`
   --> crates/perl-parser/tests/cancellation_atomic_operations_hardening.rs:713:13
    |
713 |         let threads_per_counter = num_threads / 3 + if num_threads % 3 > 0 { 1 } else { 0 };
    |             ^^^^^^^^^^^^^^^^^^^ help: if this is intentional, prefix it with an underscore: `_threads_per_counter`
    |
    = note: `#[warn(unused_variables)]` on by default

warning: unused variable: `expected_registered`
   --> crates/perl-parser/tests/cancellation_atomic_operations_hardening.rs:714:13
    |
714 |         let expected_registered = if num_threads > 0 {
    |             ^^^^^^^^^^^^^^^^^^^ help: if this is intentional, prefix it with an underscore: `_expected_registered`

warning: unused variable: `expected_cancelled`
   --> crates/perl-parser/tests/cancellation_atomic_operations_hardening.rs:719:13
    |
719 |         let expected_cancelled = (num_threads / 3) * increments_per_thread;
    |             ^^^^^^^^^^^^^^^^^^ help: if this is intentional, prefix it with an underscore: `_expected_cancelled`

warning: unused variable: `expected_completed`
   --> crates/perl-parser/tests/cancellation_atomic_operations_hardening.rs:720:13
    |
720 |         let expected_completed = (num_threads / 3) * increments_per_thread;
    |             ^^^^^^^^^^^^^^^^^^ help: if this is intentional, prefix it with an underscore: `_expected_completed`

warning: function `proptest_config` is never used
    --> crates/perl-parser/tests/cancellation_atomic_operations_hardening.rs:1037:4
     |
1037 | fn proptest_config() -> Config {
     |    ^^^^^^^^^^^^^^^
     |
     = note: `#[warn(dead_code)]` on by default

warning: `perl-parser` (test "fuzz_quote_parser_comprehensive") generated 11 warnings
warning: `perl-parser` (test "documentation_validation_mutation_hardening") generated 1 warning
warning: `perl-parser` (test "semantic_tokens_overlap_validation_simple") generated 1 warning
warning: `perl-parser` (test "quote_parser_critical_mutation_elimination") generated 1 warning
warning: `perl-lsp` (test "lsp_stress_tests") generated 10 warnings (run `cargo fix --test "lsp_stress_tests"` to apply 10 suggestions)
warning: `perl-parser` (test "fuzz_incremental_parsing") generated 1 warning
warning: `perl-lsp` (test "lsp_codelens_tests") generated 1 warning (1 duplicate)
warning: unused attribute
   --> crates/perl-lsp/tests/lsp_behavioral_tests.rs:336:1
    |
336 | #[ignore = "Test generation feature not yet implemented"]
    | ^^^^^^^^^^^^^^^^^^^^^^^^^^^^^^^^^^^^^^^^^^^^^^^^^^^^^^^^^ help: remove this attribute
    |
note: attribute also specified here
   --> crates/perl-lsp/tests/lsp_behavioral_tests.rs:335:1
    |
335 | #[ignore] // Flaky BrokenPipe errors in CI during LSP initialization (environmental/timing)
    | ^^^^^^^^^
    = note: `#[warn(unused_attributes)]` on by default

warning: `perl-lsp` (test "lsp_window_progress_test") generated 1 warning (1 duplicate)
warning: `perl-lsp` (test "lsp_new_features_test") generated 1 warning (1 duplicate)
warning: unused attribute
  --> crates/perl-lsp/tests/lsp_code_actions_tests.rs:12:1
   |
12 | #[ignore = "Extract variable refactoring implementation incomplete - testing framework validation"]
   | ^^^^^^^^^^^^^^^^^^^^^^^^^^^^^^^^^^^^^^^^^^^^^^^^^^^^^^^^^^^^^^^^^^^^^^^^^^^^^^^^^^^^^^^^^^^^^^^^^^^ help: remove this attribute
   |
note: attribute also specified here
  --> crates/perl-lsp/tests/lsp_code_actions_tests.rs:9:1
   |
 9 | #[ignore]
   | ^^^^^^^^^
   = note: `#[warn(unused_attributes)]` on by default

warning: unused attribute
  --> crates/perl-lsp/tests/lsp_code_actions_tests.rs:68:1
   |
68 | #[ignore = "Add error checking refactoring implementation incomplete - testing framework validation"]
   | ^^^^^^^^^^^^^^^^^^^^^^^^^^^^^^^^^^^^^^^^^^^^^^^^^^^^^^^^^^^^^^^^^^^^^^^^^^^^^^^^^^^^^^^^^^^^^^^^^^^^^ help: remove this attribute
   |
note: attribute also specified here
  --> crates/perl-lsp/tests/lsp_code_actions_tests.rs:65:1
   |
65 | #[ignore]
   | ^^^^^^^^^

warning: unused attribute
   --> crates/perl-lsp/tests/lsp_code_actions_tests.rs:123:1
    |
123 | #[ignore = "Convert loop style refactoring implementation incomplete - testing framework validation"]
    | ^^^^^^^^^^^^^^^^^^^^^^^^^^^^^^^^^^^^^^^^^^^^^^^^^^^^^^^^^^^^^^^^^^^^^^^^^^^^^^^^^^^^^^^^^^^^^^^^^^^^^ help: remove this attribute
    |
note: attribute also specified here
   --> crates/perl-lsp/tests/lsp_code_actions_tests.rs:120:1
    |
120 | #[ignore]
    | ^^^^^^^^^

warning: unused attribute
   --> crates/perl-lsp/tests/lsp_code_actions_tests.rs:182:1
    |
182 | #[ignore = "Convert to postfix refactoring implementation incomplete - testing framework validation"]
    | ^^^^^^^^^^^^^^^^^^^^^^^^^^^^^^^^^^^^^^^^^^^^^^^^^^^^^^^^^^^^^^^^^^^^^^^^^^^^^^^^^^^^^^^^^^^^^^^^^^^^^ help: remove this attribute
    |
note: attribute also specified here
   --> crates/perl-lsp/tests/lsp_code_actions_tests.rs:179:1
    |
179 | #[ignore]
    | ^^^^^^^^^

warning: unused attribute
   --> crates/perl-lsp/tests/lsp_code_actions_tests.rs:237:1
    |
237 | #[ignore = "Add missing pragmas refactoring implementation incomplete - testing framework validation"]
    | ^^^^^^^^^^^^^^^^^^^^^^^^^^^^^^^^^^^^^^^^^^^^^^^^^^^^^^^^^^^^^^^^^^^^^^^^^^^^^^^^^^^^^^^^^^^^^^^^^^^^^^ help: remove this attribute
    |
note: attribute also specified here
   --> crates/perl-lsp/tests/lsp_code_actions_tests.rs:234:1
    |
234 | #[ignore]
    | ^^^^^^^^^

warning: unused attribute
   --> crates/perl-lsp/tests/lsp_code_actions_tests.rs:293:1
    |
293 | #[ignore = "Fix undefined variable refactoring implementation incomplete - testing framework validation"]
    | ^^^^^^^^^^^^^^^^^^^^^^^^^^^^^^^^^^^^^^^^^^^^^^^^^^^^^^^^^^^^^^^^^^^^^^^^^^^^^^^^^^^^^^^^^^^^^^^^^^^^^^^^^ help: remove this attribute
    |
note: attribute also specified here
   --> crates/perl-lsp/tests/lsp_code_actions_tests.rs:290:1
    |
290 | #[ignore]
    | ^^^^^^^^^

warning: unused attribute
   --> crates/perl-lsp/tests/lsp_code_actions_tests.rs:363:1
    |
363 | #[ignore = "Extract subroutine refactoring implementation incomplete - testing framework validation"]
    | ^^^^^^^^^^^^^^^^^^^^^^^^^^^^^^^^^^^^^^^^^^^^^^^^^^^^^^^^^^^^^^^^^^^^^^^^^^^^^^^^^^^^^^^^^^^^^^^^^^^^^ help: remove this attribute
    |
note: attribute also specified here
   --> crates/perl-lsp/tests/lsp_code_actions_tests.rs:360:1
    |
360 | #[ignore]
    | ^^^^^^^^^

warning: unused attribute
   --> crates/perl-lsp/tests/lsp_code_actions_tests.rs:423:1
    |
423 | #[ignore = "Organize imports refactoring LSP integration incomplete - testing framework validation"]
    | ^^^^^^^^^^^^^^^^^^^^^^^^^^^^^^^^^^^^^^^^^^^^^^^^^^^^^^^^^^^^^^^^^^^^^^^^^^^^^^^^^^^^^^^^^^^^^^^^^^^^ help: remove this attribute
    |
note: attribute also specified here
   --> crates/perl-lsp/tests/lsp_code_actions_tests.rs:420:1
    |
420 | #[ignore]
    | ^^^^^^^^^

warning: unused attribute
   --> crates/perl-lsp/tests/lsp_code_actions_tests.rs:484:1
    |
484 | #[ignore = "Multiple refactorings implementation incomplete - testing framework validation"]
    | ^^^^^^^^^^^^^^^^^^^^^^^^^^^^^^^^^^^^^^^^^^^^^^^^^^^^^^^^^^^^^^^^^^^^^^^^^^^^^^^^^^^^^^^^^^^^ help: remove this attribute
    |
note: attribute also specified here
   --> crates/perl-lsp/tests/lsp_code_actions_tests.rs:481:1
    |
481 | #[ignore]
    | ^^^^^^^^^

warning: `perl-parser` (test "cancellation_atomic_operations_hardening") generated 5 warnings
warning: `perl-lsp` (test "lsp_full_coverage_user_stories") generated 1 warning (1 duplicate)
warning: unused variable: `test_generator`
   --> crates/perl-parser/tests/issue_146_architectural_integrity_tests.rs:100:13
    |
100 |         let test_generator = TestGenerator::new(TestFramework::Test2V0);
    |             ^^^^^^^^^^^^^^ help: if this is intentional, prefix it with an underscore: `_test_generator`
    |
    = note: `#[warn(unused_variables)]` on by default

warning: `perl-lsp` (test "lsp_behavioral_tests") generated 2 warnings (1 duplicate) (run `cargo fix --test "lsp_behavioral_tests"` to apply 1 suggestion)
warning: unused attribute
   --> crates/perl-lsp/tests/lsp_invariants_test.rs:125:1
    |
125 | #[ignore] // Version field is optional in LSP spec
    | ^^^^^^^^^ help: remove this attribute
    |
note: attribute also specified here
   --> crates/perl-lsp/tests/lsp_invariants_test.rs:124:1
    |
124 | #[ignore] // Flaky BrokenPipe errors in CI during LSP initialization (environmental/timing)
    | ^^^^^^^^^
    = note: `#[warn(unused_attributes)]` on by default

warning: unused attribute
   --> crates/perl-lsp/tests/lsp_invariants_test.rs:240:1
    |
240 | #[ignore] // This test is flaky due to timing with diagnostics
    | ^^^^^^^^^ help: remove this attribute
    |
note: attribute also specified here
   --> crates/perl-lsp/tests/lsp_invariants_test.rs:239:1
    |
239 | #[ignore] // Flaky BrokenPipe errors in CI during LSP initialization (environmental/timing)
    | ^^^^^^^^^

warning: unused attribute
   --> crates/perl-lsp/tests/lsp_invariants_test.rs:279:1
    |
279 | #[ignore] // This test needs rewriting for auto-generated IDs
    | ^^^^^^^^^ help: remove this attribute
    |
note: attribute also specified here
   --> crates/perl-lsp/tests/lsp_invariants_test.rs:278:1
    |
278 | #[ignore] // Flaky BrokenPipe errors in CI during LSP initialization (environmental/timing)
    | ^^^^^^^^^

warning: unused variable: `workspace`
   --> crates/perl-lsp/tests/lsp_execute_command_comprehensive_tests.rs:182:23
    |
182 |     let (mut harness, workspace) = create_execute_command_server();
    |                       ^^^^^^^^^ help: if this is intentional, prefix it with an underscore: `_workspace`
    |
    = note: `#[warn(unused_variables)]` on by default

warning: unused variable: `workspace`
   --> crates/perl-lsp/tests/lsp_execute_command_comprehensive_tests.rs:227:23
    |
227 |     let (mut harness, workspace) = create_execute_command_server();
    |                       ^^^^^^^^^ help: if this is intentional, prefix it with an underscore: `_workspace`

warning: unused variable: `harness`
   --> crates/perl-lsp/tests/lsp_execute_command_comprehensive_tests.rs:712:10
    |
712 |     let (harness, workspace) = create_execute_command_server();
    |          ^^^^^^^ help: if this is intentional, prefix it with an underscore: `_harness`

warning: unused variable: `workspace`
   --> crates/perl-lsp/tests/lsp_execute_command_comprehensive_tests.rs:712:19
    |
712 |     let (harness, workspace) = create_execute_command_server();
    |                   ^^^^^^^^^ help: if this is intentional, prefix it with an underscore: `_workspace`

warning: unused variable: `workspace`
    --> crates/perl-lsp/tests/lsp_execute_command_comprehensive_tests.rs:1236:23
     |
1236 |     let (mut harness, workspace) = create_execute_command_server();
     |                       ^^^^^^^^^ help: if this is intentional, prefix it with an underscore: `_workspace`

warning: `perl-lsp` (test "lsp_code_actions_tests") generated 9 warnings (run `cargo fix --test "lsp_code_actions_tests"` to apply 9 suggestions)
warning: `perl-parser` (test "issue_146_architectural_integrity_tests") generated 1 warning
warning: `perl-lsp` (test "lsp_highlight_e2e") generated 1 warning (1 duplicate)
warning: `perl-lsp` (test "lsp_semantic_tokens_e2e") generated 1 warning (1 duplicate)
warning: `perl-lsp` (test "lsp_invariants_test") generated 3 warnings (run `cargo fix --test "lsp_invariants_test"` to apply 3 suggestions)
warning: unused attribute
  --> crates/perl-lsp/tests/lsp_memory_pressure.rs:19:1
   |
19 | #[ignore = "memory pressure test - run with --ignored"]
   | ^^^^^^^^^^^^^^^^^^^^^^^^^^^^^^^^^^^^^^^^^^^^^^^^^^^^^^^ help: remove this attribute
   |
note: attribute also specified here
  --> crates/perl-lsp/tests/lsp_memory_pressure.rs:18:1
   |
18 | #[ignore] // Flaky BrokenPipe errors in CI during LSP initialization (environmental/timing)
   | ^^^^^^^^^
   = note: `#[warn(unused_attributes)]` on by default

warning: unused attribute
  --> crates/perl-lsp/tests/lsp_memory_pressure.rs:74:1
   |
74 | #[ignore = "memory pressure test - run with --ignored"]
   | ^^^^^^^^^^^^^^^^^^^^^^^^^^^^^^^^^^^^^^^^^^^^^^^^^^^^^^^ help: remove this attribute
   |
note: attribute also specified here
  --> crates/perl-lsp/tests/lsp_memory_pressure.rs:73:1
   |
73 | #[ignore] // Flaky BrokenPipe errors in CI during LSP initialization (environmental/timing)
   | ^^^^^^^^^

warning: unused attribute
   --> crates/perl-lsp/tests/lsp_memory_pressure.rs:125:1
    |
125 | #[ignore = "memory pressure test - run with --ignored"]
    | ^^^^^^^^^^^^^^^^^^^^^^^^^^^^^^^^^^^^^^^^^^^^^^^^^^^^^^^ help: remove this attribute
    |
note: attribute also specified here
   --> crates/perl-lsp/tests/lsp_memory_pressure.rs:124:1
    |
124 | #[ignore] // Flaky BrokenPipe errors in CI during LSP initialization (environmental/timing)
    | ^^^^^^^^^

warning: unused attribute
   --> crates/perl-lsp/tests/lsp_memory_pressure.rs:174:1
    |
174 | #[ignore = "memory pressure test - run with --ignored"]
    | ^^^^^^^^^^^^^^^^^^^^^^^^^^^^^^^^^^^^^^^^^^^^^^^^^^^^^^^ help: remove this attribute
    |
note: attribute also specified here
   --> crates/perl-lsp/tests/lsp_memory_pressure.rs:173:1
    |
173 | #[ignore] // Flaky BrokenPipe errors in CI during LSP initialization (environmental/timing)
    | ^^^^^^^^^

warning: unused attribute
   --> crates/perl-lsp/tests/lsp_memory_pressure.rs:222:1
    |
222 | #[ignore = "memory pressure test - run with --ignored"]
    | ^^^^^^^^^^^^^^^^^^^^^^^^^^^^^^^^^^^^^^^^^^^^^^^^^^^^^^^ help: remove this attribute
    |
note: attribute also specified here
   --> crates/perl-lsp/tests/lsp_memory_pressure.rs:221:1
    |
221 | #[ignore] // Flaky BrokenPipe errors in CI during LSP initialization (environmental/timing)
    | ^^^^^^^^^

warning: unused attribute
   --> crates/perl-lsp/tests/lsp_memory_pressure.rs:282:1
    |
282 | #[ignore = "memory pressure test - run with --ignored"]
    | ^^^^^^^^^^^^^^^^^^^^^^^^^^^^^^^^^^^^^^^^^^^^^^^^^^^^^^^ help: remove this attribute
    |
note: attribute also specified here
   --> crates/perl-lsp/tests/lsp_memory_pressure.rs:281:1
    |
281 | #[ignore] // Flaky BrokenPipe errors in CI during LSP initialization (environmental/timing)
    | ^^^^^^^^^

warning: unused attribute
   --> crates/perl-lsp/tests/lsp_memory_pressure.rs:344:1
    |
344 | #[ignore = "memory pressure test - run with --ignored"]
    | ^^^^^^^^^^^^^^^^^^^^^^^^^^^^^^^^^^^^^^^^^^^^^^^^^^^^^^^ help: remove this attribute
    |
note: attribute also specified here
   --> crates/perl-lsp/tests/lsp_memory_pressure.rs:343:1
    |
343 | #[ignore] // Flaky BrokenPipe errors in CI during LSP initialization (environmental/timing)
    | ^^^^^^^^^

warning: unused attribute
   --> crates/perl-lsp/tests/lsp_memory_pressure.rs:395:1
    |
395 | #[ignore = "memory pressure test - run with --ignored"]
    | ^^^^^^^^^^^^^^^^^^^^^^^^^^^^^^^^^^^^^^^^^^^^^^^^^^^^^^^ help: remove this attribute
    |
note: attribute also specified here
   --> crates/perl-lsp/tests/lsp_memory_pressure.rs:394:1
    |
394 | #[ignore] // Flaky BrokenPipe errors in CI during LSP initialization (environmental/timing)
    | ^^^^^^^^^

warning: unused attribute
   --> crates/perl-lsp/tests/lsp_memory_pressure.rs:451:1
    |
451 | #[ignore = "memory pressure test - run with --ignored"]
    | ^^^^^^^^^^^^^^^^^^^^^^^^^^^^^^^^^^^^^^^^^^^^^^^^^^^^^^^ help: remove this attribute
    |
note: attribute also specified here
   --> crates/perl-lsp/tests/lsp_memory_pressure.rs:450:1
    |
450 | #[ignore] // Flaky BrokenPipe errors in CI during LSP initialization (environmental/timing)
    | ^^^^^^^^^

warning: unused attribute
   --> crates/perl-lsp/tests/lsp_memory_pressure.rs:517:1
    |
517 | #[ignore = "memory pressure test - run with --ignored"]
    | ^^^^^^^^^^^^^^^^^^^^^^^^^^^^^^^^^^^^^^^^^^^^^^^^^^^^^^^ help: remove this attribute
    |
note: attribute also specified here
   --> crates/perl-lsp/tests/lsp_memory_pressure.rs:516:1
    |
516 | #[ignore] // Flaky BrokenPipe errors in CI during LSP initialization (environmental/timing)
    | ^^^^^^^^^

warning: unused attribute
   --> crates/perl-lsp/tests/lsp_memory_pressure.rs:566:1
    |
566 | #[ignore = "memory pressure test - run with --ignored"]
    | ^^^^^^^^^^^^^^^^^^^^^^^^^^^^^^^^^^^^^^^^^^^^^^^^^^^^^^^ help: remove this attribute
    |
note: attribute also specified here
   --> crates/perl-lsp/tests/lsp_memory_pressure.rs:565:1
    |
565 | #[ignore] // Flaky BrokenPipe errors in CI during LSP initialization (environmental/timing)
    | ^^^^^^^^^

warning: unused attribute
   --> crates/perl-lsp/tests/lsp_memory_pressure.rs:642:1
    |
642 | #[ignore = "memory pressure test - run with --ignored"]
    | ^^^^^^^^^^^^^^^^^^^^^^^^^^^^^^^^^^^^^^^^^^^^^^^^^^^^^^^ help: remove this attribute
    |
note: attribute also specified here
   --> crates/perl-lsp/tests/lsp_memory_pressure.rs:641:1
    |
641 | #[ignore] // Flaky BrokenPipe errors in CI during LSP initialization (environmental/timing)
    | ^^^^^^^^^

warning: unused attribute
   --> crates/perl-lsp/tests/lsp_memory_pressure.rs:704:1
    |
704 | #[ignore = "memory pressure test - run with --ignored"]
    | ^^^^^^^^^^^^^^^^^^^^^^^^^^^^^^^^^^^^^^^^^^^^^^^^^^^^^^^ help: remove this attribute
    |
note: attribute also specified here
   --> crates/perl-lsp/tests/lsp_memory_pressure.rs:703:1
    |
703 | #[ignore] // Flaky BrokenPipe errors in CI during LSP initialization (environmental/timing)
    | ^^^^^^^^^

warning: unused attribute
   --> crates/perl-lsp/tests/lsp_memory_pressure.rs:757:1
    |
757 | #[ignore = "memory pressure test - run with --ignored"]
    | ^^^^^^^^^^^^^^^^^^^^^^^^^^^^^^^^^^^^^^^^^^^^^^^^^^^^^^^ help: remove this attribute
    |
note: attribute also specified here
   --> crates/perl-lsp/tests/lsp_memory_pressure.rs:756:1
    |
756 | #[ignore] // Flaky BrokenPipe errors in CI during LSP initialization (environmental/timing)
    | ^^^^^^^^^

warning: `perl-lsp` (test "lsp_type_hierarchy_e2e") generated 1 warning (1 duplicate)
warning: `perl-lsp` (test "lsp_execute_command_comprehensive_tests_enhanced") generated 1 warning (1 duplicate)
warning: `perl-lsp` (test "lsp_type_definition_tests") generated 1 warning (1 duplicate)
warning: `perl-lsp` (test "lsp_declaration_test") generated 1 warning (1 duplicate)
warning: `perl-lsp` (test "lsp_memory_pressure") generated 14 warnings (run `cargo fix --test "lsp_memory_pressure"` to apply 14 suggestions)
warning: `perl-lsp` (test "lsp_execute_command_comprehensive_tests") generated 6 warnings (1 duplicate)
warning: unused variable: `modifiers`
  --> crates/perl-parser/tests/quote_parser_pr173_enhanced_mutation_killers.rs:96:32
   |
96 |     let (pattern, replacement, modifiers) = extract_substitution_parts("s[test]replacement]");
   |                                ^^^^^^^^^ help: if this is intentional, prefix it with an underscore: `_modifiers`
   |
   = note: `#[warn(unused_variables)]` on by default

warning: unused variable: `modifiers`
   --> crates/perl-parser/tests/quote_parser_pr173_enhanced_mutation_killers.rs:103:32
    |
103 |     let (pattern, replacement, modifiers) = extract_substitution_parts("s(test)");
    |                                ^^^^^^^^^ help: if this is intentional, prefix it with an underscore: `_modifiers`

warning: unused variable: `modifiers`
   --> crates/perl-parser/tests/quote_parser_pr173_enhanced_mutation_killers.rs:155:31
    |
155 |     let (search, replacement, modifiers) = extract_transliteration_parts("tr{test}incomplete");
    |                               ^^^^^^^^^ help: if this is intentional, prefix it with an underscore: `_modifiers`

warning: unused variable: `modifiers`
   --> crates/perl-parser/tests/quote_parser_pr173_enhanced_mutation_killers.rs:179:32
    |
179 |     let (pattern, replacement, modifiers) = extract_substitution_parts("s/test/replace/");
    |                                ^^^^^^^^^ help: if this is intentional, prefix it with an underscore: `_modifiers`

warning: `perl-lsp` (test "lsp_comprehensive_3_17_test") generated 1 warning (1 duplicate)
warning: `perl-lsp` (test "lsp_golden_tests") generated 1 warning (1 duplicate)
warning: `perl-lsp` (test "lsp_feature_gating_test") generated 1 warning (1 duplicate)
warning: `perl-lsp` (test "lsp_features_snapshot_test") generated 1 warning (1 duplicate)
warning: `perl-parser` (test "quote_parser_pr173_enhanced_mutation_killers") generated 4 warnings
warning: cannot test inner items
  --> crates/perl-parser/tests/fuzz_documentation_infrastructure_pr159.rs:58:5
   |
58 | /     proptest! {
59 | |         #![proptest_config(ProptestConfig {
60 | |             cases: 2000, // Aggressive testing for documentation infrastructure
61 | |             max_shrink_iters: 200,
...  |
87 | |     }
   | |_____^
   |
   = note: `#[warn(unnameable_test_items)]` on by default
   = note: this warning originates in the attribute macro `test` which comes from the expansion of the macro `proptest` (in Nightly builds, run with -Z macro-backtrace for more info)

warning: cannot test inner items
   --> crates/perl-parser/tests/fuzz_documentation_infrastructure_pr159.rs:130:5
    |
130 | /     proptest! {
131 | |         #![proptest_config(ProptestConfig {
132 | |             cases: 1500, // Comprehensive AST validation
133 | |             max_shrink_iters: 150,
...   |
157 | |     }
    | |_____^
    |
    = note: this warning originates in the attribute macro `test` which comes from the expansion of the macro `proptest` (in Nightly builds, run with -Z macro-backtrace for more info)

warning: cannot test inner items
   --> crates/perl-parser/tests/fuzz_documentation_infrastructure_pr159.rs:313:5
    |
313 | /     proptest! {
314 | |         #![proptest_config(ProptestConfig {
315 | |             cases: 800, // Focused testing on LSP concurrency
316 | |             max_shrink_iters: 80,
...   |
338 | |     }
    | |_____^
    |
    = note: this warning originates in the attribute macro `test` which comes from the expansion of the macro `proptest` (in Nightly builds, run with -Z macro-backtrace for more info)

warning: cannot test inner items
   --> crates/perl-parser/tests/fuzz_documentation_infrastructure_pr159.rs:531:5
    |
531 | /     proptest! {
532 | |         #![proptest_config(ProptestConfig {
533 | |             cases: 1000, // Integration testing with documentation infrastructure
534 | |             max_shrink_iters: 100,
...   |
555 | |     }
    | |_____^
    |
    = note: this warning originates in the attribute macro `test` which comes from the expansion of the macro `proptest` (in Nightly builds, run with -Z macro-backtrace for more info)

warning: cannot test inner items
   --> crates/perl-parser/tests/fuzz_documentation_infrastructure_pr159.rs:589:5
    |
589 | /     proptest! {
590 | |         #![proptest_config(ProptestConfig {
591 | |             cases: 500, // Memory safety focused testing
592 | |             max_shrink_iters: 50,
...   |
616 | |     }
    | |_____^
    |
    = note: this warning originates in the attribute macro `test` which comes from the expansion of the macro `proptest` (in Nightly builds, run with -Z macro-backtrace for more info)

warning: constant `REGRESS_DIR` is never used
  --> crates/perl-parser/tests/fuzz_documentation_infrastructure_pr159.rs:21:7
   |
21 | const REGRESS_DIR: &str = concat!(
   |       ^^^^^^^^^^^
   |
   = note: `#[warn(dead_code)]` on by default

warning: function `test_docs_infrastructure_stability` is never used
  --> crates/perl-parser/tests/fuzz_documentation_infrastructure_pr159.rs:29:8
   |
29 |     fn test_docs_infrastructure_stability(
   |        ^^^^^^^^^^^^^^^^^^^^^^^^^^^^^^^^^^

warning: function `test_parser_ast_invariants` is never used
  --> crates/perl-parser/tests/fuzz_documentation_infrastructure_pr159.rs:93:8
   |
93 |     fn test_parser_ast_invariants(
   |        ^^^^^^^^^^^^^^^^^^^^^^^^^^

warning: function `validate_ast_structure` is never used
   --> crates/perl-parser/tests/fuzz_documentation_infrastructure_pr159.rs:161:4
    |
161 | fn validate_ast_structure(
    |    ^^^^^^^^^^^^^^^^^^^^^^

warning: function `validate_node_invariants` is never used
   --> crates/perl-parser/tests/fuzz_documentation_infrastructure_pr159.rs:185:4
    |
185 | fn validate_node_invariants(
    |    ^^^^^^^^^^^^^^^^^^^^^^^^

warning: function `validate_child_nodes` is never used
   --> crates/perl-parser/tests/fuzz_documentation_infrastructure_pr159.rs:216:4
    |
216 | fn validate_child_nodes(
    |    ^^^^^^^^^^^^^^^^^^^^

warning: function `validate_node_ranges` is never used
   --> crates/perl-parser/tests/fuzz_documentation_infrastructure_pr159.rs:253:4
    |
253 | fn validate_node_ranges(
    |    ^^^^^^^^^^^^^^^^^^^^

warning: function `test_lsp_concurrent_load` is never used
   --> crates/perl-parser/tests/fuzz_documentation_infrastructure_pr159.rs:275:8
    |
275 |     fn test_lsp_concurrent_load(input: String) -> Result<(), proptest::test_runner::TestCaseError> {
    |        ^^^^^^^^^^^^^^^^^^^^^^^^

warning: function `extract_symbols_safe` is never used
   --> crates/perl-parser/tests/fuzz_documentation_infrastructure_pr159.rs:342:4
    |
342 | fn extract_symbols_safe(ast: &Node) -> Vec<String> {
    |    ^^^^^^^^^^^^^^^^^^^^

warning: function `collect_symbols_recursive` is never used
   --> crates/perl-parser/tests/fuzz_documentation_infrastructure_pr159.rs:350:4
    |
350 | fn collect_symbols_recursive(node: &Node, symbols: &mut Vec<String>) {
    |    ^^^^^^^^^^^^^^^^^^^^^^^^^

warning: function `collect_symbols_from_children` is never used
   --> crates/perl-parser/tests/fuzz_documentation_infrastructure_pr159.rs:374:4
    |
374 | fn collect_symbols_from_children(node: &Node, symbols: &mut Vec<String>) {
    |    ^^^^^^^^^^^^^^^^^^^^^^^^^^^^^

warning: function `validate_syntax_safe` is never used
   --> crates/perl-parser/tests/fuzz_documentation_infrastructure_pr159.rs:402:4
    |
402 | fn validate_syntax_safe(ast: &Node) -> Vec<String> {
    |    ^^^^^^^^^^^^^^^^^^^^

warning: function `validate_syntax_recursive` is never used
   --> crates/perl-parser/tests/fuzz_documentation_infrastructure_pr159.rs:410:4
    |
410 | fn validate_syntax_recursive(node: &Node, diagnostics: &mut Vec<String>) {
    |    ^^^^^^^^^^^^^^^^^^^^^^^^^

warning: function `validate_syntax_from_children` is never used
   --> crates/perl-parser/tests/fuzz_documentation_infrastructure_pr159.rs:424:4
    |
424 | fn validate_syntax_from_children(node: &Node, diagnostics: &mut Vec<String>) {
    |    ^^^^^^^^^^^^^^^^^^^^^^^^^^^^^

warning: function `find_references_safe` is never used
   --> crates/perl-parser/tests/fuzz_documentation_infrastructure_pr159.rs:448:4
    |
448 | fn find_references_safe(ast: &Node, symbol: &str) -> Vec<(usize, usize)> {
    |    ^^^^^^^^^^^^^^^^^^^^

warning: function `find_references_recursive` is never used
   --> crates/perl-parser/tests/fuzz_documentation_infrastructure_pr159.rs:456:4
    |
456 | fn find_references_recursive(node: &Node, symbol: &str, references: &mut Vec<(usize, usize)>) {
    |    ^^^^^^^^^^^^^^^^^^^^^^^^^

warning: function `find_references_from_children` is never used
   --> crates/perl-parser/tests/fuzz_documentation_infrastructure_pr159.rs:475:4
    |
475 | fn find_references_from_children(node: &Node, symbol: &str, references: &mut Vec<(usize, usize)>) {
    |    ^^^^^^^^^^^^^^^^^^^^^^^^^^^^^

warning: function `test_docs_incremental_integration` is never used
   --> crates/perl-parser/tests/fuzz_documentation_infrastructure_pr159.rs:501:8
    |
501 |     fn test_docs_incremental_integration(
    |        ^^^^^^^^^^^^^^^^^^^^^^^^^^^^^^^^^

warning: function `test_memory_safety` is never used
   --> crates/perl-parser/tests/fuzz_documentation_infrastructure_pr159.rs:561:8
    |
561 |     fn test_memory_safety(input: String) -> Result<(), proptest::test_runner::TestCaseError> {
    |        ^^^^^^^^^^^^^^^^^^

warning: function `validate_memory_safety` is never used
   --> crates/perl-parser/tests/fuzz_documentation_infrastructure_pr159.rs:620:4
    |
620 | fn validate_memory_safety(ast: &Node, input: &str) -> bool {
    |    ^^^^^^^^^^^^^^^^^^^^^^

warning: function `validate_memory_bounds_recursive` is never used
   --> crates/perl-parser/tests/fuzz_documentation_infrastructure_pr159.rs:626:4
    |
626 | fn validate_memory_bounds_recursive(node: &Node, input: &str) -> bool {
    |    ^^^^^^^^^^^^^^^^^^^^^^^^^^^^^^^^

warning: function `validate_memory_bounds_from_children` is never used
   --> crates/perl-parser/tests/fuzz_documentation_infrastructure_pr159.rs:642:4
    |
642 | fn validate_memory_bounds_from_children(node: &Node, input: &str) -> bool {
    |    ^^^^^^^^^^^^^^^^^^^^^^^^^^^^^^^^^^^^

warning: unused variable: `actions`
   --> crates/perl-lsp/tests/lsp_code_actions_comprehensive_tests.rs:684:9
    |
684 |     let actions = actions_result.as_array().expect("Should return action array");
    |         ^^^^^^^ help: if this is intentional, prefix it with an underscore: `_actions`
    |
    = note: `#[warn(unused_variables)]` on by default

warning: `perl-parser` (test "fuzz_documentation_infrastructure_pr159") generated 27 warnings
warning: `perl-lsp` (test "lsp_e2e_user_stories") generated 1 warning (1 duplicate)
warning: `perl-lsp` (test "lsp_schema_validation") generated 1 warning (1 duplicate)
warning: `perl-lsp` (test "lsp_code_actions_comprehensive_tests") generated 2 warnings (1 duplicate)
warning: unused attribute
   --> crates/perl-lsp/tests/lsp_performance_benchmarks.rs:688:1
    |
688 | #[ignore] // Run with --ignored to execute
    | ^^^^^^^^^ help: remove this attribute
    |
note: attribute also specified here
   --> crates/perl-lsp/tests/lsp_performance_benchmarks.rs:687:1
    |
687 | #[ignore] // Flaky BrokenPipe errors in CI during LSP initialization (environmental/timing)
    | ^^^^^^^^^
    = note: `#[warn(unused_attributes)]` on by default

warning: unused variable: `actions`
   --> crates/perl-lsp/tests/lsp_issue_145_comprehensive_e2e_tests.rs:271:9
    |
271 |     let actions = code_actions_result.as_array().expect("Should return code actions array");
    |         ^^^^^^^ help: if this is intentional, prefix it with an underscore: `_actions`
    |
    = note: `#[warn(unused_variables)]` on by default

warning: unused variable: `refactor_actions`
   --> crates/perl-lsp/tests/lsp_issue_145_comprehensive_e2e_tests.rs:292:9
    |
292 |     let refactor_actions =
    |         ^^^^^^^^^^^^^^^^ help: if this is intentional, prefix it with an underscore: `_refactor_actions`

warning: unused variable: `organize_imports_result`
   --> crates/perl-lsp/tests/lsp_issue_145_comprehensive_e2e_tests.rs:296:9
    |
296 |     let organize_imports_result = harness
    |         ^^^^^^^^^^^^^^^^^^^^^^^ help: if this is intentional, prefix it with an underscore: `_organize_imports_result`

warning: unused variable: `script_symbols`
   --> crates/perl-lsp/tests/lsp_issue_145_comprehensive_e2e_tests.rs:339:9
    |
339 |     let script_symbols = harness.request_with_timeout(
    |         ^^^^^^^^^^^^^^ help: if this is intentional, prefix it with an underscore: `_script_symbols`

warning: unused variable: `workspace`
   --> crates/perl-lsp/tests/lsp_issue_145_comprehensive_e2e_tests.rs:416:23
    |
416 |     let (mut harness, workspace) = create_comprehensive_workspace();
    |                       ^^^^^^^^^ help: if this is intentional, prefix it with an underscore: `_workspace`

warning: `perl-lsp` (test "lsp_linked_editing_tests") generated 1 warning (1 duplicate)
warning: `perl-lsp` (test "lsp_performance_benchmarks") generated 1 warning (run `cargo fix --test "lsp_performance_benchmarks"` to apply 1 suggestion)
warning: `perl-lsp` (test "lsp_formatting_e2e") generated 1 warning (1 duplicate)
warning: `perl-lsp` (test "lsp_issue_145_comprehensive_e2e_tests") generated 6 warnings (1 duplicate)
warning: `perl-lsp` (test "lsp_implementation_tests") generated 1 warning (1 duplicate)
warning: `perl-lsp` (test "lsp_code_actions_comprehensive_tests_enhanced") generated 1 warning (1 duplicate)
    Finished `test` profile [optimized + debuginfo] target(s) in 44.03s
     Running unittests src/lib.rs (target/debug/deps/perl_corpus-01b630eca4686bbf)

running 5 tests
test r#gen::qw::tests::delimiters_are_balanced ... ok
test r#gen::qw::tests::identifiers_are_valid ... ok
test r#gen::whitespace::tests::whitespace_preserves_tokens ... ok
test r#gen::whitespace::tests::whitespace_stress_is_valid ... ok
test r#gen::qw::tests::use_constant_produces_valid_syntax ... ok

test result: ok. 5 passed; 0 failed; 0 ignored; 0 measured; 0 filtered out; finished in 0.11s

     Running unittests src/bin/main.rs (target/debug/deps/perl_corpus-8ef9ef572aa0d70a)

running 0 tests

test result: ok. 0 passed; 0 failed; 0 ignored; 0 measured; 0 filtered out; finished in 0.00s

     Running tests/highlight_integration_test.rs (target/debug/deps/highlight_integration_test-81e0ffc053a7389b)

running 4 tests
test test_complex_highlight_constructs ... ok
test test_highlight_error_handling ... ok
test test_highlight_performance ... ok
test test_highlight_runner_integration ... ok

test result: ok. 4 passed; 0 failed; 0 ignored; 0 measured; 0 filtered out; finished in 0.01s

     Running unittests src/lib.rs (target/debug/deps/perl_dap-9bdafc5dd5bce0cc)

running 37 tests
test configuration::tests::test_attach_config_custom_port ... ok
test configuration::tests::test_attach_json_snippet ... ok
test configuration::tests::test_attach_configuration_default ... ok
test configuration::tests::test_attach_json_snippet_valid_json ... ok
test configuration::tests::test_launch_config_empty_include_paths ... ok
test configuration::tests::test_launch_config_path_resolution_absolute ... ok
test configuration::tests::test_launch_config_path_resolution_relative ... ok
test configuration::tests::test_launch_config_empty_args ... ok
test configuration::tests::test_launch_config_validation_invalid_perl_path ... ok
test configuration::tests::test_launch_config_validation_invalid_cwd ... ok
test configuration::tests::test_launch_config_validation_missing_program ... ok
test configuration::tests::test_launch_config_validation_missing_cwd ... ok
test configuration::tests::test_launch_configuration_serialization ... ok
test configuration::tests::test_launch_config_validation_program_is_directory ... ok
test configuration::tests::test_launch_json_snippet ... ok
test configuration::tests::test_launch_json_snippet_valid_json ... ok
test platform::tests::test_format_command_args_empty ... ok
test platform::tests::test_format_command_args_simple ... ok
test platform::tests::test_format_command_args_special_characters ... ok
test platform::tests::test_format_command_args_no_spaces ... ok
test platform::tests::test_format_command_args_with_spaces ... ok
test platform::tests::test_format_command_args_with_single_quote ... ok
test platform::tests::test_normalize_path_basic ... ok
test platform::tests::test_normalize_path_non_wsl ... ok
test platform::tests::test_normalize_path_parent_directory ... ok
test platform::tests::test_normalize_path_empty ... ok
test platform::tests::test_normalize_path_relative ... ok
test platform::tests::test_normalize_path_wsl_edge_cases ... ok
test platform::tests::test_path_separator_constant ... ok
test platform::tests::test_perl_executable_constant ... ok
test platform::tests::test_resolve_perl_path ... ok
test platform::tests::test_normalize_path_wsl_translation ... ok
test platform::tests::test_resolve_perl_path_failure_handling ... ok
test platform::tests::test_setup_environment_path_separator ... ok
test platform::tests::test_setup_environment_empty ... ok
test platform::tests::test_setup_environment_single_path ... ok
test platform::tests::test_setup_environment_with_paths ... ok

test result: ok. 37 passed; 0 failed; 0 ignored; 0 measured; 0 filtered out; finished in 0.10s

     Running unittests src/main.rs (target/debug/deps/perl_dap-5d2a3691b2fc97b5)

running 0 tests

test result: ok. 0 passed; 0 failed; 0 ignored; 0 measured; 0 filtered out; finished in 0.00s

     Running tests/bridge_integration_tests.rs (target/debug/deps/bridge_integration_tests-8110ade2910f7ba3)

running 16 tests
test test_attach_configuration_roundtrip ... ok
test test_attach_configuration_json ... ok
test test_attach_json_snippet_completeness ... ok
test test_attach_configuration_tcp ... ok
test test_bridge_adapter_multiple_instances ... ok
test test_bridge_basic_debugging_workflow ... ok
test test_bridge_cross_platform_compatibility ... ok
test test_debugger_program_path_configuration ... ok
test test_bridge_setup_documentation ... ok
test test_launch_configuration_json ... ok
test test_empty_environment_handling ... ok
test test_launch_json_snippet_completeness ... ok
test test_launch_configuration_roundtrip ... ok
test test_vscode_debugger_contribution ... ok
test test_platform_command_args ... ok
test test_workspace_variable_expansion ... ok

test result: ok. 16 passed; 0 failed; 0 ignored; 0 measured; 0 filtered out; finished in 0.07s

     Running tests/dap_adapter_tests.rs (target/debug/deps/dap_adapter_tests-99ced868e2144869)

running 13 tests
test test_breakpoint_management_with_ast_validation ... ignored, Phase 2 implementation (AC7) - TDD scaffold
test test_cross_platform_wsl_support ... ignored, Phase 2 implementation (AC12) - TDD scaffold
test test_dap_adapter_scaffolding ... ignored, Phase 2 implementation (AC5) - TDD scaffold
test test_evaluate_in_frame_context ... ignored, Phase 2 implementation (AC10) - TDD scaffold
test test_execution_control_operations ... ignored, Phase 2 implementation (AC9) - TDD scaffold
test test_incremental_breakpoint_updates ... ignored, Phase 2 implementation (AC7) - TDD scaffold
test test_json_rpc_protocol_compliance ... ignored, Phase 2 implementation (AC5) - TDD scaffold
test test_lazy_variable_expansion ... ignored, Phase 2 implementation (AC8) - TDD scaffold
test test_pause_interrupt_handling ... ignored, Phase 2 implementation (AC9) - TDD scaffold
test test_perl_shim_integration ... ignored, Phase 2 implementation (AC6) - TDD scaffold
test test_safe_evaluation_mode ... ignored, Phase 2 implementation (AC10) - TDD scaffold
test test_stack_trace_and_scopes ... ignored, Phase 2 implementation (AC8) - TDD scaffold
test test_vscode_native_integration ... ignored, Phase 2 implementation (AC11) - TDD scaffold

test result: ok. 0 passed; 0 failed; 13 ignored; 0 measured; 0 filtered out; finished in 0.00s

     Running tests/dap_breakpoint_matrix_tests.rs (target/debug/deps/dap_breakpoint_matrix_tests-2a9fce118565d8bd)

running 8 tests
test test_breakpoints_begin_end_blocks ... ignored, Phase 2 implementation (AC14) - TDD scaffold
test test_breakpoints_comments_and_blank_lines ... ignored, Phase 2 implementation (AC14) - TDD scaffold
test test_breakpoints_file_boundaries ... ignored, Phase 2 implementation (AC14) - TDD scaffold
test test_breakpoints_in_heredocs ... ignored, Phase 2 implementation (AC14) - TDD scaffold
test test_breakpoints_in_pod_documentation ... ignored, Phase 2 implementation (AC14) - TDD scaffold
test test_breakpoints_in_string_literals ... ignored, Phase 2 implementation (AC14) - TDD scaffold
test test_breakpoints_multiline_statements ... ignored, Phase 2 implementation (AC14) - TDD scaffold
test test_performance_benchmark_baselines ... ignored, Phase 2 implementation (AC14) - TDD scaffold

test result: ok. 0 passed; 0 failed; 8 ignored; 0 measured; 0 filtered out; finished in 0.00s

     Running tests/dap_dependency_tests.rs (target/debug/deps/dap_dependency_tests-4a9970e6eb2ce237)

running 6 tests
test test_bundled_shim_fallback ... ignored, Phase 3 implementation (AC18) - TDD scaffold
test test_cpan_dependency_installation ... ignored, Phase 3 implementation (AC18) - TDD scaffold
test test_cpan_module_installation_fallback ... ignored, Phase 3 implementation (AC18) - TDD scaffold
test test_dependency_management_documentation ... ignored, Phase 3 implementation (AC18) - TDD scaffold
test test_devel_tsperldap_version_detection ... ignored, Phase 3 implementation (AC18) - TDD scaffold
test test_perl_version_compatibility ... ignored, Phase 3 implementation (AC18) - TDD scaffold

test result: ok. 0 passed; 0 failed; 6 ignored; 0 measured; 0 filtered out; finished in 0.00s

     Running tests/dap_golden_transcript_tests.rs (target/debug/deps/dap_golden_transcript_tests-f6428c04eb0c42ae)

running 5 tests
test test_golden_transcript_eval ... ignored, Phase 2 implementation (AC13) - TDD scaffold
test test_golden_transcript_hello_world ... ignored, Phase 2 implementation (AC13) - TDD scaffold
test test_golden_transcript_with_arguments ... ignored, Phase 2 implementation (AC13) - TDD scaffold
test test_integration_test_coverage ... ignored, Phase 2 implementation (AC13) - TDD scaffold
test test_variable_rendering_edge_cases ... ignored, Phase 2 implementation (AC13) - TDD scaffold

test result: ok. 0 passed; 0 failed; 5 ignored; 0 measured; 0 filtered out; finished in 0.00s

     Running tests/dap_packaging_tests.rs (target/debug/deps/dap_packaging_tests-fd2785bf1a921679)

running 6 tests
test test_binary_permissions_unix ... ignored, Phase 3 implementation (AC19) - TDD scaffold
test test_binary_size_optimization ... ignored, Phase 3 implementation (AC19) - TDD scaffold
test test_cross_compilation_ci ... ignored, Phase 3 implementation (AC19) - TDD scaffold
test test_github_releases_distribution ... ignored, Phase 3 implementation (AC19) - TDD scaffold
test test_platform_binary_builds ... ignored, Phase 3 implementation (AC19) - TDD scaffold
test test_vscode_extension_binary_bundling ... ignored, Phase 3 implementation (AC19) - TDD scaffold

test result: ok. 0 passed; 0 failed; 6 ignored; 0 measured; 0 filtered out; finished in 0.00s

     Running tests/dap_performance_tests.rs (target/debug/deps/dap_performance_tests-3aad16afa169d92f)

running 7 tests
test test_breakpoint_operation_latency ... ignored, Phase 2 implementation (AC15) - TDD scaffold
test test_incremental_parsing_breakpoint_update ... ignored, Phase 2 implementation (AC15) - TDD scaffold
test test_large_codebase_breakpoint_performance ... ignored, Phase 2 implementation (AC15) - TDD scaffold
test test_memory_overhead_validation ... ignored, Phase 2 implementation (AC15) - TDD scaffold
test test_performance_regression_detection ... ignored, Phase 2 implementation (AC15) - TDD scaffold
test test_step_continue_latency ... ignored, Phase 2 implementation (AC15) - TDD scaffold
test test_variable_expansion_latency ... ignored, Phase 2 implementation (AC15) - TDD scaffold

test result: ok. 0 passed; 0 failed; 7 ignored; 0 measured; 0 filtered out; finished in 0.00s

     Running tests/dap_security_tests.rs (target/debug/deps/dap_security_tests-4f849984795ec042)

running 7 tests
test test_cargo_audit_compliance ... ignored, Phase 2 implementation (AC16) - TDD scaffold
test test_input_validation ... ignored, Phase 2 implementation (AC16) - TDD scaffold
test test_path_traversal_prevention ... ignored, Phase 2 implementation (AC16) - TDD scaffold
test test_process_isolation ... ignored, Phase 2 implementation (AC16) - TDD scaffold
test test_safe_eval_enforcement ... ignored, Phase 2 implementation (AC16) - TDD scaffold
test test_timeout_enforcement ... ignored, Phase 2 implementation (AC16) - TDD scaffold
test test_unicode_boundary_safety ... ignored, Phase 2 implementation (AC16) - TDD scaffold

test result: ok. 0 passed; 0 failed; 7 ignored; 0 measured; 0 filtered out; finished in 0.00s

     Running unittests src/lib.rs (target/debug/deps/perl_lexer-f1f96978003ce44e)

running 9 tests
test checkpoint::tests::test_checkpoint_cache ... ok
test checkpoint::tests::test_checkpoint_diff ... ok
test checkpoint::tests::test_checkpoint_creation ... ok
test test_format_debug::tests::test_format_body_infinite_loop ... ok
test checkpoint::tests::test_checkpoint_edit ... ok
test tests::test_defined_or_and_exponent ... ok
test tests::test_percent_and_double_sigil_disambiguation ... ok
test tests::test_basic_tokens ... ok
test tests::test_slash_disambiguation ... ok

test result: ok. 9 passed; 0 failed; 0 ignored; 0 measured; 0 filtered out; finished in 0.02s

     Running tests/heredoc_regression_tests.rs (target/debug/deps/heredoc_regression_tests-5f50dfb647706683)

running 3 tests
test lexer_handles_heredoc_with_various_line_endings ... ok
test lexer_handles_malformed_heredoc_gracefully ... ok
test lexer_terminates_on_backtick_heredoc_with_cr ... ok

test result: ok. 3 passed; 0 failed; 0 ignored; 0 measured; 0 filtered out; finished in 0.02s

     Running tests/lexer_contract_tests.rs (target/debug/deps/lexer_contract_tests-9d98494d7b5844d7)

running 12 tests
test heredoc_indented ... ok
test heredoc_bare_label ... ok
test heredoc_label_with_space_after_chevrons ... ok
test heredoc_start_is_not_stringliteral ... ok
test lexer_emits_eof_once ... ok
test malformed_substitution_never_panics ... ok
test sigil_brace_is_not_identifier ... ok
test quote_ops_with_delimiters_tokenize_correctly ... ok
test sigil_brace_with_trailing_junk_never_panics ... ok
test word_op_with_space_before_delim_is_identifier ... ok
test word_op_without_delim_is_identifier ... ok
test substitution_single_quote_delimiters ... ok

test result: ok. 12 passed; 0 failed; 0 ignored; 0 measured; 0 filtered out; finished in 0.03s

     Running tests/lexer_error_handling_tests.rs (target/debug/deps/lexer_error_handling_tests-f9f9dc1dd252568a)

running 20 tests
test test_ac2_lexer_substitution_operator_error_handling ... ok
test test_ac2_error_token_position_accuracy ... ok
test test_ac2_multiple_invalid_substitution_operators ... ok
test test_ac7_error_message_documentation_compliance ... ok
test test_edge_case_empty_operator ... ok
test test_ac7_lexer_documentation_presence ... ok
test test_edge_case_very_long_operator_strings ... ok
test test_edge_case_unicode_operators ... ok
test test_error_message_clarity_user_facing ... ok
test test_lexer_error_lsp_diagnostic_conversion ... ok
test test_multiple_error_tokens_diagnostic_collection ... ok
test test_mutation_arc_str_message_storage ... ok
test test_mutation_error_token_position_tracking ... ok
test test_mutation_lexer_error_message_quality ... ok
test test_performance_error_path_budget_compliance ... ok
test test_mutation_error_recovery_continuation ... ok
test test_performance_happy_path_zero_overhead ... ok
test test_regression_guard_bypass_scenarios ... ok
test test_regression_lexer_lib_line_1385_unreachable_path ... ok
test test_token_stream_validity_error_integration ... ok

test result: ok. 20 passed; 0 failed; 0 ignored; 0 measured; 0 filtered out; finished in 0.07s

     Running tests/prop_lexer_termination.rs (target/debug/deps/prop_lexer_termination-3e3b204a42deaba8)

running 2 tests
test lexer_handles_edge_patterns_without_panic ... ok
test lexer_terminates_without_panics ... ok

test result: ok. 2 passed; 0 failed; 0 ignored; 0 measured; 0 filtered out; finished in 0.06s

     Running tests/test_debug_benchmark.rs (target/debug/deps/test_debug_benchmark-a69219067282a37a)

running 3 tests
test debug_simple_tokens ... ok
test test_format_termination ... ok
test test_format_no_termination ... ok

test result: ok. 3 passed; 0 failed; 0 ignored; 0 measured; 0 filtered out; finished in 0.00s

     Running tests/unicode_fix_test.rs (target/debug/deps/unicode_fix_test-54892ec3e9c0365a)

running 2 tests
test test_unicode_regression_case ... ok
test test_unicode_heredoc_fixes ... ok

test result: ok. 2 passed; 0 failed; 0 ignored; 0 measured; 0 filtered out; finished in 0.00s

     Running unittests src/main.rs (target/debug/deps/perl_lsp-7af1efa041a89bf6)

running 0 tests

test result: ok. 0 passed; 0 failed; 0 ignored; 0 measured; 0 filtered out; finished in 0.00s

     Running tests/dap_bridge_tests.rs (target/debug/deps/dap_bridge_tests-d5544b629275042b)

running 7 tests
test test_basic_debugging_workflow ... ignored, Phase 1 implementation (AC1-AC4) - TDD scaffold
test test_breakpoint_set_clear_operations ... ignored, Phase 1 implementation (AC1-AC4) - TDD scaffold
test test_bridge_documentation_complete ... ignored, Phase 1 implementation (AC1-AC4) - TDD scaffold
test test_cross_platform_path_mapping ... ignored, Phase 1 implementation (AC1-AC4) - TDD scaffold
test test_launch_configuration_snippets ... ignored, Phase 1 implementation (AC1-AC4) - TDD scaffold
test test_stack_trace_inspection ... ignored, Phase 1 implementation (AC1-AC4) - TDD scaffold
test test_vscode_debugger_contribution ... ignored, Phase 1 implementation (AC1-AC4) - TDD scaffold

test result: ok. 0 passed; 0 failed; 7 ignored; 0 measured; 0 filtered out; finished in 0.00s

     Running tests/dap_non_regression_tests.rs (target/debug/deps/dap_non_regression_tests-92e294fc8a16713c)

running 7 tests
test test_concurrent_lsp_dap_sessions ... ignored, Phase 3 implementation (AC17) - TDD scaffold
test test_incremental_parsing_during_debugging ... ignored, Phase 3 implementation (AC17) - TDD scaffold
test test_lsp_dap_memory_isolation ... ignored, Phase 3 implementation (AC17) - TDD scaffold
test test_lsp_features_unaffected_by_dap ... ignored, Phase 3 implementation (AC17) - TDD scaffold
test test_lsp_response_time_maintained ... ignored, Phase 3 implementation (AC17) - TDD scaffold
test test_lsp_test_pass_rate_100_percent ... ignored, Phase 3 implementation (AC17) - TDD scaffold
test test_workspace_navigation_with_dap ... ignored, Phase 3 implementation (AC17) - TDD scaffold

test result: ok. 0 passed; 0 failed; 7 ignored; 0 measured; 0 filtered out; finished in 0.00s

     Running tests/lsp_advanced_features_test.rs (target/debug/deps/lsp_advanced_features_test-042d41b8273c42ab)

running 23 tests
test test_analyze_profile_results ... ignored
test test_commit_with_conventional_format ... ignored
test test_create_module_from_template ... ignored
test test_create_test_from_template ... ignored
test test_custom_snippets ... ignored
test test_debug_test ... ignored
test test_dependency_management ... ignored
test test_dockerfile_generation ... ignored
test test_extract_pod_to_markdown ... ignored
test test_generate_dbi_code_from_schema ... ignored
test test_generate_getters_setters ... ignored
test test_generate_pod_documentation ... ignored
test test_generate_test_skeleton ... ignored
test test_git_blame_integration ... ignored
test test_kubernetes_manifest_generation ... ignored
test test_perlcritic_integration ... ignored
test test_perltidy_integration ... ignored
test test_profile_execution ... ignored
test test_project_initialization ... ignored
test test_run_single_test ... ignored
test test_run_test_suite ... ignored
test test_snippet_completion ... ignored
test test_sql_preview_in_dbi_code ... ignored

test result: ok. 0 passed; 0 failed; 23 ignored; 0 measured; 0 filtered out; finished in 0.00s

     Running tests/lsp_api_contracts.rs (target/debug/deps/lsp_api_contracts-32aa23df02236c09)

running 15 tests
test test_apply_edit_with_version ... ignored
test test_bounded_definition_timeout ... ignored
test test_completion_response_shape ... ignored
test test_document_highlight_contract ... ignored
test test_double_initialization_rejected ... ignored
test test_error_response_contract ... ignored
test test_hover_response_shape ... ignored
test test_idempotent_operations ... ignored
test test_initialization_contract ... ignored
test test_large_file_responsiveness ... ignored
test test_legacy_client_support ... ignored
test test_minimal_client_initialization ... ignored
test test_no_stdout_leak ... ignored
test test_uri_validation_contract ... ignored
test test_workspace_folders_contract ... ignored

test result: ok. 0 passed; 0 failed; 15 ignored; 0 measured; 0 filtered out; finished in 0.00s

     Running tests/lsp_behavioral_tests.rs (target/debug/deps/lsp_behavioral_tests-95dc6fa21cd2d11c)

running 11 tests
test test_completion_detail_formatting ... ignored
test test_critic_violations_emit_diagnostics ... ignored
test test_cross_file_definition ... ignored
test test_cross_file_references ... ignored
test test_extract_variable_returns_edits ... ignored
test test_folding_ranges_work ... ignored
test test_hover_enriched_information ... ignored
test test_test_generation_actions_present ... ignored
test test_utf16_definition_with_non_ascii_on_same_line ... ignored
test test_word_boundary_references ... ignored
test test_workspace_symbol_search ... ignored

test result: ok. 0 passed; 0 failed; 11 ignored; 0 measured; 0 filtered out; finished in 0.00s

     Running tests/lsp_builtins_test.rs (target/debug/deps/lsp_builtins_test-6e64f7623face5dc)

running 9 tests
test test_active_parameter_tracking ... ignored
test test_all_114_builtins_are_recognized ... ignored
test test_control_flow_signatures ... ignored
test test_file_operation_signatures ... ignored
test test_math_signatures ... ignored
test test_misc_signatures ... ignored
test test_network_signatures ... ignored
test test_string_data_signatures ... ignored
test test_system_process_signatures ... ignored

test result: ok. 0 passed; 0 failed; 9 ignored; 0 measured; 0 filtered out; finished in 0.00s

     Running tests/lsp_cancel_test.rs (target/debug/deps/lsp_cancel_test-d600ef2e29db3fa2)

running 4 tests
test test_cancel_multiple_requests ... ignored, LSP cancellation test fails in CI/constrained environments - flaky BrokenPipe errors
test test_cancel_request_handling ... ignored
test test_cancel_request_no_response ... ignored, LSP cancellation test fails in CI/constrained environments - flaky BrokenPipe errors
test test_cancel_deterministic_stable ... ok

test result: ok. 1 passed; 0 failed; 3 ignored; 0 measured; 0 filtered out; finished in 0.84s

     Running tests/lsp_cancellation_comprehensive_e2e_tests.rs (target/debug/deps/lsp_cancellation_comprehensive_e2e_tests-58a44109da287a4f)

running 3 tests
test test_comprehensive_cancellation_workflow_e2e ... ignored
test test_high_load_cancellation_behavior_e2e ... ignored
test test_real_world_usage_patterns_e2e ... ignored

test result: ok. 0 passed; 0 failed; 3 ignored; 0 measured; 0 filtered out; finished in 0.00s

     Running tests/lsp_cancellation_infrastructure_tests.rs (target/debug/deps/lsp_cancellation_infrastructure_tests-6a3fa84b82517bcd)

running 6 tests
test test_concurrent_cancellation_thread_safety_ac10 ... ignored
test test_deadlock_detection_and_prevention_ac10 ... ignored
test test_infrastructure_cleanup_and_resource_management_ac9 ... ignored
test test_lsp_infrastructure_integration_ac11 ... ignored
test test_lsp_regression_prevention_ac11 ... ignored
test test_fixture_cleanup_validation_ac9 ... ok

test result: ok. 1 passed; 0 failed; 5 ignored; 0 measured; 0 filtered out; finished in 0.00s

     Running tests/lsp_cancellation_parser_integration_tests.rs (target/debug/deps/lsp_cancellation_parser_integration_tests-ca24fff92be81b4c)

running 6 tests
test test_dual_pattern_indexing_cancellation_ac7 ... ignored
test test_cross_file_reference_cancellation_ac8 ... ok
test test_incremental_parsing_cancellation_preservation_ac6 ... ignored
test test_incremental_parsing_checkpoint_cancellation_ac6 ... ignored
test test_multi_tier_resolver_cancellation_ac8 ... ignored
test test_workspace_indexing_cancellation_integrity_ac7 ... ignored

test result: ok. 1 passed; 0 failed; 5 ignored; 0 measured; 0 filtered out; finished in 0.00s

     Running tests/lsp_cancellation_performance_tests.rs (target/debug/deps/lsp_cancellation_performance_tests-7ad3dc65aec8d791)

running 5 tests
test test_cancellation_check_latency_performance_ac12 ... ok
test test_end_to_end_cancellation_response_time_ac12 ... ignored
test test_incremental_parsing_performance_preservation_ac12 ... ok
test test_cancellation_check_threading_performance_ac12 ... ok
test test_memory_overhead_validation_ac12 ... ok

test result: ok. 4 passed; 0 failed; 1 ignored; 0 measured; 0 filtered out; finished in 0.02s

     Running tests/lsp_cancellation_protocol_tests.rs (target/debug/deps/lsp_cancellation_protocol_tests-754283e715609883)

running 13 tests
test test_cancellation_registry_concurrent_operations_ac2 ... ok
test test_atomic_cancellation_token_operations_ac2 ... ok
test test_concurrent_cancellation_coordination_ac5 ... ignored
test test_concurrent_resource_cleanup_ac5 ... ignored
test test_cross_file_navigation_cancellation_ac3 ... ignored
test test_dual_indexing_cancellation_consistency_ac3 ... ignored
test test_enhanced_cancel_request_with_provider_context_ac1 ... ignored
test test_enhanced_error_response_handling_ac4 ... ignored
test test_graceful_error_degradation_ac4 ... ignored
test test_json_rpc_protocol_compliance_ac1 ... ignored
test test_multiple_provider_cancellation_with_context_ac1 ... ignored
test test_workspace_symbol_dual_pattern_cancellation_ac3 ... ignored
test test_provider_cleanup_thread_safety_ac2 ... ok

test result: ok. 3 passed; 0 failed; 10 ignored; 0 measured; 0 filtered out; finished in 0.01s

     Running tests/lsp_capabilities_contract.rs (target/debug/deps/lsp_capabilities_contract-6dd9523e629c6e4d)

running 2 tests
test test_unsupported_methods_return_error ... ignored
test test_ga_capabilities_contract ... FAILED

failures:

---- test_ga_capabilities_contract stdout ----
Initialized with root URI: file:///tmp/test
Tool availability: perltidy=true, perlcritic=false
Sending successful response for request initialize

thread 'test_ga_capabilities_contract' panicked at crates/perl-lsp/tests/lsp_capabilities_contract.rs:69:5:
codeLensProvider must be advertised
stack backtrace:
   0: __rustc::rust_begin_unwind
             at /rustc/1159e78c4747b02ef996e55082b704c09b970588/library/std/src/panicking.rs:697:5
   1: core::panicking::panic_fmt
             at /rustc/1159e78c4747b02ef996e55082b704c09b970588/library/core/src/panicking.rs:75:14
   2: lsp_capabilities_contract::test_ga_capabilities_contract
   3: lsp_capabilities_contract::test_ga_capabilities_contract::{{closure}}
             at ./tests/lsp_capabilities_contract.rs:8:35
   4: core::ops::function::FnOnce::call_once
             at /home/steven/.rustup/toolchains/stable-x86_64-unknown-linux-gnu/lib/rustlib/src/rust/library/core/src/ops/function.rs:253:5
   5: core::ops::function::FnOnce::call_once
             at /rustc/1159e78c4747b02ef996e55082b704c09b970588/library/core/src/ops/function.rs:253:5
note: Some details are omitted, run with `RUST_BACKTRACE=full` for a verbose backtrace.


failures:
    test_ga_capabilities_contract

test result: FAILED. 0 passed; 1 failed; 1 ignored; 0 measured; 0 filtered out; finished in 0.67s

error: test failed, to rerun pass `-p perl-lsp --test lsp_capabilities_contract`
     Running tests/lsp_capabilities_contract_full.rs (target/debug/deps/lsp_capabilities_contract_full-7f911467881a36b3)

running 0 tests

test result: ok. 0 passed; 0 failed; 0 ignored; 0 measured; 0 filtered out; finished in 0.00s

     Running tests/lsp_capabilities_contract_lock.rs (target/debug/deps/lsp_capabilities_contract_lock-c89104b68f5a5a9b)

running 1 test
test locked_capabilities_are_conservative ... ignored

test result: ok. 0 passed; 0 failed; 1 ignored; 0 measured; 0 filtered out; finished in 0.00s

     Running tests/lsp_capabilities_snapshot.rs (target/debug/deps/lsp_capabilities_snapshot-552075256483c44d)

running 3 tests
test regenerate_snapshots ... ignored
test test_ga_lock_capabilities_snapshot ... ok
test test_production_capabilities_snapshot ... ok

test result: ok. 2 passed; 0 failed; 1 ignored; 0 measured; 0 filtered out; finished in 0.04s

     Running tests/lsp_caps_contract_shapes.rs (target/debug/deps/lsp_caps_contract_shapes-2e3c73f4b73b6080)

running 4 tests
test test_capability_handler_consistency ... ignored
test test_capability_shapes_lsp_318_contract ... ignored
test test_ga_lock_is_conservative ... ignored
test test_non_advertised_features_return_method_not_found ... ignored

test result: ok. 0 passed; 0 failed; 4 ignored; 0 measured; 0 filtered out; finished in 0.00s

     Running tests/lsp_code_actions_comprehensive_tests.rs (target/debug/deps/lsp_code_actions_comprehensive_tests-d7b7bf745acf3444)

running 12 tests
test test_code_action_resolve ... ok
test test_code_action_server_capabilities ... ignored
test test_add_missing_pragmas_refactoring ... ok
test test_code_actions_filtering ... ignored
test test_code_actions_empty_selection ... ok
test test_code_actions_invalid_range ... ok
test test_code_actions_performance ... ok
test test_code_quality_refactorings ... ok
test test_extract_variable_refactoring ... ignored
test test_extract_subroutine_refactoring ... ok
test test_organize_imports_refactoring ... ok
test test_quickfix_actions_from_diagnostics ... ok

test result: ok. 9 passed; 0 failed; 3 ignored; 0 measured; 0 filtered out; finished in 2.34s

     Running tests/lsp_code_actions_comprehensive_tests_enhanced.rs (target/debug/deps/lsp_code_actions_comprehensive_tests_enhanced-7b7e62ee9267ef64)

running 7 tests
test test_enhanced_code_action_server_capabilities ... ignored
test test_enhanced_code_actions_filtering ... ignored
test test_enhanced_code_action_resolve ... ok
test test_enhanced_code_actions_performance ... ok
test test_enhanced_organize_imports_refactoring ... ok
test test_enhanced_extract_variable_refactoring ... ok
test test_enhanced_quickfix_pragma_actions ... ok

test result: ok. 5 passed; 0 failed; 2 ignored; 0 measured; 0 filtered out; finished in 1.53s

     Running tests/lsp_code_actions_test.rs (target/debug/deps/lsp_code_actions_test-23c4d9450dd0c37f)

running 5 tests
test test_multiple_diagnostics_multiple_actions ... ignored
test test_parse_error_semicolon_fix ... ignored
test test_undefined_variable_quick_fix ... ignored
test test_unused_variable_quick_fix ... ignored
test test_variable_shadowing_quick_fix ... ignored

test result: ok. 0 passed; 0 failed; 5 ignored; 0 measured; 0 filtered out; finished in 0.00s

     Running tests/lsp_code_actions_tests.rs (target/debug/deps/lsp_code_actions_tests-a8d9088d32bb29ee)

running 9 tests
test test_add_error_checking ... ignored
test test_add_missing_pragmas ... ignored
test test_convert_loop_style ... ignored
test test_convert_to_postfix ... ignored
test test_extract_subroutine ... ignored
test test_extract_variable ... ignored
test test_fix_undefined_variable ... ignored
test test_multiple_refactorings ... ignored
test test_organize_imports ... ignored

test result: ok. 0 passed; 0 failed; 9 ignored; 0 measured; 0 filtered out; finished in 0.00s

     Running tests/lsp_code_lens_reference_test.rs (target/debug/deps/lsp_code_lens_reference_test-8df4a0e954d4f1ab)

running 2 tests
test test_code_lens_package_references ... ignored
test test_code_lens_reference_counting ... ignored

test result: ok. 0 passed; 0 failed; 2 ignored; 0 measured; 0 filtered out; finished in 0.00s

     Running tests/lsp_codelens_tests.rs (target/debug/deps/lsp_codelens_tests-8941724122737af5)

running 4 tests
test test_codelens_resolve ... ignored
test test_package_gets_references_lens ... ignored
test test_shows_codelens_on_sub ... ignored
test test_test_subroutine_gets_run_lens ... ignored

test result: ok. 0 passed; 0 failed; 4 ignored; 0 measured; 0 filtered out; finished in 0.00s

     Running tests/lsp_completion_tests.rs (target/debug/deps/lsp_completion_tests-e05ca5cca96727e8)

running 17 tests
test test_array_variable_completion ... ignored
test test_builtin_completion ... ignored
test test_completion_details ... ignored
test test_completion_ranking ... ignored
test test_element_access_completion ... ignored
test test_empty_prefix_completion ... ignored
test test_function_completion ... ignored
test test_hash_variable_completion ... ignored
test test_incremental_completion ... ignored
test test_keyword_completion ... ignored
test test_method_completion ... ignored
test test_mixed_context_completion ... ignored
test test_no_completion_in_comments ... ignored
test test_package_completion ... ignored
test test_scalar_variable_completion ... ignored
test test_snippet_completion ... ignored
test test_special_variable_completion ... ignored

test result: ok. 0 passed; 0 failed; 17 ignored; 0 measured; 0 filtered out; finished in 0.00s

     Running tests/lsp_comprehensive_3_17_test.rs (target/debug/deps/lsp_comprehensive_3_17_test-428b1fce9839824d)

running 59 tests
test test_cancel_request_3_17 ... ignored
test test_code_action_3_17 ... ignored
test test_code_action_resolve_3_17 ... ignored
test test_code_lens_3_17 ... ignored
test test_completion_3_17 ... ignored
test test_declaration_3_17 ... ignored
test test_definition_3_17 ... ignored
test test_diagnostic_pull_3_17 ... ignored
test test_document_color_3_17 ... ignored
test test_document_highlight_3_17 ... ignored
test test_document_link_3_17 ... ignored
test test_document_symbol_3_17 ... ignored
test test_dollar_prefixed_request_method_not_found ... ignored
test test_error_codes_3_17 ... ignored
test test_execute_command_3_17 ... ignored
test test_file_operations_3_17 ... ignored
test test_folding_range_3_17 ... ignored
test test_formatting_3_17 ... ignored
test test_full_lsp_3_17_compliance ... ignored
test test_hover_3_17 ... ignored
test test_implementation_3_17 ... ignored
test test_inbound_before_initialize_contract ... ignored
test test_incoming_calls_3_17 ... ignored
test test_initialize_contract_3_17 ... ignored
test test_initialized_notification ... ignored
test test_inlay_hint_3_17 ... ignored
test test_inline_value_3_17 ... ignored
test test_linked_editing_range_3_17 ... ignored
test test_log_message_3_17 ... ignored
test test_log_trace_3_17 ... ignored
test test_moniker_3_17 ... ignored
test test_notebook_document_3_17 ... ignored
test test_on_type_formatting_3_17 ... ignored
test test_partial_result_streaming_contract ... ignored
test test_prepare_call_hierarchy_3_17 ... ignored
test test_prepare_rename_3_17 ... ignored
test test_prepare_type_hierarchy_3_17 ... ignored
test test_progress_3_17 ... ignored
test test_range_formatting_3_17 ... ignored
test test_references_3_17 ... ignored
test test_rename_3_17 ... ignored
test test_selection_range_3_17 ... ignored
test test_semantic_tokens_full_3_17 ... ignored
test test_semantic_tokens_range_3_17 ... ignored
test test_set_trace_3_17 ... ignored
test test_show_document_3_17 ... ignored
test test_show_message_3_17 ... ignored
test test_shutdown_exit_3_17 ... ignored
test test_signature_help_3_17 ... ignored
test test_telemetry_3_17 ... ignored
test test_text_document_sync_full ... ignored
test test_type_definition_3_17 ... ignored
test test_type_hierarchy_supertypes_3_17 ... ignored
test test_watched_files_3_17 ... ignored
test test_work_done_progress_3_17 ... ignored
test test_workspace_diagnostic_3_17 ... ignored
test test_workspace_folders_3_17 ... ignored
test test_workspace_symbol_3_17 ... ignored
test test_workspace_symbol_resolve_3_17 ... ignored

test result: ok. 0 passed; 0 failed; 59 ignored; 0 measured; 0 filtered out; finished in 0.00s

     Running tests/lsp_comprehensive_e2e_test.rs (target/debug/deps/lsp_comprehensive_e2e_test-836a67ad923b5ef5)

running 31 tests
test test_coverage_summary ... ignored
test test_e2e_code_actions ... ignored
test test_e2e_code_completion ... ignored
test test_e2e_document_formatting ... ignored
test test_e2e_document_symbols ... ignored
test test_e2e_error_recovery ... ignored
test test_e2e_execute_command ... ignored
test test_e2e_find_all_references ... ignored
test test_e2e_folding_ranges ... ignored
test test_e2e_go_to_definition ... ignored
test test_e2e_hover_information ... ignored
test test_e2e_incremental_parsing ... ignored
test test_e2e_initialization_and_capabilities ... ignored
test test_e2e_inlay_hints ... ignored
test test_e2e_modern_perl_features ... ignored
test test_e2e_multi_file_support ... ignored
test test_e2e_performance_large_files ... ignored
test test_e2e_real_time_diagnostics ... ignored
test test_e2e_refactoring_support ... ignored
test test_e2e_rename_symbol ... ignored
test test_e2e_semantic_tokens ... ignored
test test_e2e_signature_help ... ignored
test test_e2e_unicode_support ... ignored
test test_e2e_workspace_symbols ... ignored
test test_edge_case_concurrent_modifications ... ignored
test test_edge_case_malformed_requests ... ignored
test test_edge_case_memory_pressure ... ignored
test test_user_story_bug_fixing ... ignored
test test_user_story_developer_onboarding ... ignored
test test_user_story_legacy_refactoring ... ignored
test test_user_story_tdd_development ... ignored

test result: ok. 0 passed; 0 failed; 31 ignored; 0 measured; 0 filtered out; finished in 0.00s

     Running tests/lsp_concurrency.rs (target/debug/deps/lsp_concurrency-1083b386b6338dc3)

running 10 tests
test test_call_hierarchy_during_refactoring ... ignored
test test_completion_cache_invalidation ... ignored
test test_concurrent_document_modifications ... ignored
test test_concurrent_requests ... ignored
test test_diagnostic_publishing_race ... ignored
test test_multi_file_rename_race ... ignored
test test_race_condition_open_close ... ignored
test test_reference_search_during_edits ... ignored
test test_semantic_tokens_consistency ... ignored
test test_workspace_symbol_during_changes ... ignored

test result: ok. 0 passed; 0 failed; 10 ignored; 0 measured; 0 filtered out; finished in 0.00s

     Running tests/lsp_concurrent_request_management_tests_simple.rs (target/debug/deps/lsp_concurrent_request_management_tests_simple-21d0c9fa7748932c)

running 4 tests
test test_concurrent_request_processing_ac3 ... ignored
test test_lsp_workflow_stage_tracking_ac4 ... ignored
test test_performance_metrics_collection_ac3 ... ignored
test test_request_timeout_cancellation_integration_ac3_ac4 ... ignored

test result: ok. 0 passed; 0 failed; 4 ignored; 0 measured; 0 filtered out; finished in 0.00s

     Running tests/lsp_critical_user_stories.rs (target/debug/deps/lsp_critical_user_stories-afa7f2d32abe72de)

running 5 tests
test test_critical_missing_user_stories_summary ... ignored
test test_user_story_code_quality ... ignored
test test_user_story_cpan_integration ... ignored
test test_user_story_error_recovery ... ignored
test test_user_story_pod_documentation ... ignored

test result: ok. 0 passed; 0 failed; 5 ignored; 0 measured; 0 filtered out; finished in 0.00s

     Running tests/lsp_cross_file_nav.rs (target/debug/deps/lsp_cross_file_nav-a16011ede0cadada)

running 3 tests
test test_cross_file_definition ... ignored
test test_cross_file_references ... ignored
test test_workspace_symbols_after_indexing ... ignored

test result: ok. 0 passed; 0 failed; 3 ignored; 0 measured; 0 filtered out; finished in 0.00s

     Running tests/lsp_declaration_test.rs (target/debug/deps/lsp_declaration_test-3dee753f4c85169d)

running 6 tests
test test_constant_declaration ... ignored
test test_cross_package_subroutine ... ignored
test test_subroutine_declaration ... ignored
test test_unicode_variable_name ... ignored
test test_variable_declaration_same_block ... ignored
test test_variable_shadowing ... ignored

test result: ok. 0 passed; 0 failed; 6 ignored; 0 measured; 0 filtered out; finished in 0.00s

     Running tests/lsp_document_links_test.rs (target/debug/deps/lsp_document_links_test-b3e6d5491928eac2)

running 2 tests
test test_document_links_basic ... ignored
test test_url_handling ... ignored

test result: ok. 0 passed; 0 failed; 2 ignored; 0 measured; 0 filtered out; finished in 0.00s

     Running tests/lsp_document_symbols_test.rs (target/debug/deps/lsp_document_symbols_test-ec71ecc76cfd38f0)

running 7 tests
test test_document_symbols_all_variable_types ... ignored
test test_document_symbols_basic ... ignored
test test_document_symbols_empty_document ... ignored
test test_document_symbols_hierarchical_structure ... ignored
test test_document_symbols_nested ... ignored
test test_document_symbols_with_constants ... ignored
test test_document_symbols_with_labels ... ignored

test result: ok. 0 passed; 0 failed; 7 ignored; 0 measured; 0 filtered out; finished in 0.00s

     Running tests/lsp_e2e_user_stories.rs (target/debug/deps/lsp_e2e_user_stories-9057ad28527293ef)

running 16 tests
test test_complete_development_workflow ... ignored
test test_user_story_api_documentation ... ignored
test test_user_story_code_actions ... ignored
test test_user_story_code_completion ... ignored
test test_user_story_code_review_workflow ... ignored
test test_user_story_debugging_workflow ... ignored
test test_user_story_document_symbols ... ignored
test test_user_story_find_references ... ignored
test test_user_story_go_to_definition ... ignored
test test_user_story_hover_information ... ignored
test test_user_story_incremental_parsing ... ignored
test test_user_story_module_navigation ... ignored
test test_user_story_performance_optimization ... ignored
test test_user_story_real_time_diagnostics ... ignored
test test_user_story_rename_symbol ... ignored
test test_user_story_signature_help ... ignored

test result: ok. 0 passed; 0 failed; 16 ignored; 0 measured; 0 filtered out; finished in 0.00s

     Running tests/lsp_edge_cases_test.rs (target/debug/deps/lsp_edge_cases_test-4270519827c82fb1)

running 13 tests
test test_boundary_positions ... ignored
test test_circular_references ... ignored
test test_concurrent_file_operations ... ignored
test test_empty_file_handling ... ignored
test test_heredoc_edge_cases ... ignored
test test_incomplete_statements ... ignored
test test_large_line_handling ... ignored
test test_malformed_perl_recovery ... ignored
test test_mixed_encodings ... ignored
test test_rapid_edits ... ignored
test test_regex_with_special_delimiters ... ignored
test test_special_variable_handling ... ignored
test test_unicode_edge_cases ... ignored

test result: ok. 0 passed; 0 failed; 13 ignored; 0 measured; 0 filtered out; finished in 0.00s

     Running tests/lsp_encoding_edge_cases.rs (target/debug/deps/lsp_encoding_edge_cases-633f5942447e0e64)

running 14 tests
test test_bidi_text ... ignored
test test_confusable_characters ... ignored
test test_emoji_and_special_unicode ... ignored
test test_encoding_pragma ... ignored
test test_grapheme_clusters ... ignored
test test_invalid_utf8_sequences ... ignored
test test_long_unicode_identifiers ... ignored
test test_mixed_line_endings ... ignored
test test_private_use_area ... ignored
test test_surrogate_pairs ... ignored
test test_unicode_in_regex ... ignored
test test_unicode_normalization ... ignored
test test_utf8_bom ... ignored
test test_zero_width_characters ... ignored

test result: ok. 0 passed; 0 failed; 14 ignored; 0 measured; 0 filtered out; finished in 0.00s

     Running tests/lsp_enhanced_error_handling_tests_simple.rs (target/debug/deps/lsp_enhanced_error_handling_tests_simple-450b6162aabd07ad)

running 4 tests
test test_enhanced_error_response_structure ... ignored
test test_error_response_performance ... ignored
test test_malformed_json_frame_recovery ... ignored
test test_secure_malformed_frame_logging ... ignored

test result: ok. 0 passed; 0 failed; 4 ignored; 0 measured; 0 filtered out; finished in 0.00s

     Running tests/lsp_error_recovery.rs (target/debug/deps/lsp_error_recovery-b0350f577380815e)

running 11 tests
test test_completion_in_broken_context ... ignored
test test_diagnostic_recovery ... ignored
test test_formatting_with_errors ... ignored
test test_goto_definition_with_errors ... ignored
test test_hover_in_error_context ... ignored
test test_incremental_edit_recovery ... ignored
test test_partial_document_parsing ... ignored
test test_recover_from_parse_errors ... ignored
test test_reference_search_with_errors ... ignored
test test_rename_with_parse_errors ... ignored
test test_workspace_recovery_after_error ... ignored

test result: ok. 0 passed; 0 failed; 11 ignored; 0 measured; 0 filtered out; finished in 0.00s

     Running tests/lsp_error_recovery_behavioral_tests.rs (target/debug/deps/lsp_error_recovery_behavioral_tests-c80af2cf3f2468b3)

running 21 tests
test test_adaptive_threading_lsp_harness_timeout_validation ... ignored
test test_adaptive_threading_optimized_idle_detection ... ignored
test test_diagnostic_publication_cross_file_error_correlation ... ignored
test test_diagnostic_publication_incremental_updates ... ignored
test test_edge_case_empty_document_with_errors ... ignored
test test_edge_case_unicode_in_error_diagnostics ... ignored
test test_edge_case_very_large_file_with_errors ... ignored
test test_error_recovery_performance_budget ... ignored
test test_error_recovery_semantic_tokens_with_errors ... ignored
test test_error_recovery_workspace_indexing_continuity ... ignored
test test_integration_parser_and_lexer_error_combination ... ignored
test test_jsonrpc_error_response_compliance ... ignored
test test_lexer_error_diagnostic_publication ... ignored
test test_lsp_diagnostic_severity_mapping ... ignored
test test_lsp_graceful_degradation_with_adaptive_threading ... ignored
test test_lsp_server_session_continuity_on_parse_error ... ignored
test test_multiple_parse_errors_diagnostic_collection ... ignored
test test_partial_ast_lsp_feature_availability ... ignored
test test_performance_error_path_lsp_response_time ... ignored
test test_session_continuity_error_during_lsp_operation ... ignored
test test_session_continuity_multiple_error_recovery_cycles ... ignored

test result: ok. 0 passed; 0 failed; 21 ignored; 0 measured; 0 filtered out; finished in 0.00s

     Running tests/lsp_execute_command_comprehensive_tests.rs (target/debug/deps/lsp_execute_command_comprehensive_tests-0516d939349c03fc)

running 25 tests
test test_adaptive_threading_behavior ... ignored
test test_builtin_analyzer_complex_perl_syntax ... ignored
test test_builtin_analyzer_policy_coverage ... ignored
test test_builtin_analyzer_unicode_handling ... ignored
test test_complete_workflow_integration ... ignored
test test_concurrent_execute_command_stress ... ignored
test test_concurrent_execute_commands ... ignored
test test_dual_analyzer_strategy_fallback ... ignored
test test_error_recovery_state_consistency ... ignored
test test_execute_command_empty_file ... ignored
test test_execute_command_parameter_validation ... ignored
test test_execute_command_protocol_compliance ... ignored
test test_execute_command_server_capabilities ... ignored
test test_execute_command_timeout_handling ... ignored
test test_existing_execute_commands ... ignored
test test_external_tool_timeout_handling ... ignored
test test_json_rpc_protocol_edge_cases ... ignored
test test_malformed_perl_resilience ... ignored
test test_memory_usage_patterns ... ignored
test test_path_traversal_security ... ignored
test test_perl_run_critic_builtin_analyzer ... ignored
test test_perl_run_critic_external_tool ... ignored
test test_perl_run_critic_performance ... ignored
test test_perl_run_critic_syntax_error_handling ... ignored
test test_resource_exhaustion_resilience ... ignored

test result: ok. 0 passed; 0 failed; 25 ignored; 0 measured; 0 filtered out; finished in 0.00s

     Running tests/lsp_execute_command_comprehensive_tests_enhanced.rs (target/debug/deps/lsp_execute_command_comprehensive_tests_enhanced-61125374ce63d641)

running 8 tests
test test_enhanced_concurrent_handling ... ignored
test test_enhanced_empty_file_handling ... ignored
test test_enhanced_execute_command_protocol_compliance ... ignored
test test_enhanced_execute_command_server_capabilities ... ignored
test test_enhanced_performance_validation ... ignored
test test_enhanced_perl_run_critic_syntax_error_handling ... ignored
test test_enhanced_uri_handling ... ignored
test test_revolutionary_performance_integration ... ignored

test result: ok. 0 passed; 0 failed; 8 ignored; 0 measured; 0 filtered out; finished in 0.00s

     Running tests/lsp_execute_command_tests.rs (target/debug/deps/lsp_execute_command_tests-cff6772ae0725b99)

running 4 tests
test test_execute_command_capabilities ... ignored
test test_execute_command_run_file ... ignored
test test_execute_command_run_tests ... ignored
test test_execute_command_unknown ... ignored

test result: ok. 0 passed; 0 failed; 4 ignored; 0 measured; 0 filtered out; finished in 0.00s

     Running tests/lsp_feature_gating_test.rs (target/debug/deps/lsp_feature_gating_test-063393ad68664619)

running 3 tests
test test_experimental_features_enabled ... ignored
test test_non_advertised_features_hidden ... ignored
test test_type_hierarchy_advertised ... ignored

test result: ok. 0 passed; 0 failed; 3 ignored; 0 measured; 0 filtered out; finished in 0.00s

     Running tests/lsp_features_snapshot_test.rs (target/debug/deps/lsp_features_snapshot_test-894aaaaff8bd608c)

running 2 tests
test test_advertised_features_match_capabilities ... ignored
test test_lsp_318_features_present ... ignored

test result: ok. 0 passed; 0 failed; 2 ignored; 0 measured; 0 filtered out; finished in 0.00s

     Running tests/lsp_filesystem_failures.rs (target/debug/deps/lsp_filesystem_failures-afbc543f31302bf1)

running 15 tests
test test_broken_symlink ... ignored
test test_case_sensitive_filesystem ... ignored
test test_device_files ... ignored
test test_directory_as_file ... ignored
test test_fifo_pipe ... ignored
test test_file_deleted_while_open ... ignored
test test_file_modified_externally ... ignored
test test_hidden_files ... ignored
test test_non_existent_file ... ignored
test test_permission_denied_directory ... ignored
test test_read_only_file ... ignored
test test_special_filename_characters ... ignored
test test_symlink_loop ... ignored
test test_very_long_path ... ignored
test test_workspace_folder_deleted ... ignored

test result: ok. 0 passed; 0 failed; 15 ignored; 0 measured; 0 filtered out; finished in 0.00s

     Running tests/lsp_final_coverage.rs (target/debug/deps/lsp_final_coverage-80356b977f30682d)

running 6 tests
test test_complete_user_story_coverage_summary ... ignored
test test_user_story_advanced_debugging ... ignored
test test_user_story_custom_snippets ... ignored
test test_user_story_real_time_collaboration ... ignored
test test_user_story_version_control_integration ... ignored
test test_user_story_workspace_configuration ... ignored

test result: ok. 0 passed; 0 failed; 6 ignored; 0 measured; 0 filtered out; finished in 0.00s

     Running tests/lsp_folding_ranges_test.rs (target/debug/deps/lsp_folding_ranges_test-ac0a14b897db28d9)

running 7 tests
test test_folding_ranges_blocks ... ignored
test test_folding_ranges_data_structures ... ignored
test test_folding_ranges_empty_document ... ignored
test test_folding_ranges_imports ... ignored
test test_folding_ranges_packages ... ignored
test test_folding_ranges_subroutines ... ignored
test test_folding_ranges_try_catch ... ignored

test result: ok. 0 passed; 0 failed; 7 ignored; 0 measured; 0 filtered out; finished in 0.00s

     Running tests/lsp_formatting_e2e.rs (target/debug/deps/lsp_formatting_e2e-371c0b4efd81ceff)

running 4 tests
test document_formatting_with_perltidy ... ignored
test formatting_preserves_comments ... ignored
test formatting_with_custom_config ... ignored
test range_formatting ... ignored

test result: ok. 0 passed; 0 failed; 4 ignored; 0 measured; 0 filtered out; finished in 0.00s

     Running tests/lsp_full_coverage_user_stories.rs (target/debug/deps/lsp_full_coverage_user_stories-1208ec701d58051f)

running 16 tests
test test_comprehensive_integration ... ignored
test test_concurrent_operations ... ignored
test test_performance_large_file ... ignored
test test_user_story_configuration_management ... ignored
test test_user_story_database_integration ... ignored
test test_user_story_debugging_workflow ... ignored
test test_user_story_documentation_generation ... ignored
test test_user_story_error_handling ... ignored
test test_user_story_live_collaboration ... ignored
test test_user_story_multi_file_project_navigation ... ignored
test test_user_story_package_management ... ignored
test test_user_story_performance_profiling ... ignored
test test_user_story_refactoring_legacy_code ... ignored
test test_user_story_regex_development ... ignored
test test_user_story_test_driven_development ... ignored
test test_user_story_web_development ... ignored

test result: ok. 0 passed; 0 failed; 16 ignored; 0 measured; 0 filtered out; finished in 0.00s

     Running tests/lsp_golden_tests.rs (target/debug/deps/lsp_golden_tests-5182bd85fdedab13)

running 6 tests
test test_completion_golden ... ignored
test test_diagnostics_golden ... ignored
test test_edit_loop_robustness ... ignored
test test_folding_ranges_golden ... ignored
test test_hover_golden ... ignored
test test_semantic_tokens_golden ... ignored

test result: ok. 0 passed; 0 failed; 6 ignored; 0 measured; 0 filtered out; finished in 0.00s

     Running tests/lsp_highlight_e2e.rs (target/debug/deps/lsp_highlight_e2e-ddf32798b80d4e0b)

running 3 tests
test highlights_across_scopes ... ignored
test highlights_read_and_write ... ignored
test no_highlights_for_different_variables ... ignored

test result: ok. 0 passed; 0 failed; 3 ignored; 0 measured; 0 filtered out; finished in 0.00s

     Running tests/lsp_implementation_tests.rs (target/debug/deps/lsp_implementation_tests-637757c87026a081)

running 4 tests
test test_implementation_find_subclasses ... ignored
test test_implementation_interface_pattern ... ignored
test test_implementation_method_overrides ... ignored
test test_implementation_no_implementations ... ignored

test result: ok. 0 passed; 0 failed; 4 ignored; 0 measured; 0 filtered out; finished in 0.01s

     Running tests/lsp_inlay_hints.rs (target/debug/deps/lsp_inlay_hints-568bf1fef5ddc350)

running 1 test
test inlay_hints_for_substr_and_types ... ignored

test result: ok. 0 passed; 0 failed; 1 ignored; 0 measured; 0 filtered out; finished in 0.00s

     Running tests/lsp_inline_completion_tests.rs (target/debug/deps/lsp_inline_completion_tests-86ead85f7303649a)

running 5 tests
test test_inline_completion_after_arrow ... ignored
test test_inline_completion_after_use ... ignored
test test_inline_completion_no_suggestions ... ignored
test test_inline_completion_shebang ... ignored
test test_inline_completion_sub_body ... ignored

test result: ok. 0 passed; 0 failed; 5 ignored; 0 measured; 0 filtered out; finished in 0.00s

     Running tests/lsp_integration_test.rs (target/debug/deps/lsp_integration_test-e8a453df29f4d36a)

running 3 tests
test test_lsp_initialize ... ignored
test test_lsp_message_format ... ignored
test test_lsp_response_parsing ... ignored

test result: ok. 0 passed; 0 failed; 3 ignored; 0 measured; 0 filtered out; finished in 0.00s

     Running tests/lsp_integration_tests.rs (target/debug/deps/lsp_integration_tests-f8bde9c5293c9ce0)

running 16 tests
test test_call_hierarchy_incoming ... ignored
test test_call_hierarchy_outgoing ... ignored
test test_call_hierarchy_prepare ... ignored
test test_code_lens_integration ... ignored
test test_code_lens_provider ... ignored
test test_code_lens_resolve ... ignored
test test_document_updates ... ignored
test test_error_handling ... ignored
test test_inlay_hints ... ignored
test test_inlay_hints_range ... ignored
test test_lsp_initialization ... ignored
test test_multiple_documents ... ignored
test test_semantic_tokens_full ... ignored
test test_semantic_tokens_range ... ignored
test test_shebang_detection ... ignored
test test_workspace_symbols_integration ... ignored

test result: ok. 0 passed; 0 failed; 16 ignored; 0 measured; 0 filtered out; finished in 0.00s

     Running tests/lsp_invariants_test.rs (target/debug/deps/lsp_invariants_test-21d1e899291a66cc)

running 8 tests
test test_concurrent_request_handling ... ignored
test test_diagnostics_version_invariant ... ignored
test test_error_response_structure ... ignored
test test_id_matching_invariants ... ignored
test test_invalid_request_errors ... ignored
test test_no_crash_on_malformed_json ... ignored
test test_notifications_no_response ... ignored
test test_response_structure_invariants ... ignored

test result: ok. 0 passed; 0 failed; 8 ignored; 0 measured; 0 filtered out; finished in 0.00s

     Running tests/lsp_issue_145_comprehensive_e2e_tests.rs (target/debug/deps/lsp_issue_145_comprehensive_e2e_tests-786afb0bfa0a5c3e)

running 9 tests
test test_backwards_compatibility ... ignored
test test_complete_workflow_performance ... ignored
test test_concurrent_operations ... ignored
test test_cross_file_integration ... ignored
test test_error_handling_integration ... ignored
test test_issue_145_complete_workflow ... ignored
test test_lsp_protocol_compliance ... ignored
test test_resource_management ... ignored
test test_workspace_configuration_integration ... ignored

test result: ok. 0 passed; 0 failed; 9 ignored; 0 measured; 0 filtered out; finished in 0.00s

     Running tests/lsp_linked_editing_tests.rs (target/debug/deps/lsp_linked_editing_tests-18f94f10d810e48a)

running 5 tests
test test_brace_pair ... ignored
test test_nested_parens ... ignored
test test_no_pair_at_position ... ignored
test test_quotes_pair ... ignored
test test_square_brackets ... ignored

test result: ok. 0 passed; 0 failed; 5 ignored; 0 measured; 0 filtered out; finished in 0.00s

     Running tests/lsp_links_and_selection.rs (target/debug/deps/lsp_links_and_selection-dfcb572c3c43c881)

running 1 test
test document_links_and_selection ... ignored

test result: ok. 0 passed; 0 failed; 1 ignored; 0 measured; 0 filtered out; finished in 0.00s

     Running tests/lsp_malformed_frames_test.rs (target/debug/deps/lsp_malformed_frames_test-1c7b1e61681f27fb)

running 7 tests
test test_edge_case_malformed_frame_recovery ... ignored
test test_header_case_sensitivity ... ignored
test test_invalid_json_body ... ignored
test test_malformed_headers_handling ... ignored
test test_server_specific_header_parsing ... ignored
test test_unknown_method ... ignored
test test_wrong_content_length_recovery ... ignored

test result: ok. 0 passed; 0 failed; 7 ignored; 0 measured; 0 filtered out; finished in 0.00s

     Running tests/lsp_master_integration_test.rs (target/debug/deps/lsp_master_integration_test-65715e984006a9c7)

running 3 tests
test test_all_test_suites_pass ... ignored
test test_complete_lsp_integration ... ignored
test test_complete_workflow_performance ... ignored

test result: ok. 0 passed; 0 failed; 3 ignored; 0 measured; 0 filtered out; finished in 0.00s

     Running tests/lsp_memory_pressure.rs (target/debug/deps/lsp_memory_pressure-93fe2a80f34c764f)

running 14 tests
test test_cache_exhaustion ... ignored
test test_deep_ast_nesting ... ignored
test test_diagnostic_explosion ... ignored
test test_exponential_backtracking ... ignored
test test_extremely_large_document ... ignored
test test_incremental_parsing_stress ... ignored
test test_infinite_loop_in_content ... ignored
test test_many_small_documents ... ignored
test test_memory_leak_detection ... ignored
test test_recursive_macro_expansion ... ignored
test test_reference_chain ... ignored
test test_string_explosion ... ignored
test test_symbol_table_explosion ... ignored
test test_wide_ast_tree ... ignored

test result: ok. 0 passed; 0 failed; 14 ignored; 0 measured; 0 filtered out; finished in 0.00s

     Running tests/lsp_missing_user_stories.rs (target/debug/deps/lsp_missing_user_stories-4b25d5caccb7a0f4)

running 6 tests
test test_missing_user_stories_summary ... ignored
test test_user_story_advanced_refactoring ... ignored
test test_user_story_multi_file_navigation ... ignored
test test_user_story_performance_monitoring ... ignored
test test_user_story_regex_support ... ignored
test test_user_story_test_integration ... ignored

test result: ok. 0 passed; 0 failed; 6 ignored; 0 measured; 0 filtered out; finished in 0.00s

     Running tests/lsp_new_features_test.rs (target/debug/deps/lsp_new_features_test-39a25e95d2a54e5d)

running 1 test
test test_new_features_advertised ... ignored

test result: ok. 0 passed; 0 failed; 1 ignored; 0 measured; 0 filtered out; finished in 0.00s

     Running tests/lsp_new_features_tests.rs (target/debug/deps/lsp_new_features_tests-93110f99c8815e96)

running 8 tests
test test_document_links_local_files ... ignored
test test_document_links_metacpan ... ignored
test test_file_watcher_registration ... ignored
test test_on_type_formatting_brace ... ignored
test test_on_type_formatting_newline ... ignored
test test_on_type_formatting_tabs ... ignored
test test_selection_ranges ... ignored
test test_selection_ranges_edge_cases ... ignored

test result: ok. 0 passed; 0 failed; 8 ignored; 0 measured; 0 filtered out; finished in 0.00s

     Running tests/lsp_on_type_formatting.rs (target/debug/deps/lsp_on_type_formatting-18852abc4fdbc870)

running 2 tests
test on_type_braces_indent ... ignored
test on_type_closing_brace_dedent ... ignored

test result: ok. 0 passed; 0 failed; 2 ignored; 0 measured; 0 filtered out; finished in 0.00s

     Running tests/lsp_performance_benchmarks.rs (target/debug/deps/lsp_performance_benchmarks-5ac405df73830f4f)

running 13 tests
test benchmark_concurrent_requests ... ignored
test benchmark_deep_nesting ... ignored
test benchmark_diagnostics ... ignored
test benchmark_document_symbols ... ignored
test benchmark_find_references ... ignored
test benchmark_goto_definition ... ignored
test benchmark_hover ... ignored
test benchmark_incremental_parsing ... ignored
test benchmark_initialization ... ignored
test benchmark_memory_usage ... ignored
test benchmark_parsing_large_file ... ignored
test benchmark_parsing_simple_file ... ignored
test benchmark_summary ... ignored

test result: ok. 0 passed; 0 failed; 13 ignored; 0 measured; 0 filtered out; finished in 0.00s

     Running tests/lsp_perltidy_test.rs (target/debug/deps/lsp_perltidy_test-2c89d4c85460baab)

running 2 tests
test test_formatting_provider_capability ... ignored
test test_pragma_code_actions ... ignored

test result: ok. 0 passed; 0 failed; 2 ignored; 0 measured; 0 filtered out; finished in 0.00s

     Running tests/lsp_protocol_tests.rs (target/debug/deps/lsp_protocol_tests-59b60efd151216e7)

running 6 tests
test test_diagnostics_clear_protocol_framing ... ignored
test test_position_encoding_advertised ... ignored
test test_tool_detection ... ignored
test test_uri_normalization ... ignored
test test_workspace_symbol_deduplication ... ignored
test test_workspace_symbol_response_format ... ignored

test result: ok. 0 passed; 0 failed; 6 ignored; 0 measured; 0 filtered out; finished in 0.00s

     Running tests/lsp_protocol_violations.rs (target/debug/deps/lsp_protocol_violations-d4ea10844d037883)

running 26 tests
test test_additional_headers ... ignored
test test_batch_request_violations ... ignored
test test_circular_json_reference ... ignored
test test_double_initialization ... ignored
test test_duplicate_request_ids ... ignored
test test_extremely_nested_json ... ignored
test test_float_positions ... ignored
test test_incomplete_message ... ignored
test test_invalid_content_length_header ... ignored
test test_invalid_method_name_format ... ignored
test test_invalid_uri_schemes ... ignored
test test_invalid_utf8_in_message ... ignored
test test_method_result_and_error ... ignored
test test_mismatched_content_length ... ignored
test test_missing_content_length_header ... ignored
test test_missing_jsonrpc_version ... ignored
test test_mixed_protocol_versions ... ignored
test test_negative_positions ... ignored
test test_notification_with_id ... ignored
test test_null_values_in_required_fields ... ignored
test test_params_type_violations ... ignored
test test_request_before_initialization ... ignored
test test_request_without_id ... ignored
test test_response_without_request ... ignored
test test_wrong_jsonrpc_version ... ignored
test test_wrong_type_for_position ... ignored

test result: ok. 0 passed; 0 failed; 26 ignored; 0 measured; 0 filtered out; finished in 0.00s

     Running tests/lsp_pull_diagnostics_test.rs (target/debug/deps/lsp_pull_diagnostics_test-db4f6df35a1c8194)

running 5 tests
test test_diagnostic_provider_capability ... ignored
test test_document_diagnostic ... ignored
test test_document_diagnostic_unchanged ... ignored
test test_workspace_diagnostic ... ignored
test test_workspace_diagnostic_with_previous_ids ... ignored

test result: ok. 0 passed; 0 failed; 5 ignored; 0 measured; 0 filtered out; finished in 0.01s

     Running tests/lsp_real_world_integration.rs (target/debug/deps/lsp_real_world_integration-b371c9dc3853a198)

running 8 tests
test test_catalyst_controller ... ignored
test test_complex_regex_patterns ... ignored
test test_cpan_module_structure ... ignored
test test_dbi_database_code ... ignored
test test_modern_perl_features ... ignored
test test_mojolicious_app ... ignored
test test_multi_file_project ... ignored
test test_perl_test_file ... ignored

test result: ok. 0 passed; 0 failed; 8 ignored; 0 measured; 0 filtered out; finished in 0.00s

     Running tests/lsp_schema_validation.rs (target/debug/deps/lsp_schema_validation-a20488f88d0325b6)

running 14 tests
test test_code_action_response_schema ... ignored
test test_completion_response_schema ... ignored
test test_diagnostic_pull_response_schema ... ignored
test test_document_symbol_response_schema ... ignored
test test_error_response_schema ... ignored
test test_hover_response_schema ... ignored
test test_initialize_response_schema_3_17 ... ignored
test test_inlay_hint_response_schema ... ignored
test test_lsp_3_17_compliance_summary ... ignored
test test_publish_diagnostics_schema ... ignored
test test_semantic_tokens_response_schema ... ignored
test test_signature_help_response_schema ... ignored
test test_type_hierarchy_response_schema ... ignored
test test_workspace_symbol_response_schema ... ignored

test result: ok. 0 passed; 0 failed; 14 ignored; 0 measured; 0 filtered out; finished in 0.00s

     Running tests/lsp_security_edge_cases.rs (target/debug/deps/lsp_security_edge_cases-05b25d33085032ad)

running 12 tests
test test_code_injection_prevention ... ignored
test test_encoding_edge_cases ... ignored
test test_format_string_vulnerability ... ignored
test test_integer_overflow_prevention ... ignored
test test_null_byte_injection ... ignored
test test_path_traversal_prevention ... ignored
test test_permission_denied_simulation ... ignored
test test_protocol_confusion ... ignored
test test_resource_uri_validation ... ignored
test test_special_file_handling ... ignored
test test_symlink_and_hardlink_handling ... ignored
test test_time_based_attacks ... ignored

test result: ok. 0 passed; 0 failed; 12 ignored; 0 measured; 0 filtered out; finished in 0.00s

     Running tests/lsp_semantic_tokens.rs (target/debug/deps/lsp_semantic_tokens-da39ef00e03749ad)

running 1 test
test semantic_tokens_emit_data ... ignored

test result: ok. 0 passed; 0 failed; 1 ignored; 0 measured; 0 filtered out; finished in 0.00s

     Running tests/lsp_semantic_tokens_e2e.rs (target/debug/deps/lsp_semantic_tokens_e2e-00d7beaa1aaacf90)

running 1 test
test semantic_tokens_expected_ranges ... ignored

test result: ok. 0 passed; 0 failed; 1 ignored; 0 measured; 0 filtered out; finished in 0.00s

     Running tests/lsp_signature_integration_test.rs (target/debug/deps/lsp_signature_integration_test-8099eefd8c1a5589)

running 13 tests
test test_builtin_vs_user_functions ... ignored
test test_comprehensive_function_categories ... ignored
test test_documentation_quality ... ignored
test test_file_test_operators ... ignored
test test_lsp_signature_help_request_format ... ignored
test test_method_call_signatures ... ignored
test test_multi_signature_functions ... ignored
test test_overloaded_operators_as_functions ... ignored
test test_parameter_highlighting ... ignored
test test_pragma_like_functions ... ignored
test test_signature_help_trigger_characters ... ignored
test test_signature_help_with_syntax_errors ... ignored
test test_special_forms ... ignored

test result: ok. 0 passed; 0 failed; 13 ignored; 0 measured; 0 filtered out; finished in 0.00s

     Running tests/lsp_stress_tests.rs (target/debug/deps/lsp_stress_tests-ff1194929c1a6aef)

running 10 tests
test test_completion_with_huge_scope ... ignored
test test_complex_regex_patterns ... ignored
test test_deeply_nested_ast ... ignored
test test_infinite_loop_prevention ... ignored
test test_large_file_handling ... ignored
test test_many_open_documents ... ignored
test test_massive_symbol_count ... ignored
test test_memory_leak_prevention ... ignored
test test_rapid_fire_requests ... ignored
test test_workspace_search_performance ... ignored

test result: ok. 0 passed; 0 failed; 10 ignored; 0 measured; 0 filtered out; finished in 0.00s

     Running tests/lsp_type_definition_tests.rs (target/debug/deps/lsp_type_definition_tests-56423b35c150d178)

running 6 tests
test test_type_definition_basic ... ignored
test test_type_definition_blessed_reference ... ignored
test test_type_definition_crlf_emoji_positions ... ignored
test test_type_definition_isa_operator ... ignored
test test_type_definition_method_call ... ignored
test test_type_definition_no_type ... ignored

test result: ok. 0 passed; 0 failed; 6 ignored; 0 measured; 0 filtered out; finished in 0.00s

     Running tests/lsp_type_hierarchy_e2e.rs (target/debug/deps/lsp_type_hierarchy_e2e-6af65a7112b96220)

running 4 tests
test isa_array_inheritance ... ignored
test multiple_inheritance ... ignored
test prepare_and_subtypes ... ignored
test type_hierarchy_ignores_string_literals ... ignored

test result: ok. 0 passed; 0 failed; 4 ignored; 0 measured; 0 filtered out; finished in 0.00s

     Running tests/lsp_type_hierarchy_test.rs (target/debug/deps/lsp_type_hierarchy_test-71071aec57bee44a)

running 5 tests
test test_type_hierarchy_capability_advertised ... ignored
test test_type_hierarchy_prepare ... ignored
test test_type_hierarchy_subtypes ... ignored
test test_type_hierarchy_supertypes ... ignored
test test_type_hierarchy_with_namespace_packages ... ignored

test result: ok. 0 passed; 0 failed; 5 ignored; 0 measured; 0 filtered out; finished in 0.00s

     Running tests/lsp_unhappy_paths.rs (target/debug/deps/lsp_unhappy_paths-e85f37bb4f3ab798)

running 9 tests
test test_binary_content ... ignored
test test_binary_frame ... ignored
test test_cancel_request ... ignored
test test_document_not_found ... ignored
test test_invalid_method ... ignored
test test_invalid_uri_format ... ignored
test test_malformed_json_request ... ignored
test test_missing_required_params ... ignored
test test_out_of_bounds_position ... ignored

test result: ok. 0 passed; 0 failed; 9 ignored; 0 measured; 0 filtered out; finished in 0.00s

     Running tests/lsp_unicode_props.rs (target/debug/deps/lsp_unicode_props-46f402e7f6b56abd)

running 2 tests
test test_utf16_handles_various_strings ... ignored
test test_utf16_position_roundtrip ... ignored

test result: ok. 0 passed; 0 failed; 2 ignored; 0 measured; 0 filtered out; finished in 0.00s

     Running tests/lsp_window_progress_test.rs (target/debug/deps/lsp_window_progress_test-bc27f2d31f0b91cf)

running 21 tests
test test_cancelled_request_error ... ignored
test test_content_modified_error ... ignored
test test_diagnostic_server_cancellation_data ... ignored
test test_parallel_progress_tokens ... ignored
test test_progress_before_initialization ... ignored
test test_progress_notification_sequence ... ignored
test test_progress_percentage_monotonic ... ignored
test test_progress_token_types ... ignored
test test_progress_with_partial_results ... ignored
test test_request_failed_error ... ignored
test test_server_cancelled_error ... ignored
test test_show_document_request_contract ... ignored
test test_telemetry_event_notification ... ignored
test test_telemetry_no_pii ... ignored
test test_window_log_message_notification ... ignored
test test_window_messages_before_initialization ... ignored
test test_window_progress_acceptance_criteria ... ignored
test test_window_show_document_capability_gating ... ignored
test test_work_done_progress_cancel ... ignored
test test_work_done_progress_capability_gating ... ignored
test test_work_done_progress_create_response ... ignored

test result: ok. 0 passed; 0 failed; 21 ignored; 0 measured; 0 filtered out; finished in 0.01s

     Running tests/lsp_workspace_file_ops_tests.rs (target/debug/deps/lsp_workspace_file_ops_tests-39287d2d5f5be59a)

running 13 tests
test test_apply_edit_invalid_params ... ignored
test test_apply_edit_multi_line ... ignored
test test_apply_edit_no_document ... ignored
test test_apply_edit_single_line ... ignored
test test_did_change_watched_files_changed ... ignored
test test_did_change_watched_files_created ... ignored
test test_did_change_watched_files_deleted ... ignored
test test_did_change_watched_files_invalid_uri ... ignored
test test_did_delete_files ... ignored
test test_did_delete_files_invalid_uri ... ignored
test test_path_to_module_name ... ignored
test test_will_rename_files ... ignored
test test_will_rename_files_missing_uri ... ignored

test result: ok. 0 passed; 0 failed; 13 ignored; 0 measured; 0 filtered out; finished in 0.01s

     Running tests/lsp_workspace_index_e2e.rs (target/debug/deps/lsp_workspace_index_e2e-30822455674e2046)

running 4 tests
test test_cross_file_definition ... ignored
test test_lsp_workspace_symbols_with_index ... ignored
test test_workspace_index_cross_file ... ignored
test test_workspace_index_file_updates ... ignored

test result: ok. 0 passed; 0 failed; 4 ignored; 0 measured; 0 filtered out; finished in 0.00s

     Running tests/lsp_workspace_symbol_resolve_test.rs (target/debug/deps/lsp_workspace_symbol_resolve_test-3b8270db1274bfbf)

running 4 tests
test test_workspace_symbol_resolve ... ignored
test test_workspace_symbol_resolve_capability ... ignored
test test_workspace_symbol_resolve_unknown_symbol ... ignored
test test_workspace_symbol_resolve_with_container ... ignored

test result: ok. 0 passed; 0 failed; 4 ignored; 0 measured; 0 filtered out; finished in 0.00s

     Running tests/test_utils.rs (target/debug/deps/test_utils-12eb5b3b083676e4)

running 0 tests

test result: ok. 0 passed; 0 failed; 0 ignored; 0 measured; 0 filtered out; finished in 0.00s

     Running unittests src/lib.rs (target/debug/deps/perl_parser-c37feebf6facaf53)

running 313 tests
test ast_v2::tests::test_node_creation ... ok
test call_hierarchy_provider::tests::test_call_hierarchy_prepare ... ok
test call_hierarchy_provider::tests::test_incoming_calls ... ok
test call_hierarchy_provider::tests::test_outgoing_calls ... ok
test ast_v2::tests::test_error_nodes ... ok
test cancellation::tests::test_atomic_cancellation_operations ... ok
test cancellation::tests::test_cancellation_registry_operations ... ok
test cancellation::tests::test_cancellation_token_creation ... ok
test cancellation::tests::test_performance_metrics ... ok
test cancellation::tests::test_provider_cleanup_context ... ok
test code_actions::tests::test_undefined_variable_fix ... ok
test code_actions::tests::test_assignment_in_condition_fix ... ok
test code_actions_enhanced::tests::test_convert_to_postfix ... ok
test code_actions_enhanced::tests::test_add_error_checking ... ok
test code_actions_pragmas::tests::test_insertion_point_after_package ... ok
test code_actions_pragmas::tests::test_missing_pragmas ... ok
test code_actions_pragmas::tests::test_no_actions_when_pragmas_present ... ok
test code_actions_provider::tests::test_parse_error_semicolon_fix ... ok
test code_actions_enhanced::tests::test_extract_variable ... ok
test code_actions_provider::tests::test_unused_variable_fix ... ok
test code_actions_provider::tests::test_undefined_variable_fix ... ok
test code_lens_provider::tests::test_code_lens_extraction ... ok
test code_lens_provider::tests::test_resolve_code_lens ... ok
test completion::tests::test_builtin_completion ... ok
test completion::tests::test_current_package_detection ... ok
test completion::tests::test_function_completion ... ok
test completion::tests::test_package_block_detection ... ok
test completion::tests::test_package_member_completion ... ok
test completion::tests::test_variable_completion ... ok
test debug_adapter::tests::test_debug_adapter_creation ... ok
test code_lens_provider::tests::test_shebang_lens ... ok
test debug_adapter::tests::test_initialize_response ... ok
test diagnostics::tests::test_undefined_variable ... ok
test debug_adapter::tests::test_sequence_numbers ... ok
test document_highlight::tests::test_highlight_function_call ... ok
test diagnostics::tests::test_unused_variable ... ok
test document_highlight::tests::test_highlight_scalar_variable ... ok
test document_highlight::tests::test_no_highlights_for_non_symbol ... ok
test document_store::tests::test_document_lifecycle ... ok
test document_store::tests::test_drive_letter_lookup ... ok
test document_store::tests::test_uri_drive_letter_normalization ... ok
test document_store::tests::test_multiple_documents ... ok
test edit::tests::test_edit_set ... ok
test edit::tests::test_multiline_edit ... ok
test document_store::tests::test_uri_with_spaces ... ok
test edit::tests::test_simple_edit ... ok
test error_classifier::tests::test_classify_missing_semicolon ... ok
test error_classifier::tests::test_classify_unclosed_string ... ok
test error_recovery::tests::test_error_creation ... ok
test execute_command::tests::test_command_exists_behavior ... ok
test execute_command::tests::test_command_exists_not_hardcoded_true ... ok
test execute_command::tests::test_command_routing_perl_debug_tests ... ok
test execute_command::tests::test_all_command_routing_paths ... ok
test execute_command::tests::test_command_routing_perl_run_file ... ok
test execute_command::tests::test_command_routing_perl_run_test_sub ... ok
test execute_command::tests::test_execute_command_invalid_command ... ok
test execute_command::tests::test_execute_command_return_value_mutations ... ok
test execute_command::tests::test_execute_command_run_critic_builtin ... ok
test execute_command::tests::test_execute_command_run_critic_missing_file ... ok
test execute_command::tests::test_extract_file_path_argument_validation ... ok
test execute_command::tests::test_extract_file_path_return_value_mutations ... ok
test execute_command::tests::test_format_command_result_failure ... ok
test execute_command::tests::test_format_command_result_negation_mutation ... ok
test execute_command::tests::test_format_command_result_structure ... ok
test execute_command::tests::test_format_critic_error_structure ... ok
test execute_command::tests::test_format_functions_not_default ... ok
test execute_command::tests::test_format_violation_structure ... ok
test execute_command::tests::test_is_test_file_logic ... ok
test execute_command::tests::test_is_test_file_operator_mutations ... ok
test execute_command::tests::test_command_routing_perl_run_tests ... ok
test execute_command::tests::test_normalize_file_path_not_hardcoded ... ok
test execute_command::tests::test_normalize_file_path_uri_handling ... ok
test execute_command::tests::test_parameter_validation_missing_file_path ... ok
test execute_command::tests::test_parameter_validation_missing_subroutine_name ... ok
test execute_command::tests::test_run_builtin_critic_arithmetic_mutations ... ok
test execute_command::tests::test_run_builtin_critic_with_valid_file ... ok
test execute_command::tests::test_run_critic_file_existence_logic ... ok
test execute_command::tests::test_run_critic_file_exists_check ... ok
test execute_command::tests::test_method_return_values_not_defaults ... ok
test execute_command::tests::test_supported_commands_includes_run_critic ... ok
test formatting::tests::test_format_simple_code ... ignored
test formatting::tests::test_formatting_options ... ok
test import_optimizer::tests::test_bare_import_with_exports_detection ... ok
test import_optimizer::tests::test_basic_import_analysis ... ok
test import_optimizer::tests::test_complex_perl_code_analysis ... ok
test import_optimizer::tests::test_duplicate_import_detection ... ok
test import_optimizer::tests::test_empty_file_analysis ... ok
test import_optimizer::tests::test_generate_optimized_imports ... ok
test import_optimizer::tests::test_missing_import_detection ... ok
test import_optimizer::tests::test_organization_suggestions ... ok
test import_optimizer::tests::test_qw_import_parsing ... ok
test import_optimizer::tests::test_regex_edge_cases ... ok
test import_optimizer::tests::test_unused_import_detection ... ok
test incremental_advanced_reuse::tests::test_advanced_reuse_analyzer_creation ... ok
test incremental_advanced_reuse::tests::test_children_count_calculation ... ok
test incremental_advanced_reuse::tests::test_content_hash_differs_for_different_values ... ok
test incremental_advanced_reuse::tests::test_node_compatibility_for_content_update ... ok
test incremental_advanced_reuse::tests::test_reuse_config_defaults ... ok
test incremental_advanced_reuse::tests::test_structural_hash_calculation ... ok
test incremental_checkpoint::tests::test_checkpoint_cache_update ... ok
test incremental_checkpoint::tests::test_checkpoint_incremental_parsing ... ok
test incremental_document::tests::test_cache_eviction ... ok
test incremental_document::tests::test_cache_priority_preservation ... ok
test incremental_document::tests::test_cache_respects_max_size ... ok
test incremental_document::tests::test_code_lens_reference_preservation ... ok
test incremental_document::tests::test_completion_metadata_preservation ... ok
test incremental_document::tests::test_incremental_multiple_edits ... ok
test incremental_document::tests::test_incremental_single_token_edit ... ok
test execute_command::tests::test_run_tests_logic_operators ... ok
test incremental_document::tests::test_workspace_symbol_cache_preservation ... ok
test incremental_edit::tests::test_edit_set_apply ... ok
test incremental_edit::tests::test_incremental_edit_basic ... ok
test incremental_edit::tests::test_incremental_edit_deletion ... ok
test incremental_edit::tests::test_incremental_edit_insertion ... ok
test incremental_edit::tests::test_incremental_edit_replacement ... ok
test incremental_integration::tests::test_byte_to_lsp_pos ... ok
test incremental_integration::tests::test_crlf_handling ... ok
test incremental_integration::tests::test_lsp_pos_to_byte ... ok
test incremental_integration::tests::test_utf16_handling ... ok
test incremental_simple::tests::test_simple_incremental ... ok
test incremental_v2::tests::test_basic_compilation ... ok
test incremental_v2::tests::test_complex_nested_structure_edits ... ok
test incremental_v2::tests::test_edit_near_ast_node_boundaries ... ok
test incremental_v2::tests::test_empty_source_handling ... ok
test incremental_v2::tests::test_incremental_value_change ... ok
test incremental_v2::tests::test_invalid_edit_bounds ... ok
test incremental_v2::tests::test_large_document_performance ... ok
test incremental_v2::tests::test_multiple_value_changes ... ok
test incremental_v2::tests::test_performance_regression_detection ... ok
test incremental_v2::tests::test_performance_timing_detailed ... ok
test incremental_v2::tests::test_string_edit ... ok
test incremental_v2::tests::test_too_many_edits_fallback ... ok
test incremental_v2::tests::test_unicode_heavy_incremental_parsing ... ok
test index::tests::test_workspace_index ... ok
test inlay_hints_provider::tests::test_no_hints_for_clear_arguments ... ok
test inlay_hints_provider::tests::test_parameter_hints ... ok
test inlay_hints_provider::tests::test_type_hints ... ok
test inline_completions::tests::test_after_arrow ... ok
test inline_completions::tests::test_after_sub ... ok
test inline_completions::tests::test_after_use ... ok
test inline_completions::tests::test_no_completion_when_brace_exists ... ok
test inline_completions::tests::test_shebang_completion ... ok
test line_index::tests::test_ascii_positions ... ok
test line_index::tests::test_position_to_offset ... ok
test line_index::tests::test_utf16_positions ... ok
test line_index::tests::test_utf16_roundtrip ... ok
test lsp_server::tests::code_action_append_uses_document_end ... ok
test lsp_server::tests::end_position_handles_missing_final_newline ... ok
test incremental_document::tests::test_symbol_priority_classification ... FAILED
test parser::tests::test_block_vs_hash_context ... ok
test parser::tests::test_function_definition ... ok
test parser::tests::test_if_statement ... ok
test parser::tests::test_list_declarations ... ok
test parser::tests::test_qualified_function_call ... ok
test parser::tests::test_qw_delimiters ... ok
test parser::tests::test_simple_variable ... ok
test parser_context::tests::test_crlf_line_endings ... ok
test parser_context::tests::test_empty_source ... ok
test parser_context::tests::test_error_accumulation ... ok
test parser_context::tests::test_multiline_positions ... ok
test parser_context::tests::test_multiline_string_token_positions ... ok
test parser_context::tests::test_parser_context_creation ... ok
test parser_context::tests::test_single_token ... ok
test parser_context::tests::test_token_advancement ... ok
test parser_context::tests::test_utf16_position_mapping ... ok
test performance::tests::test_ast_cache ... ok
test performance::tests::test_incremental_parser ... ok
test performance::tests::test_symbol_index ... ok
test perl_critic::tests::test_builtin_policies ... ok
test perl_critic::tests::test_severity_levels ... ok
test perltidy::tests::test_builtin_formatter ... ok
test perltidy::tests::test_config_to_args ... ok
test perltidy::tests::test_pbp_config ... ok
test position::tests::test_crlf_handling ... ok
test position::tests::test_crlf_with_emoji ... ok
test position::tests::test_offset_to_utf16_line_col ... ok
test position::tests::test_position_advance ... ok
test position::tests::test_range_empty ... ok
test position::tests::test_range_operations ... ok
test position::tests::test_roundtrip ... ok
test position::tests::test_utf16_with_emojis ... ok
test position_mapper::tests::test_crlf_positions ... ok
test position_mapper::tests::test_incremental_edit ... ok
test position_mapper::tests::test_lf_positions ... ok
test position_mapper::tests::test_mixed_line_endings ... ok
test position_mapper::tests::test_utf16_positions ... ok
test positions::tests::test_emoji_with_cache ... ok
test positions::tests::test_line_starts_cache ... ok
test positions::tests::test_pos_comparisons ... ok
test positions::tests::test_pos_in_range ... ok
test positions::tests::test_pos_in_range_same_line ... ok
test pragma_tracker::tests::test_no_strict_disables ... ok
test pragma_tracker::tests::test_use_strict_enables_all ... ok
test pragma_tracker::tests::test_use_strict_specific_category ... ok
test recovery_parser::tests::test_missing_semicolon_recovery ... ok
test recovery_parser::tests::test_parse_with_errors ... ok
test recovery_parser::tests::test_unclosed_block_recovery ... ok
test refactoring::tests::test_config_defaults ... ok
test refactoring::tests::test_operation_id_generation ... ok
test refactoring::tests::test_refactoring_engine_creation ... ok
test rename::tests::test_rename_function ... ok
test rename::tests::test_rename_variable ... ok
test rename::tests::test_validate_new_name ... ok
test semantic::tests::test_comment_doc_extraction ... ok
test semantic::tests::test_cross_package_navigation ... ok
test semantic::tests::test_empty_source_handling ... ok
test semantic::tests::test_hover_doc_from_pod ... ok
test semantic::tests::test_hover_info ... ok
test semantic::tests::test_multiple_comment_lines ... ok
test semantic::tests::test_pod_documentation_extraction ... ok
test semantic::tests::test_scope_identification ... ok
test semantic::tests::test_semantic_tokens ... ok
test semantic_tokens_provider::tests::test_semantic_token_encoding ... ok
test semantic_tokens_provider::tests::test_semantic_tokens_basic ... ok
test semantic_tokens_provider::tests::test_semantic_tokens_consistency_under_load ... ok
test semantic_tokens_provider::tests::test_semantic_tokens_performance ... ok
test semantic_tokens_provider::tests::test_semantic_tokens_thread_safety ... ok
test signature_help::tests::test_builtin_signature_help ... ok
test signature_help::tests::test_nested_calls ... ok
test signature_help::tests::test_parameter_counting ... ok
test signature_help::tests::test_user_defined_signature_parameters ... ok
test symbol::tests::test_symbol_extraction ... ok
test tdd_basic::tests::test_find_subroutines ... ok
test tdd_basic::tests::test_refactoring_suggestions ... ok
test tdd_basic::tests::test_tdd_workflow ... ok
test tdd_basic::tests::test_test_generation ... ok
test tdd_workflow::tests::test_coverage_tracking ... ok
test tdd_workflow::tests::test_generate_tests ... ok
test tdd_workflow::tests::test_refactoring_suggestions ... ok
test tdd_workflow::tests::test_specific_test_generation ... ok
test tdd_workflow::tests::test_tdd_workflow_cycle ... ok
test test_generator::tests::test_cyclomatic_complexity ... ok
test test_generator::tests::test_generate_basic_test ... ok
test test_generator::tests::test_refactoring_suggestions ... ok
test test_runner::tests::test_discover_test_assertions ... ok
test test_runner::tests::test_discover_test_functions ... ok
test test_runner::tests::test_is_test_file ... ok
test tests::test_arrays_and_hashes ... ok
test tests::test_basic_parsing ... ok
test tests::test_control_flow ... ok
test tests::test_edge_cases ... ok
test tests::test_error_cases ... ok
test tests::test_modern_perl_features ... ok
test tests::test_operators ... ok
test tests::test_operators_with_context ... ok
test tests::test_regex ... ok
test tests::test_string_literals ... ok
test tests::test_subroutines ... ok
test tests::test_variable_declaration ... ok
test token_wrapper::tests::test_position_tracker ... ok
test token_wrapper::tests::test_token_wrapping ... ok
test trivia::tests::test_pod_preservation ... ok
test trivia::tests::test_trivia_collection ... ok
test trivia_parser::tests::test_trivia_preservation ... ok
test trivia_parser::tests::test_whitespace_preservation ... ok
test type_definition::tests::test_extract_type_from_constructor ... ok
test type_definition::tests::test_find_package_definition ... ok
test type_hierarchy::tests::test_block_form_packages ... ok
test type_hierarchy::tests::test_find_subtypes ... ok
test type_hierarchy::tests::test_qw_parsing ... ok
test type_hierarchy::tests::test_type_hierarchy_for_package ... ok
test type_hierarchy::tests::test_type_hierarchy_with_isa ... ok
test type_inference::tests::test_array_type_inference ... ok
test type_inference::tests::test_function_return_type ... ok
test type_inference::tests::test_hash_merge_type_inference ... ok
test type_inference::tests::test_hash_type_inference ... ok
test type_inference::tests::test_scalar_type_inference ... ok
test type_inference::tests::test_type_based_completions ... ok
test util::tests::test_code_slice ... ok
test util::tests::test_find_data_marker_lexed ... ok
test workspace_index::tests::test_basic_indexing ... ok
test workspace_index::tests::test_dependencies ... ok
test workspace_index::tests::test_find_references ... ok
test workspace_index::tests::test_fs_path_to_uri_basic ... ok
test workspace_index::tests::test_fs_path_to_uri_with_spaces ... ok
test workspace_index::tests::test_fs_path_to_uri_with_unicode ... ok
test workspace_index::tests::test_normalize_uri_absolute_paths ... ok
test workspace_index::tests::test_normalize_uri_file_schemes ... ok
test workspace_index::tests::test_normalize_uri_special_schemes ... ok
test workspace_index::tests::test_roundtrip_conversion ... ok
test workspace_index::tests::test_uri_to_fs_path_basic ... ok
test workspace_index::tests::test_uri_to_fs_path_with_spaces ... ok
test workspace_index::tests::test_uri_to_fs_path_with_unicode ... ok
test workspace_index_utf16_test::tests::test_clear_file ... ok
test workspace_index_utf16_test::tests::test_document_update_reindex ... ok
test workspace_index_utf16_test::tests::test_multi_package_in_file ... ok
test workspace_index_utf16_test::tests::test_read_write_tracking ... ok
test workspace_index_utf16_test::tests::test_utf16_column_calculation ... ok
test workspace_index_utf16_test::tests::test_utf16_positions_with_emoji ... ok
test workspace_refactor::tests::test_extract_module ... ok
test workspace_refactor::tests::test_extract_module_unicode_content ... ok
test workspace_refactor::tests::test_extract_module_validation_errors ... ok
test workspace_refactor::tests::test_extract_module_with_dependencies ... ok
test workspace_refactor::tests::test_import_optimization_integration ... ok
test workspace_refactor::tests::test_inline_variable ... ok
test workspace_refactor::tests::test_inline_variable_no_initializer ... ok
test workspace_refactor::tests::test_inline_variable_unicode_expressions ... ok
test workspace_refactor::tests::test_inline_variable_validation_errors ... ok
test lsp_server::tests::formatting_edit_has_correct_end_position ... ok
test workspace_refactor::tests::test_move_subroutine ... ok
test workspace_refactor::tests::test_large_file_handling ... ok
test workspace_refactor::tests::test_move_subroutine_not_found ... ok
test workspace_refactor::tests::test_multiple_files_workspace ... ok
test workspace_refactor::tests::test_move_subroutine_validation_errors ... ok
test workspace_refactor::tests::test_optimize_imports ... ok
test workspace_refactor::tests::test_rename_symbol ... ok
test workspace_refactor::tests::test_rename_symbol_complex_perl_constructs ... ok
test workspace_refactor::tests::test_rename_symbol_unicode_variables ... ok
test workspace_refactor::tests::test_rename_symbol_validation_errors ... ok
test workspace_rename::tests::rename_sub_preserves_package_qualifier ... ok
test workspace_symbols::tests::test_offset_to_line_col ... ok
test workspace_symbols::tests::test_workspace_symbols_search ... ok
test workspace_refactor::tests::test_optimize_imports_complex_scenarios ... ok

failures:

---- incremental_document::tests::test_symbol_priority_classification stdout ----

thread 'incremental_document::tests::test_symbol_priority_classification' panicked at crates/perl-parser/src/incremental_document.rs:754:9:
Should classify variables as high priority
stack backtrace:
   0: __rustc::rust_begin_unwind
             at /rustc/1159e78c4747b02ef996e55082b704c09b970588/library/std/src/panicking.rs:697:5
   1: core::panicking::panic_fmt
             at /rustc/1159e78c4747b02ef996e55082b704c09b970588/library/core/src/panicking.rs:75:14
   2: perl_parser::incremental_document::tests::test_symbol_priority_classification
   3: perl_parser::incremental_document::tests::test_symbol_priority_classification::{{closure}}
             at ./src/incremental_document.rs:730:45
   4: core::ops::function::FnOnce::call_once
             at /home/steven/.rustup/toolchains/stable-x86_64-unknown-linux-gnu/lib/rustlib/src/rust/library/core/src/ops/function.rs:253:5
   5: core::ops::function::FnOnce::call_once
             at /rustc/1159e78c4747b02ef996e55082b704c09b970588/library/core/src/ops/function.rs:253:5
note: Some details are omitted, run with `RUST_BACKTRACE=full` for a verbose backtrace.


failures:
    incremental_document::tests::test_symbol_priority_classification

test result: FAILED. 311 passed; 1 failed; 1 ignored; 0 measured; 0 filtered out; finished in 2.19s

error: test failed, to rerun pass `-p perl-parser --lib`
     Running unittests src/bin/perl-dap.rs (target/debug/deps/perl_dap-12ca56343a2cae51)

running 0 tests

test result: ok. 0 passed; 0 failed; 0 ignored; 0 measured; 0 filtered out; finished in 0.00s

     Running unittests src/bin/perl-parse.rs (target/debug/deps/perl_parse-334bb0f2c39ea386)

running 0 tests

test result: ok. 0 passed; 0 failed; 0 ignored; 0 measured; 0 filtered out; finished in 0.00s

     Running tests/ast_invariant_property_mutation_hardening.rs (target/debug/deps/ast_invariant_property_mutation_hardening-e8fce5aed776e7d6)

running 18 tests
test ast_construction_mutation_tests::test_ast_boundary_conditions ... ok
test ast_construction_mutation_tests::test_ast_invariants_perl_constructs::case_1 ... ok
test ast_construction_mutation_tests::test_ast_invariants_perl_constructs::case_2 ... ok
test ast_construction_mutation_tests::test_ast_invariants_perl_constructs::case_3 ... ok
test ast_construction_mutation_tests::test_ast_invariants_perl_constructs::case_4 ... ok
test ast_construction_mutation_tests::test_ast_invariants_perl_constructs::case_5 ... ok
test ast_construction_mutation_tests::test_ast_invariants_perl_constructs::case_6 ... ok
test ast_construction_mutation_tests::test_ast_invariants_perl_constructs::case_7 ... ok
test ast_construction_mutation_tests::test_ast_invariants_perl_constructs::case_8 ... ok
test ast_construction_mutation_tests::test_concurrent_ast_operations ... ok
test ast_property_mutation_tests::property_error_recovery_invariants ... ok
test ast_property_mutation_tests::property_ast_invariants_always_hold ... ok
test ast_property_mutation_tests::property_position_tracking_consistency ... ok
test ast_real_world_integration_tests::test_ast_invariants_under_memory_pressure ... ok
test ast_real_world_integration_tests::test_complex_perl_patterns_ast_invariants ... ok
test sexp_generation_mutation_tests::test_sexp_generation_boundary_conditions ... ok
test sexp_generation_mutation_tests::test_sexp_special_character_handling ... ok
test ast_property_mutation_tests::property_sexp_generation_consistency ... ok

test result: ok. 18 passed; 0 failed; 0 ignored; 0 measured; 0 filtered out; finished in 0.15s

     Running tests/bless_parsing_tests.rs (target/debug/deps/bless_parsing_tests-0b58f74391fe1a48)

running 10 tests
test bless_parsing_tests::test_bless_empty_hash_with_class ... ok
test bless_parsing_tests::test_bless_in_subroutine ... ok
test bless_parsing_tests::test_bless_empty_hash ... ok
test bless_parsing_tests::test_bless_with_string_literal ... ok
test bless_parsing_tests::test_bless_with_hashref_data ... ok
test bless_parsing_tests::test_bless_with_variable_hashref ... ok
test bless_parsing_tests::test_my_variable_assignment_with_bless ... ok
test bless_parsing_tests::test_nested_bless_calls ... ok
test bless_parsing_tests::test_return_bless_empty_hash ... ok
test bless_parsing_tests::test_return_bless_with_class ... ok

test result: ok. 10 passed; 0 failed; 0 ignored; 0 measured; 0 filtered out; finished in 0.03s

     Running tests/block_list_interpolation_test.rs (target/debug/deps/block_list_interpolation_test-8a068e87b311a381)

running 4 tests
test test_hash_interpolation ... ok
test test_complex_map_interpolation ... ok
test test_variable_interpolation ... ok
test test_simple_array_interpolation ... ok

test result: ok. 4 passed; 0 failed; 0 ignored; 0 measured; 0 filtered out; finished in 0.01s

     Running tests/builtin_empty_blocks_test.rs (target/debug/deps/builtin_empty_blocks_test-41b5a28bfe069be9)

running 15 tests
test builtin_empty_blocks_tests::test_each_empty_hash ... ok
test builtin_empty_blocks_tests::test_grep_empty_block ... ok
test builtin_empty_blocks_tests::test_grep_with_expression ... ok
test builtin_empty_blocks_tests::test_keys_empty_hash ... ok
test builtin_empty_blocks_tests::test_map_empty_block ... ok
test builtin_empty_blocks_tests::test_map_with_expression ... ok
test builtin_empty_blocks_tests::test_defined_empty_hash ... ok
test builtin_empty_blocks_tests::test_ref_empty_hash ... ok
test builtin_empty_blocks_tests::test_return_grep_empty_block ... ok
test builtin_empty_blocks_tests::test_return_map_empty_block ... ok
test builtin_empty_blocks_tests::test_return_sort_empty_block ... ok
test builtin_empty_blocks_tests::test_sort_empty_block ... ok
test builtin_empty_blocks_tests::test_sort_with_expression ... ok
test builtin_empty_blocks_tests::test_scalar_empty_hash ... ok
test builtin_empty_blocks_tests::test_values_empty_hash ... ok

test result: ok. 15 passed; 0 failed; 0 ignored; 0 measured; 0 filtered out; finished in 0.02s

     Running tests/builtin_signatures_edge_cases_test.rs (target/debug/deps/builtin_signatures_edge_cases_test-f09f963e5b55dbe3)

running 16 tests
test test_comprehensive_coverage ... ok
test test_ambiguous_functions ... ok
test test_context_functions ... ok
test test_deprecated_functions ... ok
test test_io_layer_functions ... ok
test test_filehandle_functions ... ok
test test_list_operators ... ok
test test_math_functions ... ok
test test_nested_function_calls ... ok
test test_pack_unpack_signatures ... ok
test test_regex_related_functions ... ok
test test_prototype_preservation ... ok
test test_signature_at_various_positions ... ok
test test_socket_functions ... ok
test test_special_variables_in_signatures ... ok
test test_tie_related_functions ... ok

test result: ok. 16 passed; 0 failed; 0 ignored; 0 measured; 0 filtered out; finished in 0.03s

     Running tests/builtin_signatures_test.rs (target/debug/deps/builtin_signatures_test-ebd2fce8adf4cd87)

running 6 tests
test test_io_function_signatures ... ok
test test_comprehensive_builtin_coverage ... ok
test test_socket_function_signatures ... ok
test test_string_function_signatures ... ok
test test_tied_variable_signatures ... ok
test test_math_function_signatures ... ok

test result: ok. 6 passed; 0 failed; 0 ignored; 0 measured; 0 filtered out; finished in 0.01s

     Running tests/cancellation_atomic_operations_hardening.rs (target/debug/deps/cancellation_atomic_operations_hardening-4666bf132a177915)

running 27 tests
test atomic_state_transition_tests::test_atomic_cancelled_flag_state_transitions ... ok
test atomic_state_transition_tests::test_cancel_method_atomic_store_mutations ... ok
test atomic_state_transition_tests::test_is_cancelled_consistency_mutations ... ok
test atomic_state_transition_tests::test_is_cancelled_hot_path_optimization_mutations ... ok
test atomic_state_transition_tests::test_atomic_ordering_mutations_concurrent ... ok
test atomic_state_transition_tests::test_is_cancelled_relaxed_optimization_mutations ... ok
test cancellation_property_hardening_tests::prop_registry_operations_preserve_state ... ok
test cancellation_property_hardening_tests::prop_token_cancellation_atomic ... ok
test global_registry_hardening_tests::test_global_registry_initialization_mutations ... ok
test cancellation_property_hardening_tests::prop_metrics_monotonic_accurate ... ok
test global_registry_hardening_tests::test_global_registry_thread_safety_mutations ... ok
test metrics_atomic_counter_hardening_tests::test_concurrent_metrics_mutations ... ok
test metrics_atomic_counter_hardening_tests::test_memory_overhead_calculation_mutations ... ok
test metrics_atomic_counter_hardening_tests::test_metrics_counter_mutations ... ok
test metrics_atomic_counter_hardening_tests::test_metrics_load_operations_mutations ... ok
test metrics_atomic_counter_hardening_tests::test_registry_metrics_integration_mutations ... ok
test performance_optimization_hardening_tests::test_branch_prediction_likely_mutations ... ok
test performance_optimization_hardening_tests::test_cache_eviction_mutations ... ok
test performance_optimization_hardening_tests::test_registry_fast_slow_path_mutations ... ok
test registry_coordination_hardening_tests::test_cancel_request_coordination_mutations ... ok
test performance_optimization_hardening_tests::test_performance_method_variations ... ok
test registry_coordination_hardening_tests::test_get_token_rwlock_mutations ... ok
test registry_coordination_hardening_tests::test_concurrent_registry_operations_mutations ... ok
test registry_coordination_hardening_tests::test_is_cancelled_registry_lookup_mutations ... ok
test registry_coordination_hardening_tests::test_register_token_rwlock_mutations ... ok
test registry_coordination_hardening_tests::test_remove_request_cleanup_mutations ... ok
test registry_coordination_hardening_tests::test_registry_cache_mutations ... ok

test result: ok. 27 passed; 0 failed; 0 ignored; 0 measured; 0 filtered out; finished in 0.11s

     Running tests/cli_smoke.rs (target/debug/deps/cli_smoke-e9caf86632b86333)

running 2 tests
test health_prints_ok ... ok
test version_shows_git_tag ... ok

test result: ok. 2 passed; 0 failed; 0 ignored; 0 measured; 0 filtered out; finished in 0.05s

     Running tests/code_actions_enhanced_tests.rs (target/debug/deps/code_actions_enhanced_tests-8adc902a2ae860df)

running 7 tests
test test_bareword_code_actions ... ok
test test_duplicate_parameter_code_actions ... ok
test test_bareword_filehandle_suggestion ... ok
test test_edit_ranges_for_parameter_fixes ... ok
test test_multiple_parameter_issues ... ok
test test_unused_parameter_code_actions ... ok
test test_parameter_shadowing_code_actions ... ok

test result: ok. 7 passed; 0 failed; 0 ignored; 0 measured; 0 filtered out; finished in 0.01s

     Running tests/comprehensive_operator_precedence_test.rs (target/debug/deps/comprehensive_operator_precedence_test-f5316834cf65e1fd)

running 9 tests
test test_associativity ... ok
test test_complete_precedence_hierarchy ... ok
test test_complex_precedence_combinations ... ignored, Non-critical precedence edge case - TODO: fix for GA release
test test_parentheses_override ... ok
test test_list_context_precedence ... ok
test test_precedence_errors ... ok
test test_special_cases ... ok
test test_statement_modifiers ... ok
test test_word_operator_precedence_comprehensive ... ok

test result: ok. 8 passed; 0 failed; 1 ignored; 0 measured; 0 filtered out; finished in 0.02s

     Running tests/crash_reproducer_test.rs (target/debug/deps/crash_reproducer_test-6a73f9100781ad2e)

running 2 tests
test test_crash_reproducer_b6dd6f9afe3c18f3efa0b5bb8454be7744f2a458 ... ok
test test_related_heredoc_edge_cases ... ok

test result: ok. 2 passed; 0 failed; 0 ignored; 0 measured; 0 filtered out; finished in 0.00s

     Running tests/critical_fixes_tests.rs (target/debug/deps/critical_fixes_tests-bfe2eb4513132e6e)

running 6 tests
test test_document_store_close_uses_normalized_uri ... ok
test test_lsp_workspace_symbol_no_internal_fields ... ok
test test_symbol_kind_uses_lsp_constants ... ok
test test_uri_normalization_consistency ... ok
test test_workspace_symbol_deduplication ... ok
test test_utf16_position_encoding ... ok

test result: ok. 6 passed; 0 failed; 0 ignored; 0 measured; 0 filtered out; finished in 0.02s

     Running tests/critical_mutation_hardening.rs (target/debug/deps/critical_mutation_hardening-2cbe8a4498f0a72f)

running 9 tests
test test_comprehensive_property_validation ... ok
test test_control_flow_mutations ... ok
test test_boolean_logic_mutations ... ok
test test_delimiter_boundary_length_mutations ... ok
test test_depth_arithmetic_mutations ... ok
test test_function_return_mutations ... ok
test test_paired_delimiter_critical_cases ... ok
test test_semantic_token_overlap_property ... ok
test test_utf8_arithmetic_boundary_mutations ... ok

test result: ok. 9 passed; 0 failed; 0 ignored; 0 measured; 0 filtered out; finished in 0.03s

     Running tests/dap_comprehensive_test.rs (target/debug/deps/dap_comprehensive_test-b636c9ab5e468154)

running 19 tests
test test_dap_breakpoints_invalid_line ... ok
test test_dap_breakpoints_no_session ... ok
test test_dap_disconnect_cleans_up_session ... ok
test test_dap_evaluate_empty_expression ... ok
test test_dap_evaluate_no_session ... ok
test test_dap_breakpoints_missing_source ... ok
test test_dap_full_session_lifecycle ... ok
test test_dap_initialize ... ok
test test_dap_launch_missing_arguments ... ok
test test_dap_pause_no_session ... ok
test test_dap_launch_with_invalid_program ... ok
test test_dap_scopes_valid_frame ... ok
test test_dap_scopes_missing_frame ... ok
test test_dap_threads_no_session ... ok
test test_dap_stacktrace_no_session ... ok
test test_dap_unknown_command ... ok
test test_dap_variables_missing_reference ... ok
test test_dap_variables_default_scope ... ok
test test_sequence_number_increment ... ok

test result: ok. 19 passed; 0 failed; 0 ignored; 0 measured; 0 filtered out; finished in 0.07s

     Running tests/dap_edge_cases_test.rs (target/debug/deps/dap_edge_cases_test-77e333aa6894e5a4)

running 9 tests
test test_dap_attach_not_implemented ... ok
test test_dap_complex_perl_syntax ... ok
test test_dap_evaluate_complex_expressions ... ok
test test_dap_malformed_requests ... ok
test test_dap_pause_without_session ... ok
test test_dap_scopes_edge_cases ... ok
test test_dap_step_commands_without_session ... ok
test test_dap_variables_complex_scopes ... ok
test test_dap_stack_trace_edge_cases ... ok

test result: ok. 9 passed; 0 failed; 0 ignored; 0 measured; 0 filtered out; finished in 0.02s

     Running tests/dap_integration_test.rs (target/debug/deps/dap_integration_test-bfbcc4e85a50f31d)

running 1 test
test test_dap_basic_flow ... ok

test result: ok. 1 passed; 0 failed; 0 ignored; 0 measured; 0 filtered out; finished in 0.04s

     Running tests/dead_code_detector.rs (target/debug/deps/dead_code_detector-2f0e9da525573194)

running 1 test
test detects_dead_code ... ok

test result: ok. 1 passed; 0 failed; 0 ignored; 0 measured; 0 filtered out; finished in 0.00s

     Running tests/declaration_edge_cases_tests.rs (target/debug/deps/declaration_edge_cases_tests-5127231395249025)

running 15 tests
test declaration_edge_cases_tests::test_constant_redefinition ... ok
test declaration_edge_cases_tests::test_constant_with_multiple_options ... ok
test declaration_edge_cases_tests::test_constant_comma_form ... ok
test declaration_edge_cases_tests::test_constant_with_strict_option ... ok
test declaration_edge_cases_tests::test_hash_with_unary_plus ... ok
test declaration_edge_cases_tests::test_mixed_line_endings_in_constants ... ok
test declaration_edge_cases_tests::test_empty_qw ... ok
test declaration_edge_cases_tests::test_multiple_hash_blocks ... ok
test declaration_edge_cases_tests::test_nested_braces_in_hash ... ok
test declaration_edge_cases_tests::test_package_qualified_constant ... ok
test declaration_edge_cases_tests::test_qw_with_newlines ... ok
test declaration_edge_cases_tests::test_qw_with_symmetric_delimiters ... ok
test declaration_edge_cases_tests::test_qwerty_not_matched_as_qw ... ok
test declaration_edge_cases_tests::test_unicode_constant_names ... ok
test declaration_edge_cases_tests::test_multiple_qw_in_one_line ... FAILED

failures:

---- declaration_edge_cases_tests::test_multiple_qw_in_one_line stdout ----

thread 'declaration_edge_cases_tests::test_multiple_qw_in_one_line' panicked at crates/perl-parser/tests/declaration_edge_cases_tests.rs:9:34:
Failed to parse: UnexpectedToken { expected: "expression", found: "FatArrow", location: 22 }
stack backtrace:
   0: __rustc::rust_begin_unwind
             at /rustc/1159e78c4747b02ef996e55082b704c09b970588/library/std/src/panicking.rs:697:5
   1: core::panicking::panic_fmt
             at /rustc/1159e78c4747b02ef996e55082b704c09b970588/library/core/src/panicking.rs:75:14
   2: core::result::unwrap_failed
             at /rustc/1159e78c4747b02ef996e55082b704c09b970588/library/core/src/result.rs:1765:5
   3: core::result::Result<T,E>::expect
             at /home/steven/.rustup/toolchains/stable-x86_64-unknown-linux-gnu/lib/rustlib/src/rust/library/core/src/result.rs:1119:23
   4: declaration_edge_cases_tests::declaration_edge_cases_tests::parse_and_get_provider
             at ./tests/declaration_edge_cases_tests.rs:9:34
   5: declaration_edge_cases_tests::declaration_edge_cases_tests::test_multiple_qw_in_one_line
             at ./tests/declaration_edge_cases_tests.rs:84:24
   6: declaration_edge_cases_tests::declaration_edge_cases_tests::test_multiple_qw_in_one_line::{{closure}}
             at ./tests/declaration_edge_cases_tests.rs:79:38
   7: core::ops::function::FnOnce::call_once
             at /home/steven/.rustup/toolchains/stable-x86_64-unknown-linux-gnu/lib/rustlib/src/rust/library/core/src/ops/function.rs:253:5
   8: core::ops::function::FnOnce::call_once
             at /rustc/1159e78c4747b02ef996e55082b704c09b970588/library/core/src/ops/function.rs:253:5
note: Some details are omitted, run with `RUST_BACKTRACE=full` for a verbose backtrace.


failures:
    declaration_edge_cases_tests::test_multiple_qw_in_one_line

test result: FAILED. 14 passed; 1 failed; 0 ignored; 0 measured; 0 filtered out; finished in 0.65s

error: test failed, to rerun pass `-p perl-parser --test declaration_edge_cases_tests`
     Running tests/declaration_micro_tests.rs (target/debug/deps/declaration_micro_tests-25c324fa60e063b0)

running 17 tests
test declaration_micro_tests::constant_options_qw_both_names_exact_spans ... ignored, Parser doesn't support constant pragma with options and qw
test declaration_micro_tests::test_comment_with_qw_in_it ... ignored, Test expects specific span handling
test declaration_micro_tests::crlf_with_trailing_emoji_clamp_and_roundtrip ... ok
test declaration_micro_tests::test_constant_single_arrow_form ... ok
test declaration_micro_tests::test_constant_with_comma_after_options ... ignored, Parser doesn't support constant pragma with multiple options
test declaration_micro_tests::test_constant_with_strict_option ... ignored, Parser doesn't support constant pragma with -strict
test declaration_micro_tests::test_constant_with_unary_plus_hash ... ignored, Parser doesn't support unary plus in constant hash
test declaration_micro_tests::test_mixed_line_endings_with_emoji ... ignored, Parser doesn't handle mixed line endings with emoji
test declaration_micro_tests::test_multiline_qw ... ok
test declaration_micro_tests::test_multiple_hash_blocks ... ignored, Parser doesn't support multiple hash blocks
test declaration_micro_tests::test_multiple_qw_on_same_line ... ok
test declaration_micro_tests::test_empty_qw ... ok
test declaration_micro_tests::test_nested_braces_in_constant ... ignored, Parser doesn't support nested braces in constant
test declaration_micro_tests::test_qw_exclamation_delimiters ... ignored, Parser doesn't support qw with exclamation delimiters
test declaration_micro_tests::test_symmetric_qw_delimiters ... ignored, Parser doesn't support all qw delimiter forms
test declaration_micro_tests::test_unicode_constant_name ... ignored, Parser doesn't support unicode constant names
test declaration_micro_tests::test_word_boundary_qwerty_not_matched ... ignored, Parser qw matching issue

test result: ok. 5 passed; 0 failed; 12 ignored; 0 measured; 0 filtered out; finished in 0.04s

     Running tests/declaration_unit_tests.rs (target/debug/deps/declaration_unit_tests-a40140ea82dcf960)

running 7 tests
test test_constant_forms ... ok
test test_package_qualified_sub ... ok
test test_shadowing_inner_my ... ok
test test_sub_decl_in_same_package ... ok
test test_tricky_names ... ok
test test_unicode_and_crlf ... ok
test test_var_decl_in_same_block ... ok

test result: ok. 7 passed; 0 failed; 0 ignored; 0 measured; 0 filtered out; finished in 0.02s

     Running tests/documentation_validation_mutation_hardening.rs (target/debug/deps/documentation_validation_mutation_hardening-d25f798ce74257c8)

running 33 tests
test documentation_arithmetic_mutation_tests::test_brace_counting_arithmetic_mutations ... ok
test documentation_arithmetic_mutation_tests::test_documentation_length_threshold_mutations ... ok
test documentation_arithmetic_mutation_tests::test_circular_reference_counting_mutations ... ok
test documentation_boolean_logic_tests::test_cross_reference_validation_edge_cases::case_1 ... ok
test documentation_arithmetic_mutation_tests::test_word_count_threshold_mutations ... ok
test documentation_boolean_logic_tests::test_cross_reference_validation_edge_cases::case_3 ... ok
test documentation_boolean_logic_tests::test_cross_reference_validation_edge_cases::case_2 ... ok
test documentation_boolean_logic_tests::test_cross_reference_validation_edge_cases::case_4 ... ok
test documentation_boolean_logic_tests::test_cross_reference_validation_edge_cases::case_5 ... ok
test documentation_boolean_logic_tests::test_cross_reference_validation_edge_cases::case_7 ... ok
test documentation_boolean_logic_tests::test_cross_reference_validation_edge_cases::case_6 ... ok
test documentation_boolean_logic_tests::test_empty_documentation_detection_boundaries::case_1 ... ok
test documentation_boolean_logic_tests::test_empty_documentation_detection_boundaries::case_2 ... ok
test documentation_boolean_logic_tests::test_empty_documentation_detection_boundaries::case_4 ... ok
test documentation_boolean_logic_tests::test_empty_documentation_detection_boundaries::case_3 ... ok
test documentation_boolean_logic_tests::test_empty_documentation_detection_boundaries::case_6 ... ok
test documentation_boolean_logic_tests::test_empty_documentation_detection_boundaries::case_5 ... ok
test documentation_boolean_logic_tests::test_empty_documentation_detection_boundaries::case_7 ... ok
test documentation_boolean_logic_tests::test_empty_documentation_detection_boundaries::case_8 ... ok
test documentation_boolean_logic_tests::test_malformed_doctest_detection_boolean_logic::case_1 ... ok
test documentation_boolean_logic_tests::test_malformed_doctest_detection_boolean_logic::case_2 ... ok
test documentation_boolean_logic_tests::test_malformed_doctest_detection_boolean_logic::case_4 ... ok
test documentation_boolean_logic_tests::test_malformed_doctest_detection_boolean_logic::case_3 ... ok
test documentation_boolean_logic_tests::test_malformed_doctest_detection_boolean_logic::case_6 ... ok
test documentation_boolean_logic_tests::test_malformed_doctest_detection_boolean_logic::case_5 ... ok
test documentation_boolean_logic_tests::test_malformed_doctest_detection_boolean_logic::case_7 ... ok
test documentation_boolean_logic_tests::test_malformed_doctest_detection_boolean_logic::case_8 ... ok
test documentation_ci_integration_tests::test_documentation_validation_ci_failure_scenarios ... ok
test documentation_ci_integration_tests::test_documentation_quality_gates_edge_conditions ... ok
test documentation_property_tests::property_brace_counting_consistency ... ok
test documentation_property_tests::property_content_length_boundaries ... ok
test documentation_property_tests::property_cross_reference_pattern_robustness ... ok
test documentation_property_tests::property_validation_never_panics ... ok

test result: ok. 33 passed; 0 failed; 0 ignored; 0 measured; 0 filtered out; finished in 0.10s

     Running tests/enhanced_edge_case_parsing_tests.rs (target/debug/deps/enhanced_edge_case_parsing_tests-b0658e89a092d48f)

running 9 tests
test test_complex_regex_patterns ... ignored
test test_boundary_conditions ... ok
test test_complex_subroutine_signatures ... ok
test test_error_recovery_scenarios ... ok
test test_deeply_nested_structures ... ok
test test_large_literal_handling ... ok
test test_performance_stress_patterns ... ok
test test_modern_perl_features ... ok
test test_unicode_and_encoding_edge_cases ... ok

test result: ok. 8 passed; 0 failed; 1 ignored; 0 measured; 0 filtered out; finished in 0.04s

     Running tests/error_classifier_tests.rs (target/debug/deps/error_classifier_tests-ef3f8bab2199f646)

running 17 tests
test test_classify_invalid_syntax ... ok
test test_classify_missing_semicolon ... ok
test test_classify_unclosed_brace ... FAILED
test test_boundary_conditions ... FAILED
test test_classify_unclosed_parenthesis ... FAILED
test test_classify_unclosed_bracket ... FAILED
test test_classify_unclosed_string_double_quote ... ok
test test_classify_unclosed_regex ... ok
test test_classify_unclosed_string_single_quote ... ok
test test_classify_unexpected_eof ... ok
test test_classify_with_context ... FAILED
test test_get_diagnostic_message ... ok
test test_error_classifier_default ... ok
test test_get_suggestion_missing_semicolon ... ok
test test_get_suggestion_unclosed_parenthesis ... ok
test test_get_suggestion_unclosed_string ... ok
test test_heredoc_classification ... FAILED

failures:

---- test_classify_unclosed_brace stdout ----

thread 'test_classify_unclosed_brace' panicked at crates/perl-parser/tests/error_classifier_tests.rs:95:5:
assertion `left == right` failed
  left: MissingSemicolon
 right: UnclosedBrace
stack backtrace:
   0: __rustc::rust_begin_unwind
             at /rustc/1159e78c4747b02ef996e55082b704c09b970588/library/std/src/panicking.rs:697:5
   1: core::panicking::panic_fmt
             at /rustc/1159e78c4747b02ef996e55082b704c09b970588/library/core/src/panicking.rs:75:14
   2: core::panicking::assert_failed_inner
             at /rustc/1159e78c4747b02ef996e55082b704c09b970588/library/core/src/panicking.rs:448:17
   3: core::panicking::assert_failed
             at /home/steven/.rustup/toolchains/stable-x86_64-unknown-linux-gnu/lib/rustlib/src/rust/library/core/src/panicking.rs:403:5
   4: error_classifier_tests::test_classify_unclosed_brace
             at ./tests/error_classifier_tests.rs:95:5
   5: error_classifier_tests::test_classify_unclosed_brace::{{closure}}
             at ./tests/error_classifier_tests.rs:86:34
   6: core::ops::function::FnOnce::call_once
             at /home/steven/.rustup/toolchains/stable-x86_64-unknown-linux-gnu/lib/rustlib/src/rust/library/core/src/ops/function.rs:253:5
   7: core::ops::function::FnOnce::call_once
             at /rustc/1159e78c4747b02ef996e55082b704c09b970588/library/core/src/ops/function.rs:253:5
note: Some details are omitted, run with `RUST_BACKTRACE=full` for a verbose backtrace.

---- test_boundary_conditions stdout ----

thread 'test_boundary_conditions' panicked at crates/perl-parser/src/error_classifier.rs:199:41:
attempt to subtract with overflow
stack backtrace:
   0: __rustc::rust_begin_unwind
             at /rustc/1159e78c4747b02ef996e55082b704c09b970588/library/std/src/panicking.rs:697:5
   1: core::panicking::panic_fmt
             at /rustc/1159e78c4747b02ef996e55082b704c09b970588/library/core/src/panicking.rs:75:14
   2: core::panicking::panic_const::panic_const_sub_overflow
             at /rustc/1159e78c4747b02ef996e55082b704c09b970588/library/core/src/panicking.rs:175:17
   3: perl_parser::error_classifier::ErrorClassifier::classify
             at ./src/error_classifier.rs:199:41
   4: error_classifier_tests::test_boundary_conditions
             at ./tests/error_classifier_tests.rs:155:29
   5: error_classifier_tests::test_boundary_conditions::{{closure}}
             at ./tests/error_classifier_tests.rs:147:30
   6: core::ops::function::FnOnce::call_once
             at /home/steven/.rustup/toolchains/stable-x86_64-unknown-linux-gnu/lib/rustlib/src/rust/library/core/src/ops/function.rs:253:5
   7: core::ops::function::FnOnce::call_once
             at /rustc/1159e78c4747b02ef996e55082b704c09b970588/library/core/src/ops/function.rs:253:5
note: Some details are omitted, run with `RUST_BACKTRACE=full` for a verbose backtrace.

---- test_classify_unclosed_parenthesis stdout ----

thread 'test_classify_unclosed_parenthesis' panicked at crates/perl-parser/tests/error_classifier_tests.rs:67:5:
assertion `left == right` failed
  left: MissingSemicolon
 right: UnclosedParenthesis
stack backtrace:
   0: __rustc::rust_begin_unwind
             at /rustc/1159e78c4747b02ef996e55082b704c09b970588/library/std/src/panicking.rs:697:5
   1: core::panicking::panic_fmt
             at /rustc/1159e78c4747b02ef996e55082b704c09b970588/library/core/src/panicking.rs:75:14
   2: core::panicking::assert_failed_inner
             at /rustc/1159e78c4747b02ef996e55082b704c09b970588/library/core/src/panicking.rs:448:17
   3: core::panicking::assert_failed
             at /home/steven/.rustup/toolchains/stable-x86_64-unknown-linux-gnu/lib/rustlib/src/rust/library/core/src/panicking.rs:403:5
   4: error_classifier_tests::test_classify_unclosed_parenthesis
             at ./tests/error_classifier_tests.rs:67:5
   5: error_classifier_tests::test_classify_unclosed_parenthesis::{{closure}}
             at ./tests/error_classifier_tests.rs:58:40
   6: core::ops::function::FnOnce::call_once
             at /home/steven/.rustup/toolchains/stable-x86_64-unknown-linux-gnu/lib/rustlib/src/rust/library/core/src/ops/function.rs:253:5
   7: core::ops::function::FnOnce::call_once
             at /rustc/1159e78c4747b02ef996e55082b704c09b970588/library/core/src/ops/function.rs:253:5
note: Some details are omitted, run with `RUST_BACKTRACE=full` for a verbose backtrace.

---- test_classify_unclosed_bracket stdout ----

thread 'test_classify_unclosed_bracket' panicked at crates/perl-parser/tests/error_classifier_tests.rs:81:5:
assertion `left == right` failed
  left: MissingSemicolon
 right: UnclosedBracket
stack backtrace:
   0: __rustc::rust_begin_unwind
             at /rustc/1159e78c4747b02ef996e55082b704c09b970588/library/std/src/panicking.rs:697:5
   1: core::panicking::panic_fmt
             at /rustc/1159e78c4747b02ef996e55082b704c09b970588/library/core/src/panicking.rs:75:14
   2: core::panicking::assert_failed_inner
             at /rustc/1159e78c4747b02ef996e55082b704c09b970588/library/core/src/panicking.rs:448:17
   3: core::panicking::assert_failed
             at /home/steven/.rustup/toolchains/stable-x86_64-unknown-linux-gnu/lib/rustlib/src/rust/library/core/src/panicking.rs:403:5
   4: error_classifier_tests::test_classify_unclosed_bracket
             at ./tests/error_classifier_tests.rs:81:5
   5: error_classifier_tests::test_classify_unclosed_bracket::{{closure}}
             at ./tests/error_classifier_tests.rs:72:36
   6: core::ops::function::FnOnce::call_once
             at /home/steven/.rustup/toolchains/stable-x86_64-unknown-linux-gnu/lib/rustlib/src/rust/library/core/src/ops/function.rs:253:5
   7: core::ops::function::FnOnce::call_once
             at /rustc/1159e78c4747b02ef996e55082b704c09b970588/library/core/src/ops/function.rs:253:5
note: Some details are omitted, run with `RUST_BACKTRACE=full` for a verbose backtrace.

---- test_classify_with_context stdout ----

thread 'test_classify_with_context' panicked at crates/perl-parser/tests/error_classifier_tests.rs:194:5:
assertion failed: matches!(result, ParseErrorKind::MissingOperator |
    ParseErrorKind::InvalidSyntax)
stack backtrace:
   0: __rustc::rust_begin_unwind
             at /rustc/1159e78c4747b02ef996e55082b704c09b970588/library/std/src/panicking.rs:697:5
   1: core::panicking::panic_fmt
             at /rustc/1159e78c4747b02ef996e55082b704c09b970588/library/core/src/panicking.rs:75:14
   2: core::panicking::panic
             at /rustc/1159e78c4747b02ef996e55082b704c09b970588/library/core/src/panicking.rs:145:5
   3: error_classifier_tests::test_classify_with_context
             at ./tests/error_classifier_tests.rs:194:5
   4: error_classifier_tests::test_classify_with_context::{{closure}}
             at ./tests/error_classifier_tests.rs:183:32
   5: core::ops::function::FnOnce::call_once
             at /home/steven/.rustup/toolchains/stable-x86_64-unknown-linux-gnu/lib/rustlib/src/rust/library/core/src/ops/function.rs:253:5
   6: core::ops::function::FnOnce::call_once
             at /rustc/1159e78c4747b02ef996e55082b704c09b970588/library/core/src/ops/function.rs:253:5
note: Some details are omitted, run with `RUST_BACKTRACE=full` for a verbose backtrace.

---- test_heredoc_classification stdout ----

thread 'test_heredoc_classification' panicked at crates/perl-parser/tests/error_classifier_tests.rs:178:5:
assertion `left == right` failed
  left: InvalidSyntax
 right: UnterminatedHeredoc
stack backtrace:
   0: __rustc::rust_begin_unwind
             at /rustc/1159e78c4747b02ef996e55082b704c09b970588/library/std/src/panicking.rs:697:5
   1: core::panicking::panic_fmt
             at /rustc/1159e78c4747b02ef996e55082b704c09b970588/library/core/src/panicking.rs:75:14
   2: core::panicking::assert_failed_inner
             at /rustc/1159e78c4747b02ef996e55082b704c09b970588/library/core/src/panicking.rs:448:17
   3: core::panicking::assert_failed
             at /home/steven/.rustup/toolchains/stable-x86_64-unknown-linux-gnu/lib/rustlib/src/rust/library/core/src/panicking.rs:403:5
   4: error_classifier_tests::test_heredoc_classification
             at ./tests/error_classifier_tests.rs:178:5
   5: error_classifier_tests::test_heredoc_classification::{{closure}}
             at ./tests/error_classifier_tests.rs:169:33
   6: core::ops::function::FnOnce::call_once
             at /home/steven/.rustup/toolchains/stable-x86_64-unknown-linux-gnu/lib/rustlib/src/rust/library/core/src/ops/function.rs:253:5
   7: core::ops::function::FnOnce::call_once
             at /rustc/1159e78c4747b02ef996e55082b704c09b970588/library/core/src/ops/function.rs:253:5
note: Some details are omitted, run with `RUST_BACKTRACE=full` for a verbose backtrace.


failures:
    test_boundary_conditions
    test_classify_unclosed_brace
    test_classify_unclosed_bracket
    test_classify_unclosed_parenthesis
    test_classify_with_context
    test_heredoc_classification

test result: FAILED. 11 passed; 6 failed; 0 ignored; 0 measured; 0 filtered out; finished in 0.34s

error: test failed, to rerun pass `-p perl-parser --test error_classifier_tests`
     Running tests/execute_command_mutation_hardening_public_api_tests.rs (target/debug/deps/execute_command_mutation_hardening_public_api_tests-7887ccff7bb6bc90)

running 11 tests
test test_command_execution_success_failure_logic ... ok
test test_command_routing_specificity_comprehensive ... ok
test test_comprehensive_edge_cases ... ok
test test_comprehensive_workflow_validation ... ok
test test_file_not_found_error_structure ... ok
test test_file_path_extraction_validation ... ok
test test_parameter_validation_comprehensive ... ok
test test_execute_command_not_default_comprehensive ... ok
test test_supported_commands_structure ... ok
test test_response_structure_validation ... ok
test test_unknown_command_handling ... ok

test result: ok. 11 passed; 0 failed; 0 ignored; 0 measured; 0 filtered out; finished in 1.03s

     Running tests/file_completion_comprehensive_tests.rs (target/debug/deps/file_completion_comprehensive_tests-52661a43d85a011c)

running 16 tests
test test_cancellation_support ... ok
test test_basic_file_completion ... ok
test test_completion_text_edit_range ... ok
test test_directory_completion_with_slash ... ok
test test_directory_traversal ... ok
test test_empty_prefix_completion ... ok
test test_cross_platform_path_handling ... ok
test test_file_type_detection ... ok
test test_max_path_length_protection ... ok
test test_hidden_files_filtered ... ok
test test_no_symlink_following ... ok
test test_performance_limits ... ok
test test_security_absolute_paths_blocked ... ok
test test_security_null_bytes_blocked ... ok
test test_security_path_traversal_blocked ... ok
test test_windows_reserved_names_blocked ... ok

test result: ok. 16 passed; 0 failed; 0 ignored; 0 measured; 0 filtered out; finished in 0.17s

     Running tests/file_completion_tests.rs (target/debug/deps/file_completion_tests-65ad2c7355b28d51)

running 20 tests
test basic_security_test_rejects_path_traversal ... ok
test completes_files_in_src_directory ... ok
test completes_files_in_tests_directory ... ok
test does_complete_current_directory_files ... ok
test edge_case_handles_empty_prefix ... ok
test edge_case_handles_unicode_filenames ... ok
test edge_case_handles_whitespace_in_paths ... ok
test file_type_recognition_works ... ok
test file_type_recognition_rust_files ... ok
test no_completions_in_comments ... ok
test no_completions_without_slash ... ok
test performance_test_cancellation_support ... ok
test performance_test_rejects_very_long_paths ... ok
test performance_test_respects_result_limits ... ok
test security_test_rejects_absolute_paths ... ok
test security_test_allows_root_path ... ok
test security_test_rejects_control_characters ... ok
test security_test_rejects_null_bytes ... ok
test security_test_rejects_path_traversal_etc ... ok
test security_test_rejects_windows_reserved_names ... ok

test result: ok. 20 passed; 0 failed; 0 ignored; 0 measured; 0 filtered out; finished in 0.08s

     Running tests/formatting_test.rs (target/debug/deps/formatting_test-81a83808d00054a5)

running 3 tests
test test_empty_document ... ok
test test_basic_formatting ... ok
test test_range_formatting ... ok

test result: ok. 3 passed; 0 failed; 0 ignored; 0 measured; 0 filtered out; finished in 1.00s

     Running tests/fuzz_corpus_regression.rs (target/debug/deps/fuzz_corpus_regression-88e7532046358ed4)

running 1 test
test test_fuzz_corpus_regression ... ok

test result: ok. 1 passed; 0 failed; 0 ignored; 0 measured; 0 filtered out; finished in 0.01s

     Running tests/fuzz_documentation_infrastructure_pr159.rs (target/debug/deps/fuzz_documentation_infrastructure_pr159-bcfb0cd47b90af5d)

running 5 tests
test fuzz_enhanced_perl_parser_ast_invariants ... ok
test fuzz_documentation_incremental_parsing_integration ... ok
test fuzz_memory_safety_bounds_checking ... ok
test fuzz_lsp_provider_concurrent_robustness ... ok
test fuzz_missing_docs_infrastructure_robustness ... ok

test result: ok. 5 passed; 0 failed; 0 ignored; 0 measured; 0 filtered out; finished in 0.02s

     Running tests/fuzz_incremental_parsing.rs (target/debug/deps/fuzz_incremental_parsing-01f833bf6876f51b)

running 6 tests
test fuzz_dual_indexing_function_patterns ... ok
test fuzz_incremental_parsing_robustness ... ok
test fuzz_malformed_quote_incremental_interaction ... ok
test fuzz_performance_under_stress ... ok
test fuzz_workspace_indexing_stress ... ok
test fuzz_ast_invariant_preservation ... ok

test result: ok. 6 passed; 0 failed; 0 ignored; 0 measured; 0 filtered out; finished in 0.02s

     Running tests/fuzz_quote_parser_comprehensive.rs (target/debug/deps/fuzz_quote_parser_comprehensive-bfeb941988533a4f)

running 5 tests
test fuzz_extract_regex_parts_stress_test ... ok
test fuzz_extract_transliteration_ast_invariants ... ok
test fuzz_extract_substitution_parts_crash_detection ... ok
test fuzz_quote_parser_incremental_parsing_integration ... ok
test fuzz_quote_parser_extreme_stress ... ok

test result: ok. 5 passed; 0 failed; 0 ignored; 0 measured; 0 filtered out; finished in 0.01s

     Running tests/fuzz_quote_parser_regressions.rs (target/debug/deps/fuzz_quote_parser_regressions-0130e07d74937008)

running 7 tests
test test_nested_delimiter_depth_tracking ... ok
test test_escape_sequence_consistency ... ok
test test_quote_parser_performance_bounds ... ok
test test_quote_parser_fuzz_robustness ... ok
test test_regex_parts_delimiter_edge_cases ... ok
test test_substitution_parts_delimiter_detection ... ok
test test_transliteration_delimiter_consistency ... ok

test result: ok. 7 passed; 0 failed; 0 ignored; 0 measured; 0 filtered out; finished in 0.02s

     Running tests/fuzz_quote_parser_simplified.rs (target/debug/deps/fuzz_quote_parser_simplified-c7ce346d7960070d)

running 7 tests
test fuzz_escape_sequence_robustness ... ok
test fuzz_delimiter_boundary_conditions ... ok
test fuzz_known_edge_cases ... ok
test fuzz_memory_exhaustion_resistance ... ok
test fuzz_substitution_parts_no_crash ... ok
test fuzz_regex_parts_no_crash ... ok
test fuzz_transliteration_ast_safety ... ok

test result: ok. 7 passed; 0 failed; 0 ignored; 0 measured; 0 filtered out; finished in 0.03s

     Running tests/fuzz_regression_test.rs (target/debug/deps/fuzz_regression_test-e21ee16b4eb69f9b)

running 4 tests
test test_fuzz_crash_xqn_heredoc ... ok
test test_fuzz_crash_substitution_parts ... ok
test test_fuzz_heredoc_quote_combinations ... ok
test test_fuzz_edge_cases_similar_to_crash ... ok

test result: ok. 4 passed; 0 failed; 0 ignored; 0 measured; 0 filtered out; finished in 0.01s

     Running tests/fuzz_transliteration_crash_repro.rs (target/debug/deps/fuzz_transliteration_crash_repro-0e9c093a5a4c4cad)

running 2 tests
test minimal_transliteration_crash_repro ... ok
test fuzz_transliteration_regression_suite ... ok

test result: ok. 2 passed; 0 failed; 0 ignored; 0 measured; 0 filtered out; finished in 0.00s

     Running tests/fuzz_utf16_debug.rs (target/debug/deps/fuzz_utf16_debug-ce0626ec4b75deb9)

running 2 tests
test debug_utf16_roundtrip_failure ... ok
test test_simple_emoji_utf16 ... ok

test result: ok. 2 passed; 0 failed; 0 ignored; 0 measured; 0 filtered out; finished in 0.03s

     Running tests/hash_key_bareword_tests.rs (target/debug/deps/hash_key_bareword_tests-db62566c069a80cf)

running 11 tests
test test_complex_hash_literal_with_nested_keys ... ok
test test_deeply_nested_hash_structures ... ok
test test_hash_keys_in_different_contexts ... ok
test test_hash_key_vs_variable_bareword ... ok
test test_hash_slice_bareword_keys ... ok
test test_hash_slice_performance_edge_case ... ok
test test_hash_slice_with_function_calls ... ok
test test_hash_slice_with_mixed_quote_styles ... ok
test test_hash_slice_mixed_elements ... ok
test test_nested_hash_slice_expressions ... ok
test test_hash_slice_with_variables ... ok

test result: ok. 11 passed; 0 failed; 0 ignored; 0 measured; 0 filtered out; finished in 0.05s

     Running tests/hash_vs_array_tests.rs (target/debug/deps/hash_vs_array_tests-01a48c49613c0725)

running 4 tests
test test_parenthesized_array_with_identifier_pairs ... ok
test test_mixed_commas_still_hash ... ok
test test_parenthesized_hash_with_fat_comma ... ok
test test_parenthesized_array_without_fat_comma ... ok

test result: ok. 4 passed; 0 failed; 0 ignored; 0 measured; 0 filtered out; finished in 0.01s

     Running tests/heredoc_boundary_validation.rs (target/debug/deps/heredoc_boundary_validation-5baabfad3fee4c06)

running 3 tests
test test_heredoc_integration_after_fix ... ok
test test_heredoc_boundary_fix_validation ... ok
test test_specific_boundary_conditions ... ok

test result: ok. 3 passed; 0 failed; 0 ignored; 0 measured; 0 filtered out; finished in 0.00s

     Running tests/heredoc_regression_test.rs (target/debug/deps/heredoc_regression_test-23c74db50567fa74)

running 22 tests
test test_bom_at_file_start ... ok
test test_comprehensive_crlf_tilde_trailing_spaces ... ok
test test_backslashed_label_no_interpolation ... ok
test test_crlf_line_endings ... ok
test test_data_end_with_trailing_junk_non_ws ... ok
test test_end_with_trailing_junk_is_ignored ... ok
test test_heredoc_body_consumption ... ok
test test_heredoc_after_large_regex ... ok
test test_indented_heredoc ... ok
test test_heredoc_fake_data_marker ... ok
test test_mixed_heredocs ... ok
test test_mixed_regular_and_tilde_heredocs ... ok
test test_non_indented_heredoc_rejects_indented_terminator ... ok
test test_old_mac_cr_only_line_endings ... ok
test test_quoted_label_with_spaces ... ok
test test_reject_ruby_style_heredoc ... ok
test test_tab_indented_tilde_heredoc ... ok
test test_terminator_with_trailing_junk ... ok
test test_three_heredocs ... ok
test test_tilde_heredoc_allows_blank_lines ... ok
test test_whitespace_after_heredoc_operator ... ok
test test_multiple_heredocs_single_line ... FAILED

failures:

---- test_multiple_heredocs_single_line stdout ----

thread 'test_multiple_heredocs_single_line' panicked at crates/perl-parser/tests/heredoc_regression_test.rs:41:5:
assertion failed: sexp.contains(r#"say ((string_interpolated ""done""))"#)
stack backtrace:
   0: __rustc::rust_begin_unwind
             at /rustc/1159e78c4747b02ef996e55082b704c09b970588/library/std/src/panicking.rs:697:5
   1: core::panicking::panic_fmt
             at /rustc/1159e78c4747b02ef996e55082b704c09b970588/library/core/src/panicking.rs:75:14
   2: core::panicking::panic
             at /rustc/1159e78c4747b02ef996e55082b704c09b970588/library/core/src/panicking.rs:145:5
   3: heredoc_regression_test::test_multiple_heredocs_single_line
   4: heredoc_regression_test::test_multiple_heredocs_single_line::{{closure}}
             at ./tests/heredoc_regression_test.rs:23:40
   5: core::ops::function::FnOnce::call_once
             at /home/steven/.rustup/toolchains/stable-x86_64-unknown-linux-gnu/lib/rustlib/src/rust/library/core/src/ops/function.rs:253:5
   6: core::ops::function::FnOnce::call_once
             at /rustc/1159e78c4747b02ef996e55082b704c09b970588/library/core/src/ops/function.rs:253:5
note: Some details are omitted, run with `RUST_BACKTRACE=full` for a verbose backtrace.


failures:
    test_multiple_heredocs_single_line

test result: FAILED. 21 passed; 1 failed; 0 ignored; 0 measured; 0 filtered out; finished in 0.29s

error: test failed, to rerun pass `-p perl-parser --test heredoc_regression_test`
     Running tests/import_optimizer_tests.rs (target/debug/deps/import_optimizer_tests-7ebb4859141b690c)

running 8 tests
test handles_bare_imports_without_symbols ... ok
test detects_unused_and_duplicate_imports ... ok
test handles_empty_file ... ok
test handles_complex_symbol_names_and_delimiters ... ok
test handles_entirely_unused_imports ... ok
test handles_mixed_imports_and_usage ... ok
test handles_symbols_used_in_comments ... ok
test preserves_order_in_optimized_output ... ok

test result: ok. 8 passed; 0 failed; 0 ignored; 0 measured; 0 filtered out; finished in 0.04s

     Running tests/increment_decrement_test.rs (target/debug/deps/increment_decrement_test-9f3f9d42491c43d0)

running 6 tests
test test_complex_increment_decrement ... ok
test test_chained_increment ... ok
test test_post_increment ... ok
test test_pre_decrement ... ok
test test_post_decrement ... ok
test test_pre_increment ... ok

test result: ok. 6 passed; 0 failed; 0 ignored; 0 measured; 0 filtered out; finished in 0.01s

     Running tests/incremental_comprehensive_test.rs (target/debug/deps/incremental_comprehensive_test-335235ae24103c49)

running 10 tests
test incremental_comprehensive_tests::test_comprehensive_complex_structures ... ok
test incremental_comprehensive_tests::test_comprehensive_edge_cases ... ok
test incremental_comprehensive_tests::test_comprehensive_memory_and_stability ... ok
test incremental_comprehensive_tests::test_comprehensive_multi_statement_edits ... ok
test incremental_comprehensive_tests::test_comprehensive_performance_regression_detection ... ok
test incremental_comprehensive_tests::test_comprehensive_rapid_consecutive_edits ... ok
test incremental_comprehensive_tests::test_comprehensive_simple_value_edits ... ok
test incremental_comprehensive_tests::test_comprehensive_string_edits ... ok
test incremental_comprehensive_tests::test_comprehensive_unicode_and_multibyte ... ok
test incremental_comprehensive_tests::test_comprehensive_large_document_scaling ... FAILED

failures:

---- incremental_comprehensive_tests::test_comprehensive_large_document_scaling stdout ----

🧪 Running performance test: Large Document (10 statements)
Iterations: 5
  Run  1: init=   52µs, incr=  142µs, reused=30, reparsed= 1, eff= 96.8%
  Run  2: init=   39µs, incr=   97µs, reused=30, reparsed= 1, eff= 96.8%
  Run  3: init=   38µs, incr=   94µs, reused=30, reparsed= 1, eff= 96.8%
  Run  4: init=   39µs, incr=  129µs, reused=30, reparsed= 1, eff= 96.8%
  Run  5: init=   48µs, incr=  101µs, reused=30, reparsed= 1, eff= 96.8%

📊 Performance Test Summary: Large Document (10 statements)
═════════════════════════════════════════════
📈 Timing Statistics:
  Average Incremental: 112µs
  Median Incremental:  101µs
  Range: 94µs - 142µs
  Standard Deviation: 19µs
  Coefficient of Variation: 0.172

⚡ Performance Metrics:
  Speedup Ratio: 0.38x faster
  Sub-millisecond Rate: 100.0%
  Success Rate: 100.0%

🔄 Node Reuse Statistics:
  Average Efficiency: 96.8%
  Performance Category: 🟡 Very Good (<500µs)
═════════════════════════════════════════════

🧪 Running performance test: Large Document (25 statements)
Iterations: 5
  Run  1: init=   66µs, incr=  333µs, reused=75, reparsed= 1, eff= 98.7%
  Run  2: init=   92µs, incr=  222µs, reused=75, reparsed= 1, eff= 98.7%
  Run  3: init=   93µs, incr=  219µs, reused=75, reparsed= 1, eff= 98.7%
  Run  4: init=   92µs, incr=  221µs, reused=75, reparsed= 1, eff= 98.7%
  Run  5: init=   90µs, incr=  245µs, reused=75, reparsed= 1, eff= 98.7%

📊 Performance Test Summary: Large Document (25 statements)
═════════════════════════════════════════════
📈 Timing Statistics:
  Average Incremental: 248µs
  Median Incremental:  222µs
  Range: 219µs - 333µs
  Standard Deviation: 43µs
  Coefficient of Variation: 0.176

⚡ Performance Metrics:
  Speedup Ratio: 0.35x faster
  Sub-millisecond Rate: 100.0%
  Success Rate: 100.0%

🔄 Node Reuse Statistics:
  Average Efficiency: 98.7%
  Performance Category: 🟡 Very Good (<500µs)
═════════════════════════════════════════════

🧪 Running performance test: Large Document (50 statements)
Iterations: 5
  Run  1: init=  158µs, incr=  633µs, reused=150, reparsed= 1, eff= 99.3%
  Run  2: init=  202µs, incr=  547µs, reused=150, reparsed= 1, eff= 99.3%
  Run  3: init=  202µs, incr=  503µs, reused=150, reparsed= 1, eff= 99.3%
  Run  4: init=  189µs, incr=  450µs, reused=150, reparsed= 1, eff= 99.3%
  Run  5: init=  174µs, incr=  434µs, reused=150, reparsed= 1, eff= 99.3%

📊 Performance Test Summary: Large Document (50 statements)
═════════════════════════════════════════════
📈 Timing Statistics:
  Average Incremental: 513µs
  Median Incremental:  503µs
  Range: 434µs - 633µs
  Standard Deviation: 71µs
  Coefficient of Variation: 0.140

⚡ Performance Metrics:
  Speedup Ratio: 0.36x faster
  Sub-millisecond Rate: 100.0%
  Success Rate: 100.0%

🔄 Node Reuse Statistics:
  Average Efficiency: 99.3%
  Performance Category: 🟠 Good (<1ms)
═════════════════════════════════════════════

🧪 Running performance test: Large Document (100 statements)
Iterations: 5
  Run  1: init=  278µs, incr= 5692µs, reused=300, reparsed= 1, eff= 99.7%
  Run  2: init=  387µs, incr= 1004µs, reused=300, reparsed= 1, eff= 99.7%
  Run  3: init=  452µs, incr= 5104µs, reused=300, reparsed= 1, eff= 99.7%
  Run  4: init=  479µs, incr=  935µs, reused=300, reparsed= 1, eff= 99.7%
  Run  5: init=  385µs, incr=  953µs, reused=300, reparsed= 1, eff= 99.7%

📊 Performance Test Summary: Large Document (100 statements)
═════════════════════════════════════════════
📈 Timing Statistics:
  Average Incremental: 2737µs
  Median Incremental:  1004µs
  Range: 935µs - 5692µs
  Standard Deviation: 2180µs
  Coefficient of Variation: 0.797

⚡ Performance Metrics:
  Speedup Ratio: 0.14x faster
  Sub-millisecond Rate: 40.0%
  Success Rate: 100.0%

🔄 Node Reuse Statistics:
  Average Efficiency: 99.7%
  Performance Category: 🔴 Acceptable (<5ms)
═════════════════════════════════════════════

📈 Scaling Analysis:
  10 statements: 112µs (11.2µs/stmt)
  25 statements: 248µs (9.9µs/stmt)
  50 statements: 513µs (10.3µs/stmt)
  100 statements: 2737µs (27.4µs/stmt)
Scaling factor: 24.4x time for 10.0x size

thread 'incremental_comprehensive_tests::test_comprehensive_large_document_scaling' panicked at crates/perl-parser/tests/incremental_comprehensive_test.rs:165:9:
Performance should scale better than O(n²)
stack backtrace:
   0: __rustc::rust_begin_unwind
             at /rustc/1159e78c4747b02ef996e55082b704c09b970588/library/std/src/panicking.rs:697:5
   1: core::panicking::panic_fmt
             at /rustc/1159e78c4747b02ef996e55082b704c09b970588/library/core/src/panicking.rs:75:14
   2: incremental_comprehensive_test::incremental_comprehensive_tests::test_comprehensive_large_document_scaling
             at ./tests/incremental_comprehensive_test.rs:165:9
   3: incremental_comprehensive_test::incremental_comprehensive_tests::test_comprehensive_large_document_scaling::{{closure}}
             at ./tests/incremental_comprehensive_test.rs:107:51
   4: core::ops::function::FnOnce::call_once
             at /home/steven/.rustup/toolchains/stable-x86_64-unknown-linux-gnu/lib/rustlib/src/rust/library/core/src/ops/function.rs:253:5
   5: core::ops::function::FnOnce::call_once
             at /rustc/1159e78c4747b02ef996e55082b704c09b970588/library/core/src/ops/function.rs:253:5
note: Some details are omitted, run with `RUST_BACKTRACE=full` for a verbose backtrace.


failures:
    incremental_comprehensive_tests::test_comprehensive_large_document_scaling

test result: FAILED. 9 passed; 1 failed; 0 ignored; 0 measured; 0 filtered out; finished in 0.39s

error: test failed, to rerun pass `-p perl-parser --test incremental_comprehensive_test`
     Running tests/incremental_edge_cases_test.rs (target/debug/deps/incremental_edge_cases_test-ececc4fbbc81d582)

running 11 tests
test test_complex_regex_handling ... ok
test test_complex_string_handling ... ok
test test_deeply_nested_structures ... ok
test test_extreme_position_shifts ... ok
test test_circular_reference_patterns ... ok
test test_memory_pressure_scenarios ... FAILED
test test_syntax_error_recovery ... ok
test test_unicode_edge_cases ... ok
test test_rapid_fire_edits ... FAILED
test test_whitespace_sensitivity ... ok
test test_very_large_statements ... ok

failures:

---- test_memory_pressure_scenarios stdout ----

🧠 Testing memory pressure scenarios...

thread 'test_memory_pressure_scenarios' panicked at crates/perl-parser/tests/incremental_edge_cases_test.rs:472:28:
called `Result::unwrap()` on an `Err` value: UnexpectedToken { expected: "LeftBrace", found: "Number", location: 53 }
stack backtrace:
   0: __rustc::rust_begin_unwind
             at /rustc/1159e78c4747b02ef996e55082b704c09b970588/library/std/src/panicking.rs:697:5
   1: core::panicking::panic_fmt
             at /rustc/1159e78c4747b02ef996e55082b704c09b970588/library/core/src/panicking.rs:75:14
   2: core::result::unwrap_failed
             at /rustc/1159e78c4747b02ef996e55082b704c09b970588/library/core/src/result.rs:1765:5
   3: core::result::Result<T,E>::unwrap
             at /home/steven/.rustup/toolchains/stable-x86_64-unknown-linux-gnu/lib/rustlib/src/rust/library/core/src/result.rs:1167:23
   4: incremental_edge_cases_test::test_memory_pressure_scenarios
             at ./tests/incremental_edge_cases_test.rs:472:28
   5: incremental_edge_cases_test::test_memory_pressure_scenarios::{{closure}}
             at ./tests/incremental_edge_cases_test.rs:455:36
   6: core::ops::function::FnOnce::call_once
             at /home/steven/.rustup/toolchains/stable-x86_64-unknown-linux-gnu/lib/rustlib/src/rust/library/core/src/ops/function.rs:253:5
   7: core::ops::function::FnOnce::call_once
             at /rustc/1159e78c4747b02ef996e55082b704c09b970588/library/core/src/ops/function.rs:253:5
note: Some details are omitted, run with `RUST_BACKTRACE=full` for a verbose backtrace.

---- test_rapid_fire_edits stdout ----

⚡ Testing rapid fire edits...
  Edit 0: 286µs, reused=7, reparsed=2
  Edit 1: 47µs, reused=7, reparsed=2

thread 'test_rapid_fire_edits' panicked at crates/perl-parser/tests/support/incremental_test_utils.rs:22:32:
Could not find '1' in source
stack backtrace:
   0: __rustc::rust_begin_unwind
             at /rustc/1159e78c4747b02ef996e55082b704c09b970588/library/std/src/panicking.rs:697:5
   1: core::panicking::panic_fmt
             at /rustc/1159e78c4747b02ef996e55082b704c09b970588/library/core/src/panicking.rs:75:14
   2: incremental_edge_cases_test::support::incremental_test_utils::IncrementalTestUtils::create_value_edit::{{closure}}
             at ./tests/support/incremental_test_utils.rs:22:32
   3: core::option::Option<T>::unwrap_or_else
             at /home/steven/.rustup/toolchains/stable-x86_64-unknown-linux-gnu/lib/rustlib/src/rust/library/core/src/option.rs:1060:21
   4: incremental_edge_cases_test::support::incremental_test_utils::IncrementalTestUtils::create_value_edit
             at ./tests/support/incremental_test_utils.rs:22:14
   5: incremental_edge_cases_test::test_rapid_fire_edits
             at ./tests/incremental_edge_cases_test.rs:526:13
   6: incremental_edge_cases_test::test_rapid_fire_edits::{{closure}}
             at ./tests/incremental_edge_cases_test.rs:510:27
   7: core::ops::function::FnOnce::call_once
             at /home/steven/.rustup/toolchains/stable-x86_64-unknown-linux-gnu/lib/rustlib/src/rust/library/core/src/ops/function.rs:253:5
   8: core::ops::function::FnOnce::call_once
             at /rustc/1159e78c4747b02ef996e55082b704c09b970588/library/core/src/ops/function.rs:253:5
note: Some details are omitted, run with `RUST_BACKTRACE=full` for a verbose backtrace.


failures:
    test_memory_pressure_scenarios
    test_rapid_fire_edits

test result: FAILED. 9 passed; 2 failed; 0 ignored; 0 measured; 0 filtered out; finished in 1.04s

error: test failed, to rerun pass `-p perl-parser --test incremental_edge_cases_test`
     Running tests/incremental_integration_test.rs (target/debug/deps/incremental_integration_test-9c4a9c878e93ce64)

running 6 tests
test incremental_tests::test_crlf_position_conversion ... ok
test incremental_tests::test_full_document_replacement ... ok
test incremental_tests::test_incremental_parsing_multiple_edits ... ok
test incremental_tests::test_incremental_disabled_fallback ... ok
test incremental_tests::test_incremental_parsing_small_edit ... ok
test incremental_tests::test_utf16_emoji_handling ... ok

test result: ok. 6 passed; 0 failed; 0 ignored; 0 measured; 0 filtered out; finished in 0.01s

     Running tests/incremental_parsing_tests.rs (target/debug/deps/incremental_parsing_tests-9af0db04a2feae41)

running 10 tests
test test_edit_at_statement_boundary ... ok
test test_checkpoint_creation ... ok
test test_edit_in_subroutine ... ok
test test_incremental_state_creation ... ok
test test_incremental_vs_full_parse_equivalence ... ok
test test_large_edit_fallback ... ok
test test_line_deletion ... ok
test test_multi_character_insertion ... ok
test test_multiple_edits_fallback ... ok
test test_single_character_edit ... ok

test result: ok. 10 passed; 0 failed; 0 ignored; 0 measured; 0 filtered out; finished in 0.04s

     Running tests/incremental_perf_test.rs (target/debug/deps/incremental_perf_test-2840840297c5b4b6)

running 5 tests
test tests::test_crlf_fixture_windows_compatibility ... ok
test tests::test_emoji_edit_utf16_handling ... ok
test tests::test_big_file_edit_performance ... ok
test tests::test_incremental_multiple_edits ... ok
test tests::test_multibyte_char_edit ... ok

test result: ok. 5 passed; 0 failed; 0 ignored; 0 measured; 0 filtered out; finished in 0.02s

     Running tests/incremental_performance_tests.rs (target/debug/deps/incremental_performance_tests-4d9d1ecfd586ed23)

running 8 tests
test incremental_performance_tests::test_concurrent_edit_simulation ... ok
test incremental_performance_tests::test_edge_case_performance ... ok
test incremental_performance_tests::test_complex_nested_performance ... ok
test incremental_performance_tests::test_multi_statement_performance ... ok
test incremental_performance_tests::test_performance_regression_detection ... ok
test incremental_performance_tests::test_simple_value_edit_performance ... ok
test incremental_performance_tests::test_unicode_performance ... ok
test incremental_performance_tests::test_large_document_performance ... ok

test result: ok. 8 passed; 0 failed; 0 ignored; 0 measured; 0 filtered out; finished in 0.03s

     Running tests/incremental_statistical_validation_test.rs (target/debug/deps/incremental_statistical_validation_test-1ccbb395b16bed4e)

running 5 tests
test test_regression_detection_across_sessions ... FAILED
test test_performance_distribution_analysis ... FAILED
test test_statistical_validation_simple_edits ... ok
test test_sustained_load_performance ... FAILED
test test_statistical_validation_complex_documents ... ok

failures:

---- test_regression_detection_across_sessions stdout ----

🕰️ Performance Regression Detection
  Baseline Simple: mean=8.6µs, P95=10.0µs
  Baseline String: mean=8.2µs, P95=9.0µs
  Baseline Multi-stmt: mean=49.7µs, P95=33.0µs

  Session 1: Regression Detection
    Simple: mean ratio=0.94x, P95 ratio=0.90x
    String: mean ratio=1.05x, P95 ratio=1.33x
    Multi-stmt: mean ratio=12.79x, P95 ratio=4.64x
      ⚠️ Significant mean performance regression detected
      ⚠️ Significant P95 performance regression detected

thread 'test_regression_detection_across_sessions' panicked at crates/perl-parser/tests/incremental_statistical_validation_test.rs:455:13:
Extreme performance regression in Multi-stmt: 12.79x slower
stack backtrace:
   0: __rustc::rust_begin_unwind
             at /rustc/1159e78c4747b02ef996e55082b704c09b970588/library/std/src/panicking.rs:697:5
   1: core::panicking::panic_fmt
             at /rustc/1159e78c4747b02ef996e55082b704c09b970588/library/core/src/panicking.rs:75:14
   2: incremental_statistical_validation_test::test_regression_detection_across_sessions
   3: incremental_statistical_validation_test::test_regression_detection_across_sessions::{{closure}}
             at ./tests/incremental_statistical_validation_test.rs:368:47
   4: core::ops::function::FnOnce::call_once
             at /home/steven/.rustup/toolchains/stable-x86_64-unknown-linux-gnu/lib/rustlib/src/rust/library/core/src/ops/function.rs:253:5
   5: core::ops::function::FnOnce::call_once
             at /rustc/1159e78c4747b02ef996e55082b704c09b970588/library/core/src/ops/function.rs:253:5
note: Some details are omitted, run with `RUST_BACKTRACE=full` for a verbose backtrace.

---- test_performance_distribution_analysis stdout ----

📊 Performance Distribution Analysis

📊 Statistical Analysis: Distribution Analysis
  Samples: 200
  Mean: 8.8µs
  Median: 7.0µs
  Range: 6.0µs - 83.0µs
  Std Dev: 7.0µs (CV: 0.797)
  Percentiles:
    P75: 8.0µs
    P50: 7.0µs
    P95: 16.0µs
    P90: 10.0µs
    P99: 37.0µs
  Outliers: 21 (10.5%)
  Distribution characteristics:
    Skewness: 7.226
    Kurtosis: 65.103
    ⚠️ Distribution shows significant skewness
    ⚠️ Distribution has heavy tails or unusual peaks

thread 'test_performance_distribution_analysis' panicked at crates/perl-parser/tests/incremental_statistical_validation_test.rs:523:5:
Extreme skewness indicates performance issues
stack backtrace:
   0: __rustc::rust_begin_unwind
             at /rustc/1159e78c4747b02ef996e55082b704c09b970588/library/std/src/panicking.rs:697:5
   1: core::panicking::panic_fmt
             at /rustc/1159e78c4747b02ef996e55082b704c09b970588/library/core/src/panicking.rs:75:14
   2: incremental_statistical_validation_test::test_performance_distribution_analysis
   3: incremental_statistical_validation_test::test_performance_distribution_analysis::{{closure}}
             at ./tests/incremental_statistical_validation_test.rs:475:44
   4: core::ops::function::FnOnce::call_once
             at /home/steven/.rustup/toolchains/stable-x86_64-unknown-linux-gnu/lib/rustlib/src/rust/library/core/src/ops/function.rs:253:5
   5: core::ops::function::FnOnce::call_once
             at /rustc/1159e78c4747b02ef996e55082b704c09b970588/library/core/src/ops/function.rs:253:5
note: Some details are omitted, run with `RUST_BACKTRACE=full` for a verbose backtrace.

---- test_sustained_load_performance stdout ----

🔄 Sustained Load Performance Test
  Load iteration 0: 52µs, efficiency=85.7%
  Load iteration 100: 19µs, efficiency=85.7%
  Load iteration 200: 95µs, efficiency=85.7%
  Load iteration 300: 17µs, efficiency=85.7%
  Load iteration 400: 17µs, efficiency=85.7%

📊 Statistical Analysis: Sustained Load
  Samples: 500
  Mean: 42.0µs
  Median: 17.0µs
  Range: 15.0µs - 4623.0µs
  Std Dev: 260.3µs (CV: 6.195)
  Percentiles:
    P50: 17.0µs
    P90: 31.0µs
    P95: 65.0µs
    P99: 307.0µs
    P75: 18.0µs
  Outliers: 85 (17.0%)
  Efficiency analysis:
    Average efficiency: 85.7%
    Efficiency std dev: 0.0%
    Efficiency consistency: 0.000

thread 'test_sustained_load_performance' panicked at crates/perl-parser/tests/incremental_statistical_validation_test.rs:585:5:
Sustained load should be reasonably consistent
stack backtrace:
   0: __rustc::rust_begin_unwind
             at /rustc/1159e78c4747b02ef996e55082b704c09b970588/library/std/src/panicking.rs:697:5
   1: core::panicking::panic_fmt
             at /rustc/1159e78c4747b02ef996e55082b704c09b970588/library/core/src/panicking.rs:75:14
   2: incremental_statistical_validation_test::test_sustained_load_performance
   3: incremental_statistical_validation_test::test_sustained_load_performance::{{closure}}
             at ./tests/incremental_statistical_validation_test.rs:529:37
   4: core::ops::function::FnOnce::call_once
             at /home/steven/.rustup/toolchains/stable-x86_64-unknown-linux-gnu/lib/rustlib/src/rust/library/core/src/ops/function.rs:253:5
   5: core::ops::function::FnOnce::call_once
             at /rustc/1159e78c4747b02ef996e55082b704c09b970588/library/core/src/ops/function.rs:253:5
note: Some details are omitted, run with `RUST_BACKTRACE=full` for a verbose backtrace.


failures:
    test_performance_distribution_analysis
    test_regression_detection_across_sessions
    test_sustained_load_performance

test result: FAILED. 2 passed; 3 failed; 0 ignored; 0 measured; 0 filtered out; finished in 0.89s

error: test failed, to rerun pass `-p perl-parser --test incremental_statistical_validation_test`
     Running tests/integration.rs (target/debug/deps/integration-77cdb186c129b91b)

running 10 tests
test test_complex_expression ... ok
test test_array_declaration ... ok
test test_empty_program ... ok
test test_error_recovery ... ok
test test_function_definition ... ok
test test_if_statement ... ok
test test_nested_structures ... ok
test test_variable_declaration ... ok
test test_method_call ... ok
test test_while_loop ... ok

test result: ok. 10 passed; 0 failed; 0 ignored; 0 measured; 0 filtered out; finished in 0.04s

     Running tests/integration_new_features.rs (target/debug/deps/integration_new_features-0c01e5b86a47d5cc)

running 10 tests
test test_file_test_operators_integration ... ok
test test_attributes_integration ... ok
test test_isa_operator_integration ... ok
test test_regex_modifiers_integration ... ok
test test_qw_integration ... ok
test test_special_blocks_integration ... ok
test test_smart_match_integration ... ok
test test_substitution_integration ... ok
test test_statement_modifiers_integration ... ok
test test_transliteration_integration ... ok

test result: ok. 10 passed; 0 failed; 0 ignored; 0 measured; 0 filtered out; finished in 0.03s

     Running tests/issue_146_architectural_integrity_tests.rs (target/debug/deps/issue_146_architectural_integrity_tests-7224ec4ac7a3a74f)

running 8 tests
test integration_tests::test_full_crate_compilation ... ok
test integration_tests::test_lsp_e2e_with_restored_modules ... ignored
test issue_146_tests::test_lib_module_exports_integration ... ok
test issue_146_tests::test_lsp_types_import_compatibility ... ok
test issue_146_tests::test_refactoring_module_api_structure ... ok
test issue_146_tests::test_tdd_workflow_api_contracts ... ok
test integration_tests::test_clippy_compliance ... FAILED
test issue_146_tests::test_tdd_workflow_compilation_fix ... ok

failures:

---- integration_tests::test_clippy_compliance stdout ----

thread 'integration_tests::test_clippy_compliance' panicked at crates/perl-parser/tests/issue_146_architectural_integrity_tests.rs:135:9:
Clippy found warnings:     Blocking waiting for file lock on build directory
   Compiling perl-parser v0.8.8 (/home/steven/code/Rust/perl-lsp/review/crates/perl-parser)
error: missing documentation for a variant
  --> crates/perl-parser/src/folding.rs:45:5
   |
45 |     Comment,
   |     ^^^^^^^
   |
   = note: `-D missing-docs` implied by `-D warnings`
   = help: to override `-D warnings` add `#[allow(missing_docs)]`

error: missing documentation for a variant
  --> crates/perl-parser/src/folding.rs:46:5
   |
46 |     Imports,
   |     ^^^^^^^

error: missing documentation for a variant
  --> crates/perl-parser/src/folding.rs:47:5
   |
47 |     Region,
   |     ^^^^^^

error: missing documentation for an associated function
  --> crates/perl-parser/src/folding.rs:57:5
   |
57 |     pub fn new() -> Self {
   |     ^^^^^^^^^^^^^^^^^^^^

error: missing documentation for a function
  --> crates/perl-parser/src/lsp_document_link.rs:38:1
   |
38 | pub fn collect_document_links(text: &str, uri: &Url) -> Result<Vec<DocumentLink>, String> {
   | ^^^^^^^^^^^^^^^^^^^^^^^^^^^^^^^^^^^^^^^^^^^^^^^^^^^^^^^^^^^^^^^^^^^^^^^^^^^^^^^^^^^^^^^^^

error: missing documentation for a function
  --> crates/perl-parser/src/lsp_on_type_formatting.rs:85:1
   |
85 | / pub fn format_on_type(
86 | |     text: &str,
87 | |     _uri: lsp_types::Uri,
88 | |     ch: String,
...  |
91 | |     insert_spaces: bool,
92 | | ) -> Vec<TextEdit> {
   | |__________________^

error: missing documentation for a function
  --> crates/perl-parser/src/lsp_selection_range.rs:56:1
   |
56 | pub fn selection_ranges(text: &str, positions: &[Position]) -> Vec<SelectionRange> {
   | ^^^^^^^^^^^^^^^^^^^^^^^^^^^^^^^^^^^^^^^^^^^^^^^^^^^^^^^^^^^^^^^^^^^^^^^^^^^^^^^^^^

error: missing documentation for a struct field
   --> crates/perl-parser/src/lsp_server.rs:292:5
    |
292 |     pub _jsonrpc: String,
    |     ^^^^^^^^^^^^^^^^^^^^

error: missing documentation for a struct field
   --> crates/perl-parser/src/lsp_server.rs:293:5
    |
293 |     pub id: Option<Value>,
    |     ^^^^^^^^^^^^^^^^^^^^^

error: missing documentation for a struct field
   --> crates/perl-parser/src/lsp_server.rs:294:5
    |
294 |     pub method: String,
    |     ^^^^^^^^^^^^^^^^^^

error: missing documentation for a struct field
   --> crates/perl-parser/src/lsp_server.rs:295:5
    |
295 |     pub params: Option<Value>,
    |     ^^^^^^^^^^^^^^^^^^^^^^^^^

error: missing documentation for a struct field
   --> crates/perl-parser/src/lsp_server.rs:301:5
    |
301 |     pub jsonrpc: String,
    |     ^^^^^^^^^^^^^^^^^^^

error: missing documentation for a struct field
   --> crates/perl-parser/src/lsp_server.rs:302:5
    |
302 |     pub id: Option<Value>,
    |     ^^^^^^^^^^^^^^^^^^^^^

error: missing documentation for a struct field
   --> crates/perl-parser/src/lsp_server.rs:304:5
    |
304 |     pub result: Option<Value>,
    |     ^^^^^^^^^^^^^^^^^^^^^^^^^

error: missing documentation for a struct field
   --> crates/perl-parser/src/lsp_server.rs:306:5
    |
306 |     pub error: Option<JsonRpcError>,
    |     ^^^^^^^^^^^^^^^^^^^^^^^^^^^^^^^

error: missing documentation for a struct field
   --> crates/perl-parser/src/lsp_server.rs:312:5
    |
312 |     pub code: i32,
    |     ^^^^^^^^^^^^^

error: missing documentation for a struct field
   --> crates/perl-parser/src/lsp_server.rs:313:5
    |
313 |     pub message: String,
    |     ^^^^^^^^^^^^^^^^^^^

error: missing documentation for a struct field
   --> crates/perl-parser/src/lsp_server.rs:314:5
    |
314 |     pub data: Option<Value>,
    |     ^^^^^^^^^^^^^^^^^^^^^^^

error: missing documentation for a struct
 --> crates/perl-parser/src/modernize.rs:2:1
  |
2 | pub struct ModernizationSuggestion {
  | ^^^^^^^^^^^^^^^^^^^^^^^^^^^^^^^^^^

error: missing documentation for a struct field
 --> crates/perl-parser/src/modernize.rs:3:5
  |
3 |     pub old_pattern: String,
  |     ^^^^^^^^^^^^^^^^^^^^^^^

error: missing documentation for a struct field
 --> crates/perl-parser/src/modernize.rs:4:5
  |
4 |     pub new_pattern: String,
  |     ^^^^^^^^^^^^^^^^^^^^^^^

error: missing documentation for a struct field
 --> crates/perl-parser/src/modernize.rs:5:5
  |
5 |     pub description: String,
  |     ^^^^^^^^^^^^^^^^^^^^^^^

error: missing documentation for a struct field
 --> crates/perl-parser/src/modernize.rs:6:5
  |
6 |     pub manual_review_required: bool,
  |     ^^^^^^^^^^^^^^^^^^^^^^^^^^^^^^^^

error: missing documentation for a struct field
 --> crates/perl-parser/src/modernize.rs:7:5
  |
7 |     pub start: usize,
  |     ^^^^^^^^^^^^^^^^

error: missing documentation for a struct field
 --> crates/perl-parser/src/modernize.rs:8:5
  |
8 |     pub end: usize,
  |     ^^^^^^^^^^^^^^

error: missing documentation for a struct
  --> crates/perl-parser/src/modernize.rs:11:1
   |
11 | pub struct PerlModernizer {}
   | ^^^^^^^^^^^^^^^^^^^^^^^^^

error: missing documentation for an associated function
  --> crates/perl-parser/src/modernize.rs:14:5
   |
14 |     pub fn new() -> Self {
   |     ^^^^^^^^^^^^^^^^^^^^

error: missing documentation for a method
  --> crates/perl-parser/src/modernize.rs:18:5
   |
18 |     pub fn analyze(&self, code: &str) -> Vec<ModernizationSuggestion> {
   |     ^^^^^^^^^^^^^^^^^^^^^^^^^^^^^^^^^^^^^^^^^^^^^^^^^^^^^^^^^^^^^^^^^

error: missing documentation for a method
   --> crates/perl-parser/src/modernize.rs:138:5
    |
138 |     pub fn apply(&self, code: &str) -> String {
    |     ^^^^^^^^^^^^^^^^^^^^^^^^^^^^^^^^^^^^^^^^^

error: missing documentation for a struct
 --> crates/perl-parser/src/modernize_refactored.rs:4:1
  |
4 | pub struct ModernizationSuggestion {
  | ^^^^^^^^^^^^^^^^^^^^^^^^^^^^^^^^^^

error: missing documentation for a struct field
 --> crates/perl-parser/src/modernize_refactored.rs:5:5
  |
5 |     pub old_pattern: String,
  |     ^^^^^^^^^^^^^^^^^^^^^^^

error: missing documentation for a struct field
 --> crates/perl-parser/src/modernize_refactored.rs:6:5
  |
6 |     pub new_pattern: String,
  |     ^^^^^^^^^^^^^^^^^^^^^^^

error: missing documentation for a struct field
 --> crates/perl-parser/src/modernize_refactored.rs:7:5
  |
7 |     pub description: String,
  |     ^^^^^^^^^^^^^^^^^^^^^^^

error: missing documentation for a struct field
 --> crates/perl-parser/src/modernize_refactored.rs:8:5
  |
8 |     pub manual_review_required: bool,
  |     ^^^^^^^^^^^^^^^^^^^^^^^^^^^^^^^^

error: missing documentation for a struct field
 --> crates/perl-parser/src/modernize_refactored.rs:9:5
  |
9 |     pub start: usize,
  |     ^^^^^^^^^^^^^^^^

error: missing documentation for a struct field
  --> crates/perl-parser/src/modernize_refactored.rs:10:5
   |
10 |     pub end: usize,
   |     ^^^^^^^^^^^^^^

error: missing documentation for a struct
  --> crates/perl-parser/src/modernize_refactored.rs:22:1
   |
22 | pub struct PerlModernizer {
   | ^^^^^^^^^^^^^^^^^^^^^^^^^

error: missing documentation for an associated function
  --> crates/perl-parser/src/modernize_refactored.rs:27:5
   |
27 |     pub fn new() -> Self {
   |     ^^^^^^^^^^^^^^^^^^^^

error: missing documentation for a method
  --> crates/perl-parser/src/modernize_refactored.rs:70:5
   |
70 |     pub fn analyze(&self, code: &str) -> Vec<ModernizationSuggestion> {
   |     ^^^^^^^^^^^^^^^^^^^^^^^^^^^^^^^^^^^^^^^^^^^^^^^^^^^^^^^^^^^^^^^^^

error: missing documentation for a method
   --> crates/perl-parser/src/modernize_refactored.rs:102:5
    |
102 |     pub fn apply(&self, code: &str) -> String {
    |     ^^^^^^^^^^^^^^^^^^^^^^^^^^^^^^^^^^^^^^^^^

error: missing documentation for a function
 --> crates/perl-parser/src/on_type_formatting.rs:5:1
  |
5 | pub fn compute_on_type_edit(text: &str, line: u32, col: u32, ch: char) -> Option<Vec<Value>> {
  | ^^^^^^^^^^^^^^^^^^^^^^^^^^^^^^^^^^^^^^^^^^^^^^^^^^^^^^^^^^^^^^^^^^^^^^^^^^^^^^^^^^^^^^^^^^^^

error: missing documentation for an associated function
  --> crates/perl-parser/src/performance.rs:22:5
   |
22 |     pub fn new(max_size: usize, ttl_seconds: u64) -> Self {
   |     ^^^^^^^^^^^^^^^^^^^^^^^^^^^^^^^^^^^^^^^^^^^^^^^^^^^^^

error: missing documentation for an associated function
   --> crates/perl-parser/src/performance.rs:100:5
    |
100 |     pub fn new() -> Self {
    |     ^^^^^^^^^^^^^^^^^^^^

error: missing documentation for an associated function
   --> crates/perl-parser/src/performance.rs:227:5
    |
227 |     pub fn new() -> Self {
    |     ^^^^^^^^^^^^^^^^^^^^

error: missing documentation for a variant
  --> crates/perl-parser/src/perl_critic.rs:16:5
   |
16 |     Gentle = 5, // Cosmetic issues
   |     ^^^^^^

error: missing documentation for a variant
  --> crates/perl-parser/src/perl_critic.rs:17:5
   |
17 |     Stern = 4,  // Minor issues
   |     ^^^^^

error: missing documentation for a variant
  --> crates/perl-parser/src/perl_critic.rs:18:5
   |
18 |     Harsh = 3,  // Important issues
   |     ^^^^^

error: missing documentation for a variant
  --> crates/perl-parser/src/perl_critic.rs:19:5
   |
19 |     Cruel = 2,  // Serious issues
   |     ^^^^^

error: missing documentation for a variant
  --> crates/perl-parser/src/perl_critic.rs:20:5
   |
20 |     Brutal = 1, // Critical issues
   |     ^^^^^^

error: missing documentation for an associated function
  --> crates/perl-parser/src/perl_critic.rs:24:5
   |
24 |     pub fn from_number(n: u8) -> Self {
   |     ^^^^^^^^^^^^^^^^^^^^^^^^^^^^^^^^^

error: missing documentation for a method
  --> crates/perl-parser/src/perl_critic.rs:35:5
   |
35 |     pub fn to_diagnostic_severity(&self) -> crate::diagnostics::DiagnosticSeverity {
   |     ^^^^^^^^^^^^^^^^^^^^^^^^^^^^^^^^^^^^^^^^^^^^^^^^^^^^^^^^^^^^^^^^^^^^^^^^^^^^^^

error: missing documentation for a struct field
  --> crates/perl-parser/src/perl_critic.rs:47:5
   |
47 |     pub policy: String,
   |     ^^^^^^^^^^^^^^^^^^

error: missing documentation for a struct field
  --> crates/perl-parser/src/perl_critic.rs:48:5
   |
48 |     pub description: String,
   |     ^^^^^^^^^^^^^^^^^^^^^^^

error: missing documentation for a struct field
  --> crates/perl-parser/src/perl_critic.rs:49:5
   |
49 |     pub explanation: String,
   |     ^^^^^^^^^^^^^^^^^^^^^^^

error: missing documentation for a struct field
  --> crates/perl-parser/src/perl_critic.rs:50:5
   |
50 |     pub severity: Severity,
   |     ^^^^^^^^^^^^^^^^^^^^^^

error: missing documentation for a struct field
  --> crates/perl-parser/src/perl_critic.rs:51:5
   |
51 |     pub range: Range,
   |     ^^^^^^^^^^^^^^^^

error: missing documentation for a struct field
  --> crates/perl-parser/src/perl_critic.rs:52:5
   |
52 |     pub file: String,
   |     ^^^^^^^^^^^^^^^^

error: missing documentation for a struct field
  --> crates/perl-parser/src/perl_critic.rs:64:5
   |
64 |     pub exclude: Vec<String>,
   |     ^^^^^^^^^^^^^^^^^^^^^^^^

error: missing documentation for an associated function
  --> crates/perl-parser/src/perl_critic.rs:94:5
   |
94 |     pub fn new(config: CriticConfig) -> Self {
   |     ^^^^^^^^^^^^^^^^^^^^^^^^^^^^^^^^^^^^^^^^

error: missing documentation for a struct field
   --> crates/perl-parser/src/perl_critic.rs:255:5
    |
255 |     pub title: String,
    |     ^^^^^^^^^^^^^^^^^

error: missing documentation for a struct field
   --> crates/perl-parser/src/perl_critic.rs:256:5
    |
256 |     pub edit: TextEdit,
    |     ^^^^^^^^^^^^^^^^^^

error: missing documentation for a struct field
   --> crates/perl-parser/src/perl_critic.rs:262:5
    |
262 |     pub range: Range,
    |     ^^^^^^^^^^^^^^^^

error: missing documentation for a struct field
   --> crates/perl-parser/src/perl_critic.rs:263:5
    |
263 |     pub new_text: String,
    |     ^^^^^^^^^^^^^^^^^^^^

error: missing documentation for a method
   --> crates/perl-parser/src/perl_critic.rs:273:5
    |
273 |     fn name(&self) -> &str;
    |     ^^^^^^^^^^^^^^^^^^^^^^^

error: missing documentation for a method
   --> crates/perl-parser/src/perl_critic.rs:274:5
    |
274 |     fn severity(&self) -> Severity;
    |     ^^^^^^^^^^^^^^^^^^^^^^^^^^^^^^^

error: missing documentation for a method
   --> crates/perl-parser/src/perl_critic.rs:275:5
    |
275 |     fn analyze(&self, ast: &Node, content: &str) -> Vec<Violation>;
    |     ^^^^^^^^^^^^^^^^^^^^^^^^^^^^^^^^^^^^^^^^^^^^^^^^^^^^^^^^^^^^^^^

error: missing documentation for an associated function
   --> crates/perl-parser/src/perl_critic.rs:350:5
    |
350 |     pub fn new() -> Self {
    |     ^^^^^^^^^^^^^^^^^^^^

error: missing documentation for an associated function
   --> crates/perl-parser/src/perltidy.rs:176:5
    |
176 |     pub fn new(config: PerlTidyConfig) -> Self {
    |     ^^^^^^^^^^^^^^^^^^^^^^^^^^^^^^^^^^^^^^^^^^

error: missing documentation for a struct field
   --> crates/perl-parser/src/perltidy.rs:328:5
    |
328 |     pub line: u32,
    |     ^^^^^^^^^^^^^

error: missing documentation for a struct field
   --> crates/perl-parser/src/perltidy.rs:329:5
    |
329 |     pub original: String,
    |     ^^^^^^^^^^^^^^^^^^^^

error: missing documentation for a struct field
   --> crates/perl-parser/src/perltidy.rs:330:5
    |
330 |     pub formatted: String,
    |     ^^^^^^^^^^^^^^^^^^^^^

error: missing documentation for a struct field
   --> crates/perl-parser/src/perltidy.rs:331:5
    |
331 |     pub description: String,
    |     ^^^^^^^^^^^^^^^^^^^^^^^

error: missing documentation for an associated function
   --> crates/perl-parser/src/perltidy.rs:340:5
    |
340 |     pub fn new(config: PerlTidyConfig) -> Self {
    |     ^^^^^^^^^^^^^^^^^^^^^^^^^^^^^^^^^^^^^^^^^^

error: missing documentation for an enum
  --> crates/perl-parser/src/position_mapper.rs:30:1
   |
30 | pub enum LineEnding {
   | ^^^^^^^^^^^^^^^^^^^

error: missing documentation for a variant
  --> crates/perl-parser/src/position_mapper.rs:31:5
   |
31 |     Lf,
   |     ^^

error: missing documentation for a variant
  --> crates/perl-parser/src/position_mapper.rs:32:5
   |
32 |     CrLf,
   |     ^^^^

error: missing documentation for a variant
  --> crates/perl-parser/src/position_mapper.rs:33:5
   |
33 |     Cr,
   |     ^^

error: missing documentation for a variant
  --> crates/perl-parser/src/position_mapper.rs:34:5
   |
34 |     Mixed,
   |     ^^^^^

error: missing documentation for a struct field
   --> crates/perl-parser/src/refactoring.rs:101:20
    |
101 |     SymbolRename { old_name: String, new_name: String, scope: RefactoringScope },
    |                    ^^^^^^^^^^^^^^^^

error: missing documentation for a struct field
   --> crates/perl-parser/src/refactoring.rs:101:38
    |
101 |     SymbolRename { old_name: String, new_name: String, scope: RefactoringScope },
    |                                      ^^^^^^^^^^^^^^^^

error: missing documentation for a struct field
   --> crates/perl-parser/src/refactoring.rs:101:56
    |
101 |     SymbolRename { old_name: String, new_name: String, scope: RefactoringScope },
    |                                                        ^^^^^^^^^^^^^^^^^^^^^^^

error: missing documentation for a struct field
   --> crates/perl-parser/src/refactoring.rs:104:9
    |
104 |         method_name: String,
    |         ^^^^^^^^^^^^^^^^^^^

error: missing documentation for a struct field
   --> crates/perl-parser/src/refactoring.rs:105:9
    |
105 |         start_position: (usize, usize),
    |         ^^^^^^^^^^^^^^^^^^^^^^^^^^^^^^

error: missing documentation for a struct field
   --> crates/perl-parser/src/refactoring.rs:106:9
    |
106 |         end_position: (usize, usize),
    |         ^^^^^^^^^^^^^^^^^^^^^^^^^^^^

error: missing documentation for a struct field
   --> crates/perl-parser/src/refactoring.rs:109:16
    |
109 |     MoveCode { source_file: PathBuf, target_file: PathBuf, elements: Vec<String> },
    |                ^^^^^^^^^^^^^^^^^^^^

error: missing documentation for a struct field
   --> crates/perl-parser/src/refactoring.rs:109:38
    |
109 |     MoveCode { source_file: PathBuf, target_file: PathBuf, elements: Vec<String> },
    |                                      ^^^^^^^^^^^^^^^^^^^^

error: missing documentation for a struct field
   --> crates/perl-parser/src/refactoring.rs:109:60
    |
109 |     MoveCode { source_file: PathBuf, target_file: PathBuf, elements: Vec<String> },
    |                                                            ^^^^^^^^^^^^^^^^^^^^^

error: missing documentation for a struct field
   --> crates/perl-parser/src/refactoring.rs:111:17
    |
111 |     Modernize { patterns: Vec<ModernizationPattern> },
    |                 ^^^^^^^^^^^^^^^^^^^^^^^^^^^^^^^^^^^

error: missing documentation for a struct field
   --> crates/perl-parser/src/refactoring.rs:113:23
    |
113 |     OptimizeImports { remove_unused: bool, sort_alphabetically: bool, group_by_type: bool },
    |                       ^^^^^^^^^^^^^^^^^^^

error: missing documentation for a struct field
   --> crates/perl-parser/src/refactoring.rs:113:44
    |
113 |     OptimizeImports { remove_unused: bool, sort_alphabetically: bool, group_by_type: bool },
    |                                            ^^^^^^^^^^^^^^^^^^^^^^^^^

error: missing documentation for a struct field
   --> crates/perl-parser/src/refactoring.rs:113:71
    |
113 |     OptimizeImports { remove_unused: bool, sort_alphabetically: bool, group_by_type: bool },
    |                                                                       ^^^^^^^^^^^^^^^^^^^

error: missing documentation for a struct field
   --> crates/perl-parser/src/refactoring.rs:115:14
    |
115 |     Inline { symbol_name: String, all_occurrences: bool },
    |              ^^^^^^^^^^^^^^^^^^^

error: missing documentation for a struct field
   --> crates/perl-parser/src/refactoring.rs:115:35
    |
115 |     Inline { symbol_name: String, all_occurrences: bool },
    |                                   ^^^^^^^^^^^^^^^^^^^^^

error: missing documentation for a variant
  --> crates/perl-parser/src/semantic.rs:84:5
   |
84 |     Declaration,
   |     ^^^^^^^^^^^

error: missing documentation for a variant
  --> crates/perl-parser/src/semantic.rs:85:5
   |
85 |     Definition,
   |     ^^^^^^^^^^

error: missing documentation for a variant
  --> crates/perl-parser/src/semantic.rs:86:5
   |
86 |     Readonly,
   |     ^^^^^^^^

error: missing documentation for a variant
  --> crates/perl-parser/src/semantic.rs:87:5
   |
87 |     Static,
   |     ^^^^^^

error: missing documentation for a variant
  --> crates/perl-parser/src/semantic.rs:88:5
   |
88 |     Deprecated,
   |     ^^^^^^^^^^

error: missing documentation for a variant
  --> crates/perl-parser/src/semantic.rs:89:5
   |
89 |     Abstract,
   |     ^^^^^^^^

error: missing documentation for a variant
  --> crates/perl-parser/src/semantic.rs:90:5
   |
90 |     Async,
   |     ^^^^^

error: missing documentation for a variant
  --> crates/perl-parser/src/semantic.rs:91:5
   |
91 |     Modification,
   |     ^^^^^^^^^^^^

error: missing documentation for a variant
  --> crates/perl-parser/src/semantic.rs:92:5
   |
92 |     Documentation,
   |     ^^^^^^^^^^^^^

error: missing documentation for a variant
  --> crates/perl-parser/src/semantic.rs:93:5
   |
93 |     DefaultLibrary,
   |     ^^^^^^^^^^^^^^

error: missing documentation for a variant
  --> crates/perl-parser/src/semantic_tokens_provider.rs:12:5
   |
12 |     Namespace, // package names
   |     ^^^^^^^^^

error: missing documentation for a variant
  --> crates/perl-parser/src/semantic_tokens_provider.rs:13:5
   |
13 |     Class,     // class names (modern Perl)
   |     ^^^^^

error: missing documentation for a variant
  --> crates/perl-parser/src/semantic_tokens_provider.rs:14:5
   |
14 |     Function,  // subroutine names
   |     ^^^^^^^^

error: missing documentation for a variant
  --> crates/perl-parser/src/semantic_tokens_provider.rs:15:5
   |
15 |     Method,    // method names
   |     ^^^^^^

error: missing documentation for a variant
  --> crates/perl-parser/src/semantic_tokens_provider.rs:16:5
   |
16 |     Variable,  // all variables
   |     ^^^^^^^^

error: missing documentation for a variant
  --> crates/perl-parser/src/semantic_tokens_provider.rs:17:5
   |
17 |     Parameter, // function parameters
   |     ^^^^^^^^^

error: missing documentation for a variant
  --> crates/perl-parser/src/semantic_tokens_provider.rs:18:5
   |
18 |     Property,  // object properties/attributes
   |     ^^^^^^^^

error: missing documentation for a variant
  --> crates/perl-parser/src/semantic_tokens_provider.rs:19:5
   |
19 |     Keyword,   // language keywords
   |     ^^^^^^^

error: missing documentation for a variant
  --> crates/perl-parser/src/semantic_tokens_provider.rs:20:5
   |
20 |     Comment,   // comments
   |     ^^^^^^^

error: missing documentation for a variant
  --> crates/perl-parser/src/semantic_tokens_provider.rs:21:5
   |
21 |     String,    // string literals
   |     ^^^^^^

error: missing documentation for a variant
  --> crates/perl-parser/src/semantic_tokens_provider.rs:22:5
   |
22 |     Number,    // numeric literals
   |     ^^^^^^

error: missing documentation for a variant
  --> crates/perl-parser/src/semantic_tokens_provider.rs:23:5
   |
23 |     Regexp,    // regular expressions
   |     ^^^^^^

error: missing documentation for a variant
  --> crates/perl-parser/src/semantic_tokens_provider.rs:24:5
   |
24 |     Operator,  // operators
   |     ^^^^^^^^

error: missing documentation for a variant
  --> crates/perl-parser/src/semantic_tokens_provider.rs:25:5
   |
25 |     Macro,     // constants/macros
   |     ^^^^^

error: missing documentation for a variant
  --> crates/perl-parser/src/semantic_tokens_provider.rs:73:5
   |
73 |     Declaration,    // definition site
   |     ^^^^^^^^^^^

error: missing documentation for a variant
  --> crates/perl-parser/src/semantic_tokens_provider.rs:74:5
   |
74 |     Definition,     // same as declaration
   |     ^^^^^^^^^^

error: missing documentation for a variant
  --> crates/perl-parser/src/semantic_tokens_provider.rs:75:5
   |
75 |     Reference,      // usage site
   |     ^^^^^^^^^

error: missing documentation for a variant
  --> crates/perl-parser/src/semantic_tokens_provider.rs:76:5
   |
76 |     Modification,   // being modified
   |     ^^^^^^^^^^^^

error: missing documentation for a variant
  --> crates/perl-parser/src/semantic_tokens_provider.rs:77:5
   |
77 |     Static,         // package-level
   |     ^^^^^^

error: missing documentation for a variant
  --> crates/perl-parser/src/semantic_tokens_provider.rs:78:5
   |
78 |     DefaultLibrary, // built-in
   |     ^^^^^^^^^^^^^^

error: missing documentation for a variant
  --> crates/perl-parser/src/semantic_tokens_provider.rs:79:5
   |
79 |     Async,          // async operations
   |     ^^^^^

error: missing documentation for a variant
  --> crates/perl-parser/src/semantic_tokens_provider.rs:80:5
   |
80 |     Readonly,       // constants
   |     ^^^^^^^^

error: missing documentation for a variant
  --> crates/perl-parser/src/semantic_tokens_provider.rs:81:5
   |
81 |     Deprecated,     // deprecated items
   |     ^^^^^^^^^^

error: missing documentation for a struct field
   --> crates/perl-parser/src/semantic_tokens_provider.rs:119:5
    |
119 |     pub line: u32,
    |     ^^^^^^^^^^^^^

error: missing documentation for a struct field
   --> crates/perl-parser/src/semantic_tokens_provider.rs:120:5
    |
120 |     pub start_char: u32,
    |     ^^^^^^^^^^^^^^^^^^^

error: missing documentation for a struct field
   --> crates/perl-parser/src/semantic_tokens_provider.rs:121:5
    |
121 |     pub length: u32,
    |     ^^^^^^^^^^^^^^^

error: missing documentation for a struct field
   --> crates/perl-parser/src/semantic_tokens_provider.rs:122:5
    |
122 |     pub token_type: SemanticTokenType,
    |     ^^^^^^^^^^^^^^^^^^^^^^^^^^^^^^^^^

error: missing documentation for a struct field
   --> crates/perl-parser/src/semantic_tokens_provider.rs:123:5
    |
123 |     pub modifiers: Vec<SemanticTokenModifier>,
    |     ^^^^^^^^^^^^^^^^^^^^^^^^^^^^^^^^^^^^^^^^^

error: missing documentation for an enum
  --> crates/perl-parser/src/tdd_workflow.rs:34:1
   |
34 | pub enum WorkflowState {
   | ^^^^^^^^^^^^^^^^^^^^^^

error: missing documentation for a struct
  --> crates/perl-parser/src/tdd_workflow.rs:46:1
   |
46 | pub struct TddConfig {
   | ^^^^^^^^^^^^^^^^^^^^

error: missing documentation for a struct
  --> crates/perl-parser/src/tdd_workflow.rs:92:1
   |
92 | pub struct LineCoverage {
   | ^^^^^^^^^^^^^^^^^^^^^^^

error: missing documentation for a struct field
  --> crates/perl-parser/src/tdd_workflow.rs:93:5
   |
93 |     pub line: usize,
   |     ^^^^^^^^^^^^^^^

error: missing documentation for a struct field
  --> crates/perl-parser/src/tdd_workflow.rs:94:5
   |
94 |     pub hits: usize,
   |     ^^^^^^^^^^^^^^^

error: missing documentation for a struct field
  --> crates/perl-parser/src/tdd_workflow.rs:95:5
   |
95 |     pub covered: bool,
   |     ^^^^^^^^^^^^^^^^^

error: missing documentation for a struct
  --> crates/perl-parser/src/tdd_workflow.rs:99:1
   |
99 | pub struct BranchCoverage {
   | ^^^^^^^^^^^^^^^^^^^^^^^^^

error: missing documentation for a struct field
   --> crates/perl-parser/src/tdd_workflow.rs:100:5
    |
100 |     pub line: usize,
    |     ^^^^^^^^^^^^^^^

error: missing documentation for a struct field
   --> crates/perl-parser/src/tdd_workflow.rs:101:5
    |
101 |     pub branch_id: usize,
    |     ^^^^^^^^^^^^^^^^^^^^

error: missing documentation for a struct field
   --> crates/perl-parser/src/tdd_workflow.rs:102:5
    |
102 |     pub taken: bool,
    |     ^^^^^^^^^^^^^^^

error: missing documentation for a struct field
   --> crates/perl-parser/src/tdd_workflow.rs:103:5
    |
103 |     pub hits: usize,
    |     ^^^^^^^^^^^^^^^

error: missing documentation for an associated function
   --> crates/perl-parser/src/tdd_workflow.rs:107:5
    |
107 |     pub fn new(config: TddConfig) -> Self {
    |     ^^^^^^^^^^^^^^^^^^^^^^^^^^^^^^^^^^^^^

error: missing documentation for a struct field
   --> crates/perl-parser/src/tdd_workflow.rs:406:5
    |
406 |     pub phase: String,
    |     ^^^^^^^^^^^^^^^^^

error: missing documentation for a struct field
   --> crates/perl-parser/src/tdd_workflow.rs:407:5
    |
407 |     pub message: String,
    |     ^^^^^^^^^^^^^^^^^^^

error: missing documentation for a struct field
   --> crates/perl-parser/src/tdd_workflow.rs:408:5
    |
408 |     pub actions: Vec<TddAction>,
    |     ^^^^^^^^^^^^^^^^^^^^^^^^^^^

error: missing documentation for an enum
   --> crates/perl-parser/src/tdd_workflow.rs:412:1
    |
412 | pub enum TddAction {
    | ^^^^^^^^^^^^^^^^^^

error: missing documentation for a variant
   --> crates/perl-parser/src/tdd_workflow.rs:413:5
    |
413 |     GenerateTest(String),
    |     ^^^^^^^^^^^^

error: missing documentation for a variant
   --> crates/perl-parser/src/tdd_workflow.rs:414:5
    |
414 |     CreateTestFile(PathBuf),
    |     ^^^^^^^^^^^^^^

error: missing documentation for a variant
   --> crates/perl-parser/src/tdd_workflow.rs:415:5
    |
415 |     RunTests,
    |     ^^^^^^^^

error: missing documentation for a variant
   --> crates/perl-parser/src/tdd_workflow.rs:416:5
    |
416 |     SuggestRefactorings,
    |     ^^^^^^^^^^^^^^^^^^^

error: missing documentation for a variant
   --> crates/perl-parser/src/tdd_workflow.rs:417:5
    |
417 |     UpdateCoverage,
    |     ^^^^^^^^^^^^^^

error: missing documentation for a variant
   --> crates/perl-parser/src/tdd_workflow.rs:418:5
    |
418 |     ShowFailures,
    |     ^^^^^^^^^^^^

error: missing documentation for an enum
   --> crates/perl-parser/src/tdd_workflow.rs:422:1
    |
422 | pub enum TestType {
    | ^^^^^^^^^^^^^^^^^

error: missing documentation for a variant
   --> crates/perl-parser/src/tdd_workflow.rs:423:5
    |
423 |     Basic,
    |     ^^^^^

error: missing documentation for a variant
   --> crates/perl-parser/src/tdd_workflow.rs:424:5
    |
424 |     EdgeCase,
    |     ^^^^^^^^

error: missing documentation for a variant
   --> crates/perl-parser/src/tdd_workflow.rs:425:5
    |
425 |     ErrorHandling,
    |     ^^^^^^^^^^^^^

error: missing documentation for a variant
   --> crates/perl-parser/src/tdd_workflow.rs:426:5
    |
426 |     Performance,
    |     ^^^^^^^^^^^

error: missing documentation for a variant
   --> crates/perl-parser/src/tdd_workflow.rs:427:5
    |
427 |     Integration,
    |     ^^^^^^^^^^^

error: missing documentation for a struct
   --> crates/perl-parser/src/tdd_workflow.rs:431:1
    |
431 | pub struct CoverageAnnotation {
    | ^^^^^^^^^^^^^^^^^^^^^^^^^^^^^

error: missing documentation for a struct field
   --> crates/perl-parser/src/tdd_workflow.rs:432:5
    |
432 |     pub line: usize,
    |     ^^^^^^^^^^^^^^^

error: missing documentation for a struct field
   --> crates/perl-parser/src/tdd_workflow.rs:433:5
    |
433 |     pub message: String,
    |     ^^^^^^^^^^^^^^^^^^^

error: missing documentation for a struct field
   --> crates/perl-parser/src/tdd_workflow.rs:434:5
    |
434 |     pub severity: AnnotationSeverity,
    |     ^^^^^^^^^^^^^^^^^^^^^^^^^^^^^^^^

error: missing documentation for an enum
   --> crates/perl-parser/src/tdd_workflow.rs:438:1
    |
438 | pub enum AnnotationSeverity {
    | ^^^^^^^^^^^^^^^^^^^^^^^^^^^

error: missing documentation for a variant
   --> crates/perl-parser/src/tdd_workflow.rs:439:5
    |
439 |     Error,
    |     ^^^^^

error: missing documentation for a variant
   --> crates/perl-parser/src/tdd_workflow.rs:440:5
    |
440 |     Warning,
    |     ^^^^^^^

error: missing documentation for a variant
   --> crates/perl-parser/src/tdd_workflow.rs:441:5
    |
441 |     Info,
    |     ^^^^

error: missing documentation for a variant
   --> crates/perl-parser/src/tdd_workflow.rs:442:5
    |
442 |     Hint,
    |     ^^^^

error: missing documentation for a struct
   --> crates/perl-parser/src/tdd_workflow.rs:446:1
    |
446 | pub struct WorkflowStatus {
    | ^^^^^^^^^^^^^^^^^^^^^^^^^

error: missing documentation for a struct field
   --> crates/perl-parser/src/tdd_workflow.rs:447:5
    |
447 |     pub state: WorkflowState,
    |     ^^^^^^^^^^^^^^^^^^^^^^^^

error: missing documentation for a struct field
   --> crates/perl-parser/src/tdd_workflow.rs:448:5
    |
448 |     pub coverage: f64,
    |     ^^^^^^^^^^^^^^^^^

error: missing documentation for a struct field
   --> crates/perl-parser/src/tdd_workflow.rs:449:5
    |
449 |     pub tests_passing: bool,
    |     ^^^^^^^^^^^^^^^^^^^^^^^

error: missing documentation for a struct field
   --> crates/perl-parser/src/tdd_workflow.rs:450:5
    |
450 |     pub suggestions_available: bool,
    |     ^^^^^^^^^^^^^^^^^^^^^^^^^^^^^^^

error: missing documentation for a struct field
   --> crates/perl-parser/src/test_generator.rs:101:5
    |
101 |     pub name: String,
    |     ^^^^^^^^^^^^^^^^

error: missing documentation for a struct field
   --> crates/perl-parser/src/test_generator.rs:102:5
    |
102 |     pub description: String,
    |     ^^^^^^^^^^^^^^^^^^^^^^^

error: missing documentation for a struct field
   --> crates/perl-parser/src/test_generator.rs:103:5
    |
103 |     pub code: String,
    |     ^^^^^^^^^^^^^^^^

error: missing documentation for a struct field
   --> crates/perl-parser/src/test_generator.rs:104:5
    |
104 |     pub is_todo: bool,
    |     ^^^^^^^^^^^^^^^^^

error: missing documentation for an associated function
   --> crates/perl-parser/src/test_generator.rs:130:5
    |
130 |     pub fn with_options(framework: TestFramework, options: TestGeneratorOptions) -> Self {
    |     ^^^^^^^^^^^^^^^^^^^^^^^^^^^^^^^^^^^^^^^^^^^^^^^^^^^^^^^^^^^^^^^^^^^^^^^^^^^^^^^^^^^^

error: missing documentation for an associated function
   --> crates/perl-parser/src/test_generator.rs:644:5
    |
644 |     pub fn new() -> Self {
    |     ^^^^^^^^^^^^^^^^^^^^

error: missing documentation for an associated function
   --> crates/perl-parser/src/test_generator.rs:648:5
    |
648 |     pub fn with_command(command: String) -> Self {
    |     ^^^^^^^^^^^^^^^^^^^^^^^^^^^^^^^^^^^^^^^^^^^^

error: missing documentation for a struct
   --> crates/perl-parser/src/test_generator.rs:701:1
    |
701 | pub struct TestResults {
    | ^^^^^^^^^^^^^^^^^^^^^^

error: missing documentation for a struct field
   --> crates/perl-parser/src/test_generator.rs:702:5
    |
702 |     pub total: usize,
    |     ^^^^^^^^^^^^^^^^

error: missing documentation for a struct field
   --> crates/perl-parser/src/test_generator.rs:703:5
    |
703 |     pub passed: usize,
    |     ^^^^^^^^^^^^^^^^^

error: missing documentation for a struct field
   --> crates/perl-parser/src/test_generator.rs:704:5
    |
704 |     pub failed: usize,
    |     ^^^^^^^^^^^^^^^^^

error: missing documentation for a struct field
   --> crates/perl-parser/src/test_generator.rs:705:5
    |
705 |     pub skipped: usize,
    |     ^^^^^^^^^^^^^^^^^^

error: missing documentation for a struct field
   --> crates/perl-parser/src/test_generator.rs:706:5
    |
706 |     pub todo: usize,
    |     ^^^^^^^^^^^^^^^

error: missing documentation for a struct field
   --> crates/perl-parser/src/test_generator.rs:707:5
    |
707 |     pub errors: Vec<String>,
    |     ^^^^^^^^^^^^^^^^^^^^^^^

error: missing documentation for a struct
   --> crates/perl-parser/src/test_generator.rs:711:1
    |
711 | pub struct CoverageReport {
    | ^^^^^^^^^^^^^^^^^^^^^^^^^

error: missing documentation for a struct field
   --> crates/perl-parser/src/test_generator.rs:712:5
    |
712 |     pub line_coverage: f64,
    |     ^^^^^^^^^^^^^^^^^^^^^^

error: missing documentation for a struct field
   --> crates/perl-parser/src/test_generator.rs:713:5
    |
713 |     pub branch_coverage: f64,
    |     ^^^^^^^^^^^^^^^^^^^^^^^^

error: missing documentation for a struct field
   --> crates/perl-parser/src/test_generator.rs:714:5
    |
714 |     pub function_coverage: f64,
    |     ^^^^^^^^^^^^^^^^^^^^^^^^^^

error: missing documentation for a struct field
   --> crates/perl-parser/src/test_generator.rs:715:5
    |
715 |     pub uncovered_lines: Vec<usize>,
    |     ^^^^^^^^^^^^^^^^^^^^^^^^^^^^^^^

error: missing documentation for a struct
   --> crates/perl-parser/src/test_generator.rs:724:1
    |
724 | pub struct RefactoringSuggestion {
    | ^^^^^^^^^^^^^^^^^^^^^^^^^^^^^^^^

error: missing documentation for a struct field
   --> crates/perl-parser/src/test_generator.rs:725:5
    |
725 |     pub title: String,
    |     ^^^^^^^^^^^^^^^^^

error: missing documentation for a struct field
   --> crates/perl-parser/src/test_generator.rs:726:5
    |
726 |     pub description: String,
    |     ^^^^^^^^^^^^^^^^^^^^^^^

error: missing documentation for a struct field
   --> crates/perl-parser/src/test_generator.rs:727:5
    |
727 |     pub priority: Priority,
    |     ^^^^^^^^^^^^^^^^^^^^^^

error: missing documentation for a struct field
   --> crates/perl-parser/src/test_generator.rs:728:5
    |
728 |     pub category: RefactoringCategory,
    |     ^^^^^^^^^^^^^^^^^^^^^^^^^^^^^^^^^

error: missing documentation for a struct field
   --> crates/perl-parser/src/test_generator.rs:729:5
    |
729 |     pub code_action: Option<String>,
    |     ^^^^^^^^^^^^^^^^^^^^^^^^^^^^^^^

error: missing documentation for an enum
   --> crates/perl-parser/src/test_generator.rs:733:1
    |
733 | pub enum Priority {
    | ^^^^^^^^^^^^^^^^^

error: missing documentation for a variant
   --> crates/perl-parser/src/test_generator.rs:734:5
    |
734 |     Low,
    |     ^^^

error: missing documentation for a variant
   --> crates/perl-parser/src/test_generator.rs:735:5
    |
735 |     Medium,
    |     ^^^^^^

error: missing documentation for a variant
   --> crates/perl-parser/src/test_generator.rs:736:5
    |
736 |     High,
    |     ^^^^

error: missing documentation for a variant
   --> crates/perl-parser/src/test_generator.rs:737:5
    |
737 |     Critical,
    |     ^^^^^^^^

error: missing documentation for an enum
   --> crates/perl-parser/src/test_generator.rs:741:1
    |
741 | pub enum RefactoringCategory {
    | ^^^^^^^^^^^^^^^^^^^^^^^^^^^^

error: missing documentation for a variant
   --> crates/perl-parser/src/test_generator.rs:742:5
    |
742 |     DuplicateCode,
    |     ^^^^^^^^^^^^^

error: missing documentation for a variant
   --> crates/perl-parser/src/test_generator.rs:743:5
    |
743 |     ComplexMethod,
    |     ^^^^^^^^^^^^^

error: missing documentation for a variant
   --> crates/perl-parser/src/test_generator.rs:744:5
    |
744 |     LongMethod,
    |     ^^^^^^^^^^

error: missing documentation for a variant
   --> crates/perl-parser/src/test_generator.rs:745:5
    |
745 |     TooManyParameters,
    |     ^^^^^^^^^^^^^^^^^

error: missing documentation for a variant
   --> crates/perl-parser/src/test_generator.rs:746:5
    |
746 |     DeadCode,
    |     ^^^^^^^^

error: missing documentation for a variant
   --> crates/perl-parser/src/test_generator.rs:747:5
    |
747 |     Performance,
    |     ^^^^^^^^^^^

error: missing documentation for a variant
   --> crates/perl-parser/src/test_generator.rs:748:5
    |
748 |     Naming,
    |     ^^^^^^

error: missing documentation for a variant
   --> crates/perl-parser/src/test_generator.rs:749:5
    |
749 |     Structure,
    |     ^^^^^^^^^

error: missing documentation for an associated function
   --> crates/perl-parser/src/test_generator.rs:759:5
    |
759 |     pub fn new() -> Self {
    |     ^^^^^^^^^^^^^^^^^^^^

error: missing documentation for a struct field
 --> crates/perl-parser/src/test_runner.rs:9:5
  |
9 |     pub id: String,
  |     ^^^^^^^^^^^^^^

error: missing documentation for a struct field
  --> crates/perl-parser/src/test_runner.rs:10:5
   |
10 |     pub label: String,
   |     ^^^^^^^^^^^^^^^^^

error: missing documentation for a struct field
  --> crates/perl-parser/src/test_runner.rs:11:5
   |
11 |     pub uri: String,
   |     ^^^^^^^^^^^^^^^

error: missing documentation for a struct field
  --> crates/perl-parser/src/test_runner.rs:12:5
   |
12 |     pub range: TestRange,
   |     ^^^^^^^^^^^^^^^^^^^^

error: missing documentation for a struct field
  --> crates/perl-parser/src/test_runner.rs:13:5
   |
13 |     pub kind: TestKind,
   |     ^^^^^^^^^^^^^^^^^^

error: missing documentation for a struct field
  --> crates/perl-parser/src/test_runner.rs:14:5
   |
14 |     pub children: Vec<TestItem>,
   |     ^^^^^^^^^^^^^^^^^^^^^^^^^^^

error: missing documentation for a struct
  --> crates/perl-parser/src/test_runner.rs:18:1
   |
18 | pub struct TestRange {
   | ^^^^^^^^^^^^^^^^^^^^

error: missing documentation for a struct field
  --> crates/perl-parser/src/test_runner.rs:19:5
   |
19 |     pub start_line: u32,
   |     ^^^^^^^^^^^^^^^^^^^

error: missing documentation for a struct field
  --> crates/perl-parser/src/test_runner.rs:20:5
   |
20 |     pub start_character: u32,
   |     ^^^^^^^^^^^^^^^^^^^^^^^^

error: missing documentation for a struct field
  --> crates/perl-parser/src/test_runner.rs:21:5
   |
21 |     pub end_line: u32,
   |     ^^^^^^^^^^^^^^^^^

error: missing documentation for a struct field
  --> crates/perl-parser/src/test_runner.rs:22:5
   |
22 |     pub end_character: u32,
   |     ^^^^^^^^^^^^^^^^^^^^^^

error: missing documentation for an enum
  --> crates/perl-parser/src/test_runner.rs:26:1
   |
26 | pub enum TestKind {
   | ^^^^^^^^^^^^^^^^^

error: missing documentation for a variant
  --> crates/perl-parser/src/test_runner.rs:27:5
   |
27 |     File,
   |     ^^^^

error: missing documentation for a variant
  --> crates/perl-parser/src/test_runner.rs:28:5
   |
28 |     Suite,
   |     ^^^^^

error: missing documentation for a variant
  --> crates/perl-parser/src/test_runner.rs:29:5
   |
29 |     Test,
   |     ^^^^

error: missing documentation for a struct field
  --> crates/perl-parser/src/test_runner.rs:35:5
   |
35 |     pub test_id: String,
   |     ^^^^^^^^^^^^^^^^^^^

error: missing documentation for a struct field
  --> crates/perl-parser/src/test_runner.rs:36:5
   |
36 |     pub status: TestStatus,
   |     ^^^^^^^^^^^^^^^^^^^^^^

error: missing documentation for a struct field
  --> crates/perl-parser/src/test_runner.rs:37:5
   |
37 |     pub message: Option<String>,
   |     ^^^^^^^^^^^^^^^^^^^^^^^^^^^

error: missing documentation for a struct field
  --> crates/perl-parser/src/test_runner.rs:38:5
   |
38 |     pub duration: Option<u64>, // milliseconds
   |     ^^^^^^^^^^^^^^^^^^^^^^^^^

error: missing documentation for an enum
  --> crates/perl-parser/src/test_runner.rs:42:1
   |
42 | pub enum TestStatus {
   | ^^^^^^^^^^^^^^^^^^^

error: missing documentation for a variant
  --> crates/perl-parser/src/test_runner.rs:43:5
   |
43 |     Passed,
   |     ^^^^^^

error: missing documentation for a variant
  --> crates/perl-parser/src/test_runner.rs:44:5
   |
44 |     Failed,
   |     ^^^^^^

error: missing documentation for a variant
  --> crates/perl-parser/src/test_runner.rs:45:5
   |
45 |     Skipped,
   |     ^^^^^^^

error: missing documentation for a variant
  --> crates/perl-parser/src/test_runner.rs:46:5
   |
46 |     Errored,
   |     ^^^^^^^

error: missing documentation for an associated function
  --> crates/perl-parser/src/test_runner.rs:68:5
   |
68 |     pub fn new(source: String, uri: String) -> Self {
   |     ^^^^^^^^^^^^^^^^^^^^^^^^^^^^^^^^^^^^^^^^^^^^^^^

error: missing documentation for a method
   --> crates/perl-parser/src/test_runner.rs:537:5
    |
537 |     pub fn to_json(&self) -> Value {
    |     ^^^^^^^^^^^^^^^^^^^^^^^^^^^^^^

error: missing documentation for a method
   --> crates/perl-parser/src/test_runner.rs:560:5
    |
560 |     pub fn to_json(&self) -> Value {
    |     ^^^^^^^^^^^^^^^^^^^^^^^^^^^^^^

error: missing documentation for a variant
   --> crates/perl-parser/src/token_stream.rs:163:5
    |
163 |     My,
    |     ^^

error: missing documentation for a variant
   --> crates/perl-parser/src/token_stream.rs:164:5
    |
164 |     Our,
    |     ^^^

error: missing documentation for a variant
   --> crates/perl-parser/src/token_stream.rs:165:5
    |
165 |     Local,
    |     ^^^^^

error: missing documentation for a variant
   --> crates/perl-parser/src/token_stream.rs:166:5
    |
166 |     State,
    |     ^^^^^

error: missing documentation for a variant
   --> crates/perl-parser/src/token_stream.rs:167:5
    |
167 |     Sub,
    |     ^^^

error: missing documentation for a variant
   --> crates/perl-parser/src/token_stream.rs:168:5
    |
168 |     If,
    |     ^^

error: missing documentation for a variant
   --> crates/perl-parser/src/token_stream.rs:169:5
    |
169 |     Elsif,
    |     ^^^^^

error: missing documentation for a variant
   --> crates/perl-parser/src/token_stream.rs:170:5
    |
170 |     Else,
    |     ^^^^

error: missing documentation for a variant
   --> crates/perl-parser/src/token_stream.rs:171:5
    |
171 |     Unless,
    |     ^^^^^^

error: missing documentation for a variant
   --> crates/perl-parser/src/token_stream.rs:172:5
    |
172 |     While,
    |     ^^^^^

error: missing documentation for a variant
   --> crates/perl-parser/src/token_stream.rs:173:5
    |
173 |     Until,
    |     ^^^^^

error: missing documentation for a variant
   --> crates/perl-parser/src/token_stream.rs:174:5
    |
174 |     For,
    |     ^^^

error: missing documentation for a variant
   --> crates/perl-parser/src/token_stream.rs:175:5
    |
175 |     Foreach,
    |     ^^^^^^^

error: missing documentation for a variant
   --> crates/perl-parser/src/token_stream.rs:176:5
    |
176 |     Return,
    |     ^^^^^^

error: missing documentation for a variant
   --> crates/perl-parser/src/token_stream.rs:177:5
    |
177 |     Package,
    |     ^^^^^^^

error: missing documentation for a variant
   --> crates/perl-parser/src/token_stream.rs:178:5
    |
178 |     Use,
    |     ^^^

error: missing documentation for a variant
   --> crates/perl-parser/src/token_stream.rs:179:5
    |
179 |     No,
    |     ^^

error: missing documentation for a variant
   --> crates/perl-parser/src/token_stream.rs:180:5
    |
180 |     Begin,
    |     ^^^^^

error: missing documentation for a variant
   --> crates/perl-parser/src/token_stream.rs:181:5
    |
181 |     End,
    |     ^^^

error: missing documentation for a variant
   --> crates/perl-parser/src/token_stream.rs:182:5
    |
182 |     Check,
    |     ^^^^^

error: missing documentation for a variant
   --> crates/perl-parser/src/token_stream.rs:183:5
    |
183 |     Init,
    |     ^^^^

error: missing documentation for a variant
   --> crates/perl-parser/src/token_stream.rs:184:5
    |
184 |     Unitcheck,
    |     ^^^^^^^^^

error: missing documentation for a variant
   --> crates/perl-parser/src/token_stream.rs:185:5
    |
185 |     Eval,
    |     ^^^^

error: missing documentation for a variant
   --> crates/perl-parser/src/token_stream.rs:186:5
    |
186 |     Do,
    |     ^^

error: missing documentation for a variant
   --> crates/perl-parser/src/token_stream.rs:187:5
    |
187 |     Given,
    |     ^^^^^

error: missing documentation for a variant
   --> crates/perl-parser/src/token_stream.rs:188:5
    |
188 |     When,
    |     ^^^^

error: missing documentation for a variant
   --> crates/perl-parser/src/token_stream.rs:189:5
    |
189 |     Default,
    |     ^^^^^^^

error: missing documentation for a variant
   --> crates/perl-parser/src/token_stream.rs:190:5
    |
190 |     Try,
    |     ^^^

error: missing documentation for a variant
   --> crates/perl-parser/src/token_stream.rs:191:5
    |
191 |     Catch,
    |     ^^^^^

error: missing documentation for a variant
   --> crates/perl-parser/src/token_stream.rs:192:5
    |
192 |     Finally,
    |     ^^^^^^^

error: missing documentation for a variant
   --> crates/perl-parser/src/token_stream.rs:193:5
    |
193 |     Continue,
    |     ^^^^^^^^

error: missing documentation for a variant
   --> crates/perl-parser/src/token_stream.rs:194:5
    |
194 |     Class,
    |     ^^^^^

error: missing documentation for a variant
   --> crates/perl-parser/src/token_stream.rs:195:5
    |
195 |     Method,
    |     ^^^^^^

error: missing documentation for a variant
   --> crates/perl-parser/src/token_stream.rs:196:5
    |
196 |     Format,
    |     ^^^^^^

error: missing documentation for a variant
   --> crates/perl-parser/src/token_stream.rs:197:5
    |
197 |     Undef,
    |     ^^^^^

error: missing documentation for a variant
   --> crates/perl-parser/src/token_stream.rs:200:5
    |
200 |     Assign,
    |     ^^^^^^

error: missing documentation for a variant
   --> crates/perl-parser/src/token_stream.rs:201:5
    |
201 |     Plus,
    |     ^^^^

error: missing documentation for a variant
   --> crates/perl-parser/src/token_stream.rs:202:5
    |
202 |     Minus,
    |     ^^^^^

error: missing documentation for a variant
   --> crates/perl-parser/src/token_stream.rs:203:5
    |
203 |     Star,
    |     ^^^^

error: missing documentation for a variant
   --> crates/perl-parser/src/token_stream.rs:204:5
    |
204 |     Slash,
    |     ^^^^^

error: missing documentation for a variant
   --> crates/perl-parser/src/token_stream.rs:205:5
    |
205 |     Percent,
    |     ^^^^^^^

error: missing documentation for a variant
   --> crates/perl-parser/src/token_stream.rs:206:5
    |
206 |     Power,
    |     ^^^^^

error: missing documentation for a variant
   --> crates/perl-parser/src/token_stream.rs:207:5
    |
207 |     LeftShift,
    |     ^^^^^^^^^

error: missing documentation for a variant
   --> crates/perl-parser/src/token_stream.rs:208:5
    |
208 |     RightShift,
    |     ^^^^^^^^^^

error: missing documentation for a variant
   --> crates/perl-parser/src/token_stream.rs:209:5
    |
209 |     BitwiseAnd,
    |     ^^^^^^^^^^

error: missing documentation for a variant
   --> crates/perl-parser/src/token_stream.rs:210:5
    |
210 |     BitwiseOr,
    |     ^^^^^^^^^

error: missing documentation for a variant
   --> crates/perl-parser/src/token_stream.rs:211:5
    |
211 |     BitwiseXor,
    |     ^^^^^^^^^^

error: missing documentation for a variant
   --> crates/perl-parser/src/token_stream.rs:212:5
    |
212 |     BitwiseNot,
    |     ^^^^^^^^^^

error: missing documentation for a variant
   --> crates/perl-parser/src/token_stream.rs:214:5
    |
214 |     PlusAssign,
    |     ^^^^^^^^^^

error: missing documentation for a variant
   --> crates/perl-parser/src/token_stream.rs:215:5
    |
215 |     MinusAssign,
    |     ^^^^^^^^^^^

error: missing documentation for a variant
   --> crates/perl-parser/src/token_stream.rs:216:5
    |
216 |     StarAssign,
    |     ^^^^^^^^^^

error: missing documentation for a variant
   --> crates/perl-parser/src/token_stream.rs:217:5
    |
217 |     SlashAssign,
    |     ^^^^^^^^^^^

error: missing documentation for a variant
   --> crates/perl-parser/src/token_stream.rs:218:5
    |
218 |     PercentAssign,
    |     ^^^^^^^^^^^^^

error: missing documentation for a variant
   --> crates/perl-parser/src/token_stream.rs:219:5
    |
219 |     DotAssign,
    |     ^^^^^^^^^

error: missing documentation for a variant
   --> crates/perl-parser/src/token_stream.rs:220:5
    |
220 |     AndAssign,
    |     ^^^^^^^^^

error: missing documentation for a variant
   --> crates/perl-parser/src/token_stream.rs:221:5
    |
221 |     OrAssign,
    |     ^^^^^^^^

error: missing documentation for a variant
   --> crates/perl-parser/src/token_stream.rs:222:5
    |
222 |     XorAssign,
    |     ^^^^^^^^^

error: missing documentation for a variant
   --> crates/perl-parser/src/token_stream.rs:223:5
    |
223 |     PowerAssign,
    |     ^^^^^^^^^^^

error: missing documentation for a variant
   --> crates/perl-parser/src/token_stream.rs:224:5
    |
224 |     LeftShiftAssign,
    |     ^^^^^^^^^^^^^^^

error: missing documentation for a variant
   --> crates/perl-parser/src/token_stream.rs:225:5
    |
225 |     RightShiftAssign,
    |     ^^^^^^^^^^^^^^^^

error: missing documentation for a variant
   --> crates/perl-parser/src/token_stream.rs:226:5
    |
226 |     LogicalAndAssign,
    |     ^^^^^^^^^^^^^^^^

error: missing documentation for a variant
   --> crates/perl-parser/src/token_stream.rs:227:5
    |
227 |     LogicalOrAssign,
    |     ^^^^^^^^^^^^^^^

error: missing documentation for a variant
   --> crates/perl-parser/src/token_stream.rs:228:5
    |
228 |     DefinedOrAssign,
    |     ^^^^^^^^^^^^^^^

error: missing documentation for a variant
   --> crates/perl-parser/src/token_stream.rs:229:5
    |
229 |     Equal,
    |     ^^^^^

error: missing documentation for a variant
   --> crates/perl-parser/src/token_stream.rs:230:5
    |
230 |     NotEqual,
    |     ^^^^^^^^

error: missing documentation for a variant
   --> crates/perl-parser/src/token_stream.rs:231:5
    |
231 |     Match,
    |     ^^^^^

error: missing documentation for a variant
   --> crates/perl-parser/src/token_stream.rs:232:5
    |
232 |     NotMatch,
    |     ^^^^^^^^

error: missing documentation for a variant
   --> crates/perl-parser/src/token_stream.rs:233:5
    |
233 |     SmartMatch,
    |     ^^^^^^^^^^

error: missing documentation for a variant
   --> crates/perl-parser/src/token_stream.rs:234:5
    |
234 |     Less,
    |     ^^^^

error: missing documentation for a variant
   --> crates/perl-parser/src/token_stream.rs:235:5
    |
235 |     Greater,
    |     ^^^^^^^

error: missing documentation for a variant
   --> crates/perl-parser/src/token_stream.rs:236:5
    |
236 |     LessEqual,
    |     ^^^^^^^^^

error: missing documentation for a variant
   --> crates/perl-parser/src/token_stream.rs:237:5
    |
237 |     GreaterEqual,
    |     ^^^^^^^^^^^^

error: missing documentation for a variant
   --> crates/perl-parser/src/token_stream.rs:238:5
    |
238 |     Spaceship,     // <=>
    |     ^^^^^^^^^

error: missing documentation for a variant
   --> crates/perl-parser/src/token_stream.rs:239:5
    |
239 |     StringCompare, // cmp
    |     ^^^^^^^^^^^^^

error: missing documentation for a variant
   --> crates/perl-parser/src/token_stream.rs:240:5
    |
240 |     And,
    |     ^^^

error: missing documentation for a variant
   --> crates/perl-parser/src/token_stream.rs:241:5
    |
241 |     Or,
    |     ^^

error: missing documentation for a variant
   --> crates/perl-parser/src/token_stream.rs:242:5
    |
242 |     Not,
    |     ^^^

error: missing documentation for a variant
   --> crates/perl-parser/src/token_stream.rs:243:5
    |
243 |     DefinedOr,
    |     ^^^^^^^^^

error: missing documentation for a variant
   --> crates/perl-parser/src/token_stream.rs:245:5
    |
245 |     WordAnd,
    |     ^^^^^^^

error: missing documentation for a variant
   --> crates/perl-parser/src/token_stream.rs:246:5
    |
246 |     WordOr,
    |     ^^^^^^

error: missing documentation for a variant
   --> crates/perl-parser/src/token_stream.rs:247:5
    |
247 |     WordNot,
    |     ^^^^^^^

error: missing documentation for a variant
   --> crates/perl-parser/src/token_stream.rs:248:5
    |
248 |     WordXor,
    |     ^^^^^^^

error: missing documentation for a variant
   --> crates/perl-parser/src/token_stream.rs:249:5
    |
249 |     Arrow,
    |     ^^^^^

error: missing documentation for a variant
   --> crates/perl-parser/src/token_stream.rs:250:5
    |
250 |     FatArrow,
    |     ^^^^^^^^

error: missing documentation for a variant
   --> crates/perl-parser/src/token_stream.rs:251:5
    |
251 |     Dot,
    |     ^^^

error: missing documentation for a variant
   --> crates/perl-parser/src/token_stream.rs:252:5
    |
252 |     Range,
    |     ^^^^^

error: missing documentation for a variant
   --> crates/perl-parser/src/token_stream.rs:253:5
    |
253 |     Ellipsis,
    |     ^^^^^^^^

error: missing documentation for a variant
   --> crates/perl-parser/src/token_stream.rs:254:5
    |
254 |     Increment,
    |     ^^^^^^^^^

error: missing documentation for a variant
   --> crates/perl-parser/src/token_stream.rs:255:5
    |
255 |     Decrement,
    |     ^^^^^^^^^

error: missing documentation for a variant
   --> crates/perl-parser/src/token_stream.rs:256:5
    |
256 |     DoubleColon,
    |     ^^^^^^^^^^^

error: missing documentation for a variant
   --> crates/perl-parser/src/token_stream.rs:257:5
    |
257 |     Question,
    |     ^^^^^^^^

error: missing documentation for a variant
   --> crates/perl-parser/src/token_stream.rs:258:5
    |
258 |     Colon,
    |     ^^^^^

error: missing documentation for a variant
   --> crates/perl-parser/src/token_stream.rs:259:5
    |
259 |     Backslash, // Reference operator
    |     ^^^^^^^^^

error: missing documentation for a variant
   --> crates/perl-parser/src/token_stream.rs:262:5
    |
262 |     LeftParen,
    |     ^^^^^^^^^

error: missing documentation for a variant
   --> crates/perl-parser/src/token_stream.rs:263:5
    |
263 |     RightParen,
    |     ^^^^^^^^^^

error: missing documentation for a variant
   --> crates/perl-parser/src/token_stream.rs:264:5
    |
264 |     LeftBrace,
    |     ^^^^^^^^^

error: missing documentation for a variant
   --> crates/perl-parser/src/token_stream.rs:265:5
    |
265 |     RightBrace,
    |     ^^^^^^^^^^

error: missing documentation for a variant
   --> crates/perl-parser/src/token_stream.rs:266:5
    |
266 |     LeftBracket,
    |     ^^^^^^^^^^^

error: missing documentation for a variant
   --> crates/perl-parser/src/token_stream.rs:267:5
    |
267 |     RightBracket,
    |     ^^^^^^^^^^^^

error: missing documentation for a variant
   --> crates/perl-parser/src/token_stream.rs:268:5
    |
268 |     Semicolon,
    |     ^^^^^^^^^

error: missing documentation for a variant
   --> crates/perl-parser/src/token_stream.rs:269:5
    |
269 |     Comma,
    |     ^^^^^

error: missing documentation for a variant
   --> crates/perl-parser/src/token_stream.rs:272:5
    |
272 |     Number,
    |     ^^^^^^

error: missing documentation for a variant
   --> crates/perl-parser/src/token_stream.rs:273:5
    |
273 |     String,
    |     ^^^^^^

error: missing documentation for a variant
   --> crates/perl-parser/src/token_stream.rs:274:5
    |
274 |     Regex,
    |     ^^^^^

error: missing documentation for a variant
   --> crates/perl-parser/src/token_stream.rs:275:5
    |
275 |     Substitution,
    |     ^^^^^^^^^^^^

error: missing documentation for a variant
   --> crates/perl-parser/src/token_stream.rs:276:5
    |
276 |     Transliteration,
    |     ^^^^^^^^^^^^^^^

error: missing documentation for a variant
   --> crates/perl-parser/src/token_stream.rs:277:5
    |
277 |     QuoteSingle,
    |     ^^^^^^^^^^^

error: missing documentation for a variant
   --> crates/perl-parser/src/token_stream.rs:278:5
    |
278 |     QuoteDouble,
    |     ^^^^^^^^^^^

error: missing documentation for a variant
   --> crates/perl-parser/src/token_stream.rs:279:5
    |
279 |     QuoteWords,
    |     ^^^^^^^^^^

error: missing documentation for a variant
   --> crates/perl-parser/src/token_stream.rs:280:5
    |
280 |     QuoteCommand,
    |     ^^^^^^^^^^^^

error: missing documentation for a variant
   --> crates/perl-parser/src/token_stream.rs:281:5
    |
281 |     HeredocStart,
    |     ^^^^^^^^^^^^

error: missing documentation for a variant
   --> crates/perl-parser/src/token_stream.rs:282:5
    |
282 |     HeredocBody,
    |     ^^^^^^^^^^^

error: missing documentation for a variant
   --> crates/perl-parser/src/token_stream.rs:283:5
    |
283 |     FormatBody,
    |     ^^^^^^^^^^

error: missing documentation for a variant
   --> crates/perl-parser/src/token_stream.rs:284:5
    |
284 |     DataMarker,
    |     ^^^^^^^^^^

error: missing documentation for a variant
   --> crates/perl-parser/src/token_stream.rs:285:5
    |
285 |     DataBody,
    |     ^^^^^^^^

error: missing documentation for a variant
   --> crates/perl-parser/src/token_stream.rs:286:5
    |
286 |     UnknownRest,
    |     ^^^^^^^^^^^

error: missing documentation for a variant
   --> crates/perl-parser/src/token_stream.rs:289:5
    |
289 |     Identifier,
    |     ^^^^^^^^^^

error: missing documentation for a variant
   --> crates/perl-parser/src/token_stream.rs:290:5
    |
290 |     ScalarSigil,
    |     ^^^^^^^^^^^

error: missing documentation for a variant
   --> crates/perl-parser/src/token_stream.rs:291:5
    |
291 |     ArraySigil,
    |     ^^^^^^^^^^

error: missing documentation for a variant
   --> crates/perl-parser/src/token_stream.rs:292:5
    |
292 |     HashSigil,
    |     ^^^^^^^^^

error: missing documentation for a variant
   --> crates/perl-parser/src/token_stream.rs:293:5
    |
293 |     SubSigil,
    |     ^^^^^^^^

error: missing documentation for a variant
   --> crates/perl-parser/src/token_stream.rs:294:5
    |
294 |     GlobSigil,
    |     ^^^^^^^^^

error: missing documentation for a variant
   --> crates/perl-parser/src/token_stream.rs:297:5
    |
297 |     Eof,
    |     ^^^

error: missing documentation for a variant
   --> crates/perl-parser/src/token_stream.rs:298:5
    |
298 |     Unknown,
    |     ^^^^^^^

error: missing documentation for a struct field
  --> crates/perl-parser/src/trivia.rs:61:5
   |
61 |     pub trivia: Trivia,
   |     ^^^^^^^^^^^^^^^^^^

error: missing documentation for a struct field
  --> crates/perl-parser/src/trivia.rs:62:5
   |
62 |     pub range: Range,
   |     ^^^^^^^^^^^^^^^^

error: missing documentation for an associated function
  --> crates/perl-parser/src/trivia.rs:66:5
   |
66 |     pub fn new(trivia: Trivia, range: Range) -> Self {
   |     ^^^^^^^^^^^^^^^^^^^^^^^^^^^^^^^^^^^^^^^^^^^^^^^^

error: missing documentation for a struct
  --> crates/perl-parser/src/type_definition.rs:11:1
   |
11 | pub struct TypeDefinitionProvider;
   | ^^^^^^^^^^^^^^^^^^^^^^^^^^^^^^^^^

error: missing documentation for an associated function
  --> crates/perl-parser/src/type_definition.rs:14:5
   |
14 |     pub fn new() -> Self {
   |     ^^^^^^^^^^^^^^^^^^^^

error: missing documentation for a struct field
 --> crates/perl-parser/src/type_hierarchy.rs:9:5
  |
9 |     pub name: String,
  |     ^^^^^^^^^^^^^^^^

error: missing documentation for a struct field
  --> crates/perl-parser/src/type_hierarchy.rs:10:5
   |
10 |     pub kind: SymbolKind,
   |     ^^^^^^^^^^^^^^^^^^^^

error: missing documentation for a struct field
  --> crates/perl-parser/src/type_hierarchy.rs:11:5
   |
11 |     pub uri: String,
   |     ^^^^^^^^^^^^^^^

error: missing documentation for a struct field
  --> crates/perl-parser/src/type_hierarchy.rs:12:5
   |
12 |     pub range: Range,
   |     ^^^^^^^^^^^^^^^^

error: missing documentation for a struct field
  --> crates/perl-parser/src/type_hierarchy.rs:13:5
   |
13 |     pub selection_range: Range,
   |     ^^^^^^^^^^^^^^^^^^^^^^^^^^

error: missing documentation for a struct field
  --> crates/perl-parser/src/type_hierarchy.rs:14:5
   |
14 |     pub detail: Option<String>,
   |     ^^^^^^^^^^^^^^^^^^^^^^^^^^

error: missing documentation for a struct field
  --> crates/perl-parser/src/type_hierarchy.rs:15:5
   |
15 |     pub data: Option<serde_json::Value>,
   |     ^^^^^^^^^^^^^^^^^^^^^^^^^^^^^^^^^^^

error: missing documentation for an enum
  --> crates/perl-parser/src/type_hierarchy.rs:19:1
   |
19 | pub enum SymbolKind {
   | ^^^^^^^^^^^^^^^^^^^

error: missing documentation for a variant
  --> crates/perl-parser/src/type_hierarchy.rs:20:5
   |
20 |     Class = 5,
   |     ^^^^^

error: missing documentation for a variant
  --> crates/perl-parser/src/type_hierarchy.rs:21:5
   |
21 |     Method = 6,
   |     ^^^^^^

error: missing documentation for a variant
  --> crates/perl-parser/src/type_hierarchy.rs:22:5
   |
22 |     Function = 12,
   |     ^^^^^^^^

error: missing documentation for a struct
  --> crates/perl-parser/src/type_hierarchy.rs:26:1
   |
26 | pub struct Range {
   | ^^^^^^^^^^^^^^^^

error: missing documentation for a struct field
  --> crates/perl-parser/src/type_hierarchy.rs:27:5
   |
27 |     pub start: Position,
   |     ^^^^^^^^^^^^^^^^^^^

error: missing documentation for a struct field
  --> crates/perl-parser/src/type_hierarchy.rs:28:5
   |
28 |     pub end: Position,
   |     ^^^^^^^^^^^^^^^^^

error: missing documentation for a struct
  --> crates/perl-parser/src/type_hierarchy.rs:32:1
   |
32 | pub struct Position {
   | ^^^^^^^^^^^^^^^^^^^

error: missing documentation for a struct field
  --> crates/perl-parser/src/type_hierarchy.rs:33:5
   |
33 |     pub line: u32,
   |     ^^^^^^^^^^^^^

error: missing documentation for a struct field
  --> crates/perl-parser/src/type_hierarchy.rs:34:5
   |
34 |     pub character: u32,
   |     ^^^^^^^^^^^^^^^^^^

error: missing documentation for an associated function
  --> crates/perl-parser/src/type_hierarchy.rs:71:5
   |
71 |     pub fn new() -> Self {
   |     ^^^^^^^^^^^^^^^^^^^^

error: missing documentation for a struct field
  --> crates/perl-parser/src/type_inference.rs:13:12
   |
13 |     Hash { key: Box<PerlType>, value: Box<PerlType> },
   |            ^^^^^^^^^^^^^^^^^^

error: missing documentation for a struct field
  --> crates/perl-parser/src/type_inference.rs:13:32
   |
13 |     Hash { key: Box<PerlType>, value: Box<PerlType> },
   |                                ^^^^^^^^^^^^^^^^^^^^

error: missing documentation for a struct field
  --> crates/perl-parser/src/type_inference.rs:17:18
   |
17 |     Subroutine { params: Vec<PerlType>, returns: Vec<PerlType> },
   |                  ^^^^^^^^^^^^^^^^^^^^^

error: missing documentation for a struct field
  --> crates/perl-parser/src/type_inference.rs:17:41
   |
17 |     Subroutine { params: Vec<PerlType>, returns: Vec<PerlType> },
   |                                         ^^^^^^^^^^^^^^^^^^^^^^

error: missing documentation for an enum
  --> crates/perl-parser/src/type_inference.rs:31:1
   |
31 | pub enum ScalarType {
   | ^^^^^^^^^^^^^^^^^^^

error: missing documentation for a variant
  --> crates/perl-parser/src/type_inference.rs:32:5
   |
32 |     String,
   |     ^^^^^^

error: missing documentation for a variant
  --> crates/perl-parser/src/type_inference.rs:33:5
   |
33 |     Integer,
   |     ^^^^^^^

error: missing documentation for a variant
  --> crates/perl-parser/src/type_inference.rs:34:5
   |
34 |     Float,
   |     ^^^^^

error: missing documentation for a variant
  --> crates/perl-parser/src/type_inference.rs:35:5
   |
35 |     Boolean,
   |     ^^^^^^^

error: missing documentation for a variant
  --> crates/perl-parser/src/type_inference.rs:36:5
   |
36 |     Undef,
   |     ^^^^^

error: missing documentation for a variant
  --> crates/perl-parser/src/type_inference.rs:37:5
   |
37 |     Mixed, // Can be any scalar type
   |     ^^^^^

error: missing documentation for a struct field
  --> crates/perl-parser/src/type_inference.rs:43:5
   |
43 |     pub expected: PerlType,
   |     ^^^^^^^^^^^^^^^^^^^^^^

error: missing documentation for a struct field
  --> crates/perl-parser/src/type_inference.rs:44:5
   |
44 |     pub actual: PerlType,
   |     ^^^^^^^^^^^^^^^^^^^^

error: missing documentation for a struct field
  --> crates/perl-parser/src/type_inference.rs:45:5
   |
45 |     pub location: TypeLocation,
   |     ^^^^^^^^^^^^^^^^^^^^^^^^^^

error: missing documentation for a struct field
  --> crates/perl-parser/src/type_inference.rs:46:5
   |
46 |     pub reason: String,
   |     ^^^^^^^^^^^^^^^^^^

error: missing documentation for a struct field
  --> crates/perl-parser/src/type_inference.rs:52:5
   |
52 |     pub file: String,
   |     ^^^^^^^^^^^^^^^^

error: missing documentation for a struct field
  --> crates/perl-parser/src/type_inference.rs:53:5
   |
53 |     pub line: usize,
   |     ^^^^^^^^^^^^^^^

error: missing documentation for a struct field
  --> crates/perl-parser/src/type_inference.rs:54:5
   |
54 |     pub column: usize,
   |     ^^^^^^^^^^^^^^^^^

error: missing documentation for a struct field
  --> crates/perl-parser/src/type_inference.rs:55:5
   |
55 |     pub context: String,
   |     ^^^^^^^^^^^^^^^^^^^

error: missing documentation for an associated function
  --> crates/perl-parser/src/type_inference.rs:76:5
   |
76 |     pub fn new() -> Self {
   |     ^^^^^^^^^^^^^^^^^^^^

error: missing documentation for an associated function
  --> crates/perl-parser/src/type_inference.rs:80:5
   |
80 |     pub fn with_parent(parent: TypeEnvironment) -> Self {
   |     ^^^^^^^^^^^^^^^^^^^^^^^^^^^^^^^^^^^^^^^^^^^^^^^^^^^

error: missing documentation for a method
  --> crates/perl-parser/src/type_inference.rs:88:5
   |
88 |     pub fn set_variable(&mut self, name: String, ty: PerlType) {
   |     ^^^^^^^^^^^^^^^^^^^^^^^^^^^^^^^^^^^^^^^^^^^^^^^^^^^^^^^^^^

error: missing documentation for a method
  --> crates/perl-parser/src/type_inference.rs:92:5
   |
92 |     pub fn get_variable(&self, name: &str) -> Option<&PerlType> {
   |     ^^^^^^^^^^^^^^^^^^^^^^^^^^^^^^^^^^^^^^^^^^^^^^^^^^^^^^^^^^^

error: missing documentation for a method
  --> crates/perl-parser/src/type_inference.rs:96:5
   |
96 |     pub fn set_subroutine(&mut self, name: String, ty: PerlType) {
   |     ^^^^^^^^^^^^^^^^^^^^^^^^^^^^^^^^^^^^^^^^^^^^^^^^^^^^^^^^^^^^

error: missing documentation for a method
   --> crates/perl-parser/src/type_inference.rs:100:5
    |
100 |     pub fn get_subroutine(&self, name: &str) -> Option<&PerlType> {
    |     ^^^^^^^^^^^^^^^^^^^^^^^^^^^^^^^^^^^^^^^^^^^^^^^^^^^^^^^^^^^^^

error: missing documentation for an associated function
   --> crates/perl-parser/src/type_inference.rs:126:5
    |
126 |     pub fn new() -> Self {
    |     ^^^^^^^^^^^^^^^^^^^^

error: missing documentation for an associated function
   --> crates/perl-parser/src/type_inference.rs:738:5
    |
738 |     pub fn new(engine: Arc<TypeInferenceEngine>) -> Self {
    |     ^^^^^^^^^^^^^^^^^^^^^^^^^^^^^^^^^^^^^^^^^^^^^^^^^^^^

error: missing documentation for a struct
   --> crates/perl-parser/src/type_inference.rs:844:1
    |
844 | pub struct CompletionItem {
    | ^^^^^^^^^^^^^^^^^^^^^^^^^

error: missing documentation for a struct field
   --> crates/perl-parser/src/type_inference.rs:845:5
    |
845 |     pub label: String,
    |     ^^^^^^^^^^^^^^^^^

error: missing documentation for a struct field
   --> crates/perl-parser/src/type_inference.rs:846:5
    |
846 |     pub detail: String,
    |     ^^^^^^^^^^^^^^^^^^

error: missing documentation for a struct field
   --> crates/perl-parser/src/type_inference.rs:847:5
    |
847 |     pub documentation: String,
    |     ^^^^^^^^^^^^^^^^^^^^^^^^^

error: missing documentation for a variant
  --> crates/perl-parser/src/workspace_index.rs:67:5
   |
67 |     Var,  // $ @ %
   |     ^^^

error: missing documentation for a variant
  --> crates/perl-parser/src/workspace_index.rs:68:5
   |
68 |     Sub,  // sub foo
   |     ^^^

error: missing documentation for a variant
  --> crates/perl-parser/src/workspace_index.rs:69:5
   |
69 |     Pack, // package Foo
   |     ^^^^

error: missing documentation for a struct field
  --> crates/perl-parser/src/workspace_index.rs:75:5
   |
75 |     pub pkg: Arc<str>,
   |     ^^^^^^^^^^^^^^^^^

error: missing documentation for a struct field
  --> crates/perl-parser/src/workspace_index.rs:76:5
   |
76 |     pub name: Arc<str>,      // bare name without sigil
   |     ^^^^^^^^^^^^^^^^^^

error: missing documentation for a struct field
  --> crates/perl-parser/src/workspace_index.rs:77:5
   |
77 |     pub sigil: Option<char>, // $, @, %
   |     ^^^^^^^^^^^^^^^^^^^^^^^

error: missing documentation for a struct field
  --> crates/perl-parser/src/workspace_index.rs:78:5
   |
78 |     pub kind: SymKind,
   |     ^^^^^^^^^^^^^^^^^

error: missing documentation for a struct field
   --> crates/perl-parser/src/workspace_index.rs:179:5
    |
179 |     pub uri: String,
    |     ^^^^^^^^^^^^^^^

error: missing documentation for a struct field
   --> crates/perl-parser/src/workspace_index.rs:180:5
    |
180 |     pub range: Range,
    |     ^^^^^^^^^^^^^^^^

error: missing documentation for a struct field
   --> crates/perl-parser/src/workspace_index.rs:186:5
    |
186 |     pub name: String,
    |     ^^^^^^^^^^^^^^^^

error: missing documentation for a struct field
   --> crates/perl-parser/src/workspace_index.rs:187:5
    |
187 |     pub kind: SymbolKind,
    |     ^^^^^^^^^^^^^^^^^^^^

error: missing documentation for a struct field
   --> crates/perl-parser/src/workspace_index.rs:188:5
    |
188 |     pub uri: String,
    |     ^^^^^^^^^^^^^^^

error: missing documentation for a struct field
   --> crates/perl-parser/src/workspace_index.rs:189:5
    |
189 |     pub range: Range,
    |     ^^^^^^^^^^^^^^^^

error: missing documentation for a struct field
   --> crates/perl-parser/src/workspace_index.rs:190:5
    |
190 |     pub qualified_name: Option<String>,
    |     ^^^^^^^^^^^^^^^^^^^^^^^^^^^^^^^^^^

error: missing documentation for a struct field
   --> crates/perl-parser/src/workspace_index.rs:191:5
    |
191 |     pub documentation: Option<String>,
    |     ^^^^^^^^^^^^^^^^^^^^^^^^^^^^^^^^^

error: missing documentation for a struct field
   --> crates/perl-parser/src/workspace_index.rs:192:5
    |
192 |     pub container_name: Option<String>,
    |     ^^^^^^^^^^^^^^^^^^^^^^^^^^^^^^^^^^

error: missing documentation for a struct field
   --> crates/perl-parser/src/workspace_index.rs:194:5
    |
194 |     pub has_body: bool, // For forward declarations
    |     ^^^^^^^^^^^^^^^^^^

error: missing documentation for an enum
   --> crates/perl-parser/src/workspace_index.rs:202:1
    |
202 | pub enum SymbolKind {
    | ^^^^^^^^^^^^^^^^^^^

error: missing documentation for a variant
   --> crates/perl-parser/src/workspace_index.rs:203:5
    |
203 |     Package,
    |     ^^^^^^^

error: missing documentation for a variant
   --> crates/perl-parser/src/workspace_index.rs:204:5
    |
204 |     Subroutine,
    |     ^^^^^^^^^^

error: missing documentation for a variant
   --> crates/perl-parser/src/workspace_index.rs:205:5
    |
205 |     Method,
    |     ^^^^^^

error: missing documentation for a variant
   --> crates/perl-parser/src/workspace_index.rs:206:5
    |
206 |     Variable,
    |     ^^^^^^^^

error: missing documentation for a variant
   --> crates/perl-parser/src/workspace_index.rs:207:5
    |
207 |     Constant,
    |     ^^^^^^^^

error: missing documentation for a variant
   --> crates/perl-parser/src/workspace_index.rs:208:5
    |
208 |     Class,
    |     ^^^^^

error: missing documentation for a variant
   --> crates/perl-parser/src/workspace_index.rs:209:5
    |
209 |     Role,
    |     ^^^^

error: missing documentation for a variant
   --> crates/perl-parser/src/workspace_index.rs:210:5
    |
210 |     Import,
    |     ^^^^^^

error: missing documentation for a variant
   --> crates/perl-parser/src/workspace_index.rs:211:5
    |
211 |     Export,
    |     ^^^^^^

error: missing documentation for a struct field
   --> crates/perl-parser/src/workspace_index.rs:235:5
    |
235 |     pub uri: String,
    |     ^^^^^^^^^^^^^^^

error: missing documentation for a struct field
   --> crates/perl-parser/src/workspace_index.rs:236:5
    |
236 |     pub range: Range,
    |     ^^^^^^^^^^^^^^^^

error: missing documentation for a struct field
   --> crates/perl-parser/src/workspace_index.rs:237:5
    |
237 |     pub kind: ReferenceKind,
    |     ^^^^^^^^^^^^^^^^^^^^^^^

error: missing documentation for an enum
   --> crates/perl-parser/src/workspace_index.rs:241:1
    |
241 | pub enum ReferenceKind {
    | ^^^^^^^^^^^^^^^^^^^^^^

error: missing documentation for a variant
   --> crates/perl-parser/src/workspace_index.rs:242:5
    |
242 |     Definition,
    |     ^^^^^^^^^^

error: missing documentation for a variant
   --> crates/perl-parser/src/workspace_index.rs:243:5
    |
243 |     Usage,
    |     ^^^^^

error: missing documentation for a variant
   --> crates/perl-parser/src/workspace_index.rs:244:5
    |
244 |     Import,
    |     ^^^^^^

error: missing documentation for a variant
   --> crates/perl-parser/src/workspace_index.rs:245:5
    |
245 |     Read,
    |     ^^^^

error: missing documentation for a variant
   --> crates/perl-parser/src/workspace_index.rs:246:5
    |
246 |     Write,
    |     ^^^^^

error: missing documentation for a struct field
   --> crates/perl-parser/src/workspace_index.rs:253:5
    |
253 |     pub name: String,
    |     ^^^^^^^^^^^^^^^^

error: missing documentation for a struct field
   --> crates/perl-parser/src/workspace_index.rs:254:5
    |
254 |     pub kind: u32,
    |     ^^^^^^^^^^^^^

error: missing documentation for a struct field
   --> crates/perl-parser/src/workspace_index.rs:255:5
    |
255 |     pub location: LspLocation,
    |     ^^^^^^^^^^^^^^^^^^^^^^^^^

error: missing documentation for a struct field
   --> crates/perl-parser/src/workspace_index.rs:257:5
    |
257 |     pub container_name: Option<String>,
    |     ^^^^^^^^^^^^^^^^^^^^^^^^^^^^^^^^^^

error: missing documentation for a struct field
   --> crates/perl-parser/src/workspace_index.rs:263:5
    |
263 |     pub uri: String,
    |     ^^^^^^^^^^^^^^^

error: missing documentation for a struct field
   --> crates/perl-parser/src/workspace_index.rs:264:5
    |
264 |     pub range: LspRange,
    |     ^^^^^^^^^^^^^^^^^^^

error: missing documentation for a struct field
   --> crates/perl-parser/src/workspace_index.rs:270:5
    |
270 |     pub start: LspPosition,
    |     ^^^^^^^^^^^^^^^^^^^^^^

error: missing documentation for a struct field
   --> crates/perl-parser/src/workspace_index.rs:271:5
    |
271 |     pub end: LspPosition,
    |     ^^^^^^^^^^^^^^^^^^^^

error: missing documentation for a struct field
   --> crates/perl-parser/src/workspace_index.rs:277:5
    |
277 |     pub line: u32,
    |     ^^^^^^^^^^^^^

error: missing documentation for a struct field
   --> crates/perl-parser/src/workspace_index.rs:278:5
    |
278 |     pub character: u32,
    |     ^^^^^^^^^^^^^^^^^^

error: missing documentation for a struct field
  --> crates/perl-parser/src/workspace_refactor.rs:72:23
   |
72 |     InvalidPosition { file: String, details: String },
   |                       ^^^^^^^^^^^^

error: missing documentation for a struct field
  --> crates/perl-parser/src/workspace_refactor.rs:72:37
   |
72 |     InvalidPosition { file: String, details: String },
   |                                     ^^^^^^^^^^^^^^^

error: missing documentation for a struct field
  --> crates/perl-parser/src/workspace_refactor.rs:74:22
   |
74 |     SymbolNotFound { symbol: String, file: String },
   |                      ^^^^^^^^^^^^^^

error: missing documentation for a struct field
  --> crates/perl-parser/src/workspace_refactor.rs:74:38
   |
74 |     SymbolNotFound { symbol: String, file: String },
   |                                      ^^^^^^^^^^^^

error: missing documentation for a struct field
  --> crates/perl-parser/src/workspace_rename.rs:12:5
   |
12 |     pub start: (u32, u32), // (line, character) in UTF-16
   |     ^^^^^^^^^^^^^^^^^^^^^

error: missing documentation for a struct field
  --> crates/perl-parser/src/workspace_rename.rs:13:5
   |
13 |     pub end: (u32, u32),
   |     ^^^^^^^^^^^^^^^^^^^

error: missing documentation for a struct field
  --> crates/perl-parser/src/workspace_rename.rs:14:5
   |
14 |     pub new_text: String,
   |     ^^^^^^^^^^^^^^^^^^^^

error: missing documentation for a struct field
  --> crates/perl-parser/src/workspace_rename.rs:20:5
   |
20 |     pub uri: String,
   |     ^^^^^^^^^^^^^^^

error: missing documentation for a struct field
  --> crates/perl-parser/src/workspace_rename.rs:21:5
   |
21 |     pub edits: Vec<TextEdit>,
   |     ^^^^^^^^^^^^^^^^^^^^^^^^

error: missing documentation for a struct field
  --> crates/perl-parser/src/workspace_symbols.rs:63:5
   |
63 |     pub name: String,
   |     ^^^^^^^^^^^^^^^^

error: missing documentation for a struct field
  --> crates/perl-parser/src/workspace_symbols.rs:64:5
   |
64 |     pub kind: i32,
   |     ^^^^^^^^^^^^^

error: missing documentation for a struct field
  --> crates/perl-parser/src/workspace_symbols.rs:65:5
   |
65 |     pub location: Location,
   |     ^^^^^^^^^^^^^^^^^^^^^^

error: missing documentation for a struct field
  --> crates/perl-parser/src/workspace_symbols.rs:67:5
   |
67 |     pub container_name: Option<String>,
   |     ^^^^^^^^^^^^^^^^^^^^^^^^^^^^^^^^^^

error: missing documentation for a struct field
  --> crates/perl-parser/src/workspace_symbols.rs:73:5
   |
73 |     pub uri: String,
   |     ^^^^^^^^^^^^^^^

error: missing documentation for a struct field
  --> crates/perl-parser/src/workspace_symbols.rs:74:5
   |
74 |     pub range: Range,
   |     ^^^^^^^^^^^^^^^^

error: missing documentation for a struct field
  --> crates/perl-parser/src/workspace_symbols.rs:80:5
   |
80 |     pub start: Position,
   |     ^^^^^^^^^^^^^^^^^^^

error: missing documentation for a struct field
  --> crates/perl-parser/src/workspace_symbols.rs:81:5
   |
81 |     pub end: Position,
   |     ^^^^^^^^^^^^^^^^^

error: missing documentation for a struct field
  --> crates/perl-parser/src/workspace_symbols.rs:87:5
   |
87 |     pub line: u32,
   |     ^^^^^^^^^^^^^

error: missing documentation for a struct field
  --> crates/perl-parser/src/workspace_symbols.rs:88:5
   |
88 |     pub character: u32,
   |     ^^^^^^^^^^^^^^^^^^

error: missing documentation for a method
   --> crates/perl-parser/src/workspace_symbols.rs:226:5
    |
226 | /     pub fn search(
227 | |         &self,
228 | |         query: &str,
229 | |         source_map: &HashMap<String, String>,
230 | |     ) -> Vec<WorkspaceSymbol> {
    | |_____________________________^

error: could not compile `perl-parser` (lib) due to 484 previous errors

stack backtrace:
   0: __rustc::rust_begin_unwind
             at /rustc/1159e78c4747b02ef996e55082b704c09b970588/library/std/src/panicking.rs:697:5
   1: core::panicking::panic_fmt
             at /rustc/1159e78c4747b02ef996e55082b704c09b970588/library/core/src/panicking.rs:75:14
   2: issue_146_architectural_integrity_tests::integration_tests::test_clippy_compliance
             at ./tests/issue_146_architectural_integrity_tests.rs:135:9
   3: issue_146_architectural_integrity_tests::integration_tests::test_clippy_compliance::{{closure}}
             at ./tests/issue_146_architectural_integrity_tests.rs:129:32
   4: core::ops::function::FnOnce::call_once
             at /home/steven/.rustup/toolchains/stable-x86_64-unknown-linux-gnu/lib/rustlib/src/rust/library/core/src/ops/function.rs:253:5
   5: core::ops::function::FnOnce::call_once
             at /rustc/1159e78c4747b02ef996e55082b704c09b970588/library/core/src/ops/function.rs:253:5
note: Some details are omitted, run with `RUST_BACKTRACE=full` for a verbose backtrace.


failures:
    integration_tests::test_clippy_compliance

test result: FAILED. 6 passed; 1 failed; 1 ignored; 0 measured; 0 filtered out; finished in 56.39s

error: test failed, to rerun pass `-p perl-parser --test issue_146_architectural_integrity_tests`
     Running tests/issue_146_unit_tests.rs (target/debug/deps/issue_146_unit_tests-1e0017f8a4b2fa0f)

running 13 tests
test api_contract_validation_tests::test_parser_api_stability ... ok
test api_contract_validation_tests::test_test_generator_api_contract ... ok
test lib_integration_tests::test_lib_module_declarations ... ignored
test lib_integration_tests::test_public_api_exports ... ignored
test api_contract_validation_tests::test_lsp_types_availability ... ok
test quality_assurance_tests::test_test_suite_passes ... ok
test refactoring_module_tests::test_refactoring_api_compatibility ... ignored
test refactoring_module_tests::test_refactoring_module_exists ... ignored
test refactoring_module_tests::test_refactoring_module_structure ... ignored
test tdd_workflow_unit_tests::test_generate_basic_test_method ... ok
test tdd_workflow_unit_tests::test_lsp_imports_fix ... ok
test tdd_workflow_unit_tests::test_signature_variable_fix ... ok
test quality_assurance_tests::test_build_without_warnings ... FAILED

failures:

---- quality_assurance_tests::test_build_without_warnings stdout ----

thread 'quality_assurance_tests::test_build_without_warnings' panicked at crates/perl-parser/tests/issue_146_unit_tests.rs:231:9:
Build contains warnings:     Blocking waiting for file lock on package cache
    Blocking waiting for file lock on package cache
    Blocking waiting for file lock on build directory
   Compiling perl-parser v0.8.8 (/home/steven/code/Rust/perl-lsp/review/crates/perl-parser)
warning: missing documentation for a variant
  --> crates/perl-parser/src/folding.rs:45:5
   |
45 |     Comment,
   |     ^^^^^^^
   |
note: the lint level is defined here
  --> crates/perl-parser/src/lib.rs:38:9
   |
38 | #![warn(missing_docs)]
   |         ^^^^^^^^^^^^

warning: missing documentation for a variant
  --> crates/perl-parser/src/folding.rs:46:5
   |
46 |     Imports,
   |     ^^^^^^^

warning: missing documentation for a variant
  --> crates/perl-parser/src/folding.rs:47:5
   |
47 |     Region,
   |     ^^^^^^

warning: missing documentation for an associated function
  --> crates/perl-parser/src/folding.rs:57:5
   |
57 |     pub fn new() -> Self {
   |     ^^^^^^^^^^^^^^^^^^^^

warning: missing documentation for a function
  --> crates/perl-parser/src/lsp_document_link.rs:38:1
   |
38 | pub fn collect_document_links(text: &str, uri: &Url) -> Result<Vec<DocumentLink>, String> {
   | ^^^^^^^^^^^^^^^^^^^^^^^^^^^^^^^^^^^^^^^^^^^^^^^^^^^^^^^^^^^^^^^^^^^^^^^^^^^^^^^^^^^^^^^^^

warning: missing documentation for a function
  --> crates/perl-parser/src/lsp_on_type_formatting.rs:85:1
   |
85 | / pub fn format_on_type(
86 | |     text: &str,
87 | |     _uri: lsp_types::Uri,
88 | |     ch: String,
...  |
91 | |     insert_spaces: bool,
92 | | ) -> Vec<TextEdit> {
   | |__________________^

warning: missing documentation for a function
  --> crates/perl-parser/src/lsp_selection_range.rs:56:1
   |
56 | pub fn selection_ranges(text: &str, positions: &[Position]) -> Vec<SelectionRange> {
   | ^^^^^^^^^^^^^^^^^^^^^^^^^^^^^^^^^^^^^^^^^^^^^^^^^^^^^^^^^^^^^^^^^^^^^^^^^^^^^^^^^^

warning: missing documentation for a struct field
   --> crates/perl-parser/src/lsp_server.rs:292:5
    |
292 |     pub _jsonrpc: String,
    |     ^^^^^^^^^^^^^^^^^^^^

warning: missing documentation for a struct field
   --> crates/perl-parser/src/lsp_server.rs:293:5
    |
293 |     pub id: Option<Value>,
    |     ^^^^^^^^^^^^^^^^^^^^^

warning: missing documentation for a struct field
   --> crates/perl-parser/src/lsp_server.rs:294:5
    |
294 |     pub method: String,
    |     ^^^^^^^^^^^^^^^^^^

warning: missing documentation for a struct field
   --> crates/perl-parser/src/lsp_server.rs:295:5
    |
295 |     pub params: Option<Value>,
    |     ^^^^^^^^^^^^^^^^^^^^^^^^^

warning: missing documentation for a struct field
   --> crates/perl-parser/src/lsp_server.rs:301:5
    |
301 |     pub jsonrpc: String,
    |     ^^^^^^^^^^^^^^^^^^^

warning: missing documentation for a struct field
   --> crates/perl-parser/src/lsp_server.rs:302:5
    |
302 |     pub id: Option<Value>,
    |     ^^^^^^^^^^^^^^^^^^^^^

warning: missing documentation for a struct field
   --> crates/perl-parser/src/lsp_server.rs:304:5
    |
304 |     pub result: Option<Value>,
    |     ^^^^^^^^^^^^^^^^^^^^^^^^^

warning: missing documentation for a struct field
   --> crates/perl-parser/src/lsp_server.rs:306:5
    |
306 |     pub error: Option<JsonRpcError>,
    |     ^^^^^^^^^^^^^^^^^^^^^^^^^^^^^^^

warning: missing documentation for a struct field
   --> crates/perl-parser/src/lsp_server.rs:312:5
    |
312 |     pub code: i32,
    |     ^^^^^^^^^^^^^

warning: missing documentation for a struct field
   --> crates/perl-parser/src/lsp_server.rs:313:5
    |
313 |     pub message: String,
    |     ^^^^^^^^^^^^^^^^^^^

warning: missing documentation for a struct field
   --> crates/perl-parser/src/lsp_server.rs:314:5
    |
314 |     pub data: Option<Value>,
    |     ^^^^^^^^^^^^^^^^^^^^^^^

warning: missing documentation for a struct
 --> crates/perl-parser/src/modernize.rs:2:1
  |
2 | pub struct ModernizationSuggestion {
  | ^^^^^^^^^^^^^^^^^^^^^^^^^^^^^^^^^^

warning: missing documentation for a struct field
 --> crates/perl-parser/src/modernize.rs:3:5
  |
3 |     pub old_pattern: String,
  |     ^^^^^^^^^^^^^^^^^^^^^^^

warning: missing documentation for a struct field
 --> crates/perl-parser/src/modernize.rs:4:5
  |
4 |     pub new_pattern: String,
  |     ^^^^^^^^^^^^^^^^^^^^^^^

warning: missing documentation for a struct field
 --> crates/perl-parser/src/modernize.rs:5:5
  |
5 |     pub description: String,
  |     ^^^^^^^^^^^^^^^^^^^^^^^

warning: missing documentation for a struct field
 --> crates/perl-parser/src/modernize.rs:6:5
  |
6 |     pub manual_review_required: bool,
  |     ^^^^^^^^^^^^^^^^^^^^^^^^^^^^^^^^

warning: missing documentation for a struct field
 --> crates/perl-parser/src/modernize.rs:7:5
  |
7 |     pub start: usize,
  |     ^^^^^^^^^^^^^^^^

warning: missing documentation for a struct field
 --> crates/perl-parser/src/modernize.rs:8:5
  |
8 |     pub end: usize,
  |     ^^^^^^^^^^^^^^

warning: missing documentation for a struct
  --> crates/perl-parser/src/modernize.rs:11:1
   |
11 | pub struct PerlModernizer {}
   | ^^^^^^^^^^^^^^^^^^^^^^^^^

warning: missing documentation for an associated function
  --> crates/perl-parser/src/modernize.rs:14:5
   |
14 |     pub fn new() -> Self {
   |     ^^^^^^^^^^^^^^^^^^^^

warning: missing documentation for a method
  --> crates/perl-parser/src/modernize.rs:18:5
   |
18 |     pub fn analyze(&self, code: &str) -> Vec<ModernizationSuggestion> {
   |     ^^^^^^^^^^^^^^^^^^^^^^^^^^^^^^^^^^^^^^^^^^^^^^^^^^^^^^^^^^^^^^^^^

warning: missing documentation for a method
   --> crates/perl-parser/src/modernize.rs:138:5
    |
138 |     pub fn apply(&self, code: &str) -> String {
    |     ^^^^^^^^^^^^^^^^^^^^^^^^^^^^^^^^^^^^^^^^^

warning: missing documentation for a struct
 --> crates/perl-parser/src/modernize_refactored.rs:4:1
  |
4 | pub struct ModernizationSuggestion {
  | ^^^^^^^^^^^^^^^^^^^^^^^^^^^^^^^^^^

warning: missing documentation for a struct field
 --> crates/perl-parser/src/modernize_refactored.rs:5:5
  |
5 |     pub old_pattern: String,
  |     ^^^^^^^^^^^^^^^^^^^^^^^

warning: missing documentation for a struct field
 --> crates/perl-parser/src/modernize_refactored.rs:6:5
  |
6 |     pub new_pattern: String,
  |     ^^^^^^^^^^^^^^^^^^^^^^^

warning: missing documentation for a struct field
 --> crates/perl-parser/src/modernize_refactored.rs:7:5
  |
7 |     pub description: String,
  |     ^^^^^^^^^^^^^^^^^^^^^^^

warning: missing documentation for a struct field
 --> crates/perl-parser/src/modernize_refactored.rs:8:5
  |
8 |     pub manual_review_required: bool,
  |     ^^^^^^^^^^^^^^^^^^^^^^^^^^^^^^^^

warning: missing documentation for a struct field
 --> crates/perl-parser/src/modernize_refactored.rs:9:5
  |
9 |     pub start: usize,
  |     ^^^^^^^^^^^^^^^^

warning: missing documentation for a struct field
  --> crates/perl-parser/src/modernize_refactored.rs:10:5
   |
10 |     pub end: usize,
   |     ^^^^^^^^^^^^^^

warning: missing documentation for a struct
  --> crates/perl-parser/src/modernize_refactored.rs:22:1
   |
22 | pub struct PerlModernizer {
   | ^^^^^^^^^^^^^^^^^^^^^^^^^

warning: missing documentation for an associated function
  --> crates/perl-parser/src/modernize_refactored.rs:27:5
   |
27 |     pub fn new() -> Self {
   |     ^^^^^^^^^^^^^^^^^^^^

warning: missing documentation for a method
  --> crates/perl-parser/src/modernize_refactored.rs:70:5
   |
70 |     pub fn analyze(&self, code: &str) -> Vec<ModernizationSuggestion> {
   |     ^^^^^^^^^^^^^^^^^^^^^^^^^^^^^^^^^^^^^^^^^^^^^^^^^^^^^^^^^^^^^^^^^

warning: missing documentation for a method
   --> crates/perl-parser/src/modernize_refactored.rs:102:5
    |
102 |     pub fn apply(&self, code: &str) -> String {
    |     ^^^^^^^^^^^^^^^^^^^^^^^^^^^^^^^^^^^^^^^^^

warning: missing documentation for a function
 --> crates/perl-parser/src/on_type_formatting.rs:5:1
  |
5 | pub fn compute_on_type_edit(text: &str, line: u32, col: u32, ch: char) -> Option<Vec<Value>> {
  | ^^^^^^^^^^^^^^^^^^^^^^^^^^^^^^^^^^^^^^^^^^^^^^^^^^^^^^^^^^^^^^^^^^^^^^^^^^^^^^^^^^^^^^^^^^^^

warning: missing documentation for an associated function
  --> crates/perl-parser/src/performance.rs:22:5
   |
22 |     pub fn new(max_size: usize, ttl_seconds: u64) -> Self {
   |     ^^^^^^^^^^^^^^^^^^^^^^^^^^^^^^^^^^^^^^^^^^^^^^^^^^^^^

warning: missing documentation for an associated function
   --> crates/perl-parser/src/performance.rs:100:5
    |
100 |     pub fn new() -> Self {
    |     ^^^^^^^^^^^^^^^^^^^^

warning: missing documentation for an associated function
   --> crates/perl-parser/src/performance.rs:227:5
    |
227 |     pub fn new() -> Self {
    |     ^^^^^^^^^^^^^^^^^^^^

warning: missing documentation for a variant
  --> crates/perl-parser/src/perl_critic.rs:16:5
   |
16 |     Gentle = 5, // Cosmetic issues
   |     ^^^^^^

warning: missing documentation for a variant
  --> crates/perl-parser/src/perl_critic.rs:17:5
   |
17 |     Stern = 4,  // Minor issues
   |     ^^^^^

warning: missing documentation for a variant
  --> crates/perl-parser/src/perl_critic.rs:18:5
   |
18 |     Harsh = 3,  // Important issues
   |     ^^^^^

warning: missing documentation for a variant
  --> crates/perl-parser/src/perl_critic.rs:19:5
   |
19 |     Cruel = 2,  // Serious issues
   |     ^^^^^

warning: missing documentation for a variant
  --> crates/perl-parser/src/perl_critic.rs:20:5
   |
20 |     Brutal = 1, // Critical issues
   |     ^^^^^^

warning: missing documentation for an associated function
  --> crates/perl-parser/src/perl_critic.rs:24:5
   |
24 |     pub fn from_number(n: u8) -> Self {
   |     ^^^^^^^^^^^^^^^^^^^^^^^^^^^^^^^^^

warning: missing documentation for a method
  --> crates/perl-parser/src/perl_critic.rs:35:5
   |
35 |     pub fn to_diagnostic_severity(&self) -> crate::diagnostics::DiagnosticSeverity {
   |     ^^^^^^^^^^^^^^^^^^^^^^^^^^^^^^^^^^^^^^^^^^^^^^^^^^^^^^^^^^^^^^^^^^^^^^^^^^^^^^

warning: missing documentation for a struct field
  --> crates/perl-parser/src/perl_critic.rs:47:5
   |
47 |     pub policy: String,
   |     ^^^^^^^^^^^^^^^^^^

warning: missing documentation for a struct field
  --> crates/perl-parser/src/perl_critic.rs:48:5
   |
48 |     pub description: String,
   |     ^^^^^^^^^^^^^^^^^^^^^^^

warning: missing documentation for a struct field
  --> crates/perl-parser/src/perl_critic.rs:49:5
   |
49 |     pub explanation: String,
   |     ^^^^^^^^^^^^^^^^^^^^^^^

warning: missing documentation for a struct field
  --> crates/perl-parser/src/perl_critic.rs:50:5
   |
50 |     pub severity: Severity,
   |     ^^^^^^^^^^^^^^^^^^^^^^

warning: missing documentation for a struct field
  --> crates/perl-parser/src/perl_critic.rs:51:5
   |
51 |     pub range: Range,
   |     ^^^^^^^^^^^^^^^^

warning: missing documentation for a struct field
  --> crates/perl-parser/src/perl_critic.rs:52:5
   |
52 |     pub file: String,
   |     ^^^^^^^^^^^^^^^^

warning: missing documentation for a struct field
  --> crates/perl-parser/src/perl_critic.rs:64:5
   |
64 |     pub exclude: Vec<String>,
   |     ^^^^^^^^^^^^^^^^^^^^^^^^

warning: missing documentation for an associated function
  --> crates/perl-parser/src/perl_critic.rs:94:5
   |
94 |     pub fn new(config: CriticConfig) -> Self {
   |     ^^^^^^^^^^^^^^^^^^^^^^^^^^^^^^^^^^^^^^^^

warning: missing documentation for a struct field
   --> crates/perl-parser/src/perl_critic.rs:255:5
    |
255 |     pub title: String,
    |     ^^^^^^^^^^^^^^^^^

warning: missing documentation for a struct field
   --> crates/perl-parser/src/perl_critic.rs:256:5
    |
256 |     pub edit: TextEdit,
    |     ^^^^^^^^^^^^^^^^^^

warning: missing documentation for a struct field
   --> crates/perl-parser/src/perl_critic.rs:262:5
    |
262 |     pub range: Range,
    |     ^^^^^^^^^^^^^^^^

warning: missing documentation for a struct field
   --> crates/perl-parser/src/perl_critic.rs:263:5
    |
263 |     pub new_text: String,
    |     ^^^^^^^^^^^^^^^^^^^^

warning: missing documentation for a method
   --> crates/perl-parser/src/perl_critic.rs:273:5
    |
273 |     fn name(&self) -> &str;
    |     ^^^^^^^^^^^^^^^^^^^^^^^

warning: missing documentation for a method
   --> crates/perl-parser/src/perl_critic.rs:274:5
    |
274 |     fn severity(&self) -> Severity;
    |     ^^^^^^^^^^^^^^^^^^^^^^^^^^^^^^^

warning: missing documentation for a method
   --> crates/perl-parser/src/perl_critic.rs:275:5
    |
275 |     fn analyze(&self, ast: &Node, content: &str) -> Vec<Violation>;
    |     ^^^^^^^^^^^^^^^^^^^^^^^^^^^^^^^^^^^^^^^^^^^^^^^^^^^^^^^^^^^^^^^

warning: missing documentation for an associated function
   --> crates/perl-parser/src/perl_critic.rs:350:5
    |
350 |     pub fn new() -> Self {
    |     ^^^^^^^^^^^^^^^^^^^^

warning: missing documentation for an associated function
   --> crates/perl-parser/src/perltidy.rs:176:5
    |
176 |     pub fn new(config: PerlTidyConfig) -> Self {
    |     ^^^^^^^^^^^^^^^^^^^^^^^^^^^^^^^^^^^^^^^^^^

warning: missing documentation for a struct field
   --> crates/perl-parser/src/perltidy.rs:328:5
    |
328 |     pub line: u32,
    |     ^^^^^^^^^^^^^

warning: missing documentation for a struct field
   --> crates/perl-parser/src/perltidy.rs:329:5
    |
329 |     pub original: String,
    |     ^^^^^^^^^^^^^^^^^^^^

warning: missing documentation for a struct field
   --> crates/perl-parser/src/perltidy.rs:330:5
    |
330 |     pub formatted: String,
    |     ^^^^^^^^^^^^^^^^^^^^^

warning: missing documentation for a struct field
   --> crates/perl-parser/src/perltidy.rs:331:5
    |
331 |     pub description: String,
    |     ^^^^^^^^^^^^^^^^^^^^^^^

warning: missing documentation for an associated function
   --> crates/perl-parser/src/perltidy.rs:340:5
    |
340 |     pub fn new(config: PerlTidyConfig) -> Self {
    |     ^^^^^^^^^^^^^^^^^^^^^^^^^^^^^^^^^^^^^^^^^^

warning: missing documentation for an enum
  --> crates/perl-parser/src/position_mapper.rs:30:1
   |
30 | pub enum LineEnding {
   | ^^^^^^^^^^^^^^^^^^^

warning: missing documentation for a variant
  --> crates/perl-parser/src/position_mapper.rs:31:5
   |
31 |     Lf,
   |     ^^

warning: missing documentation for a variant
  --> crates/perl-parser/src/position_mapper.rs:32:5
   |
32 |     CrLf,
   |     ^^^^

warning: missing documentation for a variant
  --> crates/perl-parser/src/position_mapper.rs:33:5
   |
33 |     Cr,
   |     ^^

warning: missing documentation for a variant
  --> crates/perl-parser/src/position_mapper.rs:34:5
   |
34 |     Mixed,
   |     ^^^^^

warning: missing documentation for a struct field
   --> crates/perl-parser/src/refactoring.rs:101:20
    |
101 |     SymbolRename { old_name: String, new_name: String, scope: RefactoringScope },
    |                    ^^^^^^^^^^^^^^^^

warning: missing documentation for a struct field
   --> crates/perl-parser/src/refactoring.rs:101:38
    |
101 |     SymbolRename { old_name: String, new_name: String, scope: RefactoringScope },
    |                                      ^^^^^^^^^^^^^^^^

warning: missing documentation for a struct field
   --> crates/perl-parser/src/refactoring.rs:101:56
    |
101 |     SymbolRename { old_name: String, new_name: String, scope: RefactoringScope },
    |                                                        ^^^^^^^^^^^^^^^^^^^^^^^

warning: missing documentation for a struct field
   --> crates/perl-parser/src/refactoring.rs:104:9
    |
104 |         method_name: String,
    |         ^^^^^^^^^^^^^^^^^^^

warning: missing documentation for a struct field
   --> crates/perl-parser/src/refactoring.rs:105:9
    |
105 |         start_position: (usize, usize),
    |         ^^^^^^^^^^^^^^^^^^^^^^^^^^^^^^

warning: missing documentation for a struct field
   --> crates/perl-parser/src/refactoring.rs:106:9
    |
106 |         end_position: (usize, usize),
    |         ^^^^^^^^^^^^^^^^^^^^^^^^^^^^

warning: missing documentation for a struct field
   --> crates/perl-parser/src/refactoring.rs:109:16
    |
109 |     MoveCode { source_file: PathBuf, target_file: PathBuf, elements: Vec<String> },
    |                ^^^^^^^^^^^^^^^^^^^^

warning: missing documentation for a struct field
   --> crates/perl-parser/src/refactoring.rs:109:38
    |
109 |     MoveCode { source_file: PathBuf, target_file: PathBuf, elements: Vec<String> },
    |                                      ^^^^^^^^^^^^^^^^^^^^

warning: missing documentation for a struct field
   --> crates/perl-parser/src/refactoring.rs:109:60
    |
109 |     MoveCode { source_file: PathBuf, target_file: PathBuf, elements: Vec<String> },
    |                                                            ^^^^^^^^^^^^^^^^^^^^^

warning: missing documentation for a struct field
   --> crates/perl-parser/src/refactoring.rs:111:17
    |
111 |     Modernize { patterns: Vec<ModernizationPattern> },
    |                 ^^^^^^^^^^^^^^^^^^^^^^^^^^^^^^^^^^^

warning: missing documentation for a struct field
   --> crates/perl-parser/src/refactoring.rs:113:23
    |
113 |     OptimizeImports { remove_unused: bool, sort_alphabetically: bool, group_by_type: bool },
    |                       ^^^^^^^^^^^^^^^^^^^

warning: missing documentation for a struct field
   --> crates/perl-parser/src/refactoring.rs:113:44
    |
113 |     OptimizeImports { remove_unused: bool, sort_alphabetically: bool, group_by_type: bool },
    |                                            ^^^^^^^^^^^^^^^^^^^^^^^^^

warning: missing documentation for a struct field
   --> crates/perl-parser/src/refactoring.rs:113:71
    |
113 |     OptimizeImports { remove_unused: bool, sort_alphabetically: bool, group_by_type: bool },
    |                                                                       ^^^^^^^^^^^^^^^^^^^

warning: missing documentation for a struct field
   --> crates/perl-parser/src/refactoring.rs:115:14
    |
115 |     Inline { symbol_name: String, all_occurrences: bool },
    |              ^^^^^^^^^^^^^^^^^^^

warning: missing documentation for a struct field
   --> crates/perl-parser/src/refactoring.rs:115:35
    |
115 |     Inline { symbol_name: String, all_occurrences: bool },
    |                                   ^^^^^^^^^^^^^^^^^^^^^

warning: missing documentation for a variant
  --> crates/perl-parser/src/semantic.rs:84:5
   |
84 |     Declaration,
   |     ^^^^^^^^^^^

warning: missing documentation for a variant
  --> crates/perl-parser/src/semantic.rs:85:5
   |
85 |     Definition,
   |     ^^^^^^^^^^

warning: missing documentation for a variant
  --> crates/perl-parser/src/semantic.rs:86:5
   |
86 |     Readonly,
   |     ^^^^^^^^

warning: missing documentation for a variant
  --> crates/perl-parser/src/semantic.rs:87:5
   |
87 |     Static,
   |     ^^^^^^

warning: missing documentation for a variant
  --> crates/perl-parser/src/semantic.rs:88:5
   |
88 |     Deprecated,
   |     ^^^^^^^^^^

warning: missing documentation for a variant
  --> crates/perl-parser/src/semantic.rs:89:5
   |
89 |     Abstract,
   |     ^^^^^^^^

warning: missing documentation for a variant
  --> crates/perl-parser/src/semantic.rs:90:5
   |
90 |     Async,
   |     ^^^^^

warning: missing documentation for a variant
  --> crates/perl-parser/src/semantic.rs:91:5
   |
91 |     Modification,
   |     ^^^^^^^^^^^^

warning: missing documentation for a variant
  --> crates/perl-parser/src/semantic.rs:92:5
   |
92 |     Documentation,
   |     ^^^^^^^^^^^^^

warning: missing documentation for a variant
  --> crates/perl-parser/src/semantic.rs:93:5
   |
93 |     DefaultLibrary,
   |     ^^^^^^^^^^^^^^

warning: missing documentation for a variant
  --> crates/perl-parser/src/semantic_tokens_provider.rs:12:5
   |
12 |     Namespace, // package names
   |     ^^^^^^^^^

warning: missing documentation for a variant
  --> crates/perl-parser/src/semantic_tokens_provider.rs:13:5
   |
13 |     Class,     // class names (modern Perl)
   |     ^^^^^

warning: missing documentation for a variant
  --> crates/perl-parser/src/semantic_tokens_provider.rs:14:5
   |
14 |     Function,  // subroutine names
   |     ^^^^^^^^

warning: missing documentation for a variant
  --> crates/perl-parser/src/semantic_tokens_provider.rs:15:5
   |
15 |     Method,    // method names
   |     ^^^^^^

warning: missing documentation for a variant
  --> crates/perl-parser/src/semantic_tokens_provider.rs:16:5
   |
16 |     Variable,  // all variables
   |     ^^^^^^^^

warning: missing documentation for a variant
  --> crates/perl-parser/src/semantic_tokens_provider.rs:17:5
   |
17 |     Parameter, // function parameters
   |     ^^^^^^^^^

warning: missing documentation for a variant
  --> crates/perl-parser/src/semantic_tokens_provider.rs:18:5
   |
18 |     Property,  // object properties/attributes
   |     ^^^^^^^^

warning: missing documentation for a variant
  --> crates/perl-parser/src/semantic_tokens_provider.rs:19:5
   |
19 |     Keyword,   // language keywords
   |     ^^^^^^^

warning: missing documentation for a variant
  --> crates/perl-parser/src/semantic_tokens_provider.rs:20:5
   |
20 |     Comment,   // comments
   |     ^^^^^^^

warning: missing documentation for a variant
  --> crates/perl-parser/src/semantic_tokens_provider.rs:21:5
   |
21 |     String,    // string literals
   |     ^^^^^^

warning: missing documentation for a variant
  --> crates/perl-parser/src/semantic_tokens_provider.rs:22:5
   |
22 |     Number,    // numeric literals
   |     ^^^^^^

warning: missing documentation for a variant
  --> crates/perl-parser/src/semantic_tokens_provider.rs:23:5
   |
23 |     Regexp,    // regular expressions
   |     ^^^^^^

warning: missing documentation for a variant
  --> crates/perl-parser/src/semantic_tokens_provider.rs:24:5
   |
24 |     Operator,  // operators
   |     ^^^^^^^^

warning: missing documentation for a variant
  --> crates/perl-parser/src/semantic_tokens_provider.rs:25:5
   |
25 |     Macro,     // constants/macros
   |     ^^^^^

warning: missing documentation for a variant
  --> crates/perl-parser/src/semantic_tokens_provider.rs:73:5
   |
73 |     Declaration,    // definition site
   |     ^^^^^^^^^^^

warning: missing documentation for a variant
  --> crates/perl-parser/src/semantic_tokens_provider.rs:74:5
   |
74 |     Definition,     // same as declaration
   |     ^^^^^^^^^^

warning: missing documentation for a variant
  --> crates/perl-parser/src/semantic_tokens_provider.rs:75:5
   |
75 |     Reference,      // usage site
   |     ^^^^^^^^^

warning: missing documentation for a variant
  --> crates/perl-parser/src/semantic_tokens_provider.rs:76:5
   |
76 |     Modification,   // being modified
   |     ^^^^^^^^^^^^

warning: missing documentation for a variant
  --> crates/perl-parser/src/semantic_tokens_provider.rs:77:5
   |
77 |     Static,         // package-level
   |     ^^^^^^

warning: missing documentation for a variant
  --> crates/perl-parser/src/semantic_tokens_provider.rs:78:5
   |
78 |     DefaultLibrary, // built-in
   |     ^^^^^^^^^^^^^^

warning: missing documentation for a variant
  --> crates/perl-parser/src/semantic_tokens_provider.rs:79:5
   |
79 |     Async,          // async operations
   |     ^^^^^

warning: missing documentation for a variant
  --> crates/perl-parser/src/semantic_tokens_provider.rs:80:5
   |
80 |     Readonly,       // constants
   |     ^^^^^^^^

warning: missing documentation for a variant
  --> crates/perl-parser/src/semantic_tokens_provider.rs:81:5
   |
81 |     Deprecated,     // deprecated items
   |     ^^^^^^^^^^

warning: missing documentation for a struct field
   --> crates/perl-parser/src/semantic_tokens_provider.rs:119:5
    |
119 |     pub line: u32,
    |     ^^^^^^^^^^^^^

warning: missing documentation for a struct field
   --> crates/perl-parser/src/semantic_tokens_provider.rs:120:5
    |
120 |     pub start_char: u32,
    |     ^^^^^^^^^^^^^^^^^^^

warning: missing documentation for a struct field
   --> crates/perl-parser/src/semantic_tokens_provider.rs:121:5
    |
121 |     pub length: u32,
    |     ^^^^^^^^^^^^^^^

warning: missing documentation for a struct field
   --> crates/perl-parser/src/semantic_tokens_provider.rs:122:5
    |
122 |     pub token_type: SemanticTokenType,
    |     ^^^^^^^^^^^^^^^^^^^^^^^^^^^^^^^^^

warning: missing documentation for a struct field
   --> crates/perl-parser/src/semantic_tokens_provider.rs:123:5
    |
123 |     pub modifiers: Vec<SemanticTokenModifier>,
    |     ^^^^^^^^^^^^^^^^^^^^^^^^^^^^^^^^^^^^^^^^^

warning: missing documentation for an enum
  --> crates/perl-parser/src/tdd_workflow.rs:34:1
   |
34 | pub enum WorkflowState {
   | ^^^^^^^^^^^^^^^^^^^^^^

warning: missing documentation for a struct
  --> crates/perl-parser/src/tdd_workflow.rs:46:1
   |
46 | pub struct TddConfig {
   | ^^^^^^^^^^^^^^^^^^^^

warning: missing documentation for a struct
  --> crates/perl-parser/src/tdd_workflow.rs:92:1
   |
92 | pub struct LineCoverage {
   | ^^^^^^^^^^^^^^^^^^^^^^^

warning: missing documentation for a struct field
  --> crates/perl-parser/src/tdd_workflow.rs:93:5
   |
93 |     pub line: usize,
   |     ^^^^^^^^^^^^^^^

warning: missing documentation for a struct field
  --> crates/perl-parser/src/tdd_workflow.rs:94:5
   |
94 |     pub hits: usize,
   |     ^^^^^^^^^^^^^^^

warning: missing documentation for a struct field
  --> crates/perl-parser/src/tdd_workflow.rs:95:5
   |
95 |     pub covered: bool,
   |     ^^^^^^^^^^^^^^^^^

warning: missing documentation for a struct
  --> crates/perl-parser/src/tdd_workflow.rs:99:1
   |
99 | pub struct BranchCoverage {
   | ^^^^^^^^^^^^^^^^^^^^^^^^^

warning: missing documentation for a struct field
   --> crates/perl-parser/src/tdd_workflow.rs:100:5
    |
100 |     pub line: usize,
    |     ^^^^^^^^^^^^^^^

warning: missing documentation for a struct field
   --> crates/perl-parser/src/tdd_workflow.rs:101:5
    |
101 |     pub branch_id: usize,
    |     ^^^^^^^^^^^^^^^^^^^^

warning: missing documentation for a struct field
   --> crates/perl-parser/src/tdd_workflow.rs:102:5
    |
102 |     pub taken: bool,
    |     ^^^^^^^^^^^^^^^

warning: missing documentation for a struct field
   --> crates/perl-parser/src/tdd_workflow.rs:103:5
    |
103 |     pub hits: usize,
    |     ^^^^^^^^^^^^^^^

warning: missing documentation for an associated function
   --> crates/perl-parser/src/tdd_workflow.rs:107:5
    |
107 |     pub fn new(config: TddConfig) -> Self {
    |     ^^^^^^^^^^^^^^^^^^^^^^^^^^^^^^^^^^^^^

warning: missing documentation for a struct field
   --> crates/perl-parser/src/tdd_workflow.rs:406:5
    |
406 |     pub phase: String,
    |     ^^^^^^^^^^^^^^^^^

warning: missing documentation for a struct field
   --> crates/perl-parser/src/tdd_workflow.rs:407:5
    |
407 |     pub message: String,
    |     ^^^^^^^^^^^^^^^^^^^

warning: missing documentation for a struct field
   --> crates/perl-parser/src/tdd_workflow.rs:408:5
    |
408 |     pub actions: Vec<TddAction>,
    |     ^^^^^^^^^^^^^^^^^^^^^^^^^^^

warning: missing documentation for an enum
   --> crates/perl-parser/src/tdd_workflow.rs:412:1
    |
412 | pub enum TddAction {
    | ^^^^^^^^^^^^^^^^^^

warning: missing documentation for a variant
   --> crates/perl-parser/src/tdd_workflow.rs:413:5
    |
413 |     GenerateTest(String),
    |     ^^^^^^^^^^^^

warning: missing documentation for a variant
   --> crates/perl-parser/src/tdd_workflow.rs:414:5
    |
414 |     CreateTestFile(PathBuf),
    |     ^^^^^^^^^^^^^^

warning: missing documentation for a variant
   --> crates/perl-parser/src/tdd_workflow.rs:415:5
    |
415 |     RunTests,
    |     ^^^^^^^^

warning: missing documentation for a variant
   --> crates/perl-parser/src/tdd_workflow.rs:416:5
    |
416 |     SuggestRefactorings,
    |     ^^^^^^^^^^^^^^^^^^^

warning: missing documentation for a variant
   --> crates/perl-parser/src/tdd_workflow.rs:417:5
    |
417 |     UpdateCoverage,
    |     ^^^^^^^^^^^^^^

warning: missing documentation for a variant
   --> crates/perl-parser/src/tdd_workflow.rs:418:5
    |
418 |     ShowFailures,
    |     ^^^^^^^^^^^^

warning: missing documentation for an enum
   --> crates/perl-parser/src/tdd_workflow.rs:422:1
    |
422 | pub enum TestType {
    | ^^^^^^^^^^^^^^^^^

warning: missing documentation for a variant
   --> crates/perl-parser/src/tdd_workflow.rs:423:5
    |
423 |     Basic,
    |     ^^^^^

warning: missing documentation for a variant
   --> crates/perl-parser/src/tdd_workflow.rs:424:5
    |
424 |     EdgeCase,
    |     ^^^^^^^^

warning: missing documentation for a variant
   --> crates/perl-parser/src/tdd_workflow.rs:425:5
    |
425 |     ErrorHandling,
    |     ^^^^^^^^^^^^^

warning: missing documentation for a variant
   --> crates/perl-parser/src/tdd_workflow.rs:426:5
    |
426 |     Performance,
    |     ^^^^^^^^^^^

warning: missing documentation for a variant
   --> crates/perl-parser/src/tdd_workflow.rs:427:5
    |
427 |     Integration,
    |     ^^^^^^^^^^^

warning: missing documentation for a struct
   --> crates/perl-parser/src/tdd_workflow.rs:431:1
    |
431 | pub struct CoverageAnnotation {
    | ^^^^^^^^^^^^^^^^^^^^^^^^^^^^^

warning: missing documentation for a struct field
   --> crates/perl-parser/src/tdd_workflow.rs:432:5
    |
432 |     pub line: usize,
    |     ^^^^^^^^^^^^^^^

warning: missing documentation for a struct field
   --> crates/perl-parser/src/tdd_workflow.rs:433:5
    |
433 |     pub message: String,
    |     ^^^^^^^^^^^^^^^^^^^

warning: missing documentation for a struct field
   --> crates/perl-parser/src/tdd_workflow.rs:434:5
    |
434 |     pub severity: AnnotationSeverity,
    |     ^^^^^^^^^^^^^^^^^^^^^^^^^^^^^^^^

warning: missing documentation for an enum
   --> crates/perl-parser/src/tdd_workflow.rs:438:1
    |
438 | pub enum AnnotationSeverity {
    | ^^^^^^^^^^^^^^^^^^^^^^^^^^^

warning: missing documentation for a variant
   --> crates/perl-parser/src/tdd_workflow.rs:439:5
    |
439 |     Error,
    |     ^^^^^

warning: missing documentation for a variant
   --> crates/perl-parser/src/tdd_workflow.rs:440:5
    |
440 |     Warning,
    |     ^^^^^^^

warning: missing documentation for a variant
   --> crates/perl-parser/src/tdd_workflow.rs:441:5
    |
441 |     Info,
    |     ^^^^

warning: missing documentation for a variant
   --> crates/perl-parser/src/tdd_workflow.rs:442:5
    |
442 |     Hint,
    |     ^^^^

warning: missing documentation for a struct
   --> crates/perl-parser/src/tdd_workflow.rs:446:1
    |
446 | pub struct WorkflowStatus {
    | ^^^^^^^^^^^^^^^^^^^^^^^^^

warning: missing documentation for a struct field
   --> crates/perl-parser/src/tdd_workflow.rs:447:5
    |
447 |     pub state: WorkflowState,
    |     ^^^^^^^^^^^^^^^^^^^^^^^^

warning: missing documentation for a struct field
   --> crates/perl-parser/src/tdd_workflow.rs:448:5
    |
448 |     pub coverage: f64,
    |     ^^^^^^^^^^^^^^^^^

warning: missing documentation for a struct field
   --> crates/perl-parser/src/tdd_workflow.rs:449:5
    |
449 |     pub tests_passing: bool,
    |     ^^^^^^^^^^^^^^^^^^^^^^^

warning: missing documentation for a struct field
   --> crates/perl-parser/src/tdd_workflow.rs:450:5
    |
450 |     pub suggestions_available: bool,
    |     ^^^^^^^^^^^^^^^^^^^^^^^^^^^^^^^

warning: missing documentation for a struct field
   --> crates/perl-parser/src/test_generator.rs:101:5
    |
101 |     pub name: String,
    |     ^^^^^^^^^^^^^^^^

warning: missing documentation for a struct field
   --> crates/perl-parser/src/test_generator.rs:102:5
    |
102 |     pub description: String,
    |     ^^^^^^^^^^^^^^^^^^^^^^^

warning: missing documentation for a struct field
   --> crates/perl-parser/src/test_generator.rs:103:5
    |
103 |     pub code: String,
    |     ^^^^^^^^^^^^^^^^

warning: missing documentation for a struct field
   --> crates/perl-parser/src/test_generator.rs:104:5
    |
104 |     pub is_todo: bool,
    |     ^^^^^^^^^^^^^^^^^

warning: missing documentation for an associated function
   --> crates/perl-parser/src/test_generator.rs:130:5
    |
130 |     pub fn with_options(framework: TestFramework, options: TestGeneratorOptions) -> Self {
    |     ^^^^^^^^^^^^^^^^^^^^^^^^^^^^^^^^^^^^^^^^^^^^^^^^^^^^^^^^^^^^^^^^^^^^^^^^^^^^^^^^^^^^

warning: missing documentation for an associated function
   --> crates/perl-parser/src/test_generator.rs:644:5
    |
644 |     pub fn new() -> Self {
    |     ^^^^^^^^^^^^^^^^^^^^

warning: missing documentation for an associated function
   --> crates/perl-parser/src/test_generator.rs:648:5
    |
648 |     pub fn with_command(command: String) -> Self {
    |     ^^^^^^^^^^^^^^^^^^^^^^^^^^^^^^^^^^^^^^^^^^^^

warning: missing documentation for a struct
   --> crates/perl-parser/src/test_generator.rs:701:1
    |
701 | pub struct TestResults {
    | ^^^^^^^^^^^^^^^^^^^^^^

warning: missing documentation for a struct field
   --> crates/perl-parser/src/test_generator.rs:702:5
    |
702 |     pub total: usize,
    |     ^^^^^^^^^^^^^^^^

warning: missing documentation for a struct field
   --> crates/perl-parser/src/test_generator.rs:703:5
    |
703 |     pub passed: usize,
    |     ^^^^^^^^^^^^^^^^^

warning: missing documentation for a struct field
   --> crates/perl-parser/src/test_generator.rs:704:5
    |
704 |     pub failed: usize,
    |     ^^^^^^^^^^^^^^^^^

warning: missing documentation for a struct field
   --> crates/perl-parser/src/test_generator.rs:705:5
    |
705 |     pub skipped: usize,
    |     ^^^^^^^^^^^^^^^^^^

warning: missing documentation for a struct field
   --> crates/perl-parser/src/test_generator.rs:706:5
    |
706 |     pub todo: usize,
    |     ^^^^^^^^^^^^^^^

warning: missing documentation for a struct field
   --> crates/perl-parser/src/test_generator.rs:707:5
    |
707 |     pub errors: Vec<String>,
    |     ^^^^^^^^^^^^^^^^^^^^^^^

warning: missing documentation for a struct
   --> crates/perl-parser/src/test_generator.rs:711:1
    |
711 | pub struct CoverageReport {
    | ^^^^^^^^^^^^^^^^^^^^^^^^^

warning: missing documentation for a struct field
   --> crates/perl-parser/src/test_generator.rs:712:5
    |
712 |     pub line_coverage: f64,
    |     ^^^^^^^^^^^^^^^^^^^^^^

warning: missing documentation for a struct field
   --> crates/perl-parser/src/test_generator.rs:713:5
    |
713 |     pub branch_coverage: f64,
    |     ^^^^^^^^^^^^^^^^^^^^^^^^

warning: missing documentation for a struct field
   --> crates/perl-parser/src/test_generator.rs:714:5
    |
714 |     pub function_coverage: f64,
    |     ^^^^^^^^^^^^^^^^^^^^^^^^^^

warning: missing documentation for a struct field
   --> crates/perl-parser/src/test_generator.rs:715:5
    |
715 |     pub uncovered_lines: Vec<usize>,
    |     ^^^^^^^^^^^^^^^^^^^^^^^^^^^^^^^

warning: missing documentation for a struct
   --> crates/perl-parser/src/test_generator.rs:724:1
    |
724 | pub struct RefactoringSuggestion {
    | ^^^^^^^^^^^^^^^^^^^^^^^^^^^^^^^^

warning: missing documentation for a struct field
   --> crates/perl-parser/src/test_generator.rs:725:5
    |
725 |     pub title: String,
    |     ^^^^^^^^^^^^^^^^^

warning: missing documentation for a struct field
   --> crates/perl-parser/src/test_generator.rs:726:5
    |
726 |     pub description: String,
    |     ^^^^^^^^^^^^^^^^^^^^^^^

warning: missing documentation for a struct field
   --> crates/perl-parser/src/test_generator.rs:727:5
    |
727 |     pub priority: Priority,
    |     ^^^^^^^^^^^^^^^^^^^^^^

warning: missing documentation for a struct field
   --> crates/perl-parser/src/test_generator.rs:728:5
    |
728 |     pub category: RefactoringCategory,
    |     ^^^^^^^^^^^^^^^^^^^^^^^^^^^^^^^^^

warning: missing documentation for a struct field
   --> crates/perl-parser/src/test_generator.rs:729:5
    |
729 |     pub code_action: Option<String>,
    |     ^^^^^^^^^^^^^^^^^^^^^^^^^^^^^^^

warning: missing documentation for an enum
   --> crates/perl-parser/src/test_generator.rs:733:1
    |
733 | pub enum Priority {
    | ^^^^^^^^^^^^^^^^^

warning: missing documentation for a variant
   --> crates/perl-parser/src/test_generator.rs:734:5
    |
734 |     Low,
    |     ^^^

warning: missing documentation for a variant
   --> crates/perl-parser/src/test_generator.rs:735:5
    |
735 |     Medium,
    |     ^^^^^^

warning: missing documentation for a variant
   --> crates/perl-parser/src/test_generator.rs:736:5
    |
736 |     High,
    |     ^^^^

warning: missing documentation for a variant
   --> crates/perl-parser/src/test_generator.rs:737:5
    |
737 |     Critical,
    |     ^^^^^^^^

warning: missing documentation for an enum
   --> crates/perl-parser/src/test_generator.rs:741:1
    |
741 | pub enum RefactoringCategory {
    | ^^^^^^^^^^^^^^^^^^^^^^^^^^^^

warning: missing documentation for a variant
   --> crates/perl-parser/src/test_generator.rs:742:5
    |
742 |     DuplicateCode,
    |     ^^^^^^^^^^^^^

warning: missing documentation for a variant
   --> crates/perl-parser/src/test_generator.rs:743:5
    |
743 |     ComplexMethod,
    |     ^^^^^^^^^^^^^

warning: missing documentation for a variant
   --> crates/perl-parser/src/test_generator.rs:744:5
    |
744 |     LongMethod,
    |     ^^^^^^^^^^

warning: missing documentation for a variant
   --> crates/perl-parser/src/test_generator.rs:745:5
    |
745 |     TooManyParameters,
    |     ^^^^^^^^^^^^^^^^^

warning: missing documentation for a variant
   --> crates/perl-parser/src/test_generator.rs:746:5
    |
746 |     DeadCode,
    |     ^^^^^^^^

warning: missing documentation for a variant
   --> crates/perl-parser/src/test_generator.rs:747:5
    |
747 |     Performance,
    |     ^^^^^^^^^^^

warning: missing documentation for a variant
   --> crates/perl-parser/src/test_generator.rs:748:5
    |
748 |     Naming,
    |     ^^^^^^

warning: missing documentation for a variant
   --> crates/perl-parser/src/test_generator.rs:749:5
    |
749 |     Structure,
    |     ^^^^^^^^^

warning: missing documentation for an associated function
   --> crates/perl-parser/src/test_generator.rs:759:5
    |
759 |     pub fn new() -> Self {
    |     ^^^^^^^^^^^^^^^^^^^^

warning: missing documentation for a struct field
 --> crates/perl-parser/src/test_runner.rs:9:5
  |
9 |     pub id: String,
  |     ^^^^^^^^^^^^^^

warning: missing documentation for a struct field
  --> crates/perl-parser/src/test_runner.rs:10:5
   |
10 |     pub label: String,
   |     ^^^^^^^^^^^^^^^^^

warning: missing documentation for a struct field
  --> crates/perl-parser/src/test_runner.rs:11:5
   |
11 |     pub uri: String,
   |     ^^^^^^^^^^^^^^^

warning: missing documentation for a struct field
  --> crates/perl-parser/src/test_runner.rs:12:5
   |
12 |     pub range: TestRange,
   |     ^^^^^^^^^^^^^^^^^^^^

warning: missing documentation for a struct field
  --> crates/perl-parser/src/test_runner.rs:13:5
   |
13 |     pub kind: TestKind,
   |     ^^^^^^^^^^^^^^^^^^

warning: missing documentation for a struct field
  --> crates/perl-parser/src/test_runner.rs:14:5
   |
14 |     pub children: Vec<TestItem>,
   |     ^^^^^^^^^^^^^^^^^^^^^^^^^^^

warning: missing documentation for a struct
  --> crates/perl-parser/src/test_runner.rs:18:1
   |
18 | pub struct TestRange {
   | ^^^^^^^^^^^^^^^^^^^^

warning: missing documentation for a struct field
  --> crates/perl-parser/src/test_runner.rs:19:5
   |
19 |     pub start_line: u32,
   |     ^^^^^^^^^^^^^^^^^^^

warning: missing documentation for a struct field
  --> crates/perl-parser/src/test_runner.rs:20:5
   |
20 |     pub start_character: u32,
   |     ^^^^^^^^^^^^^^^^^^^^^^^^

warning: missing documentation for a struct field
  --> crates/perl-parser/src/test_runner.rs:21:5
   |
21 |     pub end_line: u32,
   |     ^^^^^^^^^^^^^^^^^

warning: missing documentation for a struct field
  --> crates/perl-parser/src/test_runner.rs:22:5
   |
22 |     pub end_character: u32,
   |     ^^^^^^^^^^^^^^^^^^^^^^

warning: missing documentation for an enum
  --> crates/perl-parser/src/test_runner.rs:26:1
   |
26 | pub enum TestKind {
   | ^^^^^^^^^^^^^^^^^

warning: missing documentation for a variant
  --> crates/perl-parser/src/test_runner.rs:27:5
   |
27 |     File,
   |     ^^^^

warning: missing documentation for a variant
  --> crates/perl-parser/src/test_runner.rs:28:5
   |
28 |     Suite,
   |     ^^^^^

warning: missing documentation for a variant
  --> crates/perl-parser/src/test_runner.rs:29:5
   |
29 |     Test,
   |     ^^^^

warning: missing documentation for a struct field
  --> crates/perl-parser/src/test_runner.rs:35:5
   |
35 |     pub test_id: String,
   |     ^^^^^^^^^^^^^^^^^^^

warning: missing documentation for a struct field
  --> crates/perl-parser/src/test_runner.rs:36:5
   |
36 |     pub status: TestStatus,
   |     ^^^^^^^^^^^^^^^^^^^^^^

warning: missing documentation for a struct field
  --> crates/perl-parser/src/test_runner.rs:37:5
   |
37 |     pub message: Option<String>,
   |     ^^^^^^^^^^^^^^^^^^^^^^^^^^^

warning: missing documentation for a struct field
  --> crates/perl-parser/src/test_runner.rs:38:5
   |
38 |     pub duration: Option<u64>, // milliseconds
   |     ^^^^^^^^^^^^^^^^^^^^^^^^^

warning: missing documentation for an enum
  --> crates/perl-parser/src/test_runner.rs:42:1
   |
42 | pub enum TestStatus {
   | ^^^^^^^^^^^^^^^^^^^

warning: missing documentation for a variant
  --> crates/perl-parser/src/test_runner.rs:43:5
   |
43 |     Passed,
   |     ^^^^^^

warning: missing documentation for a variant
  --> crates/perl-parser/src/test_runner.rs:44:5
   |
44 |     Failed,
   |     ^^^^^^

warning: missing documentation for a variant
  --> crates/perl-parser/src/test_runner.rs:45:5
   |
45 |     Skipped,
   |     ^^^^^^^

warning: missing documentation for a variant
  --> crates/perl-parser/src/test_runner.rs:46:5
   |
46 |     Errored,
   |     ^^^^^^^

warning: missing documentation for an associated function
  --> crates/perl-parser/src/test_runner.rs:68:5
   |
68 |     pub fn new(source: String, uri: String) -> Self {
   |     ^^^^^^^^^^^^^^^^^^^^^^^^^^^^^^^^^^^^^^^^^^^^^^^

warning: missing documentation for a method
   --> crates/perl-parser/src/test_runner.rs:537:5
    |
537 |     pub fn to_json(&self) -> Value {
    |     ^^^^^^^^^^^^^^^^^^^^^^^^^^^^^^

warning: missing documentation for a method
   --> crates/perl-parser/src/test_runner.rs:560:5
    |
560 |     pub fn to_json(&self) -> Value {
    |     ^^^^^^^^^^^^^^^^^^^^^^^^^^^^^^

warning: missing documentation for a variant
   --> crates/perl-parser/src/token_stream.rs:163:5
    |
163 |     My,
    |     ^^

warning: missing documentation for a variant
   --> crates/perl-parser/src/token_stream.rs:164:5
    |
164 |     Our,
    |     ^^^

warning: missing documentation for a variant
   --> crates/perl-parser/src/token_stream.rs:165:5
    |
165 |     Local,
    |     ^^^^^

warning: missing documentation for a variant
   --> crates/perl-parser/src/token_stream.rs:166:5
    |
166 |     State,
    |     ^^^^^

warning: missing documentation for a variant
   --> crates/perl-parser/src/token_stream.rs:167:5
    |
167 |     Sub,
    |     ^^^

warning: missing documentation for a variant
   --> crates/perl-parser/src/token_stream.rs:168:5
    |
168 |     If,
    |     ^^

warning: missing documentation for a variant
   --> crates/perl-parser/src/token_stream.rs:169:5
    |
169 |     Elsif,
    |     ^^^^^

warning: missing documentation for a variant
   --> crates/perl-parser/src/token_stream.rs:170:5
    |
170 |     Else,
    |     ^^^^

warning: missing documentation for a variant
   --> crates/perl-parser/src/token_stream.rs:171:5
    |
171 |     Unless,
    |     ^^^^^^

warning: missing documentation for a variant
   --> crates/perl-parser/src/token_stream.rs:172:5
    |
172 |     While,
    |     ^^^^^

warning: missing documentation for a variant
   --> crates/perl-parser/src/token_stream.rs:173:5
    |
173 |     Until,
    |     ^^^^^

warning: missing documentation for a variant
   --> crates/perl-parser/src/token_stream.rs:174:5
    |
174 |     For,
    |     ^^^

warning: missing documentation for a variant
   --> crates/perl-parser/src/token_stream.rs:175:5
    |
175 |     Foreach,
    |     ^^^^^^^

warning: missing documentation for a variant
   --> crates/perl-parser/src/token_stream.rs:176:5
    |
176 |     Return,
    |     ^^^^^^

warning: missing documentation for a variant
   --> crates/perl-parser/src/token_stream.rs:177:5
    |
177 |     Package,
    |     ^^^^^^^

warning: missing documentation for a variant
   --> crates/perl-parser/src/token_stream.rs:178:5
    |
178 |     Use,
    |     ^^^

warning: missing documentation for a variant
   --> crates/perl-parser/src/token_stream.rs:179:5
    |
179 |     No,
    |     ^^

warning: missing documentation for a variant
   --> crates/perl-parser/src/token_stream.rs:180:5
    |
180 |     Begin,
    |     ^^^^^

warning: missing documentation for a variant
   --> crates/perl-parser/src/token_stream.rs:181:5
    |
181 |     End,
    |     ^^^

warning: missing documentation for a variant
   --> crates/perl-parser/src/token_stream.rs:182:5
    |
182 |     Check,
    |     ^^^^^

warning: missing documentation for a variant
   --> crates/perl-parser/src/token_stream.rs:183:5
    |
183 |     Init,
    |     ^^^^

warning: missing documentation for a variant
   --> crates/perl-parser/src/token_stream.rs:184:5
    |
184 |     Unitcheck,
    |     ^^^^^^^^^

warning: missing documentation for a variant
   --> crates/perl-parser/src/token_stream.rs:185:5
    |
185 |     Eval,
    |     ^^^^

warning: missing documentation for a variant
   --> crates/perl-parser/src/token_stream.rs:186:5
    |
186 |     Do,
    |     ^^

warning: missing documentation for a variant
   --> crates/perl-parser/src/token_stream.rs:187:5
    |
187 |     Given,
    |     ^^^^^

warning: missing documentation for a variant
   --> crates/perl-parser/src/token_stream.rs:188:5
    |
188 |     When,
    |     ^^^^

warning: missing documentation for a variant
   --> crates/perl-parser/src/token_stream.rs:189:5
    |
189 |     Default,
    |     ^^^^^^^

warning: missing documentation for a variant
   --> crates/perl-parser/src/token_stream.rs:190:5
    |
190 |     Try,
    |     ^^^

warning: missing documentation for a variant
   --> crates/perl-parser/src/token_stream.rs:191:5
    |
191 |     Catch,
    |     ^^^^^

warning: missing documentation for a variant
   --> crates/perl-parser/src/token_stream.rs:192:5
    |
192 |     Finally,
    |     ^^^^^^^

warning: missing documentation for a variant
   --> crates/perl-parser/src/token_stream.rs:193:5
    |
193 |     Continue,
    |     ^^^^^^^^

warning: missing documentation for a variant
   --> crates/perl-parser/src/token_stream.rs:194:5
    |
194 |     Class,
    |     ^^^^^

warning: missing documentation for a variant
   --> crates/perl-parser/src/token_stream.rs:195:5
    |
195 |     Method,
    |     ^^^^^^

warning: missing documentation for a variant
   --> crates/perl-parser/src/token_stream.rs:196:5
    |
196 |     Format,
    |     ^^^^^^

warning: missing documentation for a variant
   --> crates/perl-parser/src/token_stream.rs:197:5
    |
197 |     Undef,
    |     ^^^^^

warning: missing documentation for a variant
   --> crates/perl-parser/src/token_stream.rs:200:5
    |
200 |     Assign,
    |     ^^^^^^

warning: missing documentation for a variant
   --> crates/perl-parser/src/token_stream.rs:201:5
    |
201 |     Plus,
    |     ^^^^

warning: missing documentation for a variant
   --> crates/perl-parser/src/token_stream.rs:202:5
    |
202 |     Minus,
    |     ^^^^^

warning: missing documentation for a variant
   --> crates/perl-parser/src/token_stream.rs:203:5
    |
203 |     Star,
    |     ^^^^

warning: missing documentation for a variant
   --> crates/perl-parser/src/token_stream.rs:204:5
    |
204 |     Slash,
    |     ^^^^^

warning: missing documentation for a variant
   --> crates/perl-parser/src/token_stream.rs:205:5
    |
205 |     Percent,
    |     ^^^^^^^

warning: missing documentation for a variant
   --> crates/perl-parser/src/token_stream.rs:206:5
    |
206 |     Power,
    |     ^^^^^

warning: missing documentation for a variant
   --> crates/perl-parser/src/token_stream.rs:207:5
    |
207 |     LeftShift,
    |     ^^^^^^^^^

warning: missing documentation for a variant
   --> crates/perl-parser/src/token_stream.rs:208:5
    |
208 |     RightShift,
    |     ^^^^^^^^^^

warning: missing documentation for a variant
   --> crates/perl-parser/src/token_stream.rs:209:5
    |
209 |     BitwiseAnd,
    |     ^^^^^^^^^^

warning: missing documentation for a variant
   --> crates/perl-parser/src/token_stream.rs:210:5
    |
210 |     BitwiseOr,
    |     ^^^^^^^^^

warning: missing documentation for a variant
   --> crates/perl-parser/src/token_stream.rs:211:5
    |
211 |     BitwiseXor,
    |     ^^^^^^^^^^

warning: missing documentation for a variant
   --> crates/perl-parser/src/token_stream.rs:212:5
    |
212 |     BitwiseNot,
    |     ^^^^^^^^^^

warning: missing documentation for a variant
   --> crates/perl-parser/src/token_stream.rs:214:5
    |
214 |     PlusAssign,
    |     ^^^^^^^^^^

warning: missing documentation for a variant
   --> crates/perl-parser/src/token_stream.rs:215:5
    |
215 |     MinusAssign,
    |     ^^^^^^^^^^^

warning: missing documentation for a variant
   --> crates/perl-parser/src/token_stream.rs:216:5
    |
216 |     StarAssign,
    |     ^^^^^^^^^^

warning: missing documentation for a variant
   --> crates/perl-parser/src/token_stream.rs:217:5
    |
217 |     SlashAssign,
    |     ^^^^^^^^^^^

warning: missing documentation for a variant
   --> crates/perl-parser/src/token_stream.rs:218:5
    |
218 |     PercentAssign,
    |     ^^^^^^^^^^^^^

warning: missing documentation for a variant
   --> crates/perl-parser/src/token_stream.rs:219:5
    |
219 |     DotAssign,
    |     ^^^^^^^^^

warning: missing documentation for a variant
   --> crates/perl-parser/src/token_stream.rs:220:5
    |
220 |     AndAssign,
    |     ^^^^^^^^^

warning: missing documentation for a variant
   --> crates/perl-parser/src/token_stream.rs:221:5
    |
221 |     OrAssign,
    |     ^^^^^^^^

warning: missing documentation for a variant
   --> crates/perl-parser/src/token_stream.rs:222:5
    |
222 |     XorAssign,
    |     ^^^^^^^^^

warning: missing documentation for a variant
   --> crates/perl-parser/src/token_stream.rs:223:5
    |
223 |     PowerAssign,
    |     ^^^^^^^^^^^

warning: missing documentation for a variant
   --> crates/perl-parser/src/token_stream.rs:224:5
    |
224 |     LeftShiftAssign,
    |     ^^^^^^^^^^^^^^^

warning: missing documentation for a variant
   --> crates/perl-parser/src/token_stream.rs:225:5
    |
225 |     RightShiftAssign,
    |     ^^^^^^^^^^^^^^^^

warning: missing documentation for a variant
   --> crates/perl-parser/src/token_stream.rs:226:5
    |
226 |     LogicalAndAssign,
    |     ^^^^^^^^^^^^^^^^

warning: missing documentation for a variant
   --> crates/perl-parser/src/token_stream.rs:227:5
    |
227 |     LogicalOrAssign,
    |     ^^^^^^^^^^^^^^^

warning: missing documentation for a variant
   --> crates/perl-parser/src/token_stream.rs:228:5
    |
228 |     DefinedOrAssign,
    |     ^^^^^^^^^^^^^^^

warning: missing documentation for a variant
   --> crates/perl-parser/src/token_stream.rs:229:5
    |
229 |     Equal,
    |     ^^^^^

warning: missing documentation for a variant
   --> crates/perl-parser/src/token_stream.rs:230:5
    |
230 |     NotEqual,
    |     ^^^^^^^^

warning: missing documentation for a variant
   --> crates/perl-parser/src/token_stream.rs:231:5
    |
231 |     Match,
    |     ^^^^^

warning: missing documentation for a variant
   --> crates/perl-parser/src/token_stream.rs:232:5
    |
232 |     NotMatch,
    |     ^^^^^^^^

warning: missing documentation for a variant
   --> crates/perl-parser/src/token_stream.rs:233:5
    |
233 |     SmartMatch,
    |     ^^^^^^^^^^

warning: missing documentation for a variant
   --> crates/perl-parser/src/token_stream.rs:234:5
    |
234 |     Less,
    |     ^^^^

warning: missing documentation for a variant
   --> crates/perl-parser/src/token_stream.rs:235:5
    |
235 |     Greater,
    |     ^^^^^^^

warning: missing documentation for a variant
   --> crates/perl-parser/src/token_stream.rs:236:5
    |
236 |     LessEqual,
    |     ^^^^^^^^^

warning: missing documentation for a variant
   --> crates/perl-parser/src/token_stream.rs:237:5
    |
237 |     GreaterEqual,
    |     ^^^^^^^^^^^^

warning: missing documentation for a variant
   --> crates/perl-parser/src/token_stream.rs:238:5
    |
238 |     Spaceship,     // <=>
    |     ^^^^^^^^^

warning: missing documentation for a variant
   --> crates/perl-parser/src/token_stream.rs:239:5
    |
239 |     StringCompare, // cmp
    |     ^^^^^^^^^^^^^

warning: missing documentation for a variant
   --> crates/perl-parser/src/token_stream.rs:240:5
    |
240 |     And,
    |     ^^^

warning: missing documentation for a variant
   --> crates/perl-parser/src/token_stream.rs:241:5
    |
241 |     Or,
    |     ^^

warning: missing documentation for a variant
   --> crates/perl-parser/src/token_stream.rs:242:5
    |
242 |     Not,
    |     ^^^

warning: missing documentation for a variant
   --> crates/perl-parser/src/token_stream.rs:243:5
    |
243 |     DefinedOr,
    |     ^^^^^^^^^

warning: missing documentation for a variant
   --> crates/perl-parser/src/token_stream.rs:245:5
    |
245 |     WordAnd,
    |     ^^^^^^^

warning: missing documentation for a variant
   --> crates/perl-parser/src/token_stream.rs:246:5
    |
246 |     WordOr,
    |     ^^^^^^

warning: missing documentation for a variant
   --> crates/perl-parser/src/token_stream.rs:247:5
    |
247 |     WordNot,
    |     ^^^^^^^

warning: missing documentation for a variant
   --> crates/perl-parser/src/token_stream.rs:248:5
    |
248 |     WordXor,
    |     ^^^^^^^

warning: missing documentation for a variant
   --> crates/perl-parser/src/token_stream.rs:249:5
    |
249 |     Arrow,
    |     ^^^^^

warning: missing documentation for a variant
   --> crates/perl-parser/src/token_stream.rs:250:5
    |
250 |     FatArrow,
    |     ^^^^^^^^

warning: missing documentation for a variant
   --> crates/perl-parser/src/token_stream.rs:251:5
    |
251 |     Dot,
    |     ^^^

warning: missing documentation for a variant
   --> crates/perl-parser/src/token_stream.rs:252:5
    |
252 |     Range,
    |     ^^^^^

warning: missing documentation for a variant
   --> crates/perl-parser/src/token_stream.rs:253:5
    |
253 |     Ellipsis,
    |     ^^^^^^^^

warning: missing documentation for a variant
   --> crates/perl-parser/src/token_stream.rs:254:5
    |
254 |     Increment,
    |     ^^^^^^^^^

warning: missing documentation for a variant
   --> crates/perl-parser/src/token_stream.rs:255:5
    |
255 |     Decrement,
    |     ^^^^^^^^^

warning: missing documentation for a variant
   --> crates/perl-parser/src/token_stream.rs:256:5
    |
256 |     DoubleColon,
    |     ^^^^^^^^^^^

warning: missing documentation for a variant
   --> crates/perl-parser/src/token_stream.rs:257:5
    |
257 |     Question,
    |     ^^^^^^^^

warning: missing documentation for a variant
   --> crates/perl-parser/src/token_stream.rs:258:5
    |
258 |     Colon,
    |     ^^^^^

warning: missing documentation for a variant
   --> crates/perl-parser/src/token_stream.rs:259:5
    |
259 |     Backslash, // Reference operator
    |     ^^^^^^^^^

warning: missing documentation for a variant
   --> crates/perl-parser/src/token_stream.rs:262:5
    |
262 |     LeftParen,
    |     ^^^^^^^^^

warning: missing documentation for a variant
   --> crates/perl-parser/src/token_stream.rs:263:5
    |
263 |     RightParen,
    |     ^^^^^^^^^^

warning: missing documentation for a variant
   --> crates/perl-parser/src/token_stream.rs:264:5
    |
264 |     LeftBrace,
    |     ^^^^^^^^^

warning: missing documentation for a variant
   --> crates/perl-parser/src/token_stream.rs:265:5
    |
265 |     RightBrace,
    |     ^^^^^^^^^^

warning: missing documentation for a variant
   --> crates/perl-parser/src/token_stream.rs:266:5
    |
266 |     LeftBracket,
    |     ^^^^^^^^^^^

warning: missing documentation for a variant
   --> crates/perl-parser/src/token_stream.rs:267:5
    |
267 |     RightBracket,
    |     ^^^^^^^^^^^^

warning: missing documentation for a variant
   --> crates/perl-parser/src/token_stream.rs:268:5
    |
268 |     Semicolon,
    |     ^^^^^^^^^

warning: missing documentation for a variant
   --> crates/perl-parser/src/token_stream.rs:269:5
    |
269 |     Comma,
    |     ^^^^^

warning: missing documentation for a variant
   --> crates/perl-parser/src/token_stream.rs:272:5
    |
272 |     Number,
    |     ^^^^^^

warning: missing documentation for a variant
   --> crates/perl-parser/src/token_stream.rs:273:5
    |
273 |     String,
    |     ^^^^^^

warning: missing documentation for a variant
   --> crates/perl-parser/src/token_stream.rs:274:5
    |
274 |     Regex,
    |     ^^^^^

warning: missing documentation for a variant
   --> crates/perl-parser/src/token_stream.rs:275:5
    |
275 |     Substitution,
    |     ^^^^^^^^^^^^

warning: missing documentation for a variant
   --> crates/perl-parser/src/token_stream.rs:276:5
    |
276 |     Transliteration,
    |     ^^^^^^^^^^^^^^^

warning: missing documentation for a variant
   --> crates/perl-parser/src/token_stream.rs:277:5
    |
277 |     QuoteSingle,
    |     ^^^^^^^^^^^

warning: missing documentation for a variant
   --> crates/perl-parser/src/token_stream.rs:278:5
    |
278 |     QuoteDouble,
    |     ^^^^^^^^^^^

warning: missing documentation for a variant
   --> crates/perl-parser/src/token_stream.rs:279:5
    |
279 |     QuoteWords,
    |     ^^^^^^^^^^

warning: missing documentation for a variant
   --> crates/perl-parser/src/token_stream.rs:280:5
    |
280 |     QuoteCommand,
    |     ^^^^^^^^^^^^

warning: missing documentation for a variant
   --> crates/perl-parser/src/token_stream.rs:281:5
    |
281 |     HeredocStart,
    |     ^^^^^^^^^^^^

warning: missing documentation for a variant
   --> crates/perl-parser/src/token_stream.rs:282:5
    |
282 |     HeredocBody,
    |     ^^^^^^^^^^^

warning: missing documentation for a variant
   --> crates/perl-parser/src/token_stream.rs:283:5
    |
283 |     FormatBody,
    |     ^^^^^^^^^^

warning: missing documentation for a variant
   --> crates/perl-parser/src/token_stream.rs:284:5
    |
284 |     DataMarker,
    |     ^^^^^^^^^^

warning: missing documentation for a variant
   --> crates/perl-parser/src/token_stream.rs:285:5
    |
285 |     DataBody,
    |     ^^^^^^^^

warning: missing documentation for a variant
   --> crates/perl-parser/src/token_stream.rs:286:5
    |
286 |     UnknownRest,
    |     ^^^^^^^^^^^

warning: missing documentation for a variant
   --> crates/perl-parser/src/token_stream.rs:289:5
    |
289 |     Identifier,
    |     ^^^^^^^^^^

warning: missing documentation for a variant
   --> crates/perl-parser/src/token_stream.rs:290:5
    |
290 |     ScalarSigil,
    |     ^^^^^^^^^^^

warning: missing documentation for a variant
   --> crates/perl-parser/src/token_stream.rs:291:5
    |
291 |     ArraySigil,
    |     ^^^^^^^^^^

warning: missing documentation for a variant
   --> crates/perl-parser/src/token_stream.rs:292:5
    |
292 |     HashSigil,
    |     ^^^^^^^^^

warning: missing documentation for a variant
   --> crates/perl-parser/src/token_stream.rs:293:5
    |
293 |     SubSigil,
    |     ^^^^^^^^

warning: missing documentation for a variant
   --> crates/perl-parser/src/token_stream.rs:294:5
    |
294 |     GlobSigil,
    |     ^^^^^^^^^

warning: missing documentation for a variant
   --> crates/perl-parser/src/token_stream.rs:297:5
    |
297 |     Eof,
    |     ^^^

warning: missing documentation for a variant
   --> crates/perl-parser/src/token_stream.rs:298:5
    |
298 |     Unknown,
    |     ^^^^^^^

warning: missing documentation for a struct field
  --> crates/perl-parser/src/trivia.rs:61:5
   |
61 |     pub trivia: Trivia,
   |     ^^^^^^^^^^^^^^^^^^

warning: missing documentation for a struct field
  --> crates/perl-parser/src/trivia.rs:62:5
   |
62 |     pub range: Range,
   |     ^^^^^^^^^^^^^^^^

warning: missing documentation for an associated function
  --> crates/perl-parser/src/trivia.rs:66:5
   |
66 |     pub fn new(trivia: Trivia, range: Range) -> Self {
   |     ^^^^^^^^^^^^^^^^^^^^^^^^^^^^^^^^^^^^^^^^^^^^^^^^

warning: missing documentation for a struct
  --> crates/perl-parser/src/type_definition.rs:11:1
   |
11 | pub struct TypeDefinitionProvider;
   | ^^^^^^^^^^^^^^^^^^^^^^^^^^^^^^^^^

warning: missing documentation for an associated function
  --> crates/perl-parser/src/type_definition.rs:14:5
   |
14 |     pub fn new() -> Self {
   |     ^^^^^^^^^^^^^^^^^^^^

warning: missing documentation for a struct field
 --> crates/perl-parser/src/type_hierarchy.rs:9:5
  |
9 |     pub name: String,
  |     ^^^^^^^^^^^^^^^^

warning: missing documentation for a struct field
  --> crates/perl-parser/src/type_hierarchy.rs:10:5
   |
10 |     pub kind: SymbolKind,
   |     ^^^^^^^^^^^^^^^^^^^^

warning: missing documentation for a struct field
  --> crates/perl-parser/src/type_hierarchy.rs:11:5
   |
11 |     pub uri: String,
   |     ^^^^^^^^^^^^^^^

warning: missing documentation for a struct field
  --> crates/perl-parser/src/type_hierarchy.rs:12:5
   |
12 |     pub range: Range,
   |     ^^^^^^^^^^^^^^^^

warning: missing documentation for a struct field
  --> crates/perl-parser/src/type_hierarchy.rs:13:5
   |
13 |     pub selection_range: Range,
   |     ^^^^^^^^^^^^^^^^^^^^^^^^^^

warning: missing documentation for a struct field
  --> crates/perl-parser/src/type_hierarchy.rs:14:5
   |
14 |     pub detail: Option<String>,
   |     ^^^^^^^^^^^^^^^^^^^^^^^^^^

warning: missing documentation for a struct field
  --> crates/perl-parser/src/type_hierarchy.rs:15:5
   |
15 |     pub data: Option<serde_json::Value>,
   |     ^^^^^^^^^^^^^^^^^^^^^^^^^^^^^^^^^^^

warning: missing documentation for an enum
  --> crates/perl-parser/src/type_hierarchy.rs:19:1
   |
19 | pub enum SymbolKind {
   | ^^^^^^^^^^^^^^^^^^^

warning: missing documentation for a variant
  --> crates/perl-parser/src/type_hierarchy.rs:20:5
   |
20 |     Class = 5,
   |     ^^^^^

warning: missing documentation for a variant
  --> crates/perl-parser/src/type_hierarchy.rs:21:5
   |
21 |     Method = 6,
   |     ^^^^^^

warning: missing documentation for a variant
  --> crates/perl-parser/src/type_hierarchy.rs:22:5
   |
22 |     Function = 12,
   |     ^^^^^^^^

warning: missing documentation for a struct
  --> crates/perl-parser/src/type_hierarchy.rs:26:1
   |
26 | pub struct Range {
   | ^^^^^^^^^^^^^^^^

warning: missing documentation for a struct field
  --> crates/perl-parser/src/type_hierarchy.rs:27:5
   |
27 |     pub start: Position,
   |     ^^^^^^^^^^^^^^^^^^^

warning: missing documentation for a struct field
  --> crates/perl-parser/src/type_hierarchy.rs:28:5
   |
28 |     pub end: Position,
   |     ^^^^^^^^^^^^^^^^^

warning: missing documentation for a struct
  --> crates/perl-parser/src/type_hierarchy.rs:32:1
   |
32 | pub struct Position {
   | ^^^^^^^^^^^^^^^^^^^

warning: missing documentation for a struct field
  --> crates/perl-parser/src/type_hierarchy.rs:33:5
   |
33 |     pub line: u32,
   |     ^^^^^^^^^^^^^

warning: missing documentation for a struct field
  --> crates/perl-parser/src/type_hierarchy.rs:34:5
   |
34 |     pub character: u32,
   |     ^^^^^^^^^^^^^^^^^^

warning: missing documentation for an associated function
  --> crates/perl-parser/src/type_hierarchy.rs:71:5
   |
71 |     pub fn new() -> Self {
   |     ^^^^^^^^^^^^^^^^^^^^

warning: missing documentation for a struct field
  --> crates/perl-parser/src/type_inference.rs:13:12
   |
13 |     Hash { key: Box<PerlType>, value: Box<PerlType> },
   |            ^^^^^^^^^^^^^^^^^^

warning: missing documentation for a struct field
  --> crates/perl-parser/src/type_inference.rs:13:32
   |
13 |     Hash { key: Box<PerlType>, value: Box<PerlType> },
   |                                ^^^^^^^^^^^^^^^^^^^^

warning: missing documentation for a struct field
  --> crates/perl-parser/src/type_inference.rs:17:18
   |
17 |     Subroutine { params: Vec<PerlType>, returns: Vec<PerlType> },
   |                  ^^^^^^^^^^^^^^^^^^^^^

warning: missing documentation for a struct field
  --> crates/perl-parser/src/type_inference.rs:17:41
   |
17 |     Subroutine { params: Vec<PerlType>, returns: Vec<PerlType> },
   |                                         ^^^^^^^^^^^^^^^^^^^^^^

warning: missing documentation for an enum
  --> crates/perl-parser/src/type_inference.rs:31:1
   |
31 | pub enum ScalarType {
   | ^^^^^^^^^^^^^^^^^^^

warning: missing documentation for a variant
  --> crates/perl-parser/src/type_inference.rs:32:5
   |
32 |     String,
   |     ^^^^^^

warning: missing documentation for a variant
  --> crates/perl-parser/src/type_inference.rs:33:5
   |
33 |     Integer,
   |     ^^^^^^^

warning: missing documentation for a variant
  --> crates/perl-parser/src/type_inference.rs:34:5
   |
34 |     Float,
   |     ^^^^^

warning: missing documentation for a variant
  --> crates/perl-parser/src/type_inference.rs:35:5
   |
35 |     Boolean,
   |     ^^^^^^^

warning: missing documentation for a variant
  --> crates/perl-parser/src/type_inference.rs:36:5
   |
36 |     Undef,
   |     ^^^^^

warning: missing documentation for a variant
  --> crates/perl-parser/src/type_inference.rs:37:5
   |
37 |     Mixed, // Can be any scalar type
   |     ^^^^^

warning: missing documentation for a struct field
  --> crates/perl-parser/src/type_inference.rs:43:5
   |
43 |     pub expected: PerlType,
   |     ^^^^^^^^^^^^^^^^^^^^^^

warning: missing documentation for a struct field
  --> crates/perl-parser/src/type_inference.rs:44:5
   |
44 |     pub actual: PerlType,
   |     ^^^^^^^^^^^^^^^^^^^^

warning: missing documentation for a struct field
  --> crates/perl-parser/src/type_inference.rs:45:5
   |
45 |     pub location: TypeLocation,
   |     ^^^^^^^^^^^^^^^^^^^^^^^^^^

warning: missing documentation for a struct field
  --> crates/perl-parser/src/type_inference.rs:46:5
   |
46 |     pub reason: String,
   |     ^^^^^^^^^^^^^^^^^^

warning: missing documentation for a struct field
  --> crates/perl-parser/src/type_inference.rs:52:5
   |
52 |     pub file: String,
   |     ^^^^^^^^^^^^^^^^

warning: missing documentation for a struct field
  --> crates/perl-parser/src/type_inference.rs:53:5
   |
53 |     pub line: usize,
   |     ^^^^^^^^^^^^^^^

warning: missing documentation for a struct field
  --> crates/perl-parser/src/type_inference.rs:54:5
   |
54 |     pub column: usize,
   |     ^^^^^^^^^^^^^^^^^

warning: missing documentation for a struct field
  --> crates/perl-parser/src/type_inference.rs:55:5
   |
55 |     pub context: String,
   |     ^^^^^^^^^^^^^^^^^^^

warning: missing documentation for an associated function
  --> crates/perl-parser/src/type_inference.rs:76:5
   |
76 |     pub fn new() -> Self {
   |     ^^^^^^^^^^^^^^^^^^^^

warning: missing documentation for an associated function
  --> crates/perl-parser/src/type_inference.rs:80:5
   |
80 |     pub fn with_parent(parent: TypeEnvironment) -> Self {
   |     ^^^^^^^^^^^^^^^^^^^^^^^^^^^^^^^^^^^^^^^^^^^^^^^^^^^

warning: missing documentation for a method
  --> crates/perl-parser/src/type_inference.rs:88:5
   |
88 |     pub fn set_variable(&mut self, name: String, ty: PerlType) {
   |     ^^^^^^^^^^^^^^^^^^^^^^^^^^^^^^^^^^^^^^^^^^^^^^^^^^^^^^^^^^

warning: missing documentation for a method
  --> crates/perl-parser/src/type_inference.rs:92:5
   |
92 |     pub fn get_variable(&self, name: &str) -> Option<&PerlType> {
   |     ^^^^^^^^^^^^^^^^^^^^^^^^^^^^^^^^^^^^^^^^^^^^^^^^^^^^^^^^^^^

warning: missing documentation for a method
  --> crates/perl-parser/src/type_inference.rs:96:5
   |
96 |     pub fn set_subroutine(&mut self, name: String, ty: PerlType) {
   |     ^^^^^^^^^^^^^^^^^^^^^^^^^^^^^^^^^^^^^^^^^^^^^^^^^^^^^^^^^^^^

warning: missing documentation for a method
   --> crates/perl-parser/src/type_inference.rs:100:5
    |
100 |     pub fn get_subroutine(&self, name: &str) -> Option<&PerlType> {
    |     ^^^^^^^^^^^^^^^^^^^^^^^^^^^^^^^^^^^^^^^^^^^^^^^^^^^^^^^^^^^^^

warning: missing documentation for an associated function
   --> crates/perl-parser/src/type_inference.rs:126:5
    |
126 |     pub fn new() -> Self {
    |     ^^^^^^^^^^^^^^^^^^^^

warning: missing documentation for an associated function
   --> crates/perl-parser/src/type_inference.rs:738:5
    |
738 |     pub fn new(engine: Arc<TypeInferenceEngine>) -> Self {
    |     ^^^^^^^^^^^^^^^^^^^^^^^^^^^^^^^^^^^^^^^^^^^^^^^^^^^^

warning: missing documentation for a struct
   --> crates/perl-parser/src/type_inference.rs:844:1
    |
844 | pub struct CompletionItem {
    | ^^^^^^^^^^^^^^^^^^^^^^^^^

warning: missing documentation for a struct field
   --> crates/perl-parser/src/type_inference.rs:845:5
    |
845 |     pub label: String,
    |     ^^^^^^^^^^^^^^^^^

warning: missing documentation for a struct field
   --> crates/perl-parser/src/type_inference.rs:846:5
    |
846 |     pub detail: String,
    |     ^^^^^^^^^^^^^^^^^^

warning: missing documentation for a struct field
   --> crates/perl-parser/src/type_inference.rs:847:5
    |
847 |     pub documentation: String,
    |     ^^^^^^^^^^^^^^^^^^^^^^^^^

warning: missing documentation for a variant
  --> crates/perl-parser/src/workspace_index.rs:67:5
   |
67 |     Var,  // $ @ %
   |     ^^^

warning: missing documentation for a variant
  --> crates/perl-parser/src/workspace_index.rs:68:5
   |
68 |     Sub,  // sub foo
   |     ^^^

warning: missing documentation for a variant
  --> crates/perl-parser/src/workspace_index.rs:69:5
   |
69 |     Pack, // package Foo
   |     ^^^^

warning: missing documentation for a struct field
  --> crates/perl-parser/src/workspace_index.rs:75:5
   |
75 |     pub pkg: Arc<str>,
   |     ^^^^^^^^^^^^^^^^^

warning: missing documentation for a struct field
  --> crates/perl-parser/src/workspace_index.rs:76:5
   |
76 |     pub name: Arc<str>,      // bare name without sigil
   |     ^^^^^^^^^^^^^^^^^^

warning: missing documentation for a struct field
  --> crates/perl-parser/src/workspace_index.rs:77:5
   |
77 |     pub sigil: Option<char>, // $, @, %
   |     ^^^^^^^^^^^^^^^^^^^^^^^

warning: missing documentation for a struct field
  --> crates/perl-parser/src/workspace_index.rs:78:5
   |
78 |     pub kind: SymKind,
   |     ^^^^^^^^^^^^^^^^^

warning: missing documentation for a struct field
   --> crates/perl-parser/src/workspace_index.rs:179:5
    |
179 |     pub uri: String,
    |     ^^^^^^^^^^^^^^^

warning: missing documentation for a struct field
   --> crates/perl-parser/src/workspace_index.rs:180:5
    |
180 |     pub range: Range,
    |     ^^^^^^^^^^^^^^^^

warning: missing documentation for a struct field
   --> crates/perl-parser/src/workspace_index.rs:186:5
    |
186 |     pub name: String,
    |     ^^^^^^^^^^^^^^^^

warning: missing documentation for a struct field
   --> crates/perl-parser/src/workspace_index.rs:187:5
    |
187 |     pub kind: SymbolKind,
    |     ^^^^^^^^^^^^^^^^^^^^

warning: missing documentation for a struct field
   --> crates/perl-parser/src/workspace_index.rs:188:5
    |
188 |     pub uri: String,
    |     ^^^^^^^^^^^^^^^

warning: missing documentation for a struct field
   --> crates/perl-parser/src/workspace_index.rs:189:5
    |
189 |     pub range: Range,
    |     ^^^^^^^^^^^^^^^^

warning: missing documentation for a struct field
   --> crates/perl-parser/src/workspace_index.rs:190:5
    |
190 |     pub qualified_name: Option<String>,
    |     ^^^^^^^^^^^^^^^^^^^^^^^^^^^^^^^^^^

warning: missing documentation for a struct field
   --> crates/perl-parser/src/workspace_index.rs:191:5
    |
191 |     pub documentation: Option<String>,
    |     ^^^^^^^^^^^^^^^^^^^^^^^^^^^^^^^^^

warning: missing documentation for a struct field
   --> crates/perl-parser/src/workspace_index.rs:192:5
    |
192 |     pub container_name: Option<String>,
    |     ^^^^^^^^^^^^^^^^^^^^^^^^^^^^^^^^^^

warning: missing documentation for a struct field
   --> crates/perl-parser/src/workspace_index.rs:194:5
    |
194 |     pub has_body: bool, // For forward declarations
    |     ^^^^^^^^^^^^^^^^^^

warning: missing documentation for an enum
   --> crates/perl-parser/src/workspace_index.rs:202:1
    |
202 | pub enum SymbolKind {
    | ^^^^^^^^^^^^^^^^^^^

warning: missing documentation for a variant
   --> crates/perl-parser/src/workspace_index.rs:203:5
    |
203 |     Package,
    |     ^^^^^^^

warning: missing documentation for a variant
   --> crates/perl-parser/src/workspace_index.rs:204:5
    |
204 |     Subroutine,
    |     ^^^^^^^^^^

warning: missing documentation for a variant
   --> crates/perl-parser/src/workspace_index.rs:205:5
    |
205 |     Method,
    |     ^^^^^^

warning: missing documentation for a variant
   --> crates/perl-parser/src/workspace_index.rs:206:5
    |
206 |     Variable,
    |     ^^^^^^^^

warning: missing documentation for a variant
   --> crates/perl-parser/src/workspace_index.rs:207:5
    |
207 |     Constant,
    |     ^^^^^^^^

warning: missing documentation for a variant
   --> crates/perl-parser/src/workspace_index.rs:208:5
    |
208 |     Class,
    |     ^^^^^

warning: missing documentation for a variant
   --> crates/perl-parser/src/workspace_index.rs:209:5
    |
209 |     Role,
    |     ^^^^

warning: missing documentation for a variant
   --> crates/perl-parser/src/workspace_index.rs:210:5
    |
210 |     Import,
    |     ^^^^^^

warning: missing documentation for a variant
   --> crates/perl-parser/src/workspace_index.rs:211:5
    |
211 |     Export,
    |     ^^^^^^

warning: missing documentation for a struct field
   --> crates/perl-parser/src/workspace_index.rs:235:5
    |
235 |     pub uri: String,
    |     ^^^^^^^^^^^^^^^

warning: missing documentation for a struct field
   --> crates/perl-parser/src/workspace_index.rs:236:5
    |
236 |     pub range: Range,
    |     ^^^^^^^^^^^^^^^^

warning: missing documentation for a struct field
   --> crates/perl-parser/src/workspace_index.rs:237:5
    |
237 |     pub kind: ReferenceKind,
    |     ^^^^^^^^^^^^^^^^^^^^^^^

warning: missing documentation for an enum
   --> crates/perl-parser/src/workspace_index.rs:241:1
    |
241 | pub enum ReferenceKind {
    | ^^^^^^^^^^^^^^^^^^^^^^

warning: missing documentation for a variant
   --> crates/perl-parser/src/workspace_index.rs:242:5
    |
242 |     Definition,
    |     ^^^^^^^^^^

warning: missing documentation for a variant
   --> crates/perl-parser/src/workspace_index.rs:243:5
    |
243 |     Usage,
    |     ^^^^^

warning: missing documentation for a variant
   --> crates/perl-parser/src/workspace_index.rs:244:5
    |
244 |     Import,
    |     ^^^^^^

warning: missing documentation for a variant
   --> crates/perl-parser/src/workspace_index.rs:245:5
    |
245 |     Read,
    |     ^^^^

warning: missing documentation for a variant
   --> crates/perl-parser/src/workspace_index.rs:246:5
    |
246 |     Write,
    |     ^^^^^

warning: missing documentation for a struct field
   --> crates/perl-parser/src/workspace_index.rs:253:5
    |
253 |     pub name: String,
    |     ^^^^^^^^^^^^^^^^

warning: missing documentation for a struct field
   --> crates/perl-parser/src/workspace_index.rs:254:5
    |
254 |     pub kind: u32,
    |     ^^^^^^^^^^^^^

warning: missing documentation for a struct field
   --> crates/perl-parser/src/workspace_index.rs:255:5
    |
255 |     pub location: LspLocation,
    |     ^^^^^^^^^^^^^^^^^^^^^^^^^

warning: missing documentation for a struct field
   --> crates/perl-parser/src/workspace_index.rs:257:5
    |
257 |     pub container_name: Option<String>,
    |     ^^^^^^^^^^^^^^^^^^^^^^^^^^^^^^^^^^

warning: missing documentation for a struct field
   --> crates/perl-parser/src/workspace_index.rs:263:5
    |
263 |     pub uri: String,
    |     ^^^^^^^^^^^^^^^

warning: missing documentation for a struct field
   --> crates/perl-parser/src/workspace_index.rs:264:5
    |
264 |     pub range: LspRange,
    |     ^^^^^^^^^^^^^^^^^^^

warning: missing documentation for a struct field
   --> crates/perl-parser/src/workspace_index.rs:270:5
    |
270 |     pub start: LspPosition,
    |     ^^^^^^^^^^^^^^^^^^^^^^

warning: missing documentation for a struct field
   --> crates/perl-parser/src/workspace_index.rs:271:5
    |
271 |     pub end: LspPosition,
    |     ^^^^^^^^^^^^^^^^^^^^

warning: missing documentation for a struct field
   --> crates/perl-parser/src/workspace_index.rs:277:5
    |
277 |     pub line: u32,
    |     ^^^^^^^^^^^^^

warning: missing documentation for a struct field
   --> crates/perl-parser/src/workspace_index.rs:278:5
    |
278 |     pub character: u32,
    |     ^^^^^^^^^^^^^^^^^^

warning: missing documentation for a struct field
  --> crates/perl-parser/src/workspace_refactor.rs:72:23
   |
72 |     InvalidPosition { file: String, details: String },
   |                       ^^^^^^^^^^^^

warning: missing documentation for a struct field
  --> crates/perl-parser/src/workspace_refactor.rs:72:37
   |
72 |     InvalidPosition { file: String, details: String },
   |                                     ^^^^^^^^^^^^^^^

warning: missing documentation for a struct field
  --> crates/perl-parser/src/workspace_refactor.rs:74:22
   |
74 |     SymbolNotFound { symbol: String, file: String },
   |                      ^^^^^^^^^^^^^^

warning: missing documentation for a struct field
  --> crates/perl-parser/src/workspace_refactor.rs:74:38
   |
74 |     SymbolNotFound { symbol: String, file: String },
   |                                      ^^^^^^^^^^^^

warning: missing documentation for a struct field
  --> crates/perl-parser/src/workspace_rename.rs:12:5
   |
12 |     pub start: (u32, u32), // (line, character) in UTF-16
   |     ^^^^^^^^^^^^^^^^^^^^^

warning: missing documentation for a struct field
  --> crates/perl-parser/src/workspace_rename.rs:13:5
   |
13 |     pub end: (u32, u32),
   |     ^^^^^^^^^^^^^^^^^^^

warning: missing documentation for a struct field
  --> crates/perl-parser/src/workspace_rename.rs:14:5
   |
14 |     pub new_text: String,
   |     ^^^^^^^^^^^^^^^^^^^^

warning: missing documentation for a struct field
  --> crates/perl-parser/src/workspace_rename.rs:20:5
   |
20 |     pub uri: String,
   |     ^^^^^^^^^^^^^^^

warning: missing documentation for a struct field
  --> crates/perl-parser/src/workspace_rename.rs:21:5
   |
21 |     pub edits: Vec<TextEdit>,
   |     ^^^^^^^^^^^^^^^^^^^^^^^^

warning: missing documentation for a struct field
  --> crates/perl-parser/src/workspace_symbols.rs:63:5
   |
63 |     pub name: String,
   |     ^^^^^^^^^^^^^^^^

warning: missing documentation for a struct field
  --> crates/perl-parser/src/workspace_symbols.rs:64:5
   |
64 |     pub kind: i32,
   |     ^^^^^^^^^^^^^

warning: missing documentation for a struct field
  --> crates/perl-parser/src/workspace_symbols.rs:65:5
   |
65 |     pub location: Location,
   |     ^^^^^^^^^^^^^^^^^^^^^^

warning: missing documentation for a struct field
  --> crates/perl-parser/src/workspace_symbols.rs:67:5
   |
67 |     pub container_name: Option<String>,
   |     ^^^^^^^^^^^^^^^^^^^^^^^^^^^^^^^^^^

warning: missing documentation for a struct field
  --> crates/perl-parser/src/workspace_symbols.rs:73:5
   |
73 |     pub uri: String,
   |     ^^^^^^^^^^^^^^^

warning: missing documentation for a struct field
  --> crates/perl-parser/src/workspace_symbols.rs:74:5
   |
74 |     pub range: Range,
   |     ^^^^^^^^^^^^^^^^

warning: missing documentation for a struct field
  --> crates/perl-parser/src/workspace_symbols.rs:80:5
   |
80 |     pub start: Position,
   |     ^^^^^^^^^^^^^^^^^^^

warning: missing documentation for a struct field
  --> crates/perl-parser/src/workspace_symbols.rs:81:5
   |
81 |     pub end: Position,
   |     ^^^^^^^^^^^^^^^^^

warning: missing documentation for a struct field
  --> crates/perl-parser/src/workspace_symbols.rs:87:5
   |
87 |     pub line: u32,
   |     ^^^^^^^^^^^^^

warning: missing documentation for a struct field
  --> crates/perl-parser/src/workspace_symbols.rs:88:5
   |
88 |     pub character: u32,
   |     ^^^^^^^^^^^^^^^^^^

warning: missing documentation for a method
   --> crates/perl-parser/src/workspace_symbols.rs:226:5
    |
226 | /     pub fn search(
227 | |         &self,
228 | |         query: &str,
229 | |         source_map: &HashMap<String, String>,
230 | |     ) -> Vec<WorkspaceSymbol> {
    | |_____________________________^

warning: `perl-parser` (lib) generated 484 warnings
    Finished `dev` profile [optimized + debuginfo] target(s) in 17.14s

stack backtrace:
   0: __rustc::rust_begin_unwind
             at /rustc/1159e78c4747b02ef996e55082b704c09b970588/library/std/src/panicking.rs:697:5
   1: core::panicking::panic_fmt
             at /rustc/1159e78c4747b02ef996e55082b704c09b970588/library/core/src/panicking.rs:75:14
   2: issue_146_unit_tests::quality_assurance_tests::test_build_without_warnings
   3: issue_146_unit_tests::quality_assurance_tests::test_build_without_warnings::{{closure}}
             at ./tests/issue_146_unit_tests.rs:222:37
   4: core::ops::function::FnOnce::call_once
             at /home/steven/.rustup/toolchains/stable-x86_64-unknown-linux-gnu/lib/rustlib/src/rust/library/core/src/ops/function.rs:253:5
   5: core::ops::function::FnOnce::call_once
             at /rustc/1159e78c4747b02ef996e55082b704c09b970588/library/core/src/ops/function.rs:253:5
note: Some details are omitted, run with `RUST_BACKTRACE=full` for a verbose backtrace.


failures:
    quality_assurance_tests::test_build_without_warnings

test result: FAILED. 7 passed; 1 failed; 5 ignored; 0 measured; 0 filtered out; finished in 18.16s

error: test failed, to rerun pass `-p perl-parser --test issue_146_unit_tests`
     Running tests/large_file_edit.rs (target/debug/deps/large_file_edit-e5e56fbf1a50011f)

running 4 tests
test large_file_incremental_edits ... ok
test large_file_edit ... ok
test large_file_utf16_position_accuracy ... ok
test rope_vs_string_performance ... ok

test result: ok. 4 passed; 0 failed; 0 ignored; 0 measured; 0 filtered out; finished in 0.02s

     Running tests/line_cache_fuzz.rs (target/debug/deps/line_cache_fuzz-9aedd56e830c82ee)

running 2 tests
test fuzz::fuzz_mixed_content ... ok
test fuzz::fuzz_edge_boundaries ... ok

test result: ok. 2 passed; 0 failed; 0 ignored; 0 measured; 0 filtered out; finished in 0.01s

     Running tests/line_cache_property_test.rs (target/debug/deps/line_cache_property_test-a84186ef17c7c858)

running 4 tests
test line_cache_property_tests::cache_matches_slow_path ... ok
test line_cache_property_tests::unicode_edge_cases ... ok
test line_cache_property_tests::large_file_performance ... ok
test line_cache_property_tests::unicode_planes ... ok

test result: ok. 4 passed; 0 failed; 0 ignored; 0 measured; 0 filtered out; finished in 0.02s

     Running tests/lsp_cancellation_mutation_hardening.rs (target/debug/deps/lsp_cancellation_mutation_hardening-1c31ff54fb3ca97c)

running 23 tests
test cancellation_boolean_logic_tests::test_cancellation_boolean_boundary_conditions::case_2 ... ok
test cancellation_boolean_logic_tests::test_cancellation_boolean_boundary_conditions::case_1 ... ok
test cancellation_boolean_logic_tests::test_cancellation_boolean_boundary_conditions::case_4 ... ok
test cancellation_boolean_logic_tests::test_cancellation_boolean_boundary_conditions::case_3 ... ok
test cancellation_boolean_logic_tests::test_cancellation_boolean_boundary_conditions::case_6 ... ok
test cancellation_boolean_logic_tests::test_cancellation_boolean_boundary_conditions::case_7 ... ok
test cancellation_boolean_logic_tests::test_cancellation_boolean_boundary_conditions::case_8 ... ok
test cancellation_boolean_logic_tests::test_cancellation_boolean_boundary_conditions::case_5 ... ok
test cancellation_boolean_logic_tests::test_cancellation_not_operator_mutations ... ok
test cancellation_boolean_logic_tests::test_cancellation_set_boundary_conditions ... ok
test cancellation_boolean_logic_tests::test_concurrent_cancellation_race_conditions ... ok
test cancellation_property_tests::property_cancellation_consistency_across_id_types ... ok
test cancellation_property_tests::property_cancellation_idempotent ... ok
test cancellation_integration_tests::test_cancellation_during_complex_lsp_workflow ... ok
test cancellation_timeout_tests::test_cancellation_error_response_generation ... ok
test cancellation_timeout_tests::test_cancellation_timeout_boundaries::case_1 ... ok
test cancellation_timeout_tests::test_cancellation_timeout_boundaries::case_2 ... ok
test cancellation_timeout_tests::test_cancellation_timeout_boundaries::case_3 ... ok
test cancellation_timeout_tests::test_cancellation_timeout_boundaries::case_4 ... ok
test cancellation_timeout_tests::test_cancellation_with_lock_failures ... ok
test workspace_cancellation_tests::test_selective_request_cancellation ... ok
test workspace_cancellation_tests::test_workspace_indexing_cancellation ... ok
test cancellation_property_tests::property_concurrent_cancellation_safety ... ok

test result: ok. 23 passed; 0 failed; 0 ignored; 0 measured; 0 filtered out; finished in 1.91s

     Running tests/lsp_protocol_robustness_tests.rs (target/debug/deps/lsp_protocol_robustness_tests-d3c7b8f3166de0d9)

running 3 tests
test test_error_recovery_robustness ... ok
test test_parser_boundary_conditions ... ok
test test_parser_robustness_edge_cases ... ok

test result: ok. 3 passed; 0 failed; 0 ignored; 0 measured; 0 filtered out; finished in 0.02s

     Running tests/missing_docs_ac_tests.rs (target/debug/deps/missing_docs_ac_tests-b261bf1c4b95b47e)

running 25 tests
test missing_docs_tests::property_test_doctest_structure_validation ... ok
test missing_docs_tests::property_test_documentation_format_consistency ... ok
test missing_docs_tests::test_cargo_doc_generation_success ... ok
test missing_docs_tests::test_ci_missing_docs_enforcement ... ok
test missing_docs_tests::property_test_cross_reference_validation ... ok
test missing_docs_tests::test_comprehensive_pstx_pipeline_documentation ... ok
test missing_docs_tests::test_cross_references_between_functions ... ok
test missing_docs_tests::test_doctests_presence_and_execution ... ok
test missing_docs_tests::test_edge_case_empty_documentation ... ok
test missing_docs_tests::test_edge_case_incomplete_performance_docs ... ok
test missing_docs_tests::test_edge_case_invalid_cross_references ... ok
test missing_docs_tests::test_edge_case_malformed_doctests ... ok
test missing_docs_tests::test_edge_case_missing_error_recovery_docs ... ok
test missing_docs_tests::test_documentation_quality_regression ... ok
test missing_docs_tests::test_error_types_documentation ... FAILED
test missing_docs_tests::test_lsp_provider_documentation_critical_paths ... FAILED
test missing_docs_tests::test_missing_docs_warning_compilation ... ok
test missing_docs_tests::test_performance_documentation_presence ... FAILED
test missing_docs_tests::test_public_functions_documentation_presence ... FAILED
test missing_docs_tests::test_public_structs_documentation_presence ... FAILED
test missing_docs_tests::test_rust_documentation_best_practices ... ok
test missing_docs_tests::test_table_driven_documentation_patterns ... FAILED
test missing_docs_tests::test_table_driven_performance_documentation ... ok
test missing_docs_tests::test_usage_examples_in_complex_apis ... ok
test missing_docs_tests::test_module_level_documentation_presence ... FAILED

failures:

---- missing_docs_tests::test_error_types_documentation stdout ----

thread 'missing_docs_tests::test_error_types_documentation' panicked at crates/perl-parser/tests/missing_docs_ac_tests.rs:1282:9:
AC8 NOT IMPLEMENTED: Error documentation issues:
Undocumented error types:
  - error.rs:143: pub enum ParseError {
Errors missing workflow context:
  - lsp_errors.rs:83: pub fn method_not_found(method: &str) -> JsonRpcError {
  - lsp_errors.rs:117: pub fn method_not_advertised() -> JsonRpcError {
  - lsp_errors.rs:156: pub fn server_cancelled(message: &str) -> JsonRpcError {

Error documentation must include:
  - When the error occurs in email processing workflows
  - Recovery strategies
  - Pipeline stage context (Extract/Normalize/Thread/Render/Index)

stack backtrace:
   0: __rustc::rust_begin_unwind
             at /rustc/1159e78c4747b02ef996e55082b704c09b970588/library/std/src/panicking.rs:697:5
   1: core::panicking::panic_fmt
             at /rustc/1159e78c4747b02ef996e55082b704c09b970588/library/core/src/panicking.rs:75:14
   2: core::panicking::panic_display
             at /home/steven/.rustup/toolchains/stable-x86_64-unknown-linux-gnu/lib/rustlib/src/rust/library/core/src/panicking.rs:268:5
   3: missing_docs_ac_tests::missing_docs_tests::build_ac8_error_message::panic_cold_display
             at /home/steven/.rustup/toolchains/stable-x86_64-unknown-linux-gnu/lib/rustlib/src/rust/library/core/src/panic.rs:100:13
   4: missing_docs_ac_tests::missing_docs_tests::build_ac8_error_message
             at ./tests/missing_docs_ac_tests.rs:1282:9
   5: missing_docs_ac_tests::missing_docs_tests::test_error_types_documentation
             at ./tests/missing_docs_ac_tests.rs:1179:13
   6: missing_docs_ac_tests::missing_docs_tests::test_error_types_documentation::{{closure}}
             at ./tests/missing_docs_ac_tests.rs:1170:40
   7: core::ops::function::FnOnce::call_once
             at /home/steven/.rustup/toolchains/stable-x86_64-unknown-linux-gnu/lib/rustlib/src/rust/library/core/src/ops/function.rs:253:5
   8: core::ops::function::FnOnce::call_once
             at /rustc/1159e78c4747b02ef996e55082b704c09b970588/library/core/src/ops/function.rs:253:5
note: Some details are omitted, run with `RUST_BACKTRACE=full` for a verbose backtrace.

---- missing_docs_tests::test_lsp_provider_documentation_critical_paths stdout ----

thread 'missing_docs_tests::test_lsp_provider_documentation_critical_paths' panicked at crates/perl-parser/tests/missing_docs_ac_tests.rs:2138:13:
CRITICAL LSP PROVIDER DOCUMENTATION ISSUES:
completion.rs: 13 violations, 0 LSP-specific issues: []
diagnostics.rs: 8 violations, 0 LSP-specific issues: []
rename.rs: 0 violations, 1 LSP-specific issues: ["Missing client capability documentation"]
code_actions.rs: 0 violations, 2 LSP-specific issues: ["Missing LSP context documentation", "Missing client capability documentation"]
semantic_tokens.rs: 3 violations, 1 LSP-specific issues: ["Missing client capability documentation"]
workspace_symbols.rs: 0 violations, 2 LSP-specific issues: ["Missing client capability documentation", "Missing protocol compliance documentation"]
formatting.rs: 9 violations, 1 LSP-specific issues: ["Missing client capability documentation"]
inlay_hints.rs: 0 violations, 2 LSP-specific issues: ["Missing LSP context documentation", "Missing client capability documentation"]
type_hierarchy.rs: 0 violations, 2 LSP-specific issues: ["Missing client capability documentation", "Missing protocol compliance documentation"]
stack backtrace:
   0: __rustc::rust_begin_unwind
             at /rustc/1159e78c4747b02ef996e55082b704c09b970588/library/std/src/panicking.rs:697:5
   1: core::panicking::panic_fmt
             at /rustc/1159e78c4747b02ef996e55082b704c09b970588/library/core/src/panicking.rs:75:14
   2: core::panicking::panic_display
             at /home/steven/.rustup/toolchains/stable-x86_64-unknown-linux-gnu/lib/rustlib/src/rust/library/core/src/panicking.rs:268:5
   3: missing_docs_ac_tests::missing_docs_tests::test_lsp_provider_documentation_critical_paths::panic_cold_display
             at /home/steven/.rustup/toolchains/stable-x86_64-unknown-linux-gnu/lib/rustlib/src/rust/library/core/src/panic.rs:100:13
   4: missing_docs_ac_tests::missing_docs_tests::test_lsp_provider_documentation_critical_paths
             at ./tests/missing_docs_ac_tests.rs:2138:13
   5: missing_docs_ac_tests::missing_docs_tests::test_lsp_provider_documentation_critical_paths::{{closure}}
             at ./tests/missing_docs_ac_tests.rs:2065:56
   6: core::ops::function::FnOnce::call_once
             at /home/steven/.rustup/toolchains/stable-x86_64-unknown-linux-gnu/lib/rustlib/src/rust/library/core/src/ops/function.rs:253:5
   7: core::ops::function::FnOnce::call_once
             at /rustc/1159e78c4747b02ef996e55082b704c09b970588/library/core/src/ops/function.rs:253:5
note: Some details are omitted, run with `RUST_BACKTRACE=full` for a verbose backtrace.

---- missing_docs_tests::test_performance_documentation_presence stdout ----

thread 'missing_docs_tests::test_performance_documentation_presence' panicked at crates/perl-parser/tests/missing_docs_ac_tests.rs:908:9:
AC4 NOT IMPLEMENTED: Missing performance documentation:
  - incremental_v2.rs: Missing 50GB PST processing notes
  - import_optimizer.rs: Missing Performance section, Memory usage documentation
  - scope_analyzer.rs: Missing Memory usage documentation, 50GB PST processing notes
  - performance.rs: Missing 50GB PST processing notes

Performance-critical APIs must document:
  - Memory usage patterns
  - 50GB PST processing performance implications
  - Optimization characteristics

stack backtrace:
   0: __rustc::rust_begin_unwind
             at /rustc/1159e78c4747b02ef996e55082b704c09b970588/library/std/src/panicking.rs:697:5
   1: core::panicking::panic_fmt
             at /rustc/1159e78c4747b02ef996e55082b704c09b970588/library/core/src/panicking.rs:75:14
   2: core::panicking::panic_display
             at /home/steven/.rustup/toolchains/stable-x86_64-unknown-linux-gnu/lib/rustlib/src/rust/library/core/src/panicking.rs:268:5
   3: missing_docs_ac_tests::missing_docs_tests::build_ac4_error_message::panic_cold_display
             at /home/steven/.rustup/toolchains/stable-x86_64-unknown-linux-gnu/lib/rustlib/src/rust/library/core/src/panic.rs:100:13
   4: missing_docs_ac_tests::missing_docs_tests::build_ac4_error_message
             at ./tests/missing_docs_ac_tests.rs:908:9
   5: missing_docs_ac_tests::missing_docs_tests::test_performance_documentation_presence
             at ./tests/missing_docs_ac_tests.rs:817:13
   6: missing_docs_ac_tests::missing_docs_tests::test_performance_documentation_presence::{{closure}}
             at ./tests/missing_docs_ac_tests.rs:799:49
   7: core::ops::function::FnOnce::call_once
             at /home/steven/.rustup/toolchains/stable-x86_64-unknown-linux-gnu/lib/rustlib/src/rust/library/core/src/ops/function.rs:253:5
   8: core::ops::function::FnOnce::call_once
             at /rustc/1159e78c4747b02ef996e55082b704c09b970588/library/core/src/ops/function.rs:253:5
note: Some details are omitted, run with `RUST_BACKTRACE=full` for a verbose backtrace.

---- missing_docs_tests::test_public_functions_documentation_presence stdout ----

thread 'missing_docs_tests::test_public_functions_documentation_presence' panicked at crates/perl-parser/tests/missing_docs_ac_tests.rs:795:9:
AC3 NOT IMPLEMENTED: Incomplete function documentation:
Incomplete documentation (missing required sections):
  - parser.rs:166: pub fn parse(&mut self) -> ParseResult<Node> { - Missing: Returns, Errors, Examples
  - completion.rs:319: pub fn new_with_index_and_source( - Missing: Arguments, Returns
  - completion.rs:543: pub fn new(ast: &Node) -> Self { - Missing: Arguments
  - completion.rs:582: pub fn get_completions_with_path( - Missing: Arguments, Returns
  - completion.rs:635: pub fn get_completions_with_path_cancellable( - Missing: Arguments, Returns
  - completion.rs:877: pub fn get_completions(&self, source: &str, position: usize) -> Vec<CompletionItem> { - Missing: Arguments, Returns
  - diagnostics.rs:177: pub fn new(ast: &Node, source: String) -> Self { - Missing: Arguments
  - diagnostics.rs:232: pub fn get_diagnostics( - Missing: Arguments, Returns, Examples
  - formatting.rs:180: pub fn format_document( - Missing: Arguments, Returns, Examples
  - formatting.rs:209: pub fn format_range( - Missing: Arguments, Returns, Examples
  ... and 34 more

stack backtrace:
   0: __rustc::rust_begin_unwind
             at /rustc/1159e78c4747b02ef996e55082b704c09b970588/library/std/src/panicking.rs:697:5
   1: core::panicking::panic_fmt
             at /rustc/1159e78c4747b02ef996e55082b704c09b970588/library/core/src/panicking.rs:75:14
   2: core::panicking::panic_display
             at /home/steven/.rustup/toolchains/stable-x86_64-unknown-linux-gnu/lib/rustlib/src/rust/library/core/src/panicking.rs:268:5
   3: missing_docs_ac_tests::missing_docs_tests::build_ac3_error_message::panic_cold_display
             at /home/steven/.rustup/toolchains/stable-x86_64-unknown-linux-gnu/lib/rustlib/src/rust/library/core/src/panic.rs:100:13
   4: missing_docs_ac_tests::missing_docs_tests::build_ac3_error_message
             at ./tests/missing_docs_ac_tests.rs:795:9
   5: missing_docs_ac_tests::missing_docs_tests::test_public_functions_documentation_presence
             at ./tests/missing_docs_ac_tests.rs:639:13
   6: missing_docs_ac_tests::missing_docs_tests::test_public_functions_documentation_presence::{{closure}}
             at ./tests/missing_docs_ac_tests.rs:621:54
   7: core::ops::function::FnOnce::call_once
             at /home/steven/.rustup/toolchains/stable-x86_64-unknown-linux-gnu/lib/rustlib/src/rust/library/core/src/ops/function.rs:253:5
   8: core::ops::function::FnOnce::call_once
             at /rustc/1159e78c4747b02ef996e55082b704c09b970588/library/core/src/ops/function.rs:253:5
note: Some details are omitted, run with `RUST_BACKTRACE=full` for a verbose backtrace.

---- missing_docs_tests::test_public_structs_documentation_presence stdout ----

thread 'missing_docs_tests::test_public_structs_documentation_presence' panicked at crates/perl-parser/tests/missing_docs_ac_tests.rs:617:9:
AC2 NOT IMPLEMENTED: Missing comprehensive struct/enum documentation:
Missing documentation:
  - ast.rs:128: pub struct Node {
  - ast.rs:705: pub enum NodeKind {
  - ast.rs:1293: pub struct SourceLocation {
  - error.rs:143: pub enum ParseError {
  - token_stream.rs:135: pub struct Token {
  - token_stream.rs:161: pub enum TokenKind {
  - semantic.rs:16: pub enum SemanticTokenType {
  - semantic.rs:83: pub enum SemanticTokenModifier {
  - semantic.rs:110: pub struct SemanticToken {
  - semantic.rs:135: pub struct HoverInfo {
  - semantic.rs:171: pub struct SemanticAnalyzer {
  - symbol.rs:19: pub enum SymbolKind {
  - symbol.rs:67: pub struct Symbol {
  - symbol.rs:104: pub struct SymbolReference {
  - symbol.rs:137: pub struct Scope {
  - symbol.rs:162: pub enum ScopeKind {
  - symbol.rs:201: pub struct SymbolTable {
  - workspace_index.rs:66: pub enum SymKind {
  - workspace_index.rs:74: pub struct SymbolKey {
  - workspace_index.rs:178: pub struct Location {
  - workspace_index.rs:185: pub struct WorkspaceSymbol {
  - workspace_index.rs:202: pub enum SymbolKind {
  - workspace_index.rs:234: pub struct SymbolReference {
  - workspace_index.rs:241: pub enum ReferenceKind {
  - workspace_index.rs:252: pub struct LspWorkspaceSymbol {
  - workspace_index.rs:262: pub struct LspLocation {
  - workspace_index.rs:269: pub struct LspRange {
  - workspace_index.rs:276: pub struct LspPosition {
  - workspace_index.rs:1190: pub mod lsp_adapter {
Missing PSTX pipeline integration documentation:
  - parser.rs:72: pub struct Parser<'a> {
  - parser.rs:108: pub fn new(input: &'a str) -> Self {
  - parser.rs:166: pub fn parse(&mut self) -> ParseResult<Node> {
  - ast.rs:137: pub fn new(kind: NodeKind, location: SourceLocation) -> Self {
  - ast.rs:142: pub fn to_sexp(&self) -> String {
  - ast.rs:658: pub fn to_sexp_inner(&self) -> String {
  - error.rs:143: pub enum ParseError {
  - error.rs:252: pub fn syntax(message: impl Into<String>, location: usize) -> Self {
  - error.rs:281: pub fn unexpected(
  - token_stream.rs:135: pub struct Token {
  - token_stream.rs:161: pub enum TokenKind {
  - token_stream.rs:302: pub struct TokenStream<'a> {
  - token_stream.rs:310: pub fn new(input: &'a str) -> Self {
  - token_stream.rs:315: pub fn peek(&mut self) -> ParseResult<&Token> {
  - token_stream.rs:323: pub fn next(&mut self) -> ParseResult<Token> {
  - token_stream.rs:335: pub fn is_eof(&mut self) -> bool {
  - token_stream.rs:340: pub fn peek_second(&mut self) -> ParseResult<&Token> {
  - token_stream.rs:353: pub fn enter_format_mode(&mut self) {
  - token_stream.rs:358: pub fn on_stmt_boundary(&mut self) {
  - token_stream.rs:368: pub fn invalidate_peek(&mut self) {
  - token_stream.rs:374: pub fn peek_fresh_kind(&mut self) -> Option<TokenKind> {
  - semantic.rs:83: pub enum SemanticTokenModifier {
  - semantic.rs:171: pub struct SemanticAnalyzer {
  - semantic.rs:189: pub fn analyze_with_source(ast: &Node, source: &str) -> Self {
  - semantic.rs:204: pub fn symbol_table(&self) -> &SymbolTable {
  - semantic.rs:209: pub fn semantic_tokens(&self) -> &[SemanticToken] {
  - semantic.rs:214: pub fn hover_at(&self, location: SourceLocation) -> Option<&HoverInfo> {
  - semantic.rs:219: pub fn symbol_at(&self, location: SourceLocation) -> Option<&Symbol> {
  - semantic.rs:232: pub fn find_definition(&self, position: usize) -> Option<&Symbol> {
  - semantic.rs:297: pub fn find_all_references(
  - symbol.rs:40: pub fn sigil(&self) -> Option<&'static str> {
  - symbol.rs:118: pub type ScopeId = usize;
  - symbol.rs:137: pub struct Scope {
  - symbol.rs:162: pub enum ScopeKind {
  - symbol.rs:218: pub fn new() -> Self {
  - symbol.rs:281: pub fn find_symbol(&self, name: &str, from_scope: ScopeId, kind: SymbolKind) -> Vec<&Symbol> {
  - symbol.rs:320: pub fn find_references(&self, symbol: &Symbol) -> Vec<&SymbolReference> {
  - workspace_index.rs:139: pub fn uri_to_fs_path(uri: &str) -> Option<std::path::PathBuf> {
  - workspace_index.rs:156: pub fn fs_path_to_uri<P: AsRef<std::path::Path>>(path: P) -> Result<String, String> {
  - workspace_index.rs:178: pub struct Location {
  - workspace_index.rs:185: pub struct WorkspaceSymbol {
  - workspace_index.rs:202: pub enum SymbolKind {
  - workspace_index.rs:216: pub fn to_lsp_kind(self) -> u32 {
  - workspace_index.rs:234: pub struct SymbolReference {
  - workspace_index.rs:241: pub enum ReferenceKind {
  - workspace_index.rs:252: pub struct LspWorkspaceSymbol {
  - workspace_index.rs:262: pub struct LspLocation {
  - workspace_index.rs:269: pub struct LspRange {
  - workspace_index.rs:276: pub struct LspPosition {
  - workspace_index.rs:503: pub fn find_definition(&self, symbol_name: &str) -> Option<Location> {
  - workspace_index.rs:520: pub fn all_symbols(&self) -> Vec<WorkspaceSymbol> {
  - workspace_index.rs:557: pub fn find_symbols(&self, query: &str) -> Vec<WorkspaceSymbol> {
  - workspace_index.rs:562: pub fn file_symbols(&self, uri: &str) -> Vec<WorkspaceSymbol> {
  - workspace_index.rs:599: pub fn find_unused_symbols(&self) -> Vec<WorkspaceSymbol> {
  - workspace_index.rs:625: pub fn get_package_members(&self, package_name: &str) -> Vec<WorkspaceSymbol> {
  - workspace_index.rs:653: pub fn find_def(&self, key: &SymbolKey) -> Option<Location> {

stack backtrace:
   0: __rustc::rust_begin_unwind
             at /rustc/1159e78c4747b02ef996e55082b704c09b970588/library/std/src/panicking.rs:697:5
   1: core::panicking::panic_fmt
             at /rustc/1159e78c4747b02ef996e55082b704c09b970588/library/core/src/panicking.rs:75:14
   2: core::panicking::panic_display
             at /home/steven/.rustup/toolchains/stable-x86_64-unknown-linux-gnu/lib/rustlib/src/rust/library/core/src/panicking.rs:268:5
   3: missing_docs_ac_tests::missing_docs_tests::build_ac2_error_message::panic_cold_display
             at /home/steven/.rustup/toolchains/stable-x86_64-unknown-linux-gnu/lib/rustlib/src/rust/library/core/src/panic.rs:100:13
   4: missing_docs_ac_tests::missing_docs_tests::build_ac2_error_message
             at ./tests/missing_docs_ac_tests.rs:617:9
   5: missing_docs_ac_tests::missing_docs_tests::test_public_structs_documentation_presence
             at ./tests/missing_docs_ac_tests.rs:588:13
   6: missing_docs_ac_tests::missing_docs_tests::test_public_structs_documentation_presence::{{closure}}
             at ./tests/missing_docs_ac_tests.rs:561:52
   7: core::ops::function::FnOnce::call_once
             at /home/steven/.rustup/toolchains/stable-x86_64-unknown-linux-gnu/lib/rustlib/src/rust/library/core/src/ops/function.rs:253:5
   8: core::ops::function::FnOnce::call_once
             at /rustc/1159e78c4747b02ef996e55082b704c09b970588/library/core/src/ops/function.rs:253:5
note: Some details are omitted, run with `RUST_BACKTRACE=full` for a verbose backtrace.

---- missing_docs_tests::test_table_driven_documentation_patterns stdout ----

thread 'missing_docs_tests::test_table_driven_documentation_patterns' panicked at crates/perl-parser/tests/missing_docs_ac_tests.rs:1932:13:
assertion `left == right` failed: Test case 'Empty and trivial documentation': Expected 3 violations, found 2. Violations: ([], ["Trivial documentation at line 7: 'TODO'", "Trivial documentation at line 10: '.'"], [])
  left: 2
 right: 3
stack backtrace:
   0: __rustc::rust_begin_unwind
             at /rustc/1159e78c4747b02ef996e55082b704c09b970588/library/std/src/panicking.rs:697:5
   1: core::panicking::panic_fmt
             at /rustc/1159e78c4747b02ef996e55082b704c09b970588/library/core/src/panicking.rs:75:14
   2: core::panicking::assert_failed_inner
             at /rustc/1159e78c4747b02ef996e55082b704c09b970588/library/core/src/panicking.rs:443:23
   3: core::panicking::assert_failed
             at /rustc/1159e78c4747b02ef996e55082b704c09b970588/library/core/src/panicking.rs:403:5
   4: missing_docs_ac_tests::missing_docs_tests::test_table_driven_documentation_patterns
             at ./tests/missing_docs_ac_tests.rs:1932:13
   5: missing_docs_ac_tests::missing_docs_tests::test_table_driven_documentation_patterns::{{closure}}
             at ./tests/missing_docs_ac_tests.rs:1798:50
   6: core::ops::function::FnOnce::call_once
             at /home/steven/.rustup/toolchains/stable-x86_64-unknown-linux-gnu/lib/rustlib/src/rust/library/core/src/ops/function.rs:253:5
   7: core::ops::function::FnOnce::call_once
             at /rustc/1159e78c4747b02ef996e55082b704c09b970588/library/core/src/ops/function.rs:253:5
note: Some details are omitted, run with `RUST_BACKTRACE=full` for a verbose backtrace.

---- missing_docs_tests::test_module_level_documentation_presence stdout ----

thread 'missing_docs_tests::test_module_level_documentation_presence' panicked at crates/perl-parser/tests/missing_docs_ac_tests.rs:1041:9:
AC5 NOT IMPLEMENTED: Missing/incomplete module documentation:
Modules with incomplete documentation:
  - symbol.rs: Missing Usage examples

Each module must have:
  - //! Module-level documentation
  - Purpose and PSTX architecture relationship
  - Usage examples

stack backtrace:
   0: __rustc::rust_begin_unwind
             at /rustc/1159e78c4747b02ef996e55082b704c09b970588/library/std/src/panicking.rs:697:5
   1: core::panicking::panic_fmt
             at /rustc/1159e78c4747b02ef996e55082b704c09b970588/library/core/src/panicking.rs:75:14
   2: core::panicking::panic_display
             at /home/steven/.rustup/toolchains/stable-x86_64-unknown-linux-gnu/lib/rustlib/src/rust/library/core/src/panicking.rs:268:5
   3: missing_docs_ac_tests::missing_docs_tests::build_ac5_error_message::panic_cold_display
             at /home/steven/.rustup/toolchains/stable-x86_64-unknown-linux-gnu/lib/rustlib/src/rust/library/core/src/panic.rs:100:13
   4: missing_docs_ac_tests::missing_docs_tests::build_ac5_error_message
             at ./tests/missing_docs_ac_tests.rs:1041:9
   5: missing_docs_ac_tests::missing_docs_tests::test_module_level_documentation_presence
             at ./tests/missing_docs_ac_tests.rs:938:13
   6: missing_docs_ac_tests::missing_docs_tests::test_module_level_documentation_presence::{{closure}}
             at ./tests/missing_docs_ac_tests.rs:912:50
   7: core::ops::function::FnOnce::call_once
             at /home/steven/.rustup/toolchains/stable-x86_64-unknown-linux-gnu/lib/rustlib/src/rust/library/core/src/ops/function.rs:253:5
   8: core::ops::function::FnOnce::call_once
             at /rustc/1159e78c4747b02ef996e55082b704c09b970588/library/core/src/ops/function.rs:253:5
note: Some details are omitted, run with `RUST_BACKTRACE=full` for a verbose backtrace.


failures:
    missing_docs_tests::test_error_types_documentation
    missing_docs_tests::test_lsp_provider_documentation_critical_paths
    missing_docs_tests::test_module_level_documentation_presence
    missing_docs_tests::test_performance_documentation_presence
    missing_docs_tests::test_public_functions_documentation_presence
    missing_docs_tests::test_public_structs_documentation_presence
    missing_docs_tests::test_table_driven_documentation_patterns

test result: FAILED. 18 passed; 7 failed; 0 ignored; 0 measured; 0 filtered out; finished in 0.35s

error: test failed, to rerun pass `-p perl-parser --test missing_docs_ac_tests`
     Running tests/modernize_perl_tests.rs (target/debug/deps/modernize_perl_tests-1501ee15bb8adef9)

running 10 tests
test modernize_perl_tests::test_modernize_bareword_filehandles ... ok
test modernize_perl_tests::test_modernize_each_on_array ... ok
test modernize_perl_tests::test_modernize_defined_array ... ok
test modernize_perl_tests::test_modernize_indirect_object_notation ... ok
test modernize_perl_tests::test_modernize_say_instead_of_print ... ok
test modernize_perl_tests::test_modernize_two_arg_open ... ok
test modernize_perl_tests::test_modernize_use_strict_warnings ... ok
test modernize_perl_tests::test_modernize_string_eval ... ok
test modernize_perl_tests::test_preserve_modern_code ... ok
test modernize_perl_tests::test_multiple_modernizations ... ok

test result: ok. 10 passed; 0 failed; 0 ignored; 0 measured; 0 filtered out; finished in 0.01s

     Running tests/multibyte_edit_test.rs (target/debug/deps/multibyte_edit_test-0cdc5ba48ebe5896)

running 6 tests
test multibyte_tests::edit_after_multibyte_earlier_in_file ... ok
test multibyte_tests::edit_multiple_emojis ... ok
test multibyte_tests::edit_with_emoji ... ok
test multibyte_tests::multi_change_crlf_with_multibyte ... ok
test multibyte_tests::position_mapper_with_rope ... ok
test multibyte_tests::sequential_changes_apply_after_each_other_with_multibyte ... ok

test result: ok. 6 passed; 0 failed; 0 ignored; 0 measured; 0 filtered out; finished in 0.01s

     Running tests/mutation_hardening_tests.rs (target/debug/deps/mutation_hardening_tests-359bc707c177720a)

running 163 tests
test ast_node_validation_tests::test_anonymous_subroutine_sexp_generation ... ok
test ast_node_validation_tests::test_expression_statement_unwrapping::case_1 ... ok
test ast_node_validation_tests::test_expression_statement_unwrapping::case_2 ... ok
test ast_node_validation_tests::property_sexp_generation_robustness ... ok
test ast_node_validation_tests::test_expression_statement_unwrapping::case_3 ... ok
test ast_node_validation_tests::test_expression_statement_unwrapping::case_4 ... ok
test ast_node_validation_tests::test_expression_statement_unwrapping::case_5 ... ok
test ast_node_validation_tests::test_expression_statement_unwrapping::case_6 ... ok
test ast_node_validation_tests::test_named_subroutine_sexp_generation ... ok
test ast_node_validation_tests::test_sexp_generation_error_handling ... ok
test ast_sexp_validation_tests::test_expression_statement_sexp_generation::case_01 ... ok
test ast_sexp_validation_tests::test_expression_statement_sexp_generation::case_02 ... ok
test ast_sexp_validation_tests::test_expression_statement_sexp_generation::case_03 ... ok
test ast_sexp_validation_tests::property_sexp_generation_never_panics ... ok
test ast_sexp_validation_tests::test_expression_statement_sexp_generation::case_05 ... ok
test ast_sexp_validation_tests::test_expression_statement_sexp_generation::case_04 ... ok
test ast_sexp_validation_tests::test_expression_statement_sexp_generation::case_07 ... ok
test ast_sexp_validation_tests::test_expression_statement_sexp_generation::case_06 ... ok
test ast_sexp_validation_tests::test_expression_statement_sexp_generation::case_08 ... ok
test ast_sexp_validation_tests::test_expression_statement_sexp_generation::case_09 ... ok
test ast_sexp_validation_tests::test_expression_statement_sexp_generation::case_11 ... ok
test ast_sexp_validation_tests::test_expression_statement_sexp_generation::case_10 ... ok
test ast_sexp_validation_tests::test_sexp_error_handling_robustness ... ok
test ast_sexp_validation_tests::test_subroutine_sexp_name_handling ... ok
test dual_indexing_pattern_tests::test_dual_indexing_function_patterns ... ok
test dual_indexing_pattern_tests::test_workspace_symbol_completeness ... ok
test incremental_position_arithmetic_tests::property_position_arithmetic_never_panics ... ok
test incremental_position_arithmetic_tests::test_extreme_byte_positions ... ok
test dual_indexing_pattern_tests::property_dual_indexing_never_panics ... ok
test incremental_position_arithmetic_tests::test_position_adjustment_edge_cases::case_1 ... ok
test incremental_position_arithmetic_tests::test_position_adjustment_edge_cases::case_2 ... ok
test incremental_position_arithmetic_tests::test_position_adjustment_edge_cases::case_3 ... ok
test incremental_position_arithmetic_tests::test_single_token_edit_size_boundaries::case_1 ... ok
test incremental_position_arithmetic_tests::test_position_adjustment_edge_cases::case_4 ... ok
test incremental_position_arithmetic_tests::test_single_token_edit_size_boundaries::case_2 ... ok
test incremental_position_arithmetic_tests::test_single_token_edit_size_boundaries::case_4 ... ok
test incremental_position_arithmetic_tests::test_single_token_edit_size_boundaries::case_3 ... ok
test incremental_position_arithmetic_tests::test_single_token_edit_size_boundaries::case_5 ... ok
test incremental_position_arithmetic_tests::test_single_token_edit_size_boundaries::case_6 ... ok
test incremental_position_arithmetic_tests::test_single_token_edit_size_boundaries::case_7 ... ok
test integration_mutation_tests::test_incremental_parsing_with_qualified_identifiers ... ok
test integration_mutation_tests::test_workspace_indexing_with_simple_updates ... ok
test parser_completeness_tests::property_parser_never_panics_on_edge_cases ... ok
test parser_completeness_tests::test_comprehensive_delimiter_support::case_01 ... ok
test parser_completeness_tests::test_comprehensive_delimiter_support::case_02 ... ok
test parser_completeness_tests::test_comprehensive_delimiter_support::case_03 ... ok
test parser_completeness_tests::test_comprehensive_delimiter_support::case_04 ... ok
test parser_completeness_tests::test_comprehensive_delimiter_support::case_05 ... ok
test parser_completeness_tests::test_comprehensive_delimiter_support::case_06 ... ok
test parser_completeness_tests::test_comprehensive_delimiter_support::case_07 ... ok
test parser_completeness_tests::test_comprehensive_delimiter_support::case_08 ... ok
test parser_completeness_tests::test_comprehensive_delimiter_support::case_09 ... ok
test parser_completeness_tests::test_comprehensive_delimiter_support::case_10 ... ok
test parser_completeness_tests::test_comprehensive_delimiter_support::case_11 ... ok
test parser_completeness_tests::test_comprehensive_delimiter_support::case_12 ... ok
test parser_completeness_tests::test_comprehensive_delimiter_support::case_13 ... ok
test parser_completeness_tests::test_comprehensive_delimiter_support::case_14 ... ok
test parser_completeness_tests::test_comprehensive_delimiter_support::case_15 ... ok
test parser_completeness_tests::test_comprehensive_delimiter_support::case_16 ... ok
test parser_completeness_tests::test_comprehensive_delimiter_support::case_17 ... ok
test parser_completeness_tests::test_comprehensive_delimiter_support::case_18 ... ok
test parser_completeness_tests::test_comprehensive_delimiter_support::case_19 ... ok
test parser_completeness_tests::test_comprehensive_delimiter_support::case_20 ... ok
test parser_completeness_tests::test_comprehensive_delimiter_support::case_21 ... ok
test parser_completeness_tests::test_comprehensive_delimiter_support::case_22 ... ok
test parser_completeness_tests::test_comprehensive_delimiter_support::case_23 ... ok
test parser_completeness_tests::test_comprehensive_delimiter_support::case_24 ... ok
test parser_completeness_tests::test_comprehensive_delimiter_support::case_25 ... ok
test parser_completeness_tests::test_comprehensive_delimiter_support::case_26 ... ok
test parser_completeness_tests::test_comprehensive_delimiter_support::case_27 ... ok
test parser_completeness_tests::test_qualified_identifier_completeness::case_01 ... ok
test parser_completeness_tests::test_qualified_identifier_completeness::case_02 ... ok
test parser_completeness_tests::test_qualified_identifier_completeness::case_03 ... ok
test parser_completeness_tests::test_qualified_identifier_completeness::case_04 ... ok
test parser_completeness_tests::test_qualified_identifier_completeness::case_05 ... ok
test parser_completeness_tests::test_qualified_identifier_completeness::case_06 ... ok
test parser_completeness_tests::test_qualified_identifier_completeness::case_07 ... ok
test parser_completeness_tests::test_qualified_identifier_completeness::case_08 ... ok
test parser_completeness_tests::test_qualified_identifier_completeness::case_09 ... ok
test parser_completeness_tests::test_qualified_identifier_completeness::case_10 ... ok
test parser_completeness_tests::test_qualified_identifier_completeness::case_11 ... ok
test parser_completeness_tests::test_qualified_identifier_completeness::case_12 ... ok
test parser_completeness_tests::test_qualified_identifier_completeness::case_13 ... ok
test parser_completeness_tests::test_qualified_identifier_completeness::case_14 ... ok
test parser_completeness_tests::test_version_string_completeness::case_01 ... ok
test parser_completeness_tests::test_version_string_completeness::case_02 ... ok
test parser_completeness_tests::test_version_string_completeness::case_03 ... ok
test parser_completeness_tests::test_version_string_completeness::case_04 ... ok
test parser_completeness_tests::test_version_string_completeness::case_05 ... ok
test parser_completeness_tests::test_version_string_completeness::case_06 ... ok
test parser_completeness_tests::test_version_string_completeness::case_07 ... ok
test parser_completeness_tests::test_version_string_completeness::case_08 ... ok
test parser_completeness_tests::test_version_string_completeness::case_09 ... ok
test parser_completeness_tests::test_version_string_completeness::case_10 ... ok
test parser_completeness_tests::test_version_string_completeness::case_11 ... ok
test parser_completeness_tests::test_version_string_completeness::case_12 ... ok
test parser_completeness_tests::test_version_string_completeness::case_13 ... ok
test parser_completeness_tests::test_version_string_completeness::case_14 ... ok
test parser_completeness_tests::test_version_string_completeness::case_15 ... ok
test parser_completeness_tests::test_version_string_completeness::case_16 ... ok
test position_utf16_conversion_tests::property_utf16_conversion_never_panics ... ok
test position_utf16_conversion_tests::test_crlf_boundary_handling::case_1 ... ok
test position_utf16_conversion_tests::test_crlf_boundary_handling::case_2 ... ok
test position_utf16_conversion_tests::test_crlf_boundary_handling::case_3 ... ok
test position_utf16_conversion_tests::test_crlf_boundary_handling::case_4 ... ok
test position_utf16_conversion_tests::test_crlf_boundary_handling::case_5 ... ok
test position_utf16_conversion_tests::test_crlf_boundary_handling::case_6 ... ok
test position_utf16_conversion_tests::test_crlf_boundary_handling::case_7 ... ok
test position_utf16_conversion_tests::test_crlf_boundary_handling::case_8 ... ok
test position_utf16_conversion_tests::test_crlf_boundary_handling::case_9 ... ok
test position_utf16_conversion_tests::test_line_counting_edge_cases ... ok
test position_utf16_conversion_tests::test_utf16_conversion_boundaries::case_01 ... ok
test position_utf16_conversion_tests::test_utf16_conversion_boundaries::case_02 ... ok
test position_utf16_conversion_tests::test_utf16_conversion_boundaries::case_03 ... ok
test position_utf16_conversion_tests::test_utf16_conversion_boundaries::case_04 ... ok
test position_utf16_conversion_tests::test_utf16_conversion_boundaries::case_05 ... ok
test position_utf16_conversion_tests::test_utf16_conversion_boundaries::case_06 ... ok
test position_utf16_conversion_tests::test_utf16_conversion_boundaries::case_07 ... ok
test position_utf16_conversion_tests::test_utf16_conversion_boundaries::case_08 ... ok
test position_utf16_conversion_tests::test_utf16_conversion_boundaries::case_09 ... ok
test position_utf16_conversion_tests::test_utf16_conversion_boundaries::case_10 ... ok
test position_utf16_conversion_tests::test_utf16_conversion_boundaries::case_11 ... ok
test position_utf16_conversion_tests::test_utf16_conversion_boundaries::case_12 ... ok
test position_utf16_conversion_tests::test_utf16_conversion_boundaries::case_13 ... ok
test position_utf16_conversion_tests::test_utf16_conversion_boundaries::case_14 ... ok
test position_utf16_conversion_tests::test_utf16_roundtrip_edge_cases ... ok
test qualified_identifier_parsing_tests::test_delimiter_closing_logic::case_01 ... ok
test qualified_identifier_parsing_tests::test_delimiter_closing_logic::case_02 ... ok
test qualified_identifier_parsing_tests::test_delimiter_closing_logic::case_03 ... ok
test qualified_identifier_parsing_tests::test_delimiter_closing_logic::case_04 ... ok
test qualified_identifier_parsing_tests::test_delimiter_closing_logic::case_05 ... ok
test qualified_identifier_parsing_tests::test_delimiter_closing_logic::case_06 ... ok
test qualified_identifier_parsing_tests::test_delimiter_closing_logic::case_07 ... ok
test qualified_identifier_parsing_tests::test_delimiter_closing_logic::case_08 ... ok
test qualified_identifier_parsing_tests::test_delimiter_closing_logic::case_09 ... ok
test qualified_identifier_parsing_tests::test_delimiter_closing_logic::case_10 ... ok
test qualified_identifier_parsing_tests::test_delimiter_closing_logic::case_11 ... ok
test qualified_identifier_parsing_tests::test_qualified_identifier_parsing::case_1 ... ok
test qualified_identifier_parsing_tests::test_qualified_identifier_parsing::case_2 ... ok
test qualified_identifier_parsing_tests::test_qualified_identifier_parsing::case_3 ... ok
test qualified_identifier_parsing_tests::test_qualified_identifier_parsing::case_4 ... ok
test qualified_identifier_parsing_tests::test_qualified_identifier_parsing::case_5 ... ok
test qualified_identifier_parsing_tests::test_qualified_identifier_parsing::case_6 ... ok
test qualified_identifier_parsing_tests::test_qualified_identifier_parsing::case_7 ... ok
test qualified_identifier_parsing_tests::test_qualified_identifier_parsing::case_8 ... ok
test qualified_identifier_parsing_tests::test_qualified_identifier_parsing::case_9 ... ok
test qualified_identifier_parsing_tests::test_version_string_edge_cases::case_1 ... ok
test qualified_identifier_parsing_tests::test_version_string_edge_cases::case_2 ... ok
test qualified_identifier_parsing_tests::test_version_string_edge_cases::case_3 ... ok
test qualified_identifier_parsing_tests::test_version_string_edge_cases::case_4 ... ok
test qualified_identifier_parsing_tests::test_version_string_edge_cases::case_5 ... ok
test qualified_identifier_parsing_tests::test_version_string_edge_cases::case_6 ... ok
test qualified_identifier_parsing_tests::test_version_string_edge_cases::case_7 ... ok
test qualified_identifier_parsing_tests::test_version_string_edge_cases::case_8 ... ok
test workspace_eval_do_tests::property_eval_do_indexing_robustness ... ok
test workspace_eval_do_tests::test_do_block_indexing ... ok
test workspace_eval_do_tests::test_eval_block_indexing ... ok
test workspace_eval_do_tests::test_eval_do_content_indexing::case_1 ... ok
test workspace_eval_do_tests::test_eval_do_content_indexing::case_2 ... ok
test workspace_eval_do_tests::test_eval_do_content_indexing::case_3 ... ok
test workspace_eval_do_tests::test_eval_do_content_indexing::case_4 ... ok
test workspace_eval_do_tests::test_eval_do_content_indexing::case_5 ... ok
test integration_mutation_tests::test_incremental_arithmetic_underflow_documentation - should panic ... ok

test result: ok. 163 passed; 0 failed; 0 ignored; 0 measured; 0 filtered out; finished in 1.10s

     Running tests/mutation_survivors_elimination.rs (target/debug/deps/mutation_survivors_elimination-1a7cb044ff25a450)

running 15 tests
test paired_delimiter_comprehensive::test_character_class_delimiter_shielding ... ok
test paired_delimiter_comprehensive::test_all_paired_delimiter_combinations ... FAILED
test property_based_mutation_tests::test_arithmetic_safety_invariants ... ok
test property_based_mutation_tests::test_boolean_logic_consistency ... ok
test property_based_mutation_tests::test_no_sentinel_values_property ... ok
test paired_delimiter_comprehensive::test_deeply_nested_delimiters ... FAILED
test semantic_token_overlap_validation::test_semantic_tokens_idempotence_property ... ok
test semantic_token_overlap_validation::test_semantic_tokens_no_overlap_property ... ok
test semantic_token_overlap_validation::test_semantic_tokens_permutation_stability ... ok
test property_based_mutation_tests::test_semantic_tokens_ordering_invariants ... ok
test semantic_token_overlap_validation::test_semantic_tokens_priority_precedence ... ok
test utf8_boundary_arithmetic::test_depth_arithmetic_mutation_elimination ... ok
test utf8_boundary_arithmetic::test_length_boundary_off_by_one_mutations ... ok
test utf8_boundary_arithmetic::test_utf8_position_arithmetic_survivors ... ok
test test_comprehensive_mutation_integration ... ok

failures:

---- paired_delimiter_comprehensive::test_all_paired_delimiter_combinations stdout ----

thread 'paired_delimiter_comprehensive::test_all_paired_delimiter_combinations' panicked at crates/perl-parser/tests/mutation_survivors_elimination.rs:385:13:
assertion `left == right` failed: Nested same ( delimiter failed
  left: "outer(inner)"
 right: "outer(inner))outer"
stack backtrace:
   0: __rustc::rust_begin_unwind
             at /rustc/1159e78c4747b02ef996e55082b704c09b970588/library/std/src/panicking.rs:697:5
   1: core::panicking::panic_fmt
             at /rustc/1159e78c4747b02ef996e55082b704c09b970588/library/core/src/panicking.rs:75:14
   2: core::panicking::assert_failed_inner
             at /rustc/1159e78c4747b02ef996e55082b704c09b970588/library/core/src/panicking.rs:443:23
   3: core::panicking::assert_failed
             at /home/steven/.rustup/toolchains/stable-x86_64-unknown-linux-gnu/lib/rustlib/src/rust/library/core/src/panicking.rs:403:5
   4: mutation_survivors_elimination::paired_delimiter_comprehensive::test_all_paired_delimiter_combinations
             at ./tests/mutation_survivors_elimination.rs:385:13
   5: mutation_survivors_elimination::paired_delimiter_comprehensive::test_all_paired_delimiter_combinations::{{closure}}
             at ./tests/mutation_survivors_elimination.rs:368:48
   6: core::ops::function::FnOnce::call_once
             at /home/steven/.rustup/toolchains/stable-x86_64-unknown-linux-gnu/lib/rustlib/src/rust/library/core/src/ops/function.rs:253:5
   7: core::ops::function::FnOnce::call_once
             at /rustc/1159e78c4747b02ef996e55082b704c09b970588/library/core/src/ops/function.rs:253:5
note: Some details are omitted, run with `RUST_BACKTRACE=full` for a verbose backtrace.

---- paired_delimiter_comprehensive::test_deeply_nested_delimiters stdout ----

thread 'paired_delimiter_comprehensive::test_deeply_nested_delimiters' panicked at crates/perl-parser/tests/mutation_survivors_elimination.rs:483:13:
assertion `left == right` failed: Deep nesting level 1 replacement failed
  left: ""
 right: "repl"
stack backtrace:
   0: __rustc::rust_begin_unwind
             at /rustc/1159e78c4747b02ef996e55082b704c09b970588/library/std/src/panicking.rs:697:5
   1: core::panicking::panic_fmt
             at /rustc/1159e78c4747b02ef996e55082b704c09b970588/library/core/src/panicking.rs:75:14
   2: core::panicking::assert_failed_inner
             at /rustc/1159e78c4747b02ef996e55082b704c09b970588/library/core/src/panicking.rs:443:23
   3: core::panicking::assert_failed
             at /home/steven/.rustup/toolchains/stable-x86_64-unknown-linux-gnu/lib/rustlib/src/rust/library/core/src/panicking.rs:403:5
   4: mutation_survivors_elimination::paired_delimiter_comprehensive::test_deeply_nested_delimiters
             at ./tests/mutation_survivors_elimination.rs:483:13
   5: mutation_survivors_elimination::paired_delimiter_comprehensive::test_deeply_nested_delimiters::{{closure}}
             at ./tests/mutation_survivors_elimination.rs:442:39
   6: core::ops::function::FnOnce::call_once
             at /home/steven/.rustup/toolchains/stable-x86_64-unknown-linux-gnu/lib/rustlib/src/rust/library/core/src/ops/function.rs:253:5
   7: core::ops::function::FnOnce::call_once
             at /rustc/1159e78c4747b02ef996e55082b704c09b970588/library/core/src/ops/function.rs:253:5
note: Some details are omitted, run with `RUST_BACKTRACE=full` for a verbose backtrace.


failures:
    paired_delimiter_comprehensive::test_all_paired_delimiter_combinations
    paired_delimiter_comprehensive::test_deeply_nested_delimiters

test result: FAILED. 13 passed; 2 failed; 0 ignored; 0 measured; 0 filtered out; finished in 0.68s

error: test failed, to rerun pass `-p perl-parser --test mutation_survivors_elimination`
     Running tests/parameter_validation_tests.rs (target/debug/deps/parameter_validation_tests-6e095b624817eba0)

running 7 tests
test test_bareword_under_strict ... ok
test test_duplicate_parameters ... ok
test test_multiple_duplicate_parameters ... ok
test test_parameter_shadows_global ... ok
test test_parameter_with_at_underscore ... ok
test test_parameter_intentionally_unused ... ok
test test_unused_parameter ... ok

test result: ok. 7 passed; 0 failed; 0 ignored; 0 measured; 0 filtered out; finished in 0.03s

     Running tests/parser_boolean_logic_mutation_hardening.rs (target/debug/deps/parser_boolean_logic_mutation_hardening-409d70816ac91478)

running 6 tests
test test_logical_operator_parsing_mutations ... ok
test test_boolean_logic_integration_mutations ... ok
test test_statement_modifier_parsing_mutations ... ok
test test_postfix_operator_parsing_mutations ... ok
test test_statement_termination_boolean_mutations ... ok
test test_variable_sigil_parsing_mutations ... ok

test result: ok. 6 passed; 0 failed; 0 ignored; 0 measured; 0 filtered out; finished in 0.02s

     Running tests/parser_hardening_tests.rs (target/debug/deps/parser_hardening_tests-0e48fa85a5951918)

running 8 tests
test edge_case_delimiters ... ok
test ambiguous_constructs_parse_correctly ... ok
test modifiers_are_consistent ... ok
test modifier_canonicalization_is_stable ... ok
test quote_ops_in_real_expressions ... ok
test test_recursion_depth_limiting ... ok
test q_bareword_in_expr_positions ... ok
test word_comparison_operators_work ... ok

test result: ok. 8 passed; 0 failed; 0 ignored; 0 measured; 0 filtered out; finished in 0.04s

     Running tests/parser_regressions.rs (target/debug/deps/parser_regressions-a810b33e3309d102)

running 26 tests
test complex_foreach_with_modifiers ... ok
test decl_then_foreach_allows_postfix_if ... ok
test decl_then_if_allows_assignment ... ok
test decl_then_foreach_allows_print ... ok
test decl_then_if_allows_call ... ok
test decl_then_if_allows_print ... ok
test decl_then_while_allows_assignment ... ok
test empty_statements_allowed ... ok
test decl_then_if_allows_postfix_if ... ok
test multiple_semicolons_in_block ... ok
test new_constructor_pattern ... ok
test our_then_if_allows_assignment ... ok
test print_filehandle_then_variable_is_indirect ... ignored, Indirect object detection requires deeper parser refactoring
test print_indirect_object_still_works ... ok
test package_then_if_allows_assignment ... ok
test print_scalar_after_my_inside_if ... ok
test print_scalar_vs_indirect_object ... ok
test print_scalar_with_arithmetic ... ok
test print_scalar_with_string_concat ... ok
test print_scalar_in_simple_context ... ok
test statement_modifier_in_foreach_with_prior_decl ... ok
test statement_modifier_inside_block_for ... ok
test statement_modifier_nested_blocks ... ok
test statement_modifier_unless_and_while ... ok
test statement_modifier_inside_block_if ... ok
test statement_modifier_with_complex_expression ... ok

test result: ok. 25 passed; 0 failed; 1 ignored; 0 measured; 0 filtered out; finished in 0.06s

     Running tests/parser_token_integration_tests.rs (target/debug/deps/parser_token_integration_tests-744b28fd5f3131ec)

running 6 tests
test parses_empty_sigil_brace ... ok
test parses_bare_heredoc_label ... ok
test parses_heredoc_start_token ... ok
test parses_indented_heredoc ... ok
test parses_sigil_brace_split_tokens ... ok
test parses_sigil_brace_with_whitespace ... ok

test result: ok. 6 passed; 0 failed; 0 ignored; 0 measured; 0 filtered out; finished in 0.01s

     Running tests/position_mutation_hardening.rs (target/debug/deps/position_mutation_hardening-bcc1ca3838d12c51)

running 9 tests
test test_advance_char_newline_handling ... ok
test test_mixed_line_ending_scenarios ... ok
test test_position_arithmetic_overflow ... ok
test test_range_edge_cases ... ok
test test_utf16_conversion_edge_cases ... ok
test test_utf16_fractional_positions ... ok
test test_utf16_newline_ending_edge_cases ... ok
test test_advance_line_increment_critical_bug ... ok
test test_utf16_roundtrip_edge_cases ... FAILED

failures:

---- test_utf16_roundtrip_edge_cases stdout ----

thread 'test_utf16_roundtrip_edge_cases' panicked at crates/perl-parser/tests/position_mutation_hardening.rs:201:29:
assertion `left == right` failed: Round-trip failed for valid position line 0, col 1 in "😀": got line 0, col 0
  left: (0, 1)
 right: (0, 0)
stack backtrace:
   0: __rustc::rust_begin_unwind
             at /rustc/1159e78c4747b02ef996e55082b704c09b970588/library/std/src/panicking.rs:697:5
   1: core::panicking::panic_fmt
             at /rustc/1159e78c4747b02ef996e55082b704c09b970588/library/core/src/panicking.rs:75:14
   2: core::panicking::assert_failed_inner
             at /rustc/1159e78c4747b02ef996e55082b704c09b970588/library/core/src/panicking.rs:443:23
   3: core::panicking::assert_failed
             at /home/steven/.rustup/toolchains/stable-x86_64-unknown-linux-gnu/lib/rustlib/src/rust/library/core/src/panicking.rs:403:5
   4: position_mutation_hardening::test_utf16_roundtrip_edge_cases
   5: position_mutation_hardening::test_utf16_roundtrip_edge_cases::{{closure}}
             at ./tests/position_mutation_hardening.rs:160:37
   6: core::ops::function::FnOnce::call_once
             at /home/steven/.rustup/toolchains/stable-x86_64-unknown-linux-gnu/lib/rustlib/src/rust/library/core/src/ops/function.rs:253:5
   7: core::ops::function::FnOnce::call_once
             at /rustc/1159e78c4747b02ef996e55082b704c09b970588/library/core/src/ops/function.rs:253:5
note: Some details are omitted, run with `RUST_BACKTRACE=full` for a verbose backtrace.


failures:
    test_utf16_roundtrip_edge_cases

test result: FAILED. 8 passed; 1 failed; 0 ignored; 0 measured; 0 filtered out; finished in 0.58s

error: test failed, to rerun pass `-p perl-parser --test position_mutation_hardening`
     Running tests/position_tracking_mutation_hardening.rs (target/debug/deps/position_tracking_mutation_hardening-9b86c60f1e30718f)

running 7 tests
test test_position_arithmetic_boundary_conditions ... ok
test test_position_tracking_integration_mutations ... ok
test test_range_boundary_conditions_mutations ... ok
test test_position_advance_arithmetic_mutations ... ok
test test_range_extreme_values_mutations ... ok
test test_utf16_position_conversion_arithmetic_mutations ... ok
test test_range_overlaps_logical_operator_mutations ... ok

test result: ok. 7 passed; 0 failed; 0 ignored; 0 measured; 0 filtered out; finished in 0.02s

     Running tests/postfix_deref_complex_test.rs (target/debug/deps/postfix_deref_complex_test-33c1420cf783c9d8)

running 2 tests
test test_postfix_deref_edge_cases ... ok
test test_complex_postfix_deref ... ok

test result: ok. 2 passed; 0 failed; 0 ignored; 0 measured; 0 filtered out; finished in 0.01s

     Running tests/postfix_deref_test.rs (target/debug/deps/postfix_deref_test-9fe376cc92041503)

running 9 tests
test test_postfix_array_deref ... ok
test test_chained_postfix_deref ... ok
test test_postfix_code_deref ... ok
test test_postfix_array_slice ... ok
test test_postfix_glob_deref ... ok
test test_postfix_hash_deref ... ok
test test_postfix_hash_slice ... ok
test test_postfix_deref_in_expression ... ok
test test_postfix_scalar_deref ... ok

test result: ok. 9 passed; 0 failed; 0 ignored; 0 measured; 0 filtered out; finished in 0.02s

     Running tests/prop_deletion.rs (target/debug/deps/prop_deletion-a7f7d33a6d4018ad)

running 2 tests
test delete_preserves_core_tokens ... ok
test delete_then_respace_preserves_tokens ... ok

test result: ok. 2 passed; 0 failed; 0 ignored; 0 measured; 0 filtered out; finished in 0.03s

     Running tests/prop_invariants.rs (target/debug/deps/prop_invariants-5cc2fd69ee163552)

running 7 tests
test bounded_node_count ... ok
test bounded_ast_depth ... ok
test empty_input_parses_cleanly ... ok
test nested_structures_parse ... ok
test deeply_nested_expressions ... ok
test no_cycles_in_ast ... ok
test parser_doesnt_panic ... ok

test result: ok. 7 passed; 0 failed; 0 ignored; 0 measured; 0 filtered out; finished in 0.02s

     Running tests/prop_position_utf16.rs (target/debug/deps/prop_position_utf16-fc4cf648bffb1ae1)

running 8 tests
test prop_line_boundaries_consistent ... ok
test prop_multibyte_character_handling ... ok
test prop_empty_lines_handling ... ok
test prop_offset_monotonicity ... ok
test prop_offset_to_utf16_produces_valid_position ... ok
test prop_utf16_byte_offset_within_bounds ... ok
test prop_position_clamping ... ok
test prop_utf16_roundtrip_preserves_valid_positions ... ok

test result: ok. 8 passed; 0 failed; 0 ignored; 0 measured; 0 filtered out; finished in 0.05s

     Running tests/prop_quote_like.rs (target/debug/deps/prop_quote_like-aade2a511987eb2a)

running 9 tests
test tests::q_equals_qq_when_no_interpolation ... ok
test tests::match_operator_delimiter_metamorphic ... ok
test tests::q_qq_delimiter_metamorphic ... ok
test tests::qr_delimiter_metamorphic ... ok
test tests::qw_constant_discovery_holds ... ok
test tests::qw_whitespace_variations ... ok
test tests::quote_like_in_contexts_metamorphic ... ok
test tests::substitution_delimiter_metamorphic ... ok
test tests::transliteration_alias_and_delimiter_metamorphic ... ok

test result: ok. 9 passed; 0 failed; 0 ignored; 0 measured; 0 filtered out; finished in 0.05s

     Running tests/prop_qw.rs (target/debug/deps/prop_qw-c6f41a391ccc9d16)

running 2 tests
test qw_in_various_contexts_parseable ... ok
test qw_delimiter_variations_are_equivalent ... ok

test result: ok. 2 passed; 0 failed; 0 ignored; 0 measured; 0 filtered out; finished in 0.02s

     Running tests/prop_test_utils.rs (target/debug/deps/prop_test_utils-124c88de38b65e45)

running 0 tests

test result: ok. 0 passed; 0 failed; 0 ignored; 0 measured; 0 filtered out; finished in 0.00s

     Running tests/prop_whitespace.rs (target/debug/deps/prop_whitespace-ac35012dc7fe33e8)

running 3 tests
test glue_tokens_preserved ... ok
test simple_code_whitespace_insertion_preserves_shape ... ok
test whitespace_insertion_preserves_tokens ... ok

test result: ok. 3 passed; 0 failed; 0 ignored; 0 measured; 0 filtered out; finished in 0.09s

     Running tests/prop_whitespace_idempotence.rs (target/debug/deps/prop_whitespace_idempotence-593944560a741e5d)

running 3 tests
test insertion_safe_is_consistent ... ignored, insertion_safe algorithm has known inconsistencies
test pair_breakable_is_symmetric ... ok
test respace_preserving_is_idempotent ... ok

test result: ok. 2 passed; 0 failed; 1 ignored; 0 measured; 0 filtered out; finished in 0.06s

     Running tests/provider_version_guard.rs (target/debug/deps/provider_version_guard-c60e246f85713a21)

running 1 test
test provider_version_guard::provider_panics_if_used_with_stale_version - should panic ... ok

test result: ok. 1 passed; 0 failed; 0 ignored; 0 measured; 0 filtered out; finished in 0.61s

     Running tests/provider_version_guard_init.rs (target/debug/deps/provider_version_guard_init-b7245a6c1234ef1e)

running 2 tests
test provider_version_guard_init::provider_works_with_doc_version ... ok
test provider_version_guard_init::provider_panics_without_doc_version - should panic ... ok

test result: ok. 2 passed; 0 failed; 0 ignored; 0 measured; 0 filtered out; finished in 0.67s

     Running tests/quote_disambiguation_tests.rs (target/debug/deps/quote_disambiguation_tests-aa31d0d7faf6d00c)

running 3 tests
test test_identifier_starting_with_q ... ok
test test_qwerty_not_quote_operator ... ok
test test_real_qw_operator ... ok

test result: ok. 3 passed; 0 failed; 0 ignored; 0 measured; 0 filtered out; finished in 0.01s

     Running tests/quote_operator_tests.rs (target/debug/deps/quote_operator_tests-4ec53ac049b33f67)

running 9 tests
test q_qq_different_delimiters_same_shape ... ok
test m_different_delimiters_same_shape ... ok
test q_word_comparison_operators_parse ... ok
test qr_different_delimiters_same_shape ... ok
test qr_paren_mods_are_attached ... ok
test qr_hash_mods_are_attached ... ok
test s_modifiers_are_captured ... ok
test s_different_delimiters_same_shape ... ok
test tr_y_alias_same_shape ... ok

test result: ok. 9 passed; 0 failed; 0 ignored; 0 measured; 0 filtered out; finished in 0.03s

     Running tests/quote_parser_advanced_hardening.rs (target/debug/deps/quote_parser_advanced_hardening-ebdde7ef1bf846ee)

running 15 tests
test arithmetic_boundary_hardening::test_length_boundary_check_mutations ... ok
test arithmetic_boundary_hardening::test_depth_calculation_arithmetic_mutations ... ok
test boolean_logic_hardening::test_boolean_logic_and_to_or_mutations ... ok
test arithmetic_boundary_hardening::test_position_calculation_boundary_arithmetic ... ok
test boolean_logic_hardening::test_equality_to_inequality_mutations ... ok
test boolean_logic_hardening::test_match_guard_mutations ... ok
test control_flow_hardening::test_complex_depth_tracking_control_flow ... ok
test control_flow_hardening::test_control_flow_edge_cases ... ok
test function_return_hardening::test_extract_regex_parts_exact_output_validation ... ok
test control_flow_hardening::test_delimiter_mapping_control_flow ... ok
test function_return_hardening::test_extract_transliteration_parts_exact_output_validation ... ok
test property_hardening::test_arithmetic_safety_property ... ok
test property_hardening::test_no_xyzzy_property ... ok
test property_hardening::test_boolean_logic_consistency_property ... ok
test test_mutation_integration_scenarios ... ok

test result: ok. 15 passed; 0 failed; 0 ignored; 0 measured; 0 filtered out; finished in 0.04s

     Running tests/quote_parser_critical_mutation_elimination.rs (target/debug/deps/quote_parser_critical_mutation_elimination-64e1dfb6a950528e)

running 10 tests
test test_kill_boundary_arithmetic_mutations ... ok
test test_kill_character_position_arithmetic_mutation ... ok
test test_kill_closing_delimiter_comparison_mutation ... ok
test test_kill_delimiter_match_arm_deletions ... ok
test test_kill_function_interaction_mutations ... ok
test test_kill_length_comparison_mutation_regex ... ok
test test_kill_logical_and_to_or_mutation_regex ... ok
test test_kill_escape_character_match_arm_deletion ... ok
test test_kill_return_value_hardcoded_mutations ... ok
test test_kill_transliteration_delimiter_comparison_mutation ... ok

test result: ok. 10 passed; 0 failed; 0 ignored; 0 measured; 0 filtered out; finished in 0.04s

     Running tests/quote_parser_final_hardening.rs (target/debug/deps/quote_parser_final_hardening-fd1c055e50f478f4)

running 11 tests
test final_arithmetic_kills::test_kill_depth_plus_equal_to_minus_equal_mutation ... ok
test debug_actual_behavior ... ok
test final_arithmetic_kills::test_kill_length_greater_than_to_greater_equal_mutation ... ok
test final_arithmetic_kills::test_kill_position_plus_to_multiply_mutation ... ok
test final_boolean_logic_kills::test_kill_and_to_or_mutation_in_regex ... ok
test final_function_return_kills::test_kill_regex_parts_string_new_xyzzy_mutation ... ok
test final_boolean_logic_kills::test_kill_not_equal_to_equal_mutation ... FAILED
test final_function_return_kills::test_kill_transliteration_xyzzy_mutations ... FAILED
test final_match_arm_kills::test_kill_match_arm_deletions ... ok
test final_function_return_kills::test_kill_regex_parts_xyzzy_string_new_mutation ... FAILED
test test_comprehensive_integration_final_push ... ok

failures:

---- final_boolean_logic_kills::test_kill_not_equal_to_equal_mutation stdout ----

thread 'final_boolean_logic_kills::test_kill_not_equal_to_equal_mutation' panicked at crates/perl-parser/tests/quote_parser_final_hardening.rs:228:9:
assertion `left == right` failed: Non-paired replace - actual behavior
  left: "xyz"
 right: ""
stack backtrace:
   0: __rustc::rust_begin_unwind
             at /rustc/1159e78c4747b02ef996e55082b704c09b970588/library/std/src/panicking.rs:697:5
   1: core::panicking::panic_fmt
             at /rustc/1159e78c4747b02ef996e55082b704c09b970588/library/core/src/panicking.rs:75:14
   2: core::panicking::assert_failed_inner
             at /rustc/1159e78c4747b02ef996e55082b704c09b970588/library/core/src/panicking.rs:443:23
   3: core::panicking::assert_failed
             at /home/steven/.rustup/toolchains/stable-x86_64-unknown-linux-gnu/lib/rustlib/src/rust/library/core/src/panicking.rs:403:5
   4: quote_parser_final_hardening::final_boolean_logic_kills::test_kill_not_equal_to_equal_mutation
   5: quote_parser_final_hardening::final_boolean_logic_kills::test_kill_not_equal_to_equal_mutation::{{closure}}
             at ./tests/quote_parser_final_hardening.rs:209:47
   6: core::ops::function::FnOnce::call_once
             at /home/steven/.rustup/toolchains/stable-x86_64-unknown-linux-gnu/lib/rustlib/src/rust/library/core/src/ops/function.rs:253:5
   7: core::ops::function::FnOnce::call_once
             at /rustc/1159e78c4747b02ef996e55082b704c09b970588/library/core/src/ops/function.rs:253:5
note: Some details are omitted, run with `RUST_BACKTRACE=full` for a verbose backtrace.

---- final_function_return_kills::test_kill_transliteration_xyzzy_mutations stdout ----

thread 'final_function_return_kills::test_kill_transliteration_xyzzy_mutations' panicked at crates/perl-parser/tests/quote_parser_final_hardening.rs:96:13:
assertion `left == right` failed: Replace mismatch for 'y/old/new/m'
  left: "new"
 right: ""
stack backtrace:
   0: __rustc::rust_begin_unwind
             at /rustc/1159e78c4747b02ef996e55082b704c09b970588/library/std/src/panicking.rs:697:5
   1: core::panicking::panic_fmt
             at /rustc/1159e78c4747b02ef996e55082b704c09b970588/library/core/src/panicking.rs:75:14
   2: core::panicking::assert_failed_inner
             at /rustc/1159e78c4747b02ef996e55082b704c09b970588/library/core/src/panicking.rs:443:23
   3: core::panicking::assert_failed
             at /home/steven/.rustup/toolchains/stable-x86_64-unknown-linux-gnu/lib/rustlib/src/rust/library/core/src/panicking.rs:403:5
   4: quote_parser_final_hardening::final_function_return_kills::test_kill_transliteration_xyzzy_mutations
   5: quote_parser_final_hardening::final_function_return_kills::test_kill_transliteration_xyzzy_mutations::{{closure}}
             at ./tests/quote_parser_final_hardening.rs:65:51
   6: core::ops::function::FnOnce::call_once
             at /home/steven/.rustup/toolchains/stable-x86_64-unknown-linux-gnu/lib/rustlib/src/rust/library/core/src/ops/function.rs:253:5
   7: core::ops::function::FnOnce::call_once
             at /rustc/1159e78c4747b02ef996e55082b704c09b970588/library/core/src/ops/function.rs:253:5
note: Some details are omitted, run with `RUST_BACKTRACE=full` for a verbose backtrace.

---- final_function_return_kills::test_kill_regex_parts_xyzzy_string_new_mutation stdout ----

thread 'final_function_return_kills::test_kill_regex_parts_xyzzy_string_new_mutation' panicked at crates/perl-parser/tests/quote_parser_final_hardening.rs:52:13:
assertion `left != right` failed: Modifiers should not be String::new() when there are modifiers for 'm/pattern/'
  left: ""
 right: ""
stack backtrace:
   0: __rustc::rust_begin_unwind
             at /rustc/1159e78c4747b02ef996e55082b704c09b970588/library/std/src/panicking.rs:697:5
   1: core::panicking::panic_fmt
             at /rustc/1159e78c4747b02ef996e55082b704c09b970588/library/core/src/panicking.rs:75:14
   2: core::panicking::assert_failed_inner
             at /rustc/1159e78c4747b02ef996e55082b704c09b970588/library/core/src/panicking.rs:443:23
   3: core::panicking::assert_failed
             at /home/steven/.rustup/toolchains/stable-x86_64-unknown-linux-gnu/lib/rustlib/src/rust/library/core/src/panicking.rs:403:5
   4: quote_parser_final_hardening::final_function_return_kills::test_kill_regex_parts_xyzzy_string_new_mutation
   5: quote_parser_final_hardening::final_function_return_kills::test_kill_regex_parts_xyzzy_string_new_mutation::{{closure}}
             at ./tests/quote_parser_final_hardening.rs:41:57
   6: core::ops::function::FnOnce::call_once
             at /home/steven/.rustup/toolchains/stable-x86_64-unknown-linux-gnu/lib/rustlib/src/rust/library/core/src/ops/function.rs:253:5
   7: core::ops::function::FnOnce::call_once
             at /rustc/1159e78c4747b02ef996e55082b704c09b970588/library/core/src/ops/function.rs:253:5
note: Some details are omitted, run with `RUST_BACKTRACE=full` for a verbose backtrace.


failures:
    final_boolean_logic_kills::test_kill_not_equal_to_equal_mutation
    final_function_return_kills::test_kill_regex_parts_xyzzy_string_new_mutation
    final_function_return_kills::test_kill_transliteration_xyzzy_mutations

test result: FAILED. 8 passed; 3 failed; 0 ignored; 0 measured; 0 filtered out; finished in 0.73s

error: test failed, to rerun pass `-p perl-parser --test quote_parser_final_hardening`
     Running tests/quote_parser_mutation_hardening.rs (target/debug/deps/quote_parser_mutation_hardening-980fdd3f352e0856)

running 21 tests
test test_closing_delimiter_via_regex ... ok
test test_extract_delimited_content_core_parsing_via_public_api ... ok
test test_extract_modifiers_comprehensive ... ok
test test_extract_delimited_content_escaping_via_public_api ... ok
test test_extract_modifiers_properties ... ok
test test_extract_regex_parts_alphabetic_detection ... ok
test test_extract_regex_parts_edge_cases ... ok
test test_extract_substitution_parts_boolean_logic ... ok
test test_extract_substitution_parts_boundary_cases ... ok
test test_extract_substitution_parts_delimiter_detection ... ok
test test_extract_transliteration_delimiter_detection ... ok
test test_extract_transliteration_parts_comprehensive ... ok
test test_get_closing_delimiter_comprehensive ... ok
test test_kill_mutation_comprehensive_logic_coverage ... ok
test test_kill_mutation_logical_operator_boundary_cases ... ok
test test_kill_mutation_logical_operator_substitution ... ok
test test_kill_mutation_modifier_validation ... ok
test test_quote_parser_error_boundaries ... ok
test test_quote_parser_integration ... ok
test test_quote_parser_utf8_safety ... ok
test test_extract_regex_parts_length_boundary_conditions ... ok

test result: ok. 21 passed; 0 failed; 0 ignored; 0 measured; 0 filtered out; finished in 0.03s

     Running tests/quote_parser_mutation_survivors_elimination.rs (target/debug/deps/quote_parser_mutation_survivors_elimination-463c4268c58a21b9)

running 9 tests
test test_kill_boolean_logic_mutations_operator_precedence ... ok
test test_kill_arithmetic_boundary_mutations_position_tracking ... ok
test test_kill_complex_mutation_interactions ... ok
test test_kill_delimiter_mapping_deletion_angle_brackets ... ok
test test_kill_equality_comparison_mutations ... ok
test test_kill_escape_handling_match_arm_deletions ... ok
test test_kill_function_return_value_mutations ... ok
test test_kill_mutations_invariant_properties ... ok
test test_kill_mutations_comprehensive_edge_cases ... ok

test result: ok. 9 passed; 0 failed; 0 ignored; 0 measured; 0 filtered out; finished in 0.02s

     Running tests/quote_parser_pr173_enhanced_mutation_killers.rs (target/debug/deps/quote_parser_pr173_enhanced_mutation_killers-e4bd51d46f6a169e)

running 8 tests
test test_kill_boundary_condition_stress_cases ... ok
test test_kill_arithmetic_position_mutations ... ok
test test_kill_extract_regex_parts_string_new_mutations ... ok
test test_kill_comprehensive_mutation_combinations ... ok
test test_kill_extract_transliteration_parts_boundary_mutations ... ok
test test_kill_match_guard_closing_delimiter_mutations ... ok
test test_kill_extract_substitution_parts_boolean_logic_mutations ... ok
test test_kill_unary_operator_mutations ... ok

test result: ok. 8 passed; 0 failed; 0 ignored; 0 measured; 0 filtered out; finished in 0.03s

     Running tests/quote_parser_pr173_mutation_elimination.rs (target/debug/deps/quote_parser_pr173_mutation_elimination-ef0772d725af39f2)

running 14 tests
test test_comprehensive_mutation_elimination_integration ... ok
test test_kill_boolean_logic_and_to_or_mutations ... ok
test test_kill_boolean_logic_edge_cases ... ok
test test_kill_bracket_delimiter_matcharm_deletion ... ok
test test_kill_escape_detection_in_closing_guards ... ok
test test_kill_brace_delimiter_matcharm_deletion ... ok
test test_kill_function_return_mutations_comprehensive ... ok
test test_kill_function_return_value_mutations ... ok
test test_kill_match_guard_closing_delimiter_mutations ... ok
test test_kill_operator_mutations_edge_cases ... ok
test test_kill_position_arithmetic_edge_cases ... ok
test test_kill_position_arithmetic_mutations ... ok
test test_mutation_elimination_stress_cases ... ok
test test_kill_operator_mutations ... ok

test result: ok. 14 passed; 0 failed; 0 ignored; 0 measured; 0 filtered out; finished in 0.02s

     Running tests/quote_parser_realistic_hardening.rs (target/debug/deps/quote_parser_realistic_hardening-cce17f77318db130)

running 10 tests
test realistic_arithmetic_kills::test_kill_greater_than_to_greater_equal_boundary ... ok
test realistic_arithmetic_kills::test_kill_plus_to_multiply_with_simple_cases ... ok
test realistic_boolean_logic_kills::test_kill_and_to_or_in_regex_conditions ... ok
test realistic_boolean_logic_kills::test_kill_not_equal_to_equal_in_delimiter_logic ... ok
test realistic_control_flow_kills::test_kill_match_arm_deletions_with_working_cases ... ok
test realistic_function_return_kills::test_kill_xyzzy_mutations_realistically ... ok
test test_comprehensive_realistic_mutation_coverage ... ok
test test_edge_cases_for_arithmetic_mutations ... ok
test test_mutation_invariants ... ok
test realistic_arithmetic_kills::test_kill_plus_equal_to_minus_equal_with_working_cases ... ok

test result: ok. 10 passed; 0 failed; 0 ignored; 0 measured; 0 filtered out; finished in 0.00s

     Running tests/rope_performance_test.rs (target/debug/deps/rope_performance_test-976798dacaf7902f)

running 2 tests
test rope_performance_characteristics ... ok
test rope_vs_string_comparison ... ok

test result: ok. 2 passed; 0 failed; 0 ignored; 0 measured; 0 filtered out; finished in 0.01s

     Running tests/scope_analyzer_tests.rs (target/debug/deps/scope_analyzer_tests-8f3b7fe1bbd00cbd)

running 41 tests
test test_array_slice_not_undefined ... ok
test test_array_access_variable_resolution ... ok
test test_builtin_variables ... ok
test test_array_slice_variable_resolution ... ok
test test_comprehensive_hash_key_context ... ok
test test_complex_variable_patterns ... ok
test test_do_block ... ok
test test_enhanced_resolution_edge_cases ... ok
test test_enhanced_resolution_fallback ... ok
test test_eval_block ... ok
test test_enhanced_resolution_recursion ... ok
test test_given_when ... ok
test test_foreach_loop_variable ... ok
test test_glob_assignment ... ok
test test_hash_key_context_detection ... ok
test test_hash_key_not_flagged_as_bareword ... ok
test test_hash_access_variable_resolution ... ok
test test_hash_slice_not_undefined ... ok
test test_hash_slice_variable_resolution ... ok
test test_if_condition_variable ... ok
test test_hash_slice_bareword_keys ... ok
test test_local_variable_not_undefined ... ok
test test_mixed_array_hash_access ... ok
test test_my_declaration_in_list ... ok
test test_nested_hash_access_resolution ... ok
test test_nested_scopes ... ok
test test_our_variable_not_undefined ... ok
test test_package_variable_tracking ... ok
test test_regex_capture_variables ... ok
test test_sigil_conversion_accuracy ... ok
test test_special_blocks ... ok
test test_method_call_variable_patterns ... ok
test test_state_variable ... ok
test test_subroutine_parameters ... ok
test test_undefined_variable_detection ... ok
test test_unused_variable_basic ... ok
test test_unused_variable_detection ... ok
test test_variable_resolution_with_undeclared_base ... ok
test test_use_vars_pragma ... ok
test test_variable_shadowing ... ok
test test_while_loop_variable ... ok

test result: ok. 41 passed; 0 failed; 0 ignored; 0 measured; 0 filtered out; finished in 0.13s

     Running tests/semantic_tokens_overlap_validation_simple.rs (target/debug/deps/semantic_tokens_overlap_validation_simple-d9ce31d1885c983d)

running 7 tests
test test_semantic_token_complex_code_generation ... ok
test test_semantic_token_edge_cases ... ok
test test_semantic_token_idempotence ... ok
test test_semantic_token_nested_structures ... ok
test test_semantic_token_performance_characteristics ... ok
test test_semantic_token_utf8_handling ... ok
test test_semantic_token_basic_generation ... ok

test result: ok. 7 passed; 0 failed; 0 ignored; 0 measured; 0 filtered out; finished in 0.03s

     Running tests/server_cancellation_test.rs (target/debug/deps/server_cancellation_test-26a44206c6ffaa8a)

running 1 test
Content-Length: 74

{"jsonrpc":"2.0","method":"perl-lsp/index-ready","params":{"ready":false}}test server_side_cancellation_emits_err_server_cancelled ... ok

test result: ok. 1 passed; 0 failed; 0 ignored; 0 measured; 0 filtered out; finished in 0.35s

     Running tests/statement_termination_edge_cases_mutation_hardening.rs (target/debug/deps/statement_termination_edge_cases_mutation_hardening-4115703c189f7622)

running 5 tests
test test_deeply_nested_statement_termination ... ok
test test_nested_statement_termination_edge_cases ... ok
test test_statement_modifier_termination_precedence ... ok
test test_parsing_timeout_prevention ... ok
test test_termination_special_token_edge_cases ... ok

test result: ok. 5 passed; 0 failed; 0 ignored; 0 measured; 0 filtered out; finished in 0.01s

     Running tests/substitution_ac_tests.rs (target/debug/deps/substitution_ac_tests-2a1713d72d147c7a)

running 16 tests
test test_ac1_replacement_with_backreferences ... ok
test test_ac1_basic_replacement_parsing ... ok
test test_ac2_basic_flags_parsing ... ok
test test_ac2_empty_replacement_balanced_delimiters ... ignored, MUT_002: Exposes empty replacement parsing bug - will kill mutant when fixed
test test_ac2_invalid_flag_combinations ... ignored, MUT_005: Exposes invalid modifier validation bug - will kill mutant when fixed
test test_ac3_balanced_delimiters ... ok
test test_ac2_all_valid_flags ... ok
test test_ac3_basic_alternative_delimiters ... ok
test test_ac4_ast_structure ... ok
test test_ac3_printable_ascii_delimiters ... ok
test test_ac4_source_position_information ... ok
test test_ac4_regex_integration ... ok
test test_ac5_basic_forms ... ok
test test_ac5_negative_malformed ... ignored, Exposes parsing strictness issues - will kill various mutants when parsing is hardened
test test_ac6_documentation_consistency ... ok
test test_ac5_complex_replacements ... ok

test result: ok. 13 passed; 0 failed; 3 ignored; 0 measured; 0 filtered out; finished in 0.03s

     Running tests/substitution_debug_test.rs (target/debug/deps/substitution_debug_test-973c488fec7e0266)

running 2 tests
test debug_substitution_parsing ... ok
test debug_substitution_with_flags ... ok

test result: ok. 2 passed; 0 failed; 0 ignored; 0 measured; 0 filtered out; finished in 0.01s

     Running tests/substitution_fixed_tests.rs (target/debug/deps/substitution_fixed_tests-f072e443349a774e)

running 4 tests
test test_substitution_empty_pattern_or_replacement ... ok
test test_substitution_with_different_delimiters ... ok
test test_basic_substitution ... ok
test test_substitution_with_modifiers ... ok

test result: ok. 4 passed; 0 failed; 0 ignored; 0 measured; 0 filtered out; finished in 0.00s

     Running tests/substitution_fuzz_tests.rs (target/debug/deps/substitution_fuzz_tests-ce2bc04e3084cacf)

running 6 tests
test test_substitution_fuzz_boundary_conditions ... ok
test test_substitution_comprehensive_fuzz ... ok
test test_substitution_fuzz_edge_cases ... ok
test test_substitution_fuzz_nested_delimiters ... ok
test test_substitution_fuzz_delimiter_variants ... ok
test test_substitution_fuzz_unicode_handling ... ok

test result: ok. 6 passed; 0 failed; 0 ignored; 0 measured; 0 filtered out; finished in 0.02s

     Running tests/substitution_operator_tests.rs (target/debug/deps/substitution_operator_tests-67530cf0a2555263)

running 16 tests
test test_basic_substitution ... ok
test test_kill_mutation_mixed_modifier_validation ... FAILED
test test_kill_mutation_modifier_character_matching ... FAILED
test test_substitution_delimiter_edge_cases ... ok
test test_substitution_empty_pattern_or_replacement ... ok
test test_substitution_complex_nested_scenarios ... ok
test test_substitution_empty_replacement_balanced_delimiters ... ignored, MUT_002: Exposes empty replacement parsing bug in quote_parser.rs:80 - will kill mutant when fixed
test test_substitution_invalid_modifier_characters ... ignored, MUT_005: Exposes invalid modifier validation bug in parser_backup.rs:4231 - will kill mutant when fixed
test test_substitution_unicode ... ok
test test_substitution_in_context ... ok
test test_substitution_with_different_delimiters ... ok
test test_substitution_with_expressions ... ok
test test_substitution_with_modifiers ... ok
test test_substitution_with_nested_delimiters ... ok
test test_substitution_valid_modifier_combinations ... ok
test test_substitution_with_special_chars ... ok

failures:

---- test_kill_mutation_mixed_modifier_validation stdout ----

thread 'test_kill_mutation_mixed_modifier_validation' panicked at crates/perl-parser/tests/substitution_operator_tests.rs:702:13:
Mixed modifier case 's/test/repl/gz' with invalid chars should fail - kills modifier mutation
stack backtrace:
   0: __rustc::rust_begin_unwind
             at /rustc/1159e78c4747b02ef996e55082b704c09b970588/library/std/src/panicking.rs:697:5
   1: core::panicking::panic_fmt
             at /rustc/1159e78c4747b02ef996e55082b704c09b970588/library/core/src/panicking.rs:75:14
   2: substitution_operator_tests::test_kill_mutation_mixed_modifier_validation
   3: substitution_operator_tests::test_kill_mutation_mixed_modifier_validation::{{closure}}
             at ./tests/substitution_operator_tests.rs:677:50
   4: core::ops::function::FnOnce::call_once
             at /home/steven/.rustup/toolchains/stable-x86_64-unknown-linux-gnu/lib/rustlib/src/rust/library/core/src/ops/function.rs:253:5
   5: core::ops::function::FnOnce::call_once
             at /rustc/1159e78c4747b02ef996e55082b704c09b970588/library/core/src/ops/function.rs:253:5
note: Some details are omitted, run with `RUST_BACKTRACE=full` for a verbose backtrace.

---- test_kill_mutation_modifier_character_matching stdout ----

thread 'test_kill_mutation_modifier_character_matching' panicked at crates/perl-parser/tests/substitution_operator_tests.rs:667:9:
Invalid mutated modifier 's/test/repl/z' should fail to parse - kills modifier character mutation
stack backtrace:
   0: __rustc::rust_begin_unwind
             at /rustc/1159e78c4747b02ef996e55082b704c09b970588/library/std/src/panicking.rs:697:5
   1: core::panicking::panic_fmt
             at /rustc/1159e78c4747b02ef996e55082b704c09b970588/library/core/src/panicking.rs:75:14
   2: substitution_operator_tests::test_kill_mutation_modifier_character_matching
             at ./tests/substitution_operator_tests.rs:667:9
   3: substitution_operator_tests::test_kill_mutation_modifier_character_matching::{{closure}}
             at ./tests/substitution_operator_tests.rs:610:52
   4: core::ops::function::FnOnce::call_once
             at /home/steven/.rustup/toolchains/stable-x86_64-unknown-linux-gnu/lib/rustlib/src/rust/library/core/src/ops/function.rs:253:5
   5: core::ops::function::FnOnce::call_once
             at /rustc/1159e78c4747b02ef996e55082b704c09b970588/library/core/src/ops/function.rs:253:5
note: Some details are omitted, run with `RUST_BACKTRACE=full` for a verbose backtrace.


failures:
    test_kill_mutation_mixed_modifier_validation
    test_kill_mutation_modifier_character_matching

test result: FAILED. 12 passed; 2 failed; 2 ignored; 0 measured; 0 filtered out; finished in 1.01s

error: test failed, to rerun pass `-p perl-parser --test substitution_operator_tests`
     Running tests/symbol_documentation_tests.rs (target/debug/deps/symbol_documentation_tests-bff04eff4ceff0ec)

running 20 tests
test bless_with_comment_documentation ... ok
test comment_with_extra_hashes_and_spaces ... ok
test complex_comment_formatting ... ok
test edge_case_empty_comments ... ok
test comment_separated_by_blank_line_is_not_captured ... ok
test edge_case_non_ascii_whitespace ... ok
test edge_case_source_boundaries ... ok
test edge_case_malformed_utf8_handling ... ok
test method_comments_in_class ... ok
test multi_package_comment_scenarios ... ok
test performance_benchmark_comment_extraction ... ok
test performance_with_large_comment_blocks ... ok
test sub_comment_is_captured ... ok
test mixed_comment_styles_and_blank_lines ... ok
test subroutine_with_bless_return ... ok
test unicode_in_comments ... ok
test variable_comment_is_captured ... ok
test variable_list_declarations_with_comments ... ok
test symbol_with_no_comment ... ok
test whitespace_only_lines_vs_blank_lines ... ok

test result: ok. 20 passed; 0 failed; 0 ignored; 0 measured; 0 filtered out; finished in 0.04s

     Running tests/test_new_features.rs (target/debug/deps/test_new_features-6508da9003e15380)

running 2 tests
test test_all_improvements ... ignored, comprehensive feature coverage not yet stable
test test_isa_operator ... ok

test result: ok. 1 passed; 0 failed; 1 ignored; 0 measured; 0 filtered out; finished in 0.00s

     Running tests/test_runner.rs (target/debug/deps/test_runner-4e3fe0f5043bf1ad)

running 2 tests
test tests::test_runner_execution ... ok
test tests::test_runner_initialization ... ok

test result: ok. 2 passed; 0 failed; 0 ignored; 0 measured; 0 filtered out; finished in 0.01s

     Running tests/test_utils.rs (target/debug/deps/test_utils-559e432057d6d48b)

running 0 tests

test result: ok. 0 passed; 0 failed; 0 ignored; 0 measured; 0 filtered out; finished in 0.00s

     Running tests/unit_inlay_anchors.rs (target/debug/deps/unit_inlay_anchors-f4c708bd59ebb992)

running 2 tests
test tests::anchor_filehandle_nonparen ... ok
test tests::anchor_parenthesized_calls ... ok

test result: ok. 2 passed; 0 failed; 0 ignored; 0 measured; 0 filtered out; finished in 0.26s

     Running tests/utf16_boundary_bug_repro.rs (target/debug/deps/utf16_boundary_bug_repro-c0df48afb6d07040)

running 4 tests
test test_emoji_utf16_roundtrip_failure ... ok
test test_simple_emoji_fractional_positions ... ok
test test_utf16_boundary_behavior_baseline ... ok
test test_mixed_unicode_edge_cases ... ok

test result: ok. 4 passed; 0 failed; 0 ignored; 0 measured; 0 filtered out; finished in 0.01s

     Running tests/utf16_position_validation.rs (target/debug/deps/utf16_position_validation-52cf30d9bdd5d7a7)

running 4 tests
test validate_position_conversion_performance ... ok
test validate_position_boundary_conditions ... ok
test validate_utf16_position_conversions ... ok
test validate_problematic_unicode_scenarios ... ok

test result: ok. 4 passed; 0 failed; 0 ignored; 0 measured; 0 filtered out; finished in 0.02s

     Running tests/utf16_round_trip_tests.rs (target/debug/deps/utf16_round_trip_tests-ebbec83e3c50b4e1)

running 6 tests
test utf16_round_trip_tests::test_complex_emoji_sequences ... ignored, utf16 conversions not fully supported
test utf16_round_trip_tests::test_crlf_round_trip ... ignored, utf16 conversions not fully supported
test utf16_round_trip_tests::test_edge_positions ... ignored, utf16 conversions not fully supported
test utf16_round_trip_tests::test_emoji_round_trip ... ignored, utf16 conversions not fully supported
test utf16_round_trip_tests::test_mixed_unicode_round_trip ... ignored, utf16 conversions not fully supported
test utf16_round_trip_tests::test_pi_symbol_round_trip ... ignored, utf16 conversions not fully supported

test result: ok. 0 passed; 0 failed; 6 ignored; 0 measured; 0 filtered out; finished in 0.00s

     Running tests/utf16_security_boundary_enhanced_tests.rs (target/debug/deps/utf16_security_boundary_enhanced_tests-386d60b9f5b6862a)

running 7 tests
test test_utf16_boundary_overflow_protection ... ok
test test_utf16_edge_case_combinations ... ok
test test_utf16_line_boundary_security ... ok
test test_utf16_lsp_workflow_security ... ok
test test_utf16_malicious_input_protection ... ok
test test_utf16_memory_safety ... ok
test test_utf16_consistency_validation ... ok

test result: ok. 7 passed; 0 failed; 0 ignored; 0 measured; 0 filtered out; finished in 0.00s

     Running tests/word_operator_precedence_test.rs (target/debug/deps/word_operator_precedence_test-4f7d3794a9dc4c1c)

running 10 tests
test test_complex_word_operators ... ok
test test_list_context_with_word_operators ... ok
test test_and_lower_than_assignment ... ok
test test_not_in_assignment ... ok
test test_not_not_double_negation ... ok
test test_or_lower_than_assignment ... ok
test test_statement_with_or_modifier ... ok
test test_or_and_precedence ... ok
test test_word_vs_symbolic_operators ... ok
test test_xor_precedence ... ok

test result: ok. 10 passed; 0 failed; 0 ignored; 0 measured; 0 filtered out; finished in 0.04s

     Running tests/workspace_e2e_test.rs (target/debug/deps/workspace_e2e_test-61d8f78b73aa1a50)

running 3 tests
test test_find_references_across_files ... ok
test test_goto_definition_across_files ... ok
test test_workspace_symbol_completion ... ok

test result: ok. 3 passed; 0 failed; 0 ignored; 0 measured; 0 filtered out; finished in 0.06s

     Running tests/workspace_index_tests.rs (target/debug/deps/workspace_index_tests-7b217f26fc541ffe)

running 4 tests
test test_variable_indexing ... ok
test test_workspace_index_clear_file ... ok
test test_cross_file_symbol_resolution ... ok
test test_workspace_index_file_updates ... ok

test result: ok. 4 passed; 0 failed; 0 ignored; 0 measured; 0 filtered out; finished in 0.02s

     Running tests/workspace_uri_edge_cases_test.rs (target/debug/deps/workspace_uri_edge_cases_test-05317997aacdb111)

running 3 tests
test tests::test_cross_file_with_spaces_in_directory ... ok
test tests::test_completion_with_utf16_columns ... ok
test tests::test_references_with_emoji_on_line ... ok

test result: ok. 3 passed; 0 failed; 0 ignored; 0 measured; 0 filtered out; finished in 0.06s

   Doc-tests perl_corpus

running 0 tests

test result: ok. 0 passed; 0 failed; 0 ignored; 0 measured; 0 filtered out; finished in 0.00s

   Doc-tests perl_dap

running 18 tests
test crates/perl-dap/src/bridge_adapter.rs - bridge_adapter (line 16) - compile ... ok
test crates/perl-dap/src/bridge_adapter.rs - bridge_adapter::BridgeAdapter::proxy_messages (line 110) - compile ... ok
test crates/perl-dap/src/bridge_adapter.rs - bridge_adapter::BridgeAdapter::spawn_pls_dap (line 70) - compile ... ok
test crates/perl-dap/src/configuration.rs - configuration (line 10) - compile ... ok
test crates/perl-dap/src/bridge_adapter.rs - bridge_adapter::BridgeAdapter::new (line 47) ... ok
test crates/perl-dap/src/configuration.rs - configuration (line 28) ... ok
test crates/perl-dap/src/configuration.rs - configuration::LaunchConfiguration::resolve_paths (line 115) ... ok
test crates/perl-dap/src/configuration.rs - configuration::LaunchConfiguration::validate (line 170) - compile ... ok
test crates/perl-dap/src/configuration.rs - configuration::create_attach_json_snippet (line 270) ... ok
test crates/perl-dap/src/lib.rs - (line 35) - compile ... ok
test crates/perl-dap/src/lib.rs - (line 48) - compile ... ok
test crates/perl-dap/src/configuration.rs - configuration::create_launch_json_snippet (line 236) ... ok
test crates/perl-dap/src/lib.rs - (line 66) ... ok
test crates/perl-dap/src/platform.rs - platform (line 17) - compile ... ok
test crates/perl-dap/src/platform.rs - platform::format_command_args (line 221) ... ok
test crates/perl-dap/src/platform.rs - platform::resolve_perl_path (line 67) - compile ... ok
test crates/perl-dap/src/platform.rs - platform::normalize_path (line 108) ... ok
test crates/perl-dap/src/platform.rs - platform::setup_environment (line 177) ... ok

test result: ok. 18 passed; 0 failed; 0 ignored; 0 measured; 0 filtered out; finished in 0.07s

   Doc-tests perl_lexer

running 0 tests

test result: ok. 0 passed; 0 failed; 0 ignored; 0 measured; 0 filtered out; finished in 0.00s

error: 15 targets failed:
    `-p perl-lsp --test lsp_capabilities_contract`
    `-p perl-parser --lib`
    `-p perl-parser --test declaration_edge_cases_tests`
    `-p perl-parser --test error_classifier_tests`
    `-p perl-parser --test heredoc_regression_test`
    `-p perl-parser --test incremental_comprehensive_test`
    `-p perl-parser --test incremental_edge_cases_test`
    `-p perl-parser --test incremental_statistical_validation_test`
    `-p perl-parser --test issue_146_architectural_integrity_tests`
    `-p perl-parser --test issue_146_unit_tests`
    `-p perl-parser --test missing_docs_ac_tests`
    `-p perl-parser --test mutation_survivors_elimination`
    `-p perl-parser --test position_mutation_hardening`
    `-p perl-parser --test quote_parser_final_hardening`
    `-p perl-parser --test substitution_operator_tests`
